--------- beginning of main
07-05 08:33:57.486 W/WindowOnBackDispatcher(18413): sendCancelIfRunning: isInProgress=false callback=android.view.ViewRootImpl$$ExternalSyntheticLambda13@dd9e442
--------- beginning of system
07-05 08:33:57.487 D/CoreBackPreview(  715): Window{6860889 u0 com.huiyi.v4}: Setting back callback null
07-05 08:33:57.490 W/WindowOnBackDispatcher(18413): sendCancelIfRunning: isInProgress=false callback=android.view.ViewRootImpl$$ExternalSyntheticLambda13@7a31a14
07-05 08:33:57.490 D/CoreBackPreview(  715): Window{5b64df0 u0 com.huiyi.v4}: Setting back callback null
07-05 08:33:57.494 W/NotificationHistory(  715): Attempted to remove channel for locked/gone/disabled user 0
07-05 08:33:57.498 I/NotificationListener( 1124): received notification removed event - android#UserHandle{0},category=-1
07-05 08:33:57.789 D/BackgroundInstallControlService(  715): Package event received: 0
07-05 08:33:57.810 D/CoreBackPreview(  715): Window{f3be649 u0 com.huiyi.v4}: Setting back callback OnBackInvokedCallbackInfo{mCallback=android.window.IOnBackInvokedCallback$Stub$Proxy@b20957c, mPriority=0, mIsAnimationCallback=false, mOverrideBehavior=0}
07-05 08:33:57.853 W/dumpsys (18798): Thread Pool max thread count is 0. Cannot cache binder as linkToDeath cannot be implemented. serviceName: window
07-05 08:33:58.042 W/screencap(18805): Thread Pool max thread count is 0. Cannot cache binder as linkToDeath cannot be implemented. serviceName: SurfaceFlingerAIDL
07-05 08:33:58.043 W/BpBinder(18805): Linking to death on android.gui.ISurfaceComposer but there are no threads (yet?) listening to incoming transactions. See ProcessState::startThreadPool and ProcessState::setThreadPoolMaxThreadCount. Generally you should setup the binder threadpool before other initialization steps.
07-05 08:33:58.043 W/ProcessState(18805): Extra binder thread started, but 0 threads requested. Do not use *startThreadPool when zero threads are requested.
07-05 08:33:58.059 E/HwcComposer(  567): getLuts failed Status(-8, EX_SERVICE_SPECIFIC): '8: '
07-05 08:33:58.059 E/HWComposer(  567): getLuts: getLuts failed for display 4619827259835644672: UNSUPPORTED (8)
--------- beginning of kernel
07-05 08:33:58.040 I/servicemanager(    0): Caller(pid=18805,uid=2000,sid=u:r:shell:s0) Found android.hardware.graphics.allocator.IAllocator/default in device VINTF manifest.
07-05 08:33:58.043 I/servicemanager(    0): Caller(pid=18805,uid=2000,sid=u:r:shell:s0) Found android.hardware.graphics.allocator.IAllocator/default in device VINTF manifest.
07-05 08:33:58.045 I/servicemanager(    0): Caller(pid=18805,uid=2000,sid=u:r:shell:s0) Found mapper/ranchu in device VINTF manifest.
07-05 08:33:58.101 W/NotificationHistory(  715): Attempted to add notif for locked/gone/disabled user 0
07-05 08:33:58.105 D/BackgroundInstallControlService(  715): Package event received: 0
07-05 08:33:58.114 W/AiAiEcho( 1480): LyftNotificationParser Ridesharing ETA not enabled
07-05 08:33:58.114 I/NotificationListener( 1124): received notification posted event - android#UserHandle{0},category=-1
07-05 08:33:58.115 I/AiAiEcho( 1480): SmartspaceNotificationPredictor no parser can handle this notification or notification is invalid
07-05 08:33:58.163 D/LocalImageResolver(  972): Couldn't use ImageDecoder for drawable, falling back to non-resized load.
07-05 08:33:58.181 D/LocalImageResolver(  972): Couldn't use ImageDecoder for drawable, falling back to non-resized load.
07-05 08:33:58.316 E/NotificationService(  715): Suppressing toast from package com.huiyi.v4 by user request.
07-05 08:33:58.316 I/FloatingBubbleService(18413): express_self_click_ack latencyMs=2 ackVisible=true
07-05 08:33:58.376 I/HuiyiRuntime(18413): dynamic_playbook_result sessionId=3ebc98aa-4bea-4c87-b1fa-5d725e382a28 mode=EXPRESS_SELF chatKey=com.huiyi.mockchat|mock:49b3c0f5 source=CLOUD_ENHANCED decisionSource=CLOUD_ENHANCED_PLAYBOOK lastSpeaker=OTHER decision=NORMAL_REPLY routeCount=3 latencyMs=9 cacheHit=true localFallbackUsed=false cloudRefreshRecommended=true
07-05 08:33:58.391 W/AppOps  (  715): Noting op not finished: uid 10216 pkg com.huiyi.v4 code 24 startTime of in progress event=1783240437797
07-05 08:33:58.411 I/resolv  (  488): GetAddrInfoHandler::run: {100 100 100 983140 10216 0}
07-05 08:33:58.413 I/resolv  (  488): res_nmkquery: (QUERY, IN, AAAA)
07-05 08:33:58.413 I/resolv  (  488): res_nmkquery: (QUERY, IN, A)
07-05 08:33:58.413 I/resolv  (  488): resolv_cache_lookup: FOUND IN CACHE entry=0x7f740ca9b970
07-05 08:33:58.413 I/resolv  (  488): doQuery: rcode=0, ancount=2, return value=84
07-05 08:33:58.413 I/resolv  (  488): resolv_cache_lookup: FOUND IN CACHE entry=0x7f750ca9b010
07-05 08:33:58.413 I/resolv  (  488): doQuery: rcode=0, ancount=2, return value=60
07-05 08:33:58.413 D/CoreBackPreview(  715): Window{4852098 u0 com.huiyi.v4}: Setting back callback OnBackInvokedCallbackInfo{mCallback=android.window.IOnBackInvokedCallback$Stub$Proxy@74bd357, mPriority=0, mIsAnimationCallback=false, mOverrideBehavior=0}
07-05 08:33:58.495 D/AndroidRuntime(18812): >>>>>> START com.android.internal.os.RuntimeInit uid 2000 <<<<<<
07-05 08:33:58.509 I/AndroidRuntime(18812): Using default boot image
07-05 08:33:58.509 I/AndroidRuntime(18812): Leaving lock profiling enabled
07-05 08:33:58.511 I/app_process(18812): Core platform API reporting enabled, enforcing=false
07-05 08:33:58.513 I/app_process(18812): Using CollectorTypeCMC GC.
07-05 08:33:58.619 D/nativeloader(18812): InitDefaultPublicLibraries for_preload=1: libandroid.so:libaaudio.so:libamidi.so:libbinder_ndk.so:libc.so:libcamera2ndk.so:libdl.so:libEGL.so:libGLESv1_CM.so:libGLESv2.so:libGLESv3.so:libicu.so:libicui18n.so:libicuuc.so:libjnigraphics.so:liblog.so:libmediandk.so:libm.so:libnativehelper.so:libnativewindow.so:libOpenMAXAL.so:libOpenSLES.so:libRS.so:libstdc++.so:libsync.so:libvulkan.so:libwebviewchromium_plat_support.so:libz.so
07-05 08:33:58.626 D/WifiClientModeImpl[27601:wlan0](  715): updateLinkLayerStatsRssiSpeedFrequencyCapabilities rssi=-50 TxLinkspeed=1 freq=2447 RxLinkSpeed=2
07-05 08:33:58.626 D/WifiDataStall(  715): tx tput in kbps: 11000
07-05 08:33:58.627 D/WifiDataStall(  715): rx tput in kbps: 11000
07-05 08:33:58.627 V/WifiConfigManager(  715): Updating scan detail cache freq=2447 BSSID=00:13:10:85:fe:01 RSSI=-50 for "AndroidWifi"NONE
07-05 08:33:58.627 D/WifiThroughputPredictor(  715):  utilization (LLS) 80 isBluetoothConnected: false final utilization: 80
07-05 08:33:58.627 D/WifiThroughputPredictor(  715):  BW: 0 RSSI: -50 Nss: 1 Mode: 1 symDur: 4000 snrDb 30 bitPerTone: 4500 rate: 54 throughput: 11
07-05 08:33:58.627 D/WifiThroughputPredictor(  715):  utilization (LLS) 80 isBluetoothConnected: false final utilization: 80
07-05 08:33:58.627 D/WifiThroughputPredictor(  715):  BW: 0 RSSI: -50 Nss: 1 Mode: 1 symDur: 4000 snrDb 30 bitPerTone: 4500 rate: 54 throughput: 11
07-05 08:33:58.627 D/WifiThroughputPredictor(  715):  utilization (LLS) 80 isBluetoothConnected: false final utilization: 80
07-05 08:33:58.628 D/WifiThroughputPredictor(  715):  BW: 0 RSSI: -50 Nss: 1 Mode: 1 symDur: 4000 snrDb 30 bitPerTone: 4500 rate: 54 throughput: 11
07-05 08:33:58.628 D/WifiThroughputPredictor(  715):  utilization (LLS) 80 isBluetoothConnected: false final utilization: 80
07-05 08:33:58.628 D/WifiThroughputPredictor(  715):  BW: 0 RSSI: -50 Nss: 1 Mode: 1 symDur: 4000 snrDb 30 bitPerTone: 4500 rate: 54 throughput: 11
07-05 08:33:58.629 D/WifiScoreCard(  715): BSSID update SIGNAL_POLL ID: 1559335064 SSID: "AndroidWifi", BSSID: 00:13:10:85:fe:01, MAC: 02:15:b2:00:00:00, IP: /10.0.2.16, Security type: 0, Supplicant state: COMPLETED, Wi-Fi standard: legacy, RSSI: -50, Link speed: 1Mbps, Tx Link speed: 1Mbps, Max Supported Tx Link speed: 11Mbps, Rx Link speed: 2Mbps, Max Supported Rx Link speed: 11Mbps, Frequency: 2447MHz, Net ID: 0, Metered hint: false, score: 60, isUsable: true, CarrierMerged: false, SubscriptionId: -1, IsPrimary: 1, Trusted: true, Restricted: false, Ephemeral: false, OEM paid: false, OEM private: false, OSU AP: false, FQDN: <none>, Provider friendly name: <none>, Requesting package name: <none>"AndroidWifi"openMLO Information: , Is TID-To-Link negotiation supported by the AP: false, AP MLD Address: <none>, AP MLO Link Id: <none>, AP MLO Affiliated links: <none>, Vendor Data: <none>
07-05 08:33:58.629 D/WifiScoreCard(  715): txRate: 2 txSpeed: 1
07-05 08:33:58.629 D/WifiScoreCard(  715): network update SIGNAL_POLL "AndroidWifi" ID: 1201260005 RSSI -50 txSpeed -1
07-05 08:33:58.629 D/WifiClientModeImpl[27601:wlan0](  715):  ClientModeImpl$L2ConnectedState screen=on 1 0 "AndroidWifi" 00:13:10:85:fe:01 rssi=-50 f=2447 sc=60 link=1 tx=1.9, 0.0, 0.0 rx=1.7 bcn=0 [on:0 tx:0 rx:0 period:3006] from screen [on:0 period:829010789] score=60
07-05 08:33:58.630 D/nativeloader(18812): Load libicu_jni.so using APEX ns com_android_art for caller /apex/com.android.art/javalib/core-oj.jar: ok
07-05 08:33:58.631 D/app_process(18812): u_setTimeZoneFilesDirectory("/apex/com.android.tzdata/etc/tz/versioned/9/icu") succeeded. 
07-05 08:33:58.631 D/app_process(18812): I18n APEX ICU file found: /apex/com.android.i18n/etc/icu/icudt76l.dat
07-05 08:33:58.632 D/nativeloader(18812): Load libjavacore.so using APEX ns com_android_art for caller /apex/com.android.art/javalib/core-oj.jar: ok
07-05 08:33:58.633 D/nativeloader(18812): Load libopenjdk.so using APEX ns com_android_art for caller /apex/com.android.art/javalib/core-oj.jar: ok
07-05 08:33:58.634 W/app_process(18812): Unexpected CPU variant for x86: x86_64.
07-05 08:33:58.634 W/app_process(18812): Known variants: atom, sandybridge, silvermont, goldmont, goldmont-plus, goldmont-without-sha-xsaves, tremont, kabylake, alderlake, default
07-05 08:33:58.636 W/app_process(18812): ClassLoaderContext shared library size mismatch. Expected=2, found=0 (PCL[]{PCL[/system/framework/android.test.base.jar*2789897741]#PCL[/system/framework/android.test.mock.jar*3361312393]} | PCL[])
07-05 08:33:58.638 W/app_process(18812): ClassLoaderContext classpath size mismatch. expected=0, found=1 (PCL[]{PCL[/system/framework/android.test.runner.jar*895143020]#PCL[/system/framework/android.test.base.jar*2789897741]} | PCL[/system/framework/android.test.runner.jar*895143020])
07-05 08:33:58.662 D/nativeloader(18812): Load libframework-connectivity-tiramisu-jni.so using APEX ns com_android_tethering for caller /apex/com.android.tethering/javalib/framework-connectivity-t.jar: ok
07-05 08:33:58.663 D/AndroidRuntime(18812): Calling main entry com.android.commands.uiautomator.Launcher
07-05 08:33:58.667 I/AconfigPackage(18812): android.media.swcodec.flags is mapped to com.android.media.swcodec
07-05 08:33:58.667 I/AconfigPackage(18812): com.google.android.settings.simplemode.flags is mapped to system_ext
07-05 08:33:58.667 I/AconfigPackage(18812): com.google.android.systemui is mapped to system_ext
07-05 08:33:58.667 I/AconfigPackage(18812): com.google.android.apps.nexuslauncher is mapped to system_ext
07-05 08:33:58.668 I/AconfigPackage(18812): com.android.settings.accessibility is mapped to system_ext
07-05 08:33:58.668 I/AconfigPackage(18812): com.android.settings.flags is mapped to system_ext
07-05 08:33:58.668 I/AconfigPackage(18812): com.google.android.apps.miphone.aiai.matchmaker.overview.ui is mapped to system_ext
07-05 08:33:58.668 I/AconfigPackage(18812): com.google.android.settings.flags is mapped to system_ext
07-05 08:33:58.668 I/AconfigPackage(18812): com.android.launcher3 is mapped to system_ext
07-05 08:33:58.669 I/AconfigPackage(18812): com.android.wallpaper is mapped to system_ext
07-05 08:33:58.669 I/AconfigPackage(18812): com.android.settings.media_drm is mapped to system_ext
07-05 08:33:58.669 I/AconfigPackage(18812): com.android.systemui.accessibility.accessibilitymenu is mapped to system_ext
07-05 08:33:58.669 I/AconfigPackage(18812): com.android.settings.keyboard is mapped to system_ext
07-05 08:33:58.669 I/AconfigPackage(18812): com.android.server.policy.feature.flags is mapped to system_ext
07-05 08:33:58.669 I/AconfigPackage(18812): com.android.settings.factory_reset is mapped to system_ext
07-05 08:33:58.669 I/AconfigPackage(18812): com.google.android.haptics.flags is mapped to system_ext
07-05 08:33:58.670 I/AconfigPackage(18812): com.android.permission.flags is mapped to com.android.permission
07-05 08:33:58.670 I/AconfigPackage(18812): com.android.icu is mapped to com.android.i18n
07-05 08:33:58.671 I/AconfigPackage(18812): com.android.appsearch.flags is mapped to com.android.appsearch
07-05 08:33:58.672 I/AconfigPackage(18812): android.uprobestats.mainline.flags is mapped to com.android.uprobestats
07-05 08:33:58.672 I/AconfigPackage(18812): android.provider.flags is mapped to com.android.configinfrastructure
07-05 08:33:58.672 I/AconfigPackage(18812): com.android.server.deviceconfig is mapped to com.android.configinfrastructure
07-05 08:33:58.673 I/AconfigPackage(18812): com.android.nfc.flags is mapped to system
07-05 08:33:58.673 I/AconfigPackage(18812): android.app.admin.flags is mapped to system
07-05 08:33:58.673 I/AconfigPackage(18812): android.database.sqlite is mapped to system
07-05 08:33:58.673 I/AconfigPackage(18812): com.android.providers.calendar is mapped to system
07-05 08:33:58.674 I/AconfigPackage(18812): com.android.server.power.feature.flags is mapped to system
07-05 08:33:58.674 I/AconfigPackage(18812): com.android.media.performance.flags is mapped to system
07-05 08:33:58.674 I/AconfigPackage(18812): android.app.contextualsearch.flags is mapped to system
07-05 08:33:58.674 I/AconfigPackage(18812): android.app.ondeviceintelligence.flags is mapped to system
07-05 08:33:58.674 I/AconfigPackage(18812): com.android.media.projection.flags is mapped to system
07-05 08:33:58.674 I/AconfigPackage(18812): android.companion is mapped to system
07-05 08:33:58.674 I/AconfigPackage(18812): android.service.controls.flags is mapped to system
07-05 08:33:58.674 I/AconfigPackage(18812): com.android.text.flags is mapped to system
07-05 08:33:58.675 I/AconfigPackage(18812): com.android.providers.contactkeys.flags is mapped to system
07-05 08:33:58.675 I/AconfigPackage(18812): com.android.intentresolver is mapped to system
07-05 08:33:58.675 I/AconfigPackage(18812): android.companion.virtualdevice.flags is mapped to system
07-05 08:33:58.675 I/AconfigPackage(18812): android.uprobestats.flags is mapped to system
07-05 08:33:58.675 I/AconfigPackage(18812): com.android.net.thread.platform.flags is mapped to system
07-05 08:33:58.675 I/AconfigPackage(18812): android.view.contentprotection.flags is mapped to system
07-05 08:33:58.675 I/AconfigPackage(18812): com.android.server.dreams is mapped to system
07-05 08:33:58.676 I/AconfigPackage(18812): com.android.graphics.surfaceflinger.flags is mapped to system
07-05 08:33:58.676 I/AconfigPackage(18812): com.android.hardware.input is mapped to system
07-05 08:33:58.676 I/AconfigPackage(18812): android.sdk is mapped to system
07-05 08:33:58.676 I/AconfigPackage(18812): com.android.input.flags is mapped to system
07-05 08:33:58.676 I/AconfigPackage(18812): android.tracing is mapped to system
07-05 08:33:58.676 I/AconfigPackage(18812): com.android.server.biometrics is mapped to system
07-05 08:33:58.676 I/AconfigPackage(18812): android.view.contentcapture.flags is mapped to system
07-05 08:33:58.676 I/AconfigPackage(18812): android.app.job is mapped to system
07-05 08:33:58.676 I/AconfigPackage(18812): android.content.res is mapped to system
07-05 08:33:58.677 I/AconfigPackage(18812): android.net.platform.flags is mapped to system
07-05 08:33:58.677 I/AconfigPackage(18812): com.android.aconfig.flags is mapped to system
07-05 08:33:58.677 I/AconfigPackage(18812): com.android.graphics.flags is mapped to system
07-05 08:33:58.677 I/AconfigPackage(18812): android.server.app is mapped to system
07-05 08:33:58.677 I/AconfigPackage(18812): android.speech.flags is mapped to system
07-05 08:33:58.677 I/AconfigPackage(18812): com.android.server.stats is mapped to system
07-05 08:33:58.677 I/AconfigPackage(18812): android.hardware.biometrics is mapped to system
07-05 08:33:58.677 I/AconfigPackage(18812): android.car.feature is mapped to system
07-05 08:33:58.677 I/AconfigPackage(18812): android.adpf is mapped to system
07-05 08:33:58.677 I/AconfigPackage(18812): android.location.flags is mapped to system
07-05 08:33:58.678 I/AconfigPackage(18812): com.android.settingslib.flags is mapped to system
07-05 08:33:58.678 I/AconfigPackage(18812): com.android.managedprovisioning.flags is mapped to system
07-05 08:33:58.678 I/AconfigPackage(18812): android.app.assist.flags is mapped to system
07-05 08:33:58.678 I/AconfigPackage(18812): com.android.server.net is mapped to system
07-05 08:33:58.678 I/AconfigPackage(18812): com.android.settingslib.widget.flags is mapped to system
07-05 08:33:58.678 I/AconfigPackage(18812): com.android.internal.camera.flags is mapped to system
07-05 08:33:58.678 I/AconfigPackage(18812): com.android.hardware.libsensor.flags is mapped to system
07-05 08:33:58.678 I/AconfigPackage(18812): com.android.internal.jank is mapped to system
07-05 08:33:58.678 I/AconfigPackage(18812): com.android.providers.settings is mapped to system
07-05 08:33:58.678 I/AconfigPackage(18812): android.multiuser is mapped to system
07-05 08:33:58.678 I/AconfigPackage(18812): com.android.server.power.optimization is mapped to system
07-05 08:33:58.678 I/AconfigPackage(18812): com.android.calllogbackup is mapped to system
07-05 08:33:58.678 I/AconfigPackage(18812): com.android.media.flags is mapped to system
07-05 08:33:58.678 I/AconfigPackage(18812): com.android.server.flags is mapped to system
07-05 08:33:58.678 I/AconfigPackage(18812): com.android.graphics.libvulkan.flags is mapped to system
07-05 08:33:58.679 I/AconfigPackage(18812): android.app.appfunctions.flags is mapped to system
07-05 08:33:58.679 I/AconfigPackage(18812): android.app.smartspace.flags is mapped to system
07-05 08:33:58.679 I/AconfigPackage(18812): com.android.providers.contacts.flags is mapped to system
07-05 08:33:58.679 I/AconfigPackage(18812): com.android.shell.flags is mapped to system
07-05 08:33:58.679 I/AconfigPackage(18812): com.android.media.aaudio is mapped to system
07-05 08:33:58.679 I/AconfigPackage(18812): android.hardware.radio is mapped to system
07-05 08:33:58.679 I/AconfigPackage(18812): com.google.wear.services.infra.flags is mapped to system
07-05 08:33:58.679 I/AconfigPackage(18812): suspend_service.flags is mapped to system
07-05 08:33:58.679 I/AconfigPackage(18812): android.media.midi is mapped to system
07-05 08:33:58.679 I/AconfigPackage(18812): com.android.libcore.readonly is mapped to system
07-05 08:33:58.679 I/AconfigPackage(18812): com.android.settingslib.widget.selectorwithwidgetpreference.flags is mapped to system
07-05 08:33:58.679 I/AconfigPackage(18812): android.service.notification is mapped to system
07-05 08:33:58.679 I/AconfigPackage(18812): com.android.systemui.shared is mapped to system
07-05 08:33:58.680 I/AconfigPackage(18812): android.app.jank is mapped to system
07-05 08:33:58.680 I/AconfigPackage(18812): android.app.wearable is mapped to system
07-05 08:33:58.680 I/AconfigPackage(18812): com.android.media.audio is mapped to system
07-05 08:33:58.680 I/AconfigPackage(18812): android.service.chooser is mapped to system
07-05 08:33:58.680 I/AconfigPackage(18812): com.android.server.compat is mapped to system
07-05 08:33:58.681 I/AconfigPackage(18812): com.android.server.alarm is mapped to system
07-05 08:33:58.681 I/AconfigPackage(18812): com.android.apex.flags is mapped to system
07-05 08:33:58.681 I/AconfigPackage(18812): android.service.quickaccesswallet is mapped to system
07-05 08:33:58.681 I/AconfigPackage(18812): android.app.usage is mapped to system
07-05 08:33:58.681 I/AconfigPackage(18812): com.android.server.accessibility is mapped to system
07-05 08:33:58.681 I/AconfigPackage(18812): android.app.supervision.flags is mapped to system
07-05 08:33:58.681 I/AconfigPackage(18812): com.android.server.utils is mapped to system
07-05 08:33:58.681 I/AconfigPackage(18812): android.chre.flags is mapped to system
07-05 08:33:58.681 I/AconfigPackage(18812): android.content.flags is mapped to system
07-05 08:33:58.681 I/AconfigPackage(18812): android.media.codec is mapped to system
07-05 08:33:58.682 I/AconfigPackage(18812): com.android.internal.os is mapped to system
07-05 08:33:58.682 I/AconfigPackage(18812): com.android.nfc.nci.flags is mapped to system
07-05 08:33:58.682 I/AconfigPackage(18812): android.app is mapped to system
07-05 08:33:58.682 I/AconfigPackage(18812): android.security.keystore2 is mapped to system
07-05 08:33:58.682 I/AconfigPackage(18812): android.crashrecovery.flags is mapped to system
07-05 08:33:58.682 I/AconfigPackage(18812): com.android.tradeinmode.flags is mapped to system
07-05 08:33:58.682 I/AconfigPackage(18812): android.hardware.flags is mapped to system
07-05 08:33:58.682 I/AconfigPackage(18812): com.android.server.telecom.flags is mapped to system
07-05 08:33:58.682 I/AconfigPackage(18812): com.android.settingslib.media.flags is mapped to system
07-05 08:33:58.683 I/AconfigPackage(18812): com.android.server.policy is mapped to system
07-05 08:33:58.684 I/AconfigPackage(18812): android.media.audiopolicy is mapped to system
07-05 08:33:58.684 I/AconfigPackage(18812): com.android.egg.flags is mapped to system
07-05 08:33:58.684 I/AconfigPackage(18812): com.android.internal.compat.flags is mapped to system
07-05 08:33:58.684 I/AconfigPackage(18812): android.security is mapped to system
07-05 08:33:58.684 I/AconfigPackage(18812): android.service.autofill is mapped to system
07-05 08:33:58.684 I/AconfigPackage(18812): com.example.android.aconfig.demo.flags is mapped to system
07-05 08:33:58.684 I/AconfigPackage(18812): android.view.flags is mapped to system
07-05 08:33:58.685 I/AconfigPackage(18812): android.companion.virtual.flags is mapped to system
07-05 08:33:58.685 I/AconfigPackage(18812): com.android.aconfig_new_storage is mapped to system
07-05 08:33:58.685 I/AconfigPackage(18812): com.android.server.feature.flags is mapped to system
07-05 08:33:58.685 I/AconfigPackage(18812): com.android.systemui is mapped to system
07-05 08:33:58.685 I/AconfigPackage(18812): com.android.server.power.batterysaver is mapped to system
07-05 08:33:58.686 I/AconfigPackage(18812): android.widget.flags is mapped to system
07-05 08:33:58.686 I/AconfigPackage(18812): com.android.media.editing.flags is mapped to system
07-05 08:33:58.686 I/AconfigPackage(18812): com.android.media.codec.flags is mapped to system
07-05 08:33:58.686 I/AconfigPackage(18812): com.android.server.powerstats is mapped to system
07-05 08:33:58.686 I/AconfigPackage(18812): com.android.graphics.egl.flags is mapped to system
07-05 08:33:58.686 I/AconfigPackage(18812): com.android.media.audioserver is mapped to system
07-05 08:33:58.686 I/AconfigPackage(18812): com.android.server.deviceidle is mapped to system
07-05 08:33:58.687 I/AconfigPackage(18812): android.nfc is mapped to system
07-05 08:33:58.688 I/AconfigPackage(18812): android.permission.flags is mapped to system
07-05 08:33:58.688 I/AconfigPackage(18812): android.service.voice.flags is mapped to system
07-05 08:33:58.688 I/AconfigPackage(18812): android.content.pm is mapped to system
07-05 08:33:58.688 I/AconfigPackage(18812): com.android.server.power.hint is mapped to system
07-05 08:33:58.688 I/AconfigPackage(18812): android.os is mapped to system
07-05 08:33:58.688 I/AconfigPackage(18812): android.service.dreams is mapped to system
07-05 08:33:58.688 I/AconfigPackage(18812): com.android.graphics.libgui.flags is mapped to system
07-05 08:33:58.688 I/AconfigPackage(18812): android.hardware.usb.flags is mapped to system
07-05 08:33:58.689 I/AconfigPackage(18812): android.provider is mapped to system
07-05 08:33:58.689 I/AconfigPackage(18812): com.android.server.job is mapped to system
07-05 08:33:58.689 I/AconfigPackage(18812): com.android.internal.foldables.flags is mapped to system
07-05 08:33:58.689 I/AconfigPackage(18812): com.android.internal.telephony.flags is mapped to system
07-05 08:33:58.689 I/AconfigPackage(18812): android.webkit is mapped to system
07-05 08:33:58.689 I/AconfigPackage(18812): android.credentials.flags is mapped to system
07-05 08:33:58.689 I/AconfigPackage(18812): com.android.server.display.feature.flags is mapped to system
07-05 08:33:58.689 I/AconfigPackage(18812): com.android.server.notification is mapped to system
07-05 08:33:58.689 I/AconfigPackage(18812): android.appwidget.flags is mapped to system
07-05 08:33:58.690 I/AconfigPackage(18812): com.android.frameworks.sensorservice.flags is mapped to system
07-05 08:33:58.690 I/AconfigPackage(18812): com.android.printspooler.flags is mapped to system
07-05 08:33:58.690 I/AconfigPackage(18812): com.android.window.flags is mapped to system
07-05 08:33:58.690 I/AconfigPackage(18812): android.adaptiveauth is mapped to system
07-05 08:33:58.690 I/AconfigPackage(18812): android.net.wifi.flags is mapped to system
07-05 08:33:58.691 I/AconfigPackage(18812): android.media.tv.flags is mapped to system
07-05 08:33:58.691 I/AconfigPackage(18812): com.android.server.usb.flags is mapped to system
07-05 08:33:58.691 I/AconfigPackage(18812): android.os.vibrator is mapped to system
07-05 08:33:58.691 I/AconfigPackage(18812): android.hardware.devicestate.feature.flags is mapped to system
07-05 08:33:58.691 I/AconfigPackage(18812): com.android.server.usage is mapped to system
07-05 08:33:58.691 I/AconfigPackage(18812): android.server is mapped to system
07-05 08:33:58.692 I/AconfigPackage(18812): com.android.wm.shell is mapped to system
07-05 08:33:58.692 I/AconfigPackage(18812): android.view.inputmethod is mapped to system
07-05 08:33:58.692 I/AconfigPackage(18812): com.android.graphics.hwui.flags is mapped to system
07-05 08:33:58.692 I/AconfigPackage(18812): com.android.server.backup is mapped to system
07-05 08:33:58.692 I/AconfigPackage(18812): com.android.internal.pm.pkg.component.flags is mapped to system
07-05 08:33:58.692 I/AconfigPackage(18812): android.view.accessibility is mapped to system
07-05 08:33:58.692 I/AconfigPackage(18812): com.google.wear.sdk is mapped to system
07-05 08:33:58.692 I/AconfigPackage(18812): android.media.audio is mapped to system
07-05 08:33:58.692 I/AconfigPackage(18812): com.android.server.am is mapped to system
07-05 08:33:58.693 I/AconfigPackage(18812): com.android.media.playback.flags is mapped to system
07-05 08:33:58.693 I/AconfigPackage(18812): com.android.art.flags is mapped to com.android.art
07-05 08:33:58.693 I/AconfigPackage(18812): com.android.libcore is mapped to com.android.art
07-05 08:33:58.693 I/AconfigPackage(18812): com.android.media.extractor.flags is mapped to com.android.media
07-05 08:33:58.693 I/AconfigPackage(18812): com.android.media.mainline.flags is mapped to com.android.media
07-05 08:33:58.694 I/AconfigPackage(18812): com.android.wifi.flags is mapped to com.android.wifi
07-05 08:33:58.694 I/AconfigPackage(18812): com.android.org.conscrypt.flags is mapped to com.android.conscrypt
07-05 08:33:58.695 I/AconfigPackage(18812): com.android.healthfitness.flags is mapped to com.android.healthfitness
07-05 08:33:58.695 I/AconfigPackage(18812): com.google.android.input.twoshay.flags is mapped to vendor
07-05 08:33:58.696 I/AconfigPackage(18812): libgooglecamerahal.flags is mapped to vendor
07-05 08:33:58.696 I/AconfigPackage(18812): com.android.ipsec.flags is mapped to com.android.ipsec
07-05 08:33:58.696 I/AconfigPackage(18812): com.android.nfc.module.flags is mapped to com.android.nfcservices
07-05 08:33:58.696 I/AconfigPackage(18812): com.android.adservices.ondevicepersonalization.flags is mapped to com.android.ondevicepersonalization
07-05 08:33:58.696 I/AconfigPackage(18812): com.android.bluetooth.flags is mapped to com.android.bt
07-05 08:33:58.697 I/AconfigPackage(18812): com.android.devicelock.flags is mapped to com.android.devicelock
07-05 08:33:58.697 I/AconfigPackage(18812): android.os.profiling is mapped to com.android.profiling
07-05 08:33:58.697 I/AconfigPackage(18812): com.android.os.statsd.flags is mapped to com.android.os.statsd
07-05 08:33:58.697 I/AconfigPackage(18812): com.android.cellbroadcastreceiver.flags is mapped to com.android.cellbroadcast
07-05 08:33:58.698 I/AconfigPackage(18812): com.android.adservices.flags is mapped to com.android.adservices
07-05 08:33:58.698 I/AconfigPackage(18812): com.android.sdksandbox.flags is mapped to com.android.adservices
07-05 08:33:58.698 I/AconfigPackage(18812): com.android.uwb.flags is mapped to com.android.uwb
07-05 08:33:58.698 I/AconfigPackage(18812): com.android.ranging.flags is mapped to com.android.uwb
07-05 08:33:58.699 I/AconfigPackage(18812): android.graphics.pdf.flags is mapped to com.android.mediaprovider
07-05 08:33:58.699 I/AconfigPackage(18812): com.android.providers.media.flags is mapped to com.android.mediaprovider
07-05 08:33:58.699 I/AconfigPackage(18812): android.graphics.pdf.flags.readonly is mapped to com.android.mediaprovider
07-05 08:33:58.699 I/AconfigPackage(18812): com.android.net.ct.flags is mapped to com.android.tethering
07-05 08:33:58.699 I/AconfigPackage(18812): com.android.net.flags is mapped to com.android.tethering
07-05 08:33:58.699 I/AconfigPackage(18812): android.net.vcn is mapped to com.android.tethering
07-05 08:33:58.699 I/AconfigPackage(18812): com.android.nearby.flags is mapped to com.android.tethering
07-05 08:33:58.699 I/AconfigPackage(18812): android.net.http is mapped to com.android.tethering
07-05 08:33:58.699 I/AconfigPackage(18812): com.android.net.thread.flags is mapped to com.android.tethering
07-05 08:33:58.699 I/AconfigPackage(18812): com.android.system.virtualmachine.flags is mapped to com.android.virt
07-05 08:33:58.700 E/FeatureFlagsImplExport(18812): android.os.flagging.AconfigStorageReadException: ERROR_PACKAGE_NOT_FOUND: package android.xr cannot be found on the device
07-05 08:33:58.705 D/UiAutomationConnection(18812): Created on user UserHandle{0}
07-05 08:33:58.706 I/UiAutomation(18812): Initialized for user 0 on display 0
07-05 08:33:58.706 W/UiAutomation(18812): Created with deprecatead constructor, assumes DEFAULT_DISPLAY
07-05 08:33:58.708 D/AccessibilityManagerService(  715): changeCurrentUserForTestAutomationIfNeededLocked(0): ignoring because device doesn't support visible background users
07-05 08:33:58.709 I/UiAutomationManager(  715): Registering UiTestAutomationService (id=com.android.server.accessibility/UiAutomation, flags=0x0) when called by user 0
07-05 08:33:58.709 V/AccessibilityManagerService(  715): onUserStateChangedLocked for userId: 0, forceUpdate: false
07-05 08:33:58.713 W/MagnificationConnectionManager(  715): requestConnection duplicated request: connect=false, mConnectionState=DISCONNECTED
07-05 08:33:58.715 W/IPCThreadState(  715): Sending oneway calls to frozen process.
07-05 08:33:58.716 V/UiAutomation(18812): Init UiAutomation@974fbb2[id=550, displayId=0, flags=0]
07-05 08:33:58.716 W/IPCThreadState(  715): Sending oneway calls to frozen process.
07-05 08:33:58.717 W/IPCThreadState(  715): Sending oneway calls to frozen process.
07-05 08:33:58.717 W/IPCThreadState(  715): Sending oneway calls to frozen process.
07-05 08:33:58.717 W/IPCThreadState(  715): Sending oneway calls to frozen process.
07-05 08:33:58.717 V/AccessibilityManagerService(  715): onUserStateChangedLocked for userId: 0, forceUpdate: false
07-05 08:33:58.718 W/IPCThreadState(  715): Sending oneway calls to frozen process.
07-05 08:33:58.718 W/IPCThreadState(  715): Sending oneway calls to frozen process.
07-05 08:33:58.719 W/IPCThreadState(  715): Sending oneway calls to frozen process.
07-05 08:33:58.719 W/MagnificationConnectionManager(  715): requestConnection duplicated request: connect=false, mConnectionState=DISCONNECTED
07-05 08:33:58.720 W/IPCThreadState(  715): Sending oneway calls to frozen process.
07-05 08:33:58.721 W/IPCThreadState(  715): Sending oneway calls to frozen process.
07-05 08:33:58.721 W/IPCThreadState(  715): Sending oneway calls to frozen process.
07-05 08:33:58.721 W/IPCThreadState(  715): Sending oneway calls to frozen process.
07-05 08:33:58.721 W/IPCThreadState(  715): Sending oneway calls to frozen process.
07-05 08:33:58.722 W/IPCThreadState(  715): Sending oneway calls to frozen process.
07-05 08:33:58.722 W/IPCThreadState(  715): Sending oneway calls to frozen process.
07-05 08:33:58.723 W/IPCThreadState(  715): Sending oneway calls to frozen process.
07-05 08:33:58.723 W/IPCThreadState(  715): Sending oneway calls to frozen process.
07-05 08:33:58.723 W/IPCThreadState(  715): Sending oneway calls to frozen process.
07-05 08:33:58.723 W/IPCThreadState(  715): Sending oneway calls to frozen process.
07-05 08:33:58.723 W/IPCThreadState(  715): Sending oneway calls to frozen process.
07-05 08:33:58.724 W/IPCThreadState(  715): Sending oneway calls to frozen process.
07-05 08:33:58.724 W/IPCThreadState(  715): Sending oneway calls to frozen process.
07-05 08:33:58.724 W/IPCThreadState(  715): Sending oneway calls to frozen process.
07-05 08:33:58.724 W/IPCThreadState(  715): Sending oneway calls to frozen process.
07-05 08:33:58.726 W/IPCThreadState(  715): Sending oneway calls to frozen process.
07-05 08:33:58.726 I/netd    (  488): tetherGetStats() -> {[]} <0.66ms>
07-05 08:33:58.726 W/IPCThreadState(  715): Sending oneway calls to frozen process.
07-05 08:33:58.726 W/IPCThreadState(  715): Sending oneway calls to frozen process.
07-05 08:33:58.727 W/IPCThreadState(  715): Sending oneway calls to frozen process.
07-05 08:33:58.727 W/IPCThreadState(  715): Sending oneway calls to frozen process.
07-05 08:33:58.727 W/IPCThreadState(  715): Sending oneway calls to frozen process.
07-05 08:33:58.728 W/IPCThreadState(  715): Sending oneway calls to frozen process.
07-05 08:33:58.728 W/IPCThreadState(  715): Sending oneway calls to frozen process.
07-05 08:33:58.729 W/IPCThreadState(  715): Sending oneway calls to frozen process.
07-05 08:33:58.729 W/IPCThreadState(  715): Sending oneway calls to frozen process.
07-05 08:33:58.729 W/IPCThreadState(  715): Sending oneway calls to frozen process.
07-05 08:33:58.729 W/IPCThreadState(  715): Sending oneway calls to frozen process.
07-05 08:33:58.729 W/IPCThreadState(  715): Sending oneway calls to frozen process.
07-05 08:33:58.729 W/IPCThreadState(  715): Sending oneway calls to frozen process.
07-05 08:33:58.730 W/IPCThreadState(  715): Sending oneway calls to frozen process.
07-05 08:33:58.730 W/IPCThreadState(  715): Sending oneway calls to frozen process.
07-05 08:33:59.740 W/AccessibilityNodeInfoDumper(18812): Fetch time: 11ms
07-05 08:33:59.742 V/AccessibilityManagerService(  715): onUserStateChangedLocked for userId: 0, forceUpdate: false
07-05 08:33:59.744 D/BackgroundInstallControlService(  715): Package event received: 0
07-05 08:33:59.749 W/MagnificationConnectionManager(  715): requestConnection duplicated request: connect=false, mConnectionState=DISCONNECTED
07-05 08:33:59.749 D/AccessibilityManagerService(  715): restoreCurrentUserForTestAutomationIfNeededLocked(): ignoring because device doesn't support visible background users
07-05 08:33:59.750 V/AccessibilityManagerService(  715): onUserStateChangedLocked for userId: 0, forceUpdate: false
07-05 08:33:59.752 W/MagnificationConnectionManager(  715): requestConnection duplicated request: connect=false, mConnectionState=DISCONNECTED
07-05 08:33:59.753 W/IPCThreadState(  715): Sending oneway calls to frozen process.
07-05 08:33:59.754 W/IPCThreadState(  715): Sending oneway calls to frozen process.
07-05 08:33:59.754 W/IPCThreadState(  715): Sending oneway calls to frozen process.
07-05 08:33:59.755 W/IPCThreadState(  715): Sending oneway calls to frozen process.
07-05 08:33:59.755 W/IPCThreadState(  715): Sending oneway calls to frozen process.
07-05 08:33:59.756 W/IPCThreadState(  715): Sending oneway calls to frozen process.
07-05 08:33:59.757 W/IPCThreadState(  715): Sending oneway calls to frozen process.
07-05 08:33:59.757 W/IPCThreadState(  715): Sending oneway calls to frozen process.
07-05 08:33:59.759 W/IPCThreadState(18812): call to talkWithDriver in joinThreadPool returned error: -9 (Bad file descriptor), FD: -1
07-05 08:33:59.761 W/IPCThreadState(18812): call to talkWithDriver in joinThreadPool returned error: -9 (Bad file descriptor), FD: -1
07-05 08:33:59.761 W/IPCThreadState(  715): Sending oneway calls to frozen process.
07-05 08:33:59.761 W/IPCThreadState(18812): call to talkWithDriver in joinThreadPool returned error: -9 (Bad file descriptor), FD: -1
07-05 08:33:59.761 W/IPCThreadState(  715): Sending oneway calls to frozen process.
07-05 08:33:59.761 W/IPCThreadState(  715): Sending oneway calls to frozen process.
07-05 08:33:59.761 W/IPCThreadState(  715): Sending oneway calls to frozen process.
07-05 08:33:59.762 W/IPCThreadState(  715): Sending oneway calls to frozen process.
07-05 08:33:59.762 D/AndroidRuntime(18812): Shutting down VM
07-05 08:33:59.765 W/IPCThreadState(  715): Sending oneway calls to frozen process.
07-05 08:33:59.765 W/IPCThreadState(  715): Sending oneway calls to frozen process.
07-05 08:33:59.765 W/IPCThreadState(  715): Sending oneway calls to frozen process.
07-05 08:33:59.766 W/IPCThreadState(  715): Sending oneway calls to frozen process.
07-05 08:33:59.766 W/IPCThreadState(  715): Sending oneway calls to frozen process.
07-05 08:33:59.766 W/IPCThreadState(  715): Sending oneway calls to frozen process.
07-05 08:33:59.767 W/IPCThreadState(  715): Sending oneway calls to frozen process.
07-05 08:33:59.767 W/IPCThreadState(  715): Sending oneway calls to frozen process.
07-05 08:33:59.767 W/IPCThreadState(  715): Sending oneway calls to frozen process.
07-05 08:33:59.767 W/IPCThreadState(  715): Sending oneway calls to frozen process.
07-05 08:33:59.768 W/IPCThreadState(  715): Sending oneway calls to frozen process.
07-05 08:33:59.769 W/IPCThreadState(  715): Sending oneway calls to frozen process.
07-05 08:33:59.769 W/IPCThreadState(  715): Sending oneway calls to frozen process.
07-05 08:33:59.770 W/IPCThreadState(  715): Sending oneway calls to frozen process.
07-05 08:33:59.770 W/IPCThreadState(  715): Sending oneway calls to frozen process.
07-05 08:33:59.770 W/IPCThreadState(  715): Sending oneway calls to frozen process.
07-05 08:33:59.770 W/IPCThreadState(  715): Sending oneway calls to frozen process.
07-05 08:33:59.770 W/IPCThreadState(  715): Sending oneway calls to frozen process.
07-05 08:33:59.772 W/IPCThreadState(  715): Sending oneway calls to frozen process.
07-05 08:33:59.777 I/netd    (  488): tetherGetStats() -> {[]} <1.58ms>
07-05 08:34:00.991 D/WindowManager(  715): captureDisplay
07-05 08:34:01.180 W/screencap(18838): Thread Pool max thread count is 0. Cannot cache binder as linkToDeath cannot be implemented. serviceName: SurfaceFlingerAIDL
07-05 08:34:01.181 W/BpBinder(18838): Linking to death on android.gui.ISurfaceComposer but there are no threads (yet?) listening to incoming transactions. See ProcessState::startThreadPool and ProcessState::setThreadPoolMaxThreadCount. Generally you should setup the binder threadpool before other initialization steps.
07-05 08:34:01.181 W/ProcessState(18838): Extra binder thread started, but 0 threads requested. Do not use *startThreadPool when zero threads are requested.
07-05 08:34:01.197 E/HwcComposer(  567): getLuts failed Status(-8, EX_SERVICE_SPECIFIC): '8: '
07-05 08:34:01.197 E/HWComposer(  567): getLuts: getLuts failed for display 4619827259835644672: UNSUPPORTED (8)
07-05 08:34:01.177 I/servicemanager(    0): Caller(pid=18838,uid=2000,sid=u:r:shell:s0) Found android.hardware.graphics.allocator.IAllocator/default in device VINTF manifest.
07-05 08:34:01.179 I/servicemanager(    0): Caller(pid=18838,uid=2000,sid=u:r:shell:s0) Found android.hardware.graphics.allocator.IAllocator/default in device VINTF manifest.
07-05 08:34:01.180 I/servicemanager(    0): Caller(pid=18838,uid=2000,sid=u:r:shell:s0) Found mapper/ranchu in device VINTF manifest.
