--------- beginning of system
07-05 08:34:18.181 I/ActivityManager(  715): Force stopping com.huiyi.mockchat appid=10217 user=0: from pid 19041
07-05 08:34:18.182 I/ActivityManager(  715): Killing 18979:com.huiyi.mockchat/u0a217 (adj 0): stop com.huiyi.mockchat due to from pid 19041
07-05 08:34:18.183 D/CompatChangeReporter(  715): Compat change id reported: 151861875; UID 10217; state: ENABLED
07-05 08:34:18.185 W/ActivityTaskManager(  715): Force removing ActivityRecord{171309041 u0 com.huiyi.mockchat/.MainActivity t195 f}}: app died, no saved state
07-05 08:34:18.186 V/WindowManagerShell(  972): Transition requested (#176): android.os.BinderProxy@5b32657 TransitionRequestInfo { type = CLOSE, triggerTask = TaskInfo{userId=0 taskId=195 effectiveUid=10217 displayId=0 isRunning=false baseIntent=Intent { flg=0x10000000 cmp=com.huiyi.mockchat/.MainActivity } baseActivity=null topActivity=null origActivity=null realActivity=ComponentInfo{com.huiyi.mockchat/com.huiyi.mockchat.MainActivity} numActivities=0 lastActiveTime=17044127 supportsMultiWindow=true resizeMode=1 isResizeable=true minWidth=-1 minHeight=-1 defaultMinSize=220 token=WCT{android.window.IWindowContainerToken$Stub$Proxy@1400544} topActivityType=1 pictureInPictureParams=null shouldDockBigOverlays=false launchIntoPipHostTaskId=-1 lastParentTaskIdBeforePip=-1 displayCutoutSafeInsets=Rect(0, 0 - 0, 0) topActivityInfo=null launchCookies=[] positionInParent=Point(0, 0) parentTaskId=-1 isFocused=true isVisible=true isVisibleRequested=true isTopActivityNoDisplay=false isSleeping=false locusId=null displayAreaFeatureId=1 isTopActivityTransparent=false isActivityStackTransparent=true lastNonFullscreenBounds=Rect(286, 664 - 798, 1748) capturedLink=null capturedLinkTimestamp=0 requestedVisibleTypes=-9 topActivityRequestOpenInBrowserEducationTimestamp=0 appCompatTaskInfo=AppCompatTaskInfo { topActivityInSizeCompat=false eligibleForLetterboxEducation= false isLetterboxEducationEnabled= false isLetterboxDoubleTapEnabled= false eligibleForUserAspectRatioButton= false topActivityBoundsLetterboxed= false isFromLetterboxDoubleTap= false topActivityLetterboxVerticalPosition= -1 topActivityLetterboxHorizontalPosition= -1 topActivityLetterboxWidth=-1 topActivityLetterboxHeight=-1 topActivityAppBounds=Rect(0, 0 - 0, 0) isUserFullscreenOverrideEnabled=false isSystemFullscreenOverrideEnabled=false hasMinAspectRatioOverride=false topActivityLetterboxBounds=null cameraCompatTaskInfo=CameraCompatTaskInfo { freeformCameraCompatMode=undefined}} topActivityMainWindowFrame=null}, pipChange = null, remoteTransition = null, displayChange = null, flags = 0, debugId = 176 }
07-05 08:34:18.190 D/BackgroundInstallControlService(  715): Package event received: 0
--------- beginning of main
07-05 08:34:18.190 I/BpBinder(  567): onLastStrongRef automatically unlinking death recipients: 
07-05 08:34:18.192 W/ndroid.systemui(  972): Missing inline cache for void com.android.wm.shell.transition.Transitions$ShellTransitionImpl$$ExternalSyntheticLambda1.run()
07-05 08:34:18.195 W/IPCThreadState(  715): Sending oneway calls to frozen process.
07-05 08:34:18.197 W/IPCThreadState(  715): Sending oneway calls to frozen process.
07-05 08:34:18.197 W/IPCThreadState(  715): Sending oneway calls to frozen process.
07-05 08:34:18.197 W/IPCThreadState(  715): Sending oneway calls to frozen process.
07-05 08:34:18.197 W/IPCThreadState(  715): Sending oneway calls to frozen process.
07-05 08:34:18.197 W/IPCThreadState(  715): Sending oneway calls to frozen process.
07-05 08:34:18.198 W/IPCThreadState(  715): Sending oneway calls to frozen process.
07-05 08:34:18.198 W/IPCThreadState(  715): Sending oneway calls to frozen process.
07-05 08:34:18.199 W/IPCThreadState(  715): Sending oneway calls to frozen process.
07-05 08:34:18.200 I/netd    (  488): tetherGetStats() -> {[]} <0.56ms>
07-05 08:34:18.201 W/IPCThreadState(  715): Sending oneway calls to frozen process.
07-05 08:34:18.202 W/IPCThreadState(  715): Sending oneway calls to frozen process.
07-05 08:34:18.202 W/IPCThreadState(  715): Sending oneway calls to frozen process.
07-05 08:34:18.202 W/IPCThreadState(  715): Sending oneway calls to frozen process.
07-05 08:34:18.202 W/IPCThreadState(  715): Sending oneway calls to frozen process.
07-05 08:34:18.202 W/IPCThreadState(  715): Sending oneway calls to frozen process.
07-05 08:34:18.203 W/IPCThreadState(  715): Sending oneway calls to frozen process.
07-05 08:34:18.203 W/IPCThreadState(  715): Sending oneway calls to frozen process.
07-05 08:34:18.203 W/IPCThreadState(  715): Sending oneway calls to frozen process.
07-05 08:34:18.205 W/IPCThreadState(  715): Sending oneway calls to frozen process.
07-05 08:34:18.205 W/IPCThreadState(  715): Sending oneway calls to frozen process.
07-05 08:34:18.206 D/ViewRootImpl( 1124): Skipping stats log for color mode
07-05 08:34:18.207 W/IPCThreadState(  715): Sending oneway calls to frozen process.
07-05 08:34:18.207 W/IPCThreadState(  715): Sending oneway calls to frozen process.
07-05 08:34:18.207 W/IPCThreadState(  715): Sending oneway calls to frozen process.
07-05 08:34:18.209 I/BpBinder(  567): onLastStrongRef automatically unlinking death recipients: 
07-05 08:34:18.209 W/IPCThreadState(  715): Sending oneway calls to frozen process.
07-05 08:34:18.209 W/IPCThreadState(  715): Sending oneway calls to frozen process.
07-05 08:34:18.210 W/IPCThreadState(  715): Sending oneway calls to frozen process.
07-05 08:34:18.210 W/IPCThreadState(  715): Sending oneway calls to frozen process.
07-05 08:34:18.210 W/IPCThreadState(  715): Sending oneway calls to frozen process.
07-05 08:34:18.210 D/NexusLauncherModelDelegate( 1124): notifySmartspaceEvent: SmartspaceTargetEvent{mSmartspaceTarget=null, mSmartspaceActionId='null', mEventType=6}
--------- beginning of kernel
07-05 08:34:18.186 I/binder_alloc(    0): 2497: pid 715 spamming oneway? 3100 buffers allocated for a total size of 417408
07-05 08:34:18.212 D/BackgroundInstallControlService(  715): Package event received: 0
07-05 08:34:18.212 D/BackgroundInstallControlService(  715): Package event received: 0
07-05 08:34:18.213 I/AppWidgetServiceImpl(  715): startListening() 0
07-05 08:34:18.214 I/adbd    (  576): Remote process closed the socket (on MSG_PEEK)
07-05 08:34:18.214 W/IPCThreadState(  715): Sending oneway calls to frozen process.
07-05 08:34:18.214 W/IPCThreadState(  715): Sending oneway calls to frozen process.
07-05 08:34:18.214 W/IPCThreadState(  715): Sending oneway calls to frozen process.
07-05 08:34:18.214 W/IPCThreadState(  715): Sending oneway calls to frozen process.
07-05 08:34:18.214 W/IPCThreadState(  715): Sending oneway calls to frozen process.
07-05 08:34:18.215 W/IPCThreadState(  715): Sending oneway calls to frozen process.
07-05 08:34:18.216 I/Zygote  (  491): Process 18979 exited due to signal 9 (Killed)
07-05 08:34:18.217 W/IPCThreadState(  715): Sending oneway calls to frozen process.
07-05 08:34:18.217 W/IPCThreadState(  715): Sending oneway calls to frozen process.
07-05 08:34:18.218 W/IPCThreadState(  715): Sending oneway calls to frozen process.
07-05 08:34:18.218 I/ImeTracker(  715): com.huiyi.mockchat:89b7535: onRequestHide at ORIGIN_SERVER reason HIDE_REMOVE_CLIENT fromUser false
07-05 08:34:18.219 I/ImeTracker(  715): com.huiyi.mockchat:89b7535: onCancelled at PHASE_SERVER_SHOULD_HIDE
07-05 08:34:18.219 I/WindowManager(  715): WIN DEATH: Window{6fd13ca u0 com.huiyi.mockchat/com.huiyi.mockchat.MainActivity}
07-05 08:34:18.220 W/IPCThreadState(  715): Sending oneway calls to frozen process.
07-05 08:34:18.222 W/IPCThreadState(  715): Sending oneway calls to frozen process.
07-05 08:34:18.222 W/IPCThreadState(  715): Sending oneway calls to frozen process.
07-05 08:34:18.223 W/IPCThreadState(  715): Sending oneway calls to frozen process.
07-05 08:34:18.223 D/WindowManagerShell(  972): setLauncherKeepClearAreaHeight: visible=true, height=497
07-05 08:34:18.223 W/IPCThreadState(  715): Sending oneway calls to frozen process.
07-05 08:34:18.223 D/BaseDepthController( 1124): setSurface:
07-05 08:34:18.223 D/BaseDepthController( 1124): 	mWaitingOnSurfaceValidity: false
07-05 08:34:18.223 D/BaseDepthController( 1124): 	mBaseSurface: Surface(name=com.google.android.apps.nexuslauncher/com.google.android.apps.nexuslauncher.NexusLauncherActivity)/@0xcfe1a4e
07-05 08:34:18.224 W/IPCThreadState(  715): Sending oneway calls to frozen process.
07-05 08:34:18.225 W/IPCThreadState(  715): Sending oneway calls to frozen process.
07-05 08:34:18.227 I/libprocessgroup(  715): Removed cgroup /sys/fs/cgroup/apps/uid_10217/pid_18979
07-05 08:34:18.227 W/IPCThreadState(  715): Sending oneway calls to frozen process.
07-05 08:34:18.227 W/IPCThreadState(  715): Sending oneway calls to frozen process.
07-05 08:34:18.227 W/IPCThreadState(  715): Sending oneway calls to frozen process.
07-05 08:34:18.233 I/AppsFilter(  715): interaction: PackageSetting{82e8969 com.android.microdroid.empty_payload/10212} -> PackageSetting{2a8ee00 com.huiyi.mockchat/10217} BLOCKED
07-05 08:34:18.233 I/AppsFilter(  715): interaction: PackageSetting{79aefed com.huiyi.v4/10216} -> PackageSetting{2a8ee00 com.huiyi.mockchat/10217} BLOCKED
07-05 08:34:18.246 V/ActivityManager(  715): Got obituary of 18979:com.huiyi.mockchat
07-05 08:34:18.250 W/ActivityTaskManager(  715): Unable to send transaction to client proc com.huiyi.mockchat: no app thread
07-05 08:34:18.257 V/WindowManager(  715): Unknown focus tokens, dropping reportFocusChanged
07-05 08:34:18.260 W/ActivityManager(  715): setHasOverlayUi called on unknown pid: 18979
07-05 08:34:18.267 I/AppWidgetServiceImpl(  715): Received broadcast: android.intent.action.PACKAGE_RESTARTED on user 0
07-05 08:34:18.267 I/AppWidgetServiceImpl(  715): Updating package stopped masked state for uid 10217 package com.huiyi.mockchat isStopped true
07-05 08:34:18.282 D/CarrierSvcBindHelper( 1112): onHandleForceStop: [com.huiyi.mockchat]
07-05 08:34:18.284 D/CarrierSvcBindHelper( 1112): No carrier app for: 0
07-05 08:34:18.289 I/system_server(  715): AssetManager2(0x79075ab2e018) locale list changing from [] to [en-US]
07-05 08:34:18.299 I/system_server(  715): AssetManager2(0x79075ab227b8) locale list changing from [] to [en-US]
07-05 08:34:18.301 D/StatsLog( 1124): LAUNCHER_ONRESUME
07-05 08:34:18.315 V/WindowManagerShell(  972): onTransitionReady(transaction=3070901629453)
07-05 08:34:18.316 I/NotificationListener( 1124): Handling notification state refresh for android#0
07-05 08:34:18.316 I/NotificationListener( 1124): Handling notification state refresh for android#0
07-05 08:34:18.318 D/QuickstepModelDelegate( 1124): notifyAppTargetEvent action=1 launchLocation=workspace/0/[-1,-1]/[1,1]
07-05 08:34:18.318 V/WindowManagerShell(  972): onTransitionReady (#176) android.os.BinderProxy@5b32657: {id=176 t=CLOSE f=0x0 trk=0 r=[0@Point(0, 0)] c=[
07-05 08:34:18.318 V/WindowManagerShell(  972):         {m=TO_FRONT f=SHOW_WALLPAPER|MOVE_TO_TOP leash=Surface(name=Task=1)/@0x7512762 sb=Rect(0, 0 - 1084, 2412) eb=Rect(0, 0 - 1084, 2412) epz=Point(1084, 2412) d=0 taskParent=-1},
07-05 08:34:18.318 V/WindowManagerShell(  972):         {m=CLOSE f=NONE leash=Surface(name=Task=195)/@0xf59d0f3 sb=Rect(0, 0 - 1084, 2412) eb=Rect(0, 0 - 1084, 2412) epz=Point(1084, 2412) d=0 taskParent=-1},
07-05 08:34:18.318 V/WindowManagerShell(  972):         {m=TO_FRONT f=IS_WALLPAPER leash=Surface(name=WallpaperWindowToken{d6cca47 showWhenLocked=false})/@0x5da31b0 sb=Rect(0, 0 - 1084, 2412) eb=Rect(0, 0 - 1084, 2412) epz=Point(1084, 2412) d=0}
07-05 08:34:18.318 V/WindowManagerShell(  972):     ]}
07-05 08:34:18.319 V/WindowManagerShell(  972): Playing animation for (#176) android.os.BinderProxy@5b32657@0
07-05 08:34:18.320 V/ShellRecents(  972): RecentsTransitionHandler.startAnimation: no controller found
07-05 08:34:18.321 V/WindowManagerShell(  972): Transition doesn't have explicit remote, search filters for match for {id=176 t=CLOSE f=0x0 trk=0 r=[0@Point(0, 0)] c=[{m=TO_FRONT f=SHOW_WALLPAPER|MOVE_TO_TOP leash=Surface(name=Task=1)/@0x7512762 sb=Rect(0, 0 - 1084, 2412) eb=Rect(0, 0 - 1084, 2412) epz=Point(1084, 2412) d=0 taskParent=-1},{m=CLOSE f=NONE leash=Surface(name=Task=195)/@0xf59d0f3 sb=Rect(0, 0 - 1084, 2412) eb=Rect(0, 0 - 1084, 2412) epz=Point(1084, 2412) d=0 taskParent=-1},{m=TO_FRONT f=IS_WALLPAPER leash=Surface(name=WallpaperWindowToken{d6cca47 showWhenLocked=false})/@0x5da31b0 sb=Rect(0, 0 - 1084, 2412) eb=Rect(0, 0 - 1084, 2412) epz=Point(1084, 2412) d=0}]}
07-05 08:34:18.321 V/WindowManagerShell(  972):  Checking filter Pair{{types=[] flags=0x0] notFlags=0x0 checks=[{atype=undefined independent=true modes=[CLOSE,TO_BACK] flags=IN_TASK_WITH_EMBEDDED_ACTIVITY mustBeTask=false order=ANY topActivity=null launchCookie=null taskFragmentToken=android.os.BinderProxy@9757ff windowingMode=undefined}]} RemoteTransition { remoteTransition = android.window.IRemoteTransition$Stub$Proxy@b7a59cc, appThread = android.app.IApplicationThread$Stub$Proxy@a3c9415, debugName = overlayBackTransition }}
07-05 08:34:18.321 V/WindowManagerShell(  972):  Checking filter Pair{{types=[] flags=0x0] notFlags=0x0 checks=[{atype=dream independent=true modes=[OPEN,TO_FRONT] flags=NONE mustBeTask=false order=ANY topActivity=null launchCookie=null windowingMode=undefined},{atype=home independent=true modes=[CLOSE,TO_BACK] flags=NONE mustBeTask=false order=ANY topActivity=null launchCookie=null windowingMode=undefined}]} RemoteTransition { remoteTransition = android.window.IRemoteTransition$Stub$Proxy@e27a32a, appThread = android.app.IApplicationThread$Stub$Proxy@713751b, debugName = LauncherToDream }}
07-05 08:34:18.322 V/WindowManagerShell(  972):  Checking filter Pair{{types=[] flags=0x0] notFlags=0x100 checks=[{atype=home independent=true modes=[OPEN,TO_FRONT] flags=NONE mustBeTask=false order=TOP topActivity=ComponentInfo{com.google.android.apps.nexuslauncher/com.google.android.apps.nexuslauncher.NexusLauncherActivity} launchCookie=null windowingMode=undefined},{atype=standard independent=true modes=[CLOSE,TO_BACK] flags=NONE mustBeTask=false order=ANY topActivity=null launchCookie=null windowingMode=undefined},{NOT atype=undefined independent=true modes=[] flags=NONE mustBeTask=true order=ANY topActivity=null launchCookie=null customAnim=true windowingMode=undefined}]} RemoteTransition { remoteTransition = android.window.IRemoteTransition$Stub$Proxy@ed946b8, appThread = android.app.IApplicationThread$Stub$Proxy@5f5c91, debugName = QuickstepLaunchHome }}
07-05 08:34:18.322 D/RemoteTransitionHandler(  972): Found filterPair{{types=[] flags=0x0] notFlags=0x100 checks=[{atype=home independent=true modes=[OPEN,TO_FRONT] flags=NONE mustBeTask=false order=TOP topActivity=ComponentInfo{com.google.android.apps.nexuslauncher/com.google.android.apps.nexuslauncher.NexusLauncherActivity} launchCookie=null windowingMode=undefined},{atype=standard independent=true modes=[CLOSE,TO_BACK] flags=NONE mustBeTask=false order=ANY topActivity=null launchCookie=null windowingMode=undefined},{NOT atype=undefined independent=true modes=[] flags=NONE mustBeTask=true order=ANY topActivity=null launchCookie=null customAnim=true windowingMode=undefined}]} RemoteTransition { remoteTransition = android.window.IRemoteTransition$Stub$Proxy@ed946b8, appThread = android.app.IApplicationThread$Stub$Proxy@5f5c91, debugName = QuickstepLaunchHome }}
07-05 08:34:18.322 V/WindowManagerShell(  972):  Delegate animation for (#176) to RemoteTransition { remoteTransition = android.window.IRemoteTransition$Stub$Proxy@ed946b8, appThread = android.app.IApplicationThread$Stub$Proxy@5f5c91, debugName = QuickstepLaunchHome }
07-05 08:34:18.334 D/StateManager( 1124): createAtomicAnimation - fromState: Background, toState: Normal, partial trace:
07-05 08:34:18.334 D/StateManager( 1124): 	at com.android.quickstep.util.ScalingWorkspaceRevealAnim.<init>(go/retraceme 43e00d9cd0eb17b3d9dd30fc1741b1c71445c4c0f7c8c9b81300265c86c5b873:39)
07-05 08:34:18.334 D/StateManager( 1124): 	at com.android.launcher3.QuickstepTransitionManager.createWallpaperOpenAnimations(go/retraceme 43e00d9cd0eb17b3d9dd30fc1741b1c71445c4c0f7c8c9b81300265c86c5b873:168)
07-05 08:34:18.334 D/StateManager( 1124): 	at com.android.launcher3.QuickstepTransitionManager$WallpaperOpenLauncherAnimationRunner.onAnimationStart(go/retraceme 43e00d9cd0eb17b3d9dd30fc1741b1c71445c4c0f7c8c9b81300265c86c5b873:17)
07-05 08:34:18.334 I/AiAiEcho( 1480): Predicting[0]:  [CONTEXT sampling_count=5 ]
07-05 08:34:18.335 I/AiAiEcho( 1480): EchoTargets: 
07-05 08:34:18.335 I/AiAiEcho( 1480): Filtered by AiAi flag check: 
07-05 08:34:18.335 I/AiAiEcho( 1480): [CONTEXT ratelimit_period="10 SECONDS" ]
07-05 08:34:18.335 I/AiAiEcho( 1480): #remoteViewsTwiddler: feature disabled.
07-05 08:34:18.338 I/AiAiEcho( 1480): #postPredictionTargets: Sending updates to UISurface home with targets# 0 (types=[])
07-05 08:34:18.341 D/b/311077782( 1124): LauncherAnimationRunner.setAnimation
07-05 08:34:18.360 I/s.nexuslauncher( 1124): AssetManager2(0x79075ab3a4f8) locale list changing from [] to [en-US]
07-05 08:34:18.364 W/HWUI    ( 1124): Image decoding logging dropped!
07-05 08:34:18.366 D/SsBaseTemplateCard( 1124): No text view can be set up
07-05 08:34:18.366 D/SsBaseTemplateCard( 1124): Passed-in item info is null
07-05 08:34:18.366 D/SsBaseTemplateCard( 1124): Passed-in item info is null
07-05 08:34:18.367 D/SsBaseTemplateCard( 1124): Passed-in item info is null
07-05 08:34:18.367 I/SsBaseTemplateCard( 1124): Secondary card pane is null
07-05 08:34:18.368 I/AidlLazyServiceRegistrar(18402): Process has 0 (of 1 available) client(s) in use after notification artd has clients: 0
07-05 08:34:18.368 I/AidlLazyServiceRegistrar(18402): Trying to shut down the service. No clients in use for any service in process.
07-05 08:34:18.345 I/servicemanager(    0): Notifying artd they don't (previously: do) have clients when we now have no record of a client
07-05 08:34:18.346 I/servicemanager(    0): Caller(pid=18402,uid=1082,sid=u:r:artd:s0) Unregistering artd
07-05 08:34:18.347 I/BpBinder(    0): onLastStrongRef automatically unlinking death recipients:
07-05 08:34:18.372 I/AidlLazyServiceRegistrar(18402): Unregistered all clients and exiting
07-05 08:34:18.383 V/WindowManager(  715): Sent Transition (#176) createdAt=07-05 08:34:18.185 via request=TransitionRequestInfo { type = CLOSE, triggerTask = TaskInfo{userId=0 taskId=195 effectiveUid=10217 displayId=0 isRunning=false baseIntent=Intent { flg=0x10000000 cmp=com.huiyi.mockchat/.MainActivity } baseActivity=null topActivity=null origActivity=null realActivity=ComponentInfo{com.huiyi.mockchat/com.huiyi.mockchat.MainActivity} numActivities=0 lastActiveTime=17044127 supportsMultiWindow=true resizeMode=1 isResizeable=true minWidth=-1 minHeight=-1 defaultMinSize=220 token=WCT{RemoteToken{2dc145e Task{fec2fd6 #195 type=standard A=10217:com.huiyi.mockchat}}} topActivityType=1 pictureInPictureParams=null shouldDockBigOverlays=false launchIntoPipHostTaskId=-1 lastParentTaskIdBeforePip=-1 displayCutoutSafeInsets=Rect(0, 0 - 0, 0) topActivityInfo=null launchCookies=[] positionInParent=Point(0, 0) parentTaskId=-1 isFocused=true isVisible=true isVisibleRequested=true isTopActivityNoDisplay=false isSleeping=false locusId=null displayAreaFeatureId=1 isTopActivityTransparent=false isActivityStackTransparent=true lastNonFullscreenBounds=Rect(286, 664 - 798, 1748) capturedLink=null capturedLinkTimestamp=0 requestedVisibleTypes=-9 topActivityRequestOpenInBrowserEducationTimestamp=0 appCompatTaskInfo=AppCompatTaskInfo { topActivityInSizeCompat=false eligibleForLetterboxEducation= false isLetterboxEducationEnabled= false isLetterboxDoubleTapEnabled= false eligibleForUserAspectRatioButton= false topActivityBoundsLetterboxed= false isFromLetterboxDoubleTap= false topActivityLetterboxVerticalPosition= -1 topActivityLetterboxHorizontalPosition= -1 topActivityLetterboxWidth=-1 topActivityLetterboxHeight=-1 topActivityAppBounds=Rect(0, 0 - 0, 0) isUserFullscreenOverrideEnabled=false isSystemFullscreenOverrideEnabled=false hasMinAspectRatioOverride=false topActivityLetterboxBounds=null cameraCompatTaskInfo=CameraCompatTaskInfo { freeformCameraCompatMode=undefined}} topActivityMainWindowFrame=null}, pipChange = null, remoteTransition = null, displayChange = null, flags = 0, debugId = 176 }
07-05 08:34:18.383 V/WindowManager(  715):     startWCT=WindowContainerTransaction { changes= {} hops= [] errorCallbackToken=null taskFragmentOrganizer=null }
07-05 08:34:18.383 V/WindowManager(  715):     info={id=176 t=CLOSE f=0x0 trk=0 r=[0@Point(0, 0)] c=[
07-05 08:34:18.383 V/WindowManager(  715):         {WCT{RemoteToken{ba7d2de Task{f5e704d #1 type=home}}} m=TO_FRONT f=SHOW_WALLPAPER|MOVE_TO_TOP leash=Surface(name=Task=1)/@0x55c111d sb=Rect(0, 0 - 1084, 2412) eb=Rect(0, 0 - 1084, 2412) epz=Point(1084, 2412) d=0 taskParent=-1},
07-05 08:34:18.383 V/WindowManager(  715):         {WCT{RemoteToken{2dc145e Task{fec2fd6 #195 type=standard A=10217:com.huiyi.mockchat}}} m=CLOSE f=NONE leash=Surface(name=Task=195)/@0x4192e0 sb=Rect(0, 0 - 1084, 2412) eb=Rect(0, 0 - 1084, 2412) epz=Point(1084, 2412) d=0 taskParent=-1},
07-05 08:34:18.383 V/WindowManager(  715):         {m=TO_FRONT f=IS_WALLPAPER leash=Surface(name=WallpaperWindowToken{d6cca47 showWhenLocked=false})/@0x17505f4 sb=Rect(0, 0 - 1084, 2412) eb=Rect(0, 0 - 1084, 2412) epz=Point(1084, 2412) d=0}
07-05 08:34:18.383 V/WindowManager(  715):     ]}
07-05 08:34:18.360 I/init    (    0): Service 'artd' (pid 18402) exited with status 0 oneshot service took 55.026001 seconds in background
07-05 08:34:18.360 I/init    (    0): Sending signal 9 to service 'artd' (pid 18402) process group...
07-05 08:34:18.364 I/libprocessgroup(    0): Removed cgroup /sys/fs/cgroup/system/uid_1082/pid_18402
07-05 08:34:18.390 V/WindowManagerShell(  972):  animated by com.android.wm.shell.transition.RemoteTransitionHandler@1403b21
07-05 08:34:18.390 W/Looper  (  972): Slow dispatch took 72ms wmshell.main app=com.android.systemui main=false group=FOREGROUND h=android.os.Handler c=com.android.wm.shell.transition.Transitions$TransitionPlayerImpl$$ExternalSyntheticLambda0@d9e57ae m=0
07-05 08:34:18.404 I/ImeTracker(  715): com.google.android.apps.nexuslauncher:8485429f: onRequestHide at ORIGIN_SERVER reason HIDE_UNSPECIFIED_WINDOW fromUser false
07-05 08:34:18.409 I/BpBinder(  567): onLastStrongRef automatically unlinking death recipients: 
07-05 08:34:18.419 I/GoogleInputMethodService( 1395): GoogleInputMethodService.onFinishInput():2043 
07-05 08:34:18.420 I/ImeTracker(  715): system_server:d9011864: onRequestHide at ORIGIN_SERVER reason IME_REQUESTED_CHANGED_LISTENER fromUser false
07-05 08:34:18.422 I/Module  ( 1395): DeviceLockedStatusModuleProvider$Module.updateDeviceLockedStatus():100 repeatCheckTimes = 0, locked = false
07-05 08:34:18.423 I/ImeTracker(  715): system_server:d9011864: onCancelled at PHASE_SERVER_SHOULD_HIDE
07-05 08:34:18.425 I/GoogleInputMethodService( 1395): GoogleInputMethodService.onStartInput():1293 onStartInput(EditorInfo{EditorInfo{packageName=com.google.android.apps.nexuslauncher, inputType=0, inputTypeString=NULL, enableLearning=false, autoCorrection=false, autoComplete=false, imeOptions=0, privateImeOptions=null, actionName=UNSPECIFIED, actionLabel=null, initialSelStart=-1, initialSelEnd=-1, initialCapsMode=0, label=null, fieldId=0, fieldName=null, extras=null, hintText=null, hintLocales=[]}}, false)
07-05 08:34:18.428 W/PackageConfigPersister(  715): App-specific configuration not found for packageName: com.google.android.apps.nexuslauncher and userId: 0
07-05 08:34:18.429 I/Module  ( 1395): DeviceLockedStatusModuleProvider$Module.updateDeviceLockedStatus():100 repeatCheckTimes = 1, locked = false
07-05 08:34:18.436 D/InsetsController( 1124): hide(ime(), fromIme=false)
07-05 08:34:18.437 I/ImeTracker( 1124): com.google.android.apps.nexuslauncher:8485429f: onCancelled at PHASE_CLIENT_ALREADY_HIDDEN
07-05 08:34:18.444 W/ActivityTaskManager(  715): Unable to send transaction to client proc com.huiyi.mockchat: no app thread
07-05 08:34:18.502 I/s.nexuslauncher( 1124): AssetManager2(0x79075ab30598) locale list changing from [] to [en-US]
07-05 08:34:18.675 W/ActivityTaskManager(  715): callingPackage for (uid=2000, pid=19047) has no WPC
07-05 08:34:18.680 V/GrammaticalInflectionUtils(  715): AttributionSource: AttributionSource { uid = 10217, packageName = null, attributionTag = null, token = android.os.Binder@2b6457c, deviceId = 0, next = null } does not have READ_SYSTEM_GRAMMATICAL_GENDER permission.
07-05 08:34:18.683 W/OptProp (  715): Cannot read opt property android.window.PROPERTY_COMPAT_ALLOW_USER_ASPECT_RATIO_OVERRIDE
07-05 08:34:18.684 W/OptProp (  715): Cannot read opt property android.window.PROPERTY_COMPAT_ALLOW_USER_ASPECT_RATIO_FULLSCREEN_OVERRIDE
07-05 08:34:18.685 W/OptProp (  715): Cannot read opt property android.window.PROPERTY_COMPAT_ALLOW_RESIZEABLE_ACTIVITY_OVERRIDES
07-05 08:34:18.686 W/OptProp (  715): Cannot read opt property android.window.PROPERTY_COMPAT_ALLOW_MIN_ASPECT_RATIO_OVERRIDE
07-05 08:34:18.693 W/OptProp (  715): Cannot read opt property android.window.PROPERTY_COMPAT_ALLOW_ORIENTATION_OVERRIDE
07-05 08:34:18.695 V/SplashScreenExceptionList(  715): SplashScreen checking exception for package com.huiyi.mockchat (target sdk:35) -> false
07-05 08:34:18.699 I/ActivityTaskManager(  715): Add Task{fec2fd6 #195 type=standard A=10217:com.huiyi.mockchat} to hidden list because adding Task{d5e9108 #196 type=standard A=10217:com.huiyi.mockchat}
07-05 08:34:18.699 D/CompatChangeReporter(  715): Compat change id reported: 309578419; UID 10217; state: ENABLED
07-05 08:34:18.702 I/ActivityTaskManager(  715): START u0 {flg=0x10000000 xflg=0x5 cmp=com.huiyi.mockchat/.MainActivity (has extras)} with LAUNCH_MULTIPLE from uid 2000 (BAL_ALLOW_PERMISSION) result code=0
07-05 08:34:18.704 V/WindowManagerShell(  972): Transition requested (#177): android.os.BinderProxy@1dae86 TransitionRequestInfo { type = OPEN, triggerTask = TaskInfo{userId=0 taskId=196 effectiveUid=10217 displayId=0 isRunning=true baseIntent=Intent { flg=0x10000000 cmp=com.huiyi.mockchat/.MainActivity } baseActivity=ComponentInfo{com.huiyi.mockchat/com.huiyi.mockchat.MainActivity} topActivity=ComponentInfo{com.huiyi.mockchat/com.huiyi.mockchat.MainActivity} origActivity=null realActivity=ComponentInfo{com.huiyi.mockchat/com.huiyi.mockchat.MainActivity} numActivities=1 lastActiveTime=17051254 supportsMultiWindow=true resizeMode=1 isResizeable=true minWidth=-1 minHeight=-1 defaultMinSize=220 token=WCT{android.window.IWindowContainerToken$Stub$Proxy@9745347} topActivityType=1 pictureInPictureParams=null shouldDockBigOverlays=false launchIntoPipHostTaskId=-1 lastParentTaskIdBeforePip=-1 displayCutoutSafeInsets=Rect(0, 0 - 0, 0) topActivityInfo=ActivityInfo{7d14774 com.huiyi.mockchat.MainActivity} launchCookies=[] positionInParent=Point(0, 0) parentTaskId=-1 isFocused=false isVisible=false isVisibleRequested=false isTopActivityNoDisplay=false isSleeping=false locusId=null displayAreaFeatureId=1 isTopActivityTransparent=false isActivityStackTransparent=false lastNonFullscreenBounds=Rect(286, 664 - 798, 1748) capturedLink=null capturedLinkTimestamp=0 requestedVisibleTypes=-9 topActivityRequestOpenInBrowserEducationTimestamp=0 appCompatTaskInfo=AppCompatTaskInfo { topActivityInSizeCompat=false eligibleForLetterboxEducation= false isLetterboxEducationEnabled= true isLetterboxDoubleTapEnabled= false eligibleForUserAspectRatioButton= false topActivityBoundsLetterboxed= false isFromLetterboxDoubleTap= false topActivityLetterboxVerticalPosition= -1 topActivityLetterboxHorizontalPosition= -1 topActivityLetterboxWidth=-1 topActivityLetterboxHeight=-1 topActivityAppBounds=Rect(0, 0 - 1084, 2412) isUserFullscreenOverrideEnabled=false isSystemFullscreenOverrideEnabled=false hasMinAspectRatioOverride=false topActivityLetterboxBounds=null cameraCompatTaskInfo=CameraCompatTaskInfo { freeformCameraCompatMode=inactive}} topActivityMainWindowFrame=null}, pipChange = null, remoteTransition = null, displayChange = null, flags = 0, debugId = 177 }
07-05 08:34:18.704 D/ShellSplitScreen(  972): logExit: no-op, mLoggerSessionId is null
07-05 08:34:18.713 W/HWUI    (  972): Image decoding logging dropped!
07-05 08:34:18.714 D/SplashScreenView(  972): Build android.window.SplashScreenView{6f2643f V.E...... ......ID 0,0-0,0}
07-05 08:34:18.714 D/SplashScreenView(  972): Icon: view: android.widget.ImageView{77a110c V.ED..... ......I. 0,0-0,0 #1020542 android:id/splashscreen_icon_view} drawable: com.android.wm.shell.startingsurface.SplashscreenIconDrawableFactory$ImmobileIconDrawable@b731a55 size: 395
07-05 08:34:18.714 D/SplashScreenView(  972): Branding: view: android.view.View{4c64c6a G.ED..... ......I. 0,0-0,0 #1020541 android:id/splashscreen_branding_view} drawable: null size w: 0 h: 0
07-05 08:34:18.720 V/GrammaticalInflectionUtils(  715): AttributionSource: AttributionSource { uid = 10217, packageName = null, attributionTag = null, token = android.os.Binder@2b6457c, deviceId = 0, next = null } does not have READ_SYSTEM_GRAMMATICAL_GENDER permission.
07-05 08:34:18.722 W/IPCThreadState(  630): Sending oneway calls to frozen process.
07-05 08:34:18.722 W/IPCThreadState(  630): Sending oneway calls to frozen process.
07-05 08:34:18.723 D/CoreBackPreview(  715): Window{9cfb5b4 u0 Splash Screen com.huiyi.mockchat}: Setting back callback OnBackInvokedCallbackInfo{mCallback=android.window.IOnBackInvokedCallback$Stub$Proxy@28c7920, mPriority=0, mIsAnimationCallback=false, mOverrideBehavior=0}
07-05 08:34:18.739 D/Zygote  (  491): Forked child process 19050
07-05 08:34:18.746 I/ActivityManager(  715): Start proc 19050:com.huiyi.mockchat/u0a217 for next-top-activity {com.huiyi.mockchat/com.huiyi.mockchat.MainActivity}
07-05 08:34:18.753 I/ActivityManager(  715): ProcessObserver broadcast disabled
07-05 08:34:18.773 I/BpBinder(  567): onLastStrongRef automatically unlinking death recipients: 
07-05 08:34:18.776 I/.huiyi.mockchat(19050): Late-enabling -Xcheck:jni
07-05 08:34:18.784 W/SplitSelectStateCtor( 1124): Missing session instanceIds
07-05 08:34:18.784 D/StatsLog( 1124): LAUNCHER_SPLIT_SELECTION_EXIT_INTERRUPTED
07-05 08:34:18.786 D/WindowManagerShell(  972): setLauncherKeepClearAreaHeight: visible=false, height=497
07-05 08:34:18.797 I/AppsFilter(  715): interaction: PackageSetting{82e8969 com.android.microdroid.empty_payload/10212} -> PackageSetting{697049e com.huiyi.mockchat/10217} BLOCKED
07-05 08:34:18.797 I/AppsFilter(  715): interaction: PackageSetting{79aefed com.huiyi.v4/10216} -> PackageSetting{697049e com.huiyi.mockchat/10217} BLOCKED
07-05 08:34:18.802 I/.huiyi.mockchat(19050): Using CollectorTypeCMC GC.
07-05 08:34:18.803 W/.huiyi.mockchat(19050): Unexpected CPU variant for x86: x86_64.
07-05 08:34:18.803 W/.huiyi.mockchat(19050): Known variants: atom, sandybridge, silvermont, goldmont, goldmont-plus, goldmont-without-sha-xsaves, tremont, kabylake, alderlake, default
07-05 08:34:18.811 D/BackgroundInstallControlService(  715): Package event received: 0
07-05 08:34:18.814 I/adbd    (  576): jdwp connection from 19050
07-05 08:34:18.826 D/nativeloader(19050): Load libframework-connectivity-tiramisu-jni.so using APEX ns com_android_tethering for caller /apex/com.android.tethering/javalib/framework-connectivity-t.jar: ok
07-05 08:34:18.839 I/AppWidgetServiceImpl(  715): Received broadcast: android.intent.action.PACKAGE_UNSTOPPED on user 0
07-05 08:34:18.841 I/AppWidgetServiceImpl(  715): Updating package stopped masked state for uid 10217 package com.huiyi.mockchat isStopped false
07-05 08:34:18.854 D/BackgroundInstallControlService(  715): Package event received: 0
07-05 08:34:18.912 V/WindowManager(  715): Sent Transition (#177) createdAt=07-05 08:34:18.687 via request=TransitionRequestInfo { type = OPEN, triggerTask = TaskInfo{userId=0 taskId=196 effectiveUid=10217 displayId=0 isRunning=true baseIntent=Intent { flg=0x10000000 cmp=com.huiyi.mockchat/.MainActivity } baseActivity=ComponentInfo{com.huiyi.mockchat/com.huiyi.mockchat.MainActivity} topActivity=ComponentInfo{com.huiyi.mockchat/com.huiyi.mockchat.MainActivity} origActivity=null realActivity=ComponentInfo{com.huiyi.mockchat/com.huiyi.mockchat.MainActivity} numActivities=1 lastActiveTime=17051254 supportsMultiWindow=true resizeMode=1 isResizeable=true minWidth=-1 minHeight=-1 defaultMinSize=220 token=WCT{RemoteToken{2c06a50 Task{d5e9108 #196 type=standard A=10217:com.huiyi.mockchat}}} topActivityType=1 pictureInPictureParams=null shouldDockBigOverlays=false launchIntoPipHostTaskId=-1 lastParentTaskIdBeforePip=-1 displayCutoutSafeInsets=Rect(0, 0 - 0, 0) topActivityInfo=ActivityInfo{631d449 com.huiyi.mockchat.MainActivity} launchCookies=[] positionInParent=Point(0, 0) parentTaskId=-1 isFocused=false isVisible=false isVisibleRequested=false isTopActivityNoDisplay=false isSleeping=false locusId=null displayAreaFeatureId=1 isTopActivityTransparent=false isActivityStackTransparent=false lastNonFullscreenBounds=Rect(286, 664 - 798, 1748) capturedLink=null capturedLinkTimestamp=0 requestedVisibleTypes=-9 topActivityRequestOpenInBrowserEducationTimestamp=0 appCompatTaskInfo=AppCompatTaskInfo { topActivityInSizeCompat=false eligibleForLetterboxEducation= false isLetterboxEducationEnabled= true isLetterboxDoubleTapEnabled= false eligibleForUserAspectRatioButton= false topActivityBoundsLetterboxed= false isFromLetterboxDoubleTap= false topActivityLetterboxVerticalPosition= -1 topActivityLetterboxHorizontalPosition= -1 topActivityLetterboxWidth=-1 topActivityLetterboxHeight=-1 topActivityAppBounds=Rect(0, 0 - 1084, 2412) isUserFullscreenOverrideEnabled=false isSystemFullscreenOverrideEnabled=false hasMinAspectRatioOverride=false topActivityLetterboxBounds=null cameraCompatTaskInfo=CameraCompatTaskInfo { freeformCameraCompatMode=inactive}} topActivityMainWindowFrame=null}, pipChange = null, remoteTransition = null, displayChange = null, flags = 0, debugId = 177 }
07-05 08:34:18.912 V/WindowManager(  715):     startWCT=WindowContainerTransaction { changes= {} hops= [] errorCallbackToken=null taskFragmentOrganizer=null }
07-05 08:34:18.913 V/WindowManager(  715):     info={id=177 t=OPEN f=0x0 trk=0 r=[0@Point(0, 0)] c=[
07-05 08:34:18.913 V/WindowManager(  715):         {WCT{RemoteToken{2c06a50 Task{d5e9108 #196 type=standard A=10217:com.huiyi.mockchat}}} m=OPEN f=NONE leash=Surface(name=Task=196)/@0x8ec4702 sb=Rect(0, 0 - 1084, 2412) eb=Rect(0, 0 - 1084, 2412) epz=Point(1084, 2412) d=0 taskParent=-1},
07-05 08:34:18.913 V/WindowManager(  715):         {WCT{RemoteToken{ba7d2de Task{f5e704d #1 type=home}}} m=TO_BACK f=SHOW_WALLPAPER leash=Surface(name=Task=1)/@0x55c111d sb=Rect(0, 0 - 1084, 2412) eb=Rect(0, 0 - 1084, 2412) epz=Point(1084, 2412) d=0 taskParent=-1},
07-05 08:34:18.913 V/WindowManager(  715):         {m=TO_BACK f=IS_WALLPAPER leash=Surface(name=WallpaperWindowToken{d6cca47 showWhenLocked=false})/@0x17505f4 sb=Rect(0, 0 - 1084, 2412) eb=Rect(0, 0 - 1084, 2412) epz=Point(1084, 2412) d=0}
07-05 08:34:18.913 V/WindowManager(  715):     ]}
07-05 08:34:18.913 V/WindowManagerShell(  972): onTransitionReady(transaction=3070901629477)
07-05 08:34:18.913 V/WindowManagerShell(  972): onTransitionReady (#177) android.os.BinderProxy@1dae86: {id=177 t=OPEN f=0x0 trk=0 r=[0@Point(0, 0)] c=[
07-05 08:34:18.913 V/WindowManagerShell(  972):         {m=OPEN f=NONE leash=Surface(name=Task=196)/@0xd12db2f sb=Rect(0, 0 - 1084, 2412) eb=Rect(0, 0 - 1084, 2412) epz=Point(1084, 2412) d=0 taskParent=-1},
07-05 08:34:18.913 V/WindowManagerShell(  972):         {m=TO_BACK f=SHOW_WALLPAPER leash=Surface(name=Task=1)/@0x529d53c sb=Rect(0, 0 - 1084, 2412) eb=Rect(0, 0 - 1084, 2412) epz=Point(1084, 2412) d=0 taskParent=-1},
07-05 08:34:18.913 V/WindowManagerShell(  972):         {m=TO_BACK f=IS_WALLPAPER leash=Surface(name=WallpaperWindowToken{d6cca47 showWhenLocked=false})/@0xa3042c5 sb=Rect(0, 0 - 1084, 2412) eb=Rect(0, 0 - 1084, 2412) epz=Point(1084, 2412) d=0}
07-05 08:34:18.913 V/WindowManagerShell(  972):     ]}
07-05 08:34:18.914 V/WindowManagerShell(  972): Transition (#177) android.os.BinderProxy@1dae86@0 ready while (#176) android.os.BinderProxy@5b32657@0 is still animating. Notify the animating transition in case they can be merged
07-05 08:34:18.914 V/WindowManagerShell(  972):    Merge into remote: RemoteTransition { remoteTransition = android.window.IRemoteTransition$Stub$Proxy@ed946b8, appThread = android.app.IApplicationThread$Stub$Proxy@5f5c91, debugName = QuickstepLaunchHome }
07-05 08:34:18.917 V/WindowManagerShell(  972): Transition animation finished (aborted=false), notifying core (#176) android.os.BinderProxy@5b32657@0
07-05 08:34:18.923 V/WindowManager(  715): Finish Transition (#176): created at 07-05 08:34:18.185 collect-started=0.06ms request-sent=0.146ms started=11.462ms ready=25.233ms sent=128.345ms commit=28.145ms finished=735.28ms
07-05 08:34:18.898 I/binder  (    0): 945:715 cannot find target node
07-05 08:34:18.899 I/binder  (    0): 715:945 transaction async to 0:0 failed 3018163/29189/-22, size 64-0 line 3348
07-05 08:34:18.925 E/IPCThreadState(  715): Binder transaction failure. id: 3018163, BR_*: 29189, error: -22 (Invalid argument)
07-05 08:34:18.925 W/ActivityManager(  715): pid 715 system sent binder code 7 with flags 1 to frozen apps and got error -32
07-05 08:34:18.926 W/WindowManager(  715): Exception thrown during dispatchAppVisibility Window{6fd13ca u0 com.huiyi.mockchat/com.huiyi.mockchat.MainActivity EXITING}
07-05 08:34:18.926 W/WindowManager(  715): android.os.DeadObjectException
07-05 08:34:18.926 W/WindowManager(  715): 	at android.os.BinderProxy.transactNative(Native Method)
07-05 08:34:18.926 W/WindowManager(  715): 	at android.os.BinderProxy.transact(BinderProxy.java:592)
07-05 08:34:18.926 W/WindowManager(  715): 	at android.view.IWindow$Stub$Proxy.dispatchAppVisibility(IWindow.java:557)
07-05 08:34:18.926 W/WindowManager(  715): 	at com.android.server.wm.WindowState.sendAppVisibilityToClients(WindowState.java:3151)
07-05 08:34:18.926 W/WindowManager(  715): 	at com.android.server.wm.WindowContainer.sendAppVisibilityToClients(WindowContainer.java:1311)
07-05 08:34:18.926 W/WindowManager(  715): 	at com.android.server.wm.WindowToken.setClientVisible(WindowToken.java:389)
07-05 08:34:18.926 W/WindowManager(  715): 	at com.android.server.wm.ActivityRecord.setClientVisible(ActivityRecord.java:6650)
07-05 08:34:18.926 W/WindowManager(  715): 	at com.android.server.wm.ActivityRecord.commitVisibility(ActivityRecord.java:5561)
07-05 08:34:18.926 W/WindowManager(  715): 	at com.android.server.wm.Transition.finishTransition(Transition.java:1391)
07-05 08:34:18.926 W/WindowManager(  715): 	at com.android.server.wm.TransitionController.finishTransition(TransitionController.java:1029)
07-05 08:34:18.926 W/WindowManager(  715): 	at com.android.server.wm.WindowOrganizerController.finishTransition(WindowOrganizerController.java:496)
07-05 08:34:18.926 W/WindowManager(  715): 	at android.window.IWindowOrganizerController$Stub.onTransact(IWindowOrganizerController.java:261)
07-05 08:34:18.926 W/WindowManager(  715): 	at com.android.server.wm.WindowOrganizerController.onTransact(WindowOrganizerController.java:223)
07-05 08:34:18.926 W/WindowManager(  715): 	at android.os.Binder.execTransactInternal(Binder.java:1426)
07-05 08:34:18.926 W/WindowManager(  715): 	at android.os.Binder.execTransact(Binder.java:1365)
07-05 08:34:18.926 W/Process (  715): Unable to open /proc/18979/status
07-05 08:34:18.941 D/AndroidRuntime(19051): >>>>>> START com.android.internal.os.RuntimeInit uid 2000 <<<<<<
07-05 08:34:18.950 I/AndroidRuntime(19051): Using default boot image
07-05 08:34:18.950 I/AndroidRuntime(19051): Leaving lock profiling enabled
07-05 08:34:18.953 I/app_process(19051): Core platform API reporting enabled, enforcing=false
07-05 08:34:18.954 I/app_process(19051): Using CollectorTypeCMC GC.
07-05 08:34:18.954 V/WindowManagerShell(  972): Playing animation for (#177) android.os.BinderProxy@1dae86@0
07-05 08:34:18.954 V/ShellRecents(  972): RecentsTransitionHandler.startAnimation: no controller found
07-05 08:34:18.954 V/WindowManagerShell(  972): Transition doesn't have explicit remote, search filters for match for {id=177 t=OPEN f=0x0 trk=0 r=[0@Point(0, 0)] c=[{m=OPEN f=NONE leash=Surface(name=Task=196)/@0xd12db2f sb=Rect(0, 0 - 1084, 2412) eb=Rect(0, 0 - 1084, 2412) epz=Point(1084, 2412) d=0 taskParent=-1},{m=TO_BACK f=SHOW_WALLPAPER leash=Surface(name=Task=1)/@0x529d53c sb=Rect(0, 0 - 1084, 2412) eb=Rect(0, 0 - 1084, 2412) epz=Point(1084, 2412) d=0 taskParent=-1},{m=TO_BACK f=IS_WALLPAPER leash=Surface(name=WallpaperWindowToken{d6cca47 showWhenLocked=false})/@0xa3042c5 sb=Rect(0, 0 - 1084, 2412) eb=Rect(0, 0 - 1084, 2412) epz=Point(1084, 2412) d=0}]}
07-05 08:34:18.954 V/WindowManagerShell(  972):  Checking filter Pair{{types=[] flags=0x0] notFlags=0x0 checks=[{atype=undefined independent=true modes=[CLOSE,TO_BACK] flags=IN_TASK_WITH_EMBEDDED_ACTIVITY mustBeTask=false order=ANY topActivity=null launchCookie=null taskFragmentToken=android.os.BinderProxy@9757ff windowingMode=undefined}]} RemoteTransition { remoteTransition = android.window.IRemoteTransition$Stub$Proxy@b7a59cc, appThread = android.app.IApplicationThread$Stub$Proxy@a3c9415, debugName = overlayBackTransition }}
07-05 08:34:18.954 V/WindowManagerShell(  972):  Checking filter Pair{{types=[] flags=0x0] notFlags=0x0 checks=[{atype=dream independent=true modes=[OPEN,TO_FRONT] flags=NONE mustBeTask=false order=ANY topActivity=null launchCookie=null windowingMode=undefined},{atype=home independent=true modes=[CLOSE,TO_BACK] flags=NONE mustBeTask=false order=ANY topActivity=null launchCookie=null windowingMode=undefined}]} RemoteTransition { remoteTransition = android.window.IRemoteTransition$Stub$Proxy@e27a32a, appThread = android.app.IApplicationThread$Stub$Proxy@713751b, debugName = LauncherToDream }}
07-05 08:34:18.954 V/WindowManagerShell(  972):  Checking filter Pair{{types=[] flags=0x0] notFlags=0x100 checks=[{atype=home independent=true modes=[OPEN,TO_FRONT] flags=NONE mustBeTask=false order=TOP topActivity=ComponentInfo{com.google.android.apps.nexuslauncher/com.google.android.apps.nexuslauncher.NexusLauncherActivity} launchCookie=null windowingMode=undefined},{atype=standard independent=true modes=[CLOSE,TO_BACK] flags=NONE mustBeTask=false order=ANY topActivity=null launchCookie=null windowingMode=undefined},{NOT atype=undefined independent=true modes=[] flags=NONE mustBeTask=true order=ANY topActivity=null launchCookie=null customAnim=true windowingMode=undefined}]} RemoteTransition { remoteTransition = android.window.IRemoteTransition$Stub$Proxy@ed946b8, appThread = android.app.IApplicationThread$Stub$Proxy@5f5c91, debugName = QuickstepLaunchHome }}
07-05 08:34:18.954 V/WindowManagerShell(  972):  Delegate animation for (#177) to null
07-05 08:34:18.954 V/WindowManagerShell(  972): start default transition animation, info = {id=177 t=OPEN f=0x0 trk=0 r=[0@Point(0, 0)] c=[{m=OPEN f=NONE leash=Surface(name=Task=196)/@0xd12db2f sb=Rect(0, 0 - 1084, 2412) eb=Rect(0, 0 - 1084, 2412) epz=Point(1084, 2412) d=0 taskParent=-1},{m=TO_BACK f=SHOW_WALLPAPER leash=Surface(name=Task=1)/@0x529d53c sb=Rect(0, 0 - 1084, 2412) eb=Rect(0, 0 - 1084, 2412) epz=Point(1084, 2412) d=0 taskParent=-1},{m=TO_BACK f=IS_WALLPAPER leash=Surface(name=WallpaperWindowToken{d6cca47 showWhenLocked=false})/@0xa3042c5 sb=Rect(0, 0 - 1084, 2412) eb=Rect(0, 0 - 1084, 2412) epz=Point(1084, 2412) d=0}]}
07-05 08:34:18.955 V/WindowManagerShell(  972): loadAnimation: anim=android.view.animation.AnimationSet@65d0928 animAttr=0x13 type=OPEN isEntrance=false
07-05 08:34:18.955 V/WindowManagerShell(  972): loadAnimation: anim=android.view.animation.AnimationSet@b574641 animAttr=0x12 type=OPEN isEntrance=true
07-05 08:34:18.974 V/WindowManagerShell(  972):  animated by com.android.wm.shell.transition.DefaultTransitionHandler@a9e94ad
07-05 08:34:18.974 W/Looper  (  972): Slow dispatch took 57ms wmshell.main app=com.android.systemui main=false group=TOP_APP h=android.os.Handler c=com.android.wm.shell.transition.RemoteTransitionHandler$1$$ExternalSyntheticLambda0@20d0127 m=0
07-05 08:34:18.974 W/Looper  (  972): Slow delivery took 54ms wmshell.main app=com.android.systemui main=false group=TOP_APP h=android.os.Handler c=null m=1
07-05 08:34:18.981 W/Looper  (  972): Drained
07-05 08:34:18.992 E/BpTransactionCompletedListener(  567): Failed to transact (-32)
07-05 08:34:19.007 D/RecentsView( 1124): onTaskRemoved: 195, not handling task stack changes
07-05 08:34:19.007 D/RecentsView( 1124): onTaskRemoved: 195, not handling task stack changes
07-05 08:34:19.071 D/nativeloader(19050): Configuring clns-9 for other apk /data/app/~~kkT4OD1gOHXaEBrFZqA9SA==/com.huiyi.mockchat-PUlU3ziLxOUID27dRwuW6Q==/base.apk. target_sdk_version=35, uses_libraries=, library_path=/data/app/~~kkT4OD1gOHXaEBrFZqA9SA==/com.huiyi.mockchat-PUlU3ziLxOUID27dRwuW6Q==/lib/x86_64:/data/app/~~kkT4OD1gOHXaEBrFZqA9SA==/com.huiyi.mockchat-PUlU3ziLxOUID27dRwuW6Q==/base.apk!/lib/x86_64, permitted_path=/data:/mnt/expand:/data/user/0/com.huiyi.mockchat
07-05 08:34:19.076 D/CompatChangeReporter(19050): Compat change id reported: 202956589; UID 10217; state: ENABLED
07-05 08:34:19.087 I/.huiyi.mockchat(19050): AssetManager2(0x79075aad2fd8) locale list changing from [] to [en-US]
07-05 08:34:19.102 D/nativeloader(19051): InitDefaultPublicLibraries for_preload=1: libandroid.so:libaaudio.so:libamidi.so:libbinder_ndk.so:libc.so:libcamera2ndk.so:libdl.so:libEGL.so:libGLESv1_CM.so:libGLESv2.so:libGLESv3.so:libicu.so:libicui18n.so:libicuuc.so:libjnigraphics.so:liblog.so:libmediandk.so:libm.so:libnativehelper.so:libnativewindow.so:libOpenMAXAL.so:libOpenSLES.so:libRS.so:libstdc++.so:libsync.so:libvulkan.so:libwebviewchromium_plat_support.so:libz.so
07-05 08:34:19.102 V/GraphicsEnvironment(19050): Currently set values for:
07-05 08:34:19.104 V/GraphicsEnvironment(19050):   angle_gl_driver_selection_pkgs=[]
07-05 08:34:19.104 V/GraphicsEnvironment(19050):   angle_gl_driver_selection_values=[]
07-05 08:34:19.104 V/GraphicsEnvironment(19050): com.huiyi.mockchat is not listed in per-application setting
07-05 08:34:19.105 V/GraphicsEnvironment(19050): ANGLE allowlist from config: com.dreamgames.royalmatch com.dts.freefiremax com.dxx.firenow com.gramgames.mergedragons com.ludo.king com.mojang.minecraftpe com.my.defense com.nintendo.zaka com.os.airforce com.playrix.fishdomdd.gplay io.teslatech.callbreak jp.konami.prospia net.peakgames.toonblast
07-05 08:34:19.105 V/GraphicsEnvironment(19050): com.huiyi.mockchat is not listed in ANGLE allowlist or settings, returning default
07-05 08:34:19.106 V/GraphicsEnvironment(19050): Neither updatable production driver nor prerelease driver is supported.
07-05 08:34:19.120 D/nativeloader(19051): Load libicu_jni.so using APEX ns com_android_art for caller /apex/com.android.art/javalib/core-oj.jar: ok
07-05 08:34:19.120 D/app_process(19051): u_setTimeZoneFilesDirectory("/apex/com.android.tzdata/etc/tz/versioned/9/icu") succeeded. 
07-05 08:34:19.125 D/app_process(19051): I18n APEX ICU file found: /apex/com.android.i18n/etc/icu/icudt76l.dat
07-05 08:34:19.137 D/nativeloader(19051): Load libjavacore.so using APEX ns com_android_art for caller /apex/com.android.art/javalib/core-oj.jar: ok
07-05 08:34:19.139 D/nativeloader(19051): Load libopenjdk.so using APEX ns com_android_art for caller /apex/com.android.art/javalib/core-oj.jar: ok
07-05 08:34:19.143 W/app_process(19051): Unexpected CPU variant for x86: x86_64.
07-05 08:34:19.143 W/app_process(19051): Known variants: atom, sandybridge, silvermont, goldmont, goldmont-plus, goldmont-without-sha-xsaves, tremont, kabylake, alderlake, default
07-05 08:34:19.145 W/app_process(19051): ClassLoaderContext shared library size mismatch. Expected=2, found=0 (PCL[]{PCL[/system/framework/android.test.base.jar*2789897741]#PCL[/system/framework/android.test.mock.jar*3361312393]} | PCL[])
07-05 08:34:19.147 W/app_process(19051): ClassLoaderContext classpath size mismatch. expected=0, found=1 (PCL[]{PCL[/system/framework/android.test.runner.jar*895143020]#PCL[/system/framework/android.test.base.jar*2789897741]} | PCL[/system/framework/android.test.runner.jar*895143020])
07-05 08:34:19.179 D/nativeloader(19051): Load libframework-connectivity-tiramisu-jni.so using APEX ns com_android_tethering for caller /apex/com.android.tethering/javalib/framework-connectivity-t.jar: ok
07-05 08:34:19.181 D/AndroidRuntime(19051): Calling main entry com.android.commands.uiautomator.Launcher
07-05 08:34:19.191 I/AconfigPackage(19051): android.media.swcodec.flags is mapped to com.android.media.swcodec
07-05 08:34:19.193 I/AconfigPackage(19051): com.google.android.settings.simplemode.flags is mapped to system_ext
07-05 08:34:19.193 I/AconfigPackage(19051): com.google.android.systemui is mapped to system_ext
07-05 08:34:19.193 I/AconfigPackage(19051): com.google.android.apps.nexuslauncher is mapped to system_ext
07-05 08:34:19.193 I/AconfigPackage(19051): com.android.settings.accessibility is mapped to system_ext
07-05 08:34:19.193 I/AconfigPackage(19051): com.android.settings.flags is mapped to system_ext
07-05 08:34:19.193 I/AconfigPackage(19051): com.google.android.apps.miphone.aiai.matchmaker.overview.ui is mapped to system_ext
07-05 08:34:19.193 I/AconfigPackage(19051): com.google.android.settings.flags is mapped to system_ext
07-05 08:34:19.193 I/AconfigPackage(19051): com.android.launcher3 is mapped to system_ext
07-05 08:34:19.193 I/AconfigPackage(19051): com.android.wallpaper is mapped to system_ext
07-05 08:34:19.194 I/AconfigPackage(19051): com.android.settings.media_drm is mapped to system_ext
07-05 08:34:19.194 I/AconfigPackage(19051): com.android.systemui.accessibility.accessibilitymenu is mapped to system_ext
