07-06 03:14:51.968 D/AndroidRuntime( 2209): Calling main entry com.android.commands.uiautomator.Launcher
07-06 03:14:51.976 I/AconfigPackage( 2209): android.media.swcodec.flags is mapped to com.android.media.swcodec
07-06 03:14:51.977 I/AconfigPackage( 2209): com.google.android.settings.simplemode.flags is mapped to system_ext
07-06 03:14:51.977 I/AconfigPackage( 2209): com.google.android.systemui is mapped to system_ext
07-06 03:14:51.977 I/AconfigPackage( 2209): com.google.android.apps.nexuslauncher is mapped to system_ext
07-06 03:14:51.977 I/AconfigPackage( 2209): com.android.settings.accessibility is mapped to system_ext
07-06 03:14:51.977 I/AconfigPackage( 2209): com.android.settings.flags is mapped to system_ext
07-06 03:14:51.977 I/AconfigPackage( 2209): com.google.android.apps.miphone.aiai.matchmaker.overview.ui is mapped to system_ext
07-06 03:14:51.977 I/AconfigPackage( 2209): com.google.android.settings.flags is mapped to system_ext
07-06 03:14:51.977 I/AconfigPackage( 2209): com.android.launcher3 is mapped to system_ext
07-06 03:14:51.977 I/AconfigPackage( 2209): com.android.wallpaper is mapped to system_ext
07-06 03:14:51.980 I/AconfigPackage( 2209): com.android.settings.media_drm is mapped to system_ext
07-06 03:14:51.980 I/AconfigPackage( 2209): com.android.systemui.accessibility.accessibilitymenu is mapped to system_ext
07-06 03:14:51.981 I/AconfigPackage( 2209): com.android.settings.keyboard is mapped to system_ext
07-06 03:14:51.981 I/AconfigPackage( 2209): com.android.server.policy.feature.flags is mapped to system_ext
07-06 03:14:51.981 I/AconfigPackage( 2209): com.android.settings.factory_reset is mapped to system_ext
07-06 03:14:51.982 I/AconfigPackage( 2209): com.google.android.haptics.flags is mapped to system_ext
07-06 03:14:51.982 I/AconfigPackage( 2209): com.android.permission.flags is mapped to com.android.permission
07-06 03:14:51.983 I/AconfigPackage( 2209): com.android.icu is mapped to com.android.i18n
07-06 03:14:51.984 I/AconfigPackage( 2209): com.android.appsearch.flags is mapped to com.android.appsearch
07-06 03:14:51.984 I/AconfigPackage( 2209): android.uprobestats.mainline.flags is mapped to com.android.uprobestats
07-06 03:14:51.984 I/AconfigPackage( 2209): android.provider.flags is mapped to com.android.configinfrastructure
07-06 03:14:51.985 I/AconfigPackage( 2209): com.android.server.deviceconfig is mapped to com.android.configinfrastructure
07-06 03:14:51.985 I/AconfigPackage( 2209): com.android.nfc.flags is mapped to system
07-06 03:14:51.986 I/AconfigPackage( 2209): android.app.admin.flags is mapped to system
07-06 03:14:51.986 I/AconfigPackage( 2209): android.database.sqlite is mapped to system
07-06 03:14:51.986 I/AconfigPackage( 2209): com.android.providers.calendar is mapped to system
07-06 03:14:51.987 I/AconfigPackage( 2209): com.android.server.power.feature.flags is mapped to system
07-06 03:14:51.988 I/AconfigPackage( 2209): com.android.media.performance.flags is mapped to system
07-06 03:14:51.988 I/AconfigPackage( 2209): android.app.contextualsearch.flags is mapped to system
07-06 03:14:51.988 I/AconfigPackage( 2209): android.app.ondeviceintelligence.flags is mapped to system
07-06 03:14:51.989 I/AconfigPackage( 2209): com.android.media.projection.flags is mapped to system
07-06 03:14:51.989 I/AconfigPackage( 2209): android.companion is mapped to system
07-06 03:14:51.989 I/AconfigPackage( 2209): android.service.controls.flags is mapped to system
07-06 03:14:51.989 I/AconfigPackage( 2209): com.android.text.flags is mapped to system
07-06 03:14:51.989 I/AconfigPackage( 2209): com.android.providers.contactkeys.flags is mapped to system
07-06 03:14:51.989 I/AconfigPackage( 2209): com.android.intentresolver is mapped to system
07-06 03:14:51.990 I/AconfigPackage( 2209): android.companion.virtualdevice.flags is mapped to system
07-06 03:14:51.990 I/AconfigPackage( 2209): android.uprobestats.flags is mapped to system
07-06 03:14:51.990 I/AconfigPackage( 2209): com.android.net.thread.platform.flags is mapped to system
07-06 03:14:51.990 I/AconfigPackage( 2209): android.view.contentprotection.flags is mapped to system
07-06 03:14:51.990 I/AconfigPackage( 2209): com.android.server.dreams is mapped to system
07-06 03:14:51.990 I/AconfigPackage( 2209): com.android.graphics.surfaceflinger.flags is mapped to system
07-06 03:14:51.990 I/AconfigPackage( 2209): com.android.hardware.input is mapped to system
07-06 03:14:51.990 I/AconfigPackage( 2209): android.sdk is mapped to system
07-06 03:14:51.990 I/AconfigPackage( 2209): com.android.input.flags is mapped to system
07-06 03:14:51.990 I/AconfigPackage( 2209): android.tracing is mapped to system
07-06 03:14:51.993 I/AconfigPackage( 2209): com.android.server.biometrics is mapped to system
07-06 03:14:51.993 I/AconfigPackage( 2209): android.view.contentcapture.flags is mapped to system
07-06 03:14:51.993 I/AconfigPackage( 2209): android.app.job is mapped to system
07-06 03:14:51.993 I/AconfigPackage( 2209): android.content.res is mapped to system
07-06 03:14:51.994 I/AconfigPackage( 2209): android.net.platform.flags is mapped to system
07-06 03:14:51.994 I/AconfigPackage( 2209): com.android.aconfig.flags is mapped to system
07-06 03:14:51.994 I/AconfigPackage( 2209): com.android.graphics.flags is mapped to system
07-06 03:14:51.994 I/AconfigPackage( 2209): android.server.app is mapped to system
07-06 03:14:51.994 I/AconfigPackage( 2209): android.speech.flags is mapped to system
07-06 03:14:51.994 I/AconfigPackage( 2209): com.android.server.stats is mapped to system
07-06 03:14:51.994 I/AconfigPackage( 2209): android.hardware.biometrics is mapped to system
07-06 03:14:51.994 I/AconfigPackage( 2209): android.car.feature is mapped to system
07-06 03:14:51.996 I/AconfigPackage( 2209): android.adpf is mapped to system
07-06 03:14:51.996 I/AconfigPackage( 2209): android.location.flags is mapped to system
07-06 03:14:52.002 I/AconfigPackage( 2209): com.android.settingslib.flags is mapped to system
07-06 03:14:52.002 I/AconfigPackage( 2209): com.android.managedprovisioning.flags is mapped to system
07-06 03:14:52.003 I/AconfigPackage( 2209): android.app.assist.flags is mapped to system
07-06 03:14:52.003 I/AconfigPackage( 2209): com.android.server.net is mapped to system
07-06 03:14:52.004 I/AconfigPackage( 2209): com.android.settingslib.widget.flags is mapped to system
07-06 03:14:52.004 I/AconfigPackage( 2209): com.android.internal.camera.flags is mapped to system
07-06 03:14:52.004 I/AconfigPackage( 2209): com.android.hardware.libsensor.flags is mapped to system
07-06 03:14:52.004 I/AconfigPackage( 2209): com.android.internal.jank is mapped to system
07-06 03:14:52.004 I/AconfigPackage( 2209): com.android.providers.settings is mapped to system
07-06 03:14:52.005 I/AconfigPackage( 2209): android.multiuser is mapped to system
07-06 03:14:52.005 I/AconfigPackage( 2209): com.android.server.power.optimization is mapped to system
07-06 03:14:52.005 I/AconfigPackage( 2209): com.android.calllogbackup is mapped to system
07-06 03:14:52.005 I/AconfigPackage( 2209): com.android.media.flags is mapped to system
07-06 03:14:52.005 I/AconfigPackage( 2209): com.android.server.flags is mapped to system
07-06 03:14:52.005 I/AconfigPackage( 2209): com.android.graphics.libvulkan.flags is mapped to system
07-06 03:14:52.005 I/AconfigPackage( 2209): android.app.appfunctions.flags is mapped to system
07-06 03:14:52.005 I/AconfigPackage( 2209): android.app.smartspace.flags is mapped to system
07-06 03:14:52.005 I/AconfigPackage( 2209): com.android.providers.contacts.flags is mapped to system
07-06 03:14:52.005 I/AconfigPackage( 2209): com.android.shell.flags is mapped to system
07-06 03:14:52.006 I/AconfigPackage( 2209): com.android.media.aaudio is mapped to system
07-06 03:14:52.006 I/AconfigPackage( 2209): android.hardware.radio is mapped to system
07-06 03:14:52.006 I/AconfigPackage( 2209): com.google.wear.services.infra.flags is mapped to system
07-06 03:14:52.006 I/AconfigPackage( 2209): suspend_service.flags is mapped to system
07-06 03:14:52.006 I/AconfigPackage( 2209): android.media.midi is mapped to system
07-06 03:14:52.006 I/AconfigPackage( 2209): com.android.libcore.readonly is mapped to system
07-06 03:14:52.007 I/AconfigPackage( 2209): com.android.settingslib.widget.selectorwithwidgetpreference.flags is mapped to system
07-06 03:14:52.007 I/AconfigPackage( 2209): android.service.notification is mapped to system
07-06 03:14:52.008 I/AconfigPackage( 2209): com.android.systemui.shared is mapped to system
07-06 03:14:52.008 I/AconfigPackage( 2209): android.app.jank is mapped to system
07-06 03:14:52.008 I/AconfigPackage( 2209): android.app.wearable is mapped to system
07-06 03:14:52.008 I/AconfigPackage( 2209): com.android.media.audio is mapped to system
07-06 03:14:52.008 I/AconfigPackage( 2209): android.service.chooser is mapped to system
07-06 03:14:52.009 I/AconfigPackage( 2209): com.android.server.compat is mapped to system
07-06 03:14:52.009 I/AconfigPackage( 2209): com.android.server.alarm is mapped to system
07-06 03:14:52.009 I/AconfigPackage( 2209): com.android.apex.flags is mapped to system
07-06 03:14:52.010 I/AconfigPackage( 2209): android.service.quickaccesswallet is mapped to system
07-06 03:14:52.010 I/AconfigPackage( 2209): android.app.usage is mapped to system
07-06 03:14:52.010 I/AconfigPackage( 2209): com.android.server.accessibility is mapped to system
07-06 03:14:52.010 I/AconfigPackage( 2209): android.app.supervision.flags is mapped to system
07-06 03:14:52.010 I/AconfigPackage( 2209): com.android.server.utils is mapped to system
07-06 03:14:52.010 I/AconfigPackage( 2209): android.chre.flags is mapped to system
07-06 03:14:52.010 I/AconfigPackage( 2209): android.content.flags is mapped to system
07-06 03:14:52.011 I/AconfigPackage( 2209): android.media.codec is mapped to system
07-06 03:14:52.011 I/AconfigPackage( 2209): com.android.internal.os is mapped to system
07-06 03:14:52.011 I/AconfigPackage( 2209): com.android.nfc.nci.flags is mapped to system
07-06 03:14:52.011 I/AconfigPackage( 2209): android.app is mapped to system
07-06 03:14:52.012 I/AconfigPackage( 2209): android.security.keystore2 is mapped to system
07-06 03:14:52.012 I/AconfigPackage( 2209): android.crashrecovery.flags is mapped to system
07-06 03:14:52.013 I/AconfigPackage( 2209): com.android.tradeinmode.flags is mapped to system
07-06 03:14:52.013 I/AconfigPackage( 2209): android.hardware.flags is mapped to system
07-06 03:14:52.013 I/AconfigPackage( 2209): com.android.server.telecom.flags is mapped to system
07-06 03:14:52.013 I/AconfigPackage( 2209): com.android.settingslib.media.flags is mapped to system
07-06 03:14:52.013 I/AconfigPackage( 2209): com.android.server.policy is mapped to system
07-06 03:14:52.014 I/AconfigPackage( 2209): android.media.audiopolicy is mapped to system
07-06 03:14:52.015 I/AconfigPackage( 2209): com.android.egg.flags is mapped to system
07-06 03:14:52.015 I/AconfigPackage( 2209): com.android.internal.compat.flags is mapped to system
07-06 03:14:52.021 W/AccessibilityManagerService(  715):  wait for adding window timeout: 1490
07-06 03:14:52.021 I/AconfigPackage( 2209): android.security is mapped to system
07-06 03:14:52.022 I/AconfigPackage( 2209): android.service.autofill is mapped to system
07-06 03:14:52.022 I/AconfigPackage( 2209): com.example.android.aconfig.demo.flags is mapped to system
07-06 03:14:52.022 I/AconfigPackage( 2209): android.view.flags is mapped to system
07-06 03:14:52.022 I/AconfigPackage( 2209): android.companion.virtual.flags is mapped to system
07-06 03:14:52.022 I/AconfigPackage( 2209): com.android.aconfig_new_storage is mapped to system
07-06 03:14:52.023 I/AconfigPackage( 2209): com.android.server.feature.flags is mapped to system
07-06 03:14:52.023 I/AconfigPackage( 2209): com.android.systemui is mapped to system
07-06 03:14:52.023 I/AconfigPackage( 2209): com.android.server.power.batterysaver is mapped to system
07-06 03:14:52.023 I/AconfigPackage( 2209): android.widget.flags is mapped to system
07-06 03:14:52.023 I/AconfigPackage( 2209): com.android.media.editing.flags is mapped to system
07-06 03:14:52.023 I/AconfigPackage( 2209): com.android.media.codec.flags is mapped to system
07-06 03:14:52.023 I/AconfigPackage( 2209): com.android.server.powerstats is mapped to system
07-06 03:14:52.023 I/AconfigPackage( 2209): com.android.graphics.egl.flags is mapped to system
07-06 03:14:52.023 I/AconfigPackage( 2209): com.android.media.audioserver is mapped to system
07-06 03:14:52.023 I/AconfigPackage( 2209): com.android.server.deviceidle is mapped to system
07-06 03:14:52.023 V/WindowManagerShell(  972): Transition animation finished (aborted=false), notifying core (#319) android.os.BinderProxy@b6af899@0
07-06 03:14:52.023 I/AconfigPackage( 2209): android.nfc is mapped to system
07-06 03:14:52.023 I/AconfigPackage( 2209): android.permission.flags is mapped to system
07-06 03:14:52.023 I/AconfigPackage( 2209): android.service.voice.flags is mapped to system
07-06 03:14:52.024 I/AconfigPackage( 2209): android.content.pm is mapped to system
07-06 03:14:52.024 I/AconfigPackage( 2209): com.android.server.power.hint is mapped to system
07-06 03:14:52.024 I/AconfigPackage( 2209): android.os is mapped to system
07-06 03:14:52.024 D/nativeloader( 2215): Configuring clns-9 for other apk /data/app/~~NgF5YAtgVSQMlq8t3OROog==/com.huiyi.mockchat-zMJndqPS78lp29BfsKLgcg==/base.apk. target_sdk_version=35, uses_libraries=, library_path=/data/app/~~NgF5YAtgVSQMlq8t3OROog==/com.huiyi.mockchat-zMJndqPS78lp29BfsKLgcg==/lib/x86_64:/data/app/~~NgF5YAtgVSQMlq8t3OROog==/com.huiyi.mockchat-zMJndqPS78lp29BfsKLgcg==/base.apk!/lib/x86_64, permitted_path=/data:/mnt/expand:/data/user/0/com.huiyi.mockchat
07-06 03:14:52.024 I/AconfigPackage( 2209): android.service.dreams is mapped to system
07-06 03:14:52.024 I/AconfigPackage( 2209): com.android.graphics.libgui.flags is mapped to system
07-06 03:14:52.024 I/AconfigPackage( 2209): android.hardware.usb.flags is mapped to system
07-06 03:14:52.024 I/AconfigPackage( 2209): android.provider is mapped to system
07-06 03:14:52.024 I/AconfigPackage( 2209): com.android.server.job is mapped to system
07-06 03:14:52.024 I/AconfigPackage( 2209): com.android.internal.foldables.flags is mapped to system
07-06 03:14:52.024 I/AconfigPackage( 2209): com.android.internal.telephony.flags is mapped to system
07-06 03:14:52.024 I/AconfigPackage( 2209): android.webkit is mapped to system
07-06 03:14:52.024 I/AconfigPackage( 2209): android.credentials.flags is mapped to system
07-06 03:14:52.024 V/WindowManager(  715): Finish Transition (#319): created at 07-06 03:14:51.364 collect-started=0.131ms request-sent=31.576ms started=55.481ms ready=236.886ms sent=243.435ms commit=127.633ms finished=659.622ms
07-06 03:14:52.024 I/AconfigPackage( 2209): com.android.server.display.feature.flags is mapped to system
07-06 03:14:52.025 I/AconfigPackage( 2209): com.android.server.notification is mapped to system
07-06 03:14:52.025 I/AconfigPackage( 2209): android.appwidget.flags is mapped to system
07-06 03:14:52.025 I/AconfigPackage( 2209): com.android.frameworks.sensorservice.flags is mapped to system
07-06 03:14:52.025 I/AconfigPackage( 2209): com.android.printspooler.flags is mapped to system
07-06 03:14:52.025 I/AconfigPackage( 2209): com.android.window.flags is mapped to system
07-06 03:14:52.025 I/AconfigPackage( 2209): android.adaptiveauth is mapped to system
07-06 03:14:52.028 D/CompatChangeReporter( 2215): Compat change id reported: 202956589; UID 10217; state: ENABLED
07-06 03:14:52.028 I/AconfigPackage( 2209): android.net.wifi.flags is mapped to system
07-06 03:14:52.028 I/AconfigPackage( 2209): android.media.tv.flags is mapped to system
07-06 03:14:52.028 I/AconfigPackage( 2209): com.android.server.usb.flags is mapped to system
07-06 03:14:52.028 I/AconfigPackage( 2209): android.os.vibrator is mapped to system
07-06 03:14:52.028 I/AconfigPackage( 2209): android.hardware.devicestate.feature.flags is mapped to system
07-06 03:14:52.028 I/AconfigPackage( 2209): com.android.server.usage is mapped to system
07-06 03:14:52.028 I/AconfigPackage( 2209): android.server is mapped to system
07-06 03:14:52.028 I/AconfigPackage( 2209): com.android.wm.shell is mapped to system
07-06 03:14:52.028 I/AconfigPackage( 2209): android.view.inputmethod is mapped to system
07-06 03:14:52.028 I/AconfigPackage( 2209): com.android.graphics.hwui.flags is mapped to system
07-06 03:14:52.029 I/AconfigPackage( 2209): com.android.server.backup is mapped to system
07-06 03:14:52.029 I/AconfigPackage( 2209): com.android.internal.pm.pkg.component.flags is mapped to system
07-06 03:14:52.029 I/AconfigPackage( 2209): android.view.accessibility is mapped to system
07-06 03:14:52.029 I/AconfigPackage( 2209): com.google.wear.sdk is mapped to system
07-06 03:14:52.030 I/AconfigPackage( 2209): android.media.audio is mapped to system
07-06 03:14:52.030 I/AconfigPackage( 2209): com.android.server.am is mapped to system
07-06 03:14:52.031 V/WindowManagerShell(  972): Track 0 became idle
07-06 03:14:52.031 V/WindowManagerShell(  972): All active transition animations finished
07-06 03:14:52.039 I/AconfigPackage( 2209): com.android.media.playback.flags is mapped to system
07-06 03:14:52.040 I/AconfigPackage( 2209): com.android.art.flags is mapped to com.android.art
07-06 03:14:52.040 I/AconfigPackage( 2209): com.android.libcore is mapped to com.android.art
07-06 03:14:52.040 I/.huiyi.mockchat( 2215): AssetManager2(0x79075aad2fd8) locale list changing from [] to [en-US]
07-06 03:14:52.040 I/AconfigPackage( 2209): com.android.media.extractor.flags is mapped to com.android.media
07-06 03:14:52.040 I/AconfigPackage( 2209): com.android.media.mainline.flags is mapped to com.android.media
07-06 03:14:52.040 I/AconfigPackage( 2209): com.android.wifi.flags is mapped to com.android.wifi
07-06 03:14:52.040 I/AconfigPackage( 2209): com.android.org.conscrypt.flags is mapped to com.android.conscrypt
07-06 03:14:52.041 I/AconfigPackage( 2209): com.android.healthfitness.flags is mapped to com.android.healthfitness
07-06 03:14:52.041 I/AconfigPackage( 2209): com.google.android.input.twoshay.flags is mapped to vendor
07-06 03:14:52.041 I/AconfigPackage( 2209): libgooglecamerahal.flags is mapped to vendor
07-06 03:14:52.041 I/AconfigPackage( 2209): com.android.ipsec.flags is mapped to com.android.ipsec
07-06 03:14:52.041 I/AconfigPackage( 2209): com.android.nfc.module.flags is mapped to com.android.nfcservices
07-06 03:14:52.041 I/AconfigPackage( 2209): com.android.adservices.ondevicepersonalization.flags is mapped to com.android.ondevicepersonalization
07-06 03:14:52.042 I/AconfigPackage( 2209): com.android.bluetooth.flags is mapped to com.android.bt
07-06 03:14:52.042 I/AconfigPackage( 2209): com.android.devicelock.flags is mapped to com.android.devicelock
07-06 03:14:52.043 I/AconfigPackage( 2209): android.os.profiling is mapped to com.android.profiling
07-06 03:14:52.044 I/AconfigPackage( 2209): com.android.os.statsd.flags is mapped to com.android.os.statsd
07-06 03:14:52.044 I/AconfigPackage( 2209): com.android.cellbroadcastreceiver.flags is mapped to com.android.cellbroadcast
07-06 03:14:52.044 I/AconfigPackage( 2209): com.android.adservices.flags is mapped to com.android.adservices
07-06 03:14:52.045 I/AconfigPackage( 2209): com.android.sdksandbox.flags is mapped to com.android.adservices
07-06 03:14:52.059 I/AconfigPackage( 2209): com.android.uwb.flags is mapped to com.android.uwb
07-06 03:14:52.059 I/AconfigPackage( 2209): com.android.ranging.flags is mapped to com.android.uwb
07-06 03:14:52.059 I/AconfigPackage( 2209): android.graphics.pdf.flags is mapped to com.android.mediaprovider
07-06 03:14:52.059 I/AconfigPackage( 2209): com.android.providers.media.flags is mapped to com.android.mediaprovider
07-06 03:14:52.059 I/AconfigPackage( 2209): android.graphics.pdf.flags.readonly is mapped to com.android.mediaprovider
07-06 03:14:52.060 I/AconfigPackage( 2209): com.android.net.ct.flags is mapped to com.android.tethering
07-06 03:14:52.060 I/AconfigPackage( 2209): com.android.net.flags is mapped to com.android.tethering
07-06 03:14:52.060 I/AconfigPackage( 2209): android.net.vcn is mapped to com.android.tethering
07-06 03:14:52.061 I/AconfigPackage( 2209): com.android.nearby.flags is mapped to com.android.tethering
07-06 03:14:52.061 D/VRI[NexusLauncherActivity]( 1124): visibilityChanged oldVisibility=true newVisibility=false
07-06 03:14:52.061 I/AconfigPackage( 2209): android.net.http is mapped to com.android.tethering
07-06 03:14:52.061 I/AconfigPackage( 2209): com.android.net.thread.flags is mapped to com.android.tethering
07-06 03:14:52.061 I/AconfigPackage( 2209): com.android.system.virtualmachine.flags is mapped to com.android.virt
07-06 03:14:52.062 E/FeatureFlagsImplExport( 2209): android.os.flagging.AconfigStorageReadException: ERROR_PACKAGE_NOT_FOUND: package android.xr cannot be found on the device
07-06 03:14:52.064 D/NexusLauncherModelDelegate( 1124): notifySmartspaceEvent: SmartspaceTargetEvent{mSmartspaceTarget=null, mSmartspaceActionId='null', mEventType=7}
07-06 03:14:52.065 V/GraphicsEnvironment( 2215): Currently set values for:
07-06 03:14:52.068 V/GraphicsEnvironment( 2215):   angle_gl_driver_selection_pkgs=[]
07-06 03:14:52.068 V/GraphicsEnvironment( 2215):   angle_gl_driver_selection_values=[]
07-06 03:14:52.068 V/GraphicsEnvironment( 2215): com.huiyi.mockchat is not listed in per-application setting
07-06 03:14:52.069 V/GraphicsEnvironment( 2215): ANGLE allowlist from config: com.dreamgames.royalmatch com.dts.freefiremax com.dxx.firenow com.gramgames.mergedragons com.ludo.king com.mojang.minecraftpe com.my.defense com.nintendo.zaka com.os.airforce com.playrix.fishdomdd.gplay io.teslatech.callbreak jp.konami.prospia net.peakgames.toonblast
07-06 03:14:52.071 V/GraphicsEnvironment( 2215): com.huiyi.mockchat is not listed in ANGLE allowlist or settings, returning default
07-06 03:14:52.071 V/GraphicsEnvironment( 2215): Neither updatable production driver nor prerelease driver is supported.
07-06 03:14:52.073 D/UiAutomationConnection( 2209): Created on user UserHandle{0}
07-06 03:14:52.075 I/UiAutomation( 2209): Initialized for user 0 on display 0
07-06 03:14:52.075 W/UiAutomation( 2209): Created with deprecatead constructor, assumes DEFAULT_DISPLAY
07-06 03:14:52.079 D/AccessibilityManagerService(  715): changeCurrentUserForTestAutomationIfNeededLocked(0): ignoring because device doesn't support visible background users
07-06 03:14:52.094 I/UiAutomationManager(  715): Registering UiTestAutomationService (id=com.android.server.accessibility/UiAutomation, flags=0x0) when called by user 0
07-06 03:14:52.095 V/AccessibilityManagerService(  715): onUserStateChangedLocked for userId: 0, forceUpdate: false
07-06 03:14:52.116 W/MagnificationConnectionManager(  715): requestConnection duplicated request: connect=false, mConnectionState=DISCONNECTED
07-06 03:14:52.120 W/IPCThreadState(  715): Sending oneway calls to frozen process.
07-06 03:14:52.120 W/IPCThreadState(  715): Sending oneway calls to frozen process.
07-06 03:14:52.120 W/IPCThreadState(  715): Sending oneway calls to frozen process.
07-06 03:14:52.120 W/IPCThreadState(  715): Sending oneway calls to frozen process.
07-06 03:14:52.121 W/IPCThreadState(  715): Sending oneway calls to frozen process.
07-06 03:14:52.121 W/IPCThreadState(  715): Sending oneway calls to frozen process.
07-06 03:14:52.121 W/IPCThreadState(  715): Sending oneway calls to frozen process.
07-06 03:14:52.121 W/IPCThreadState(  715): Sending oneway calls to frozen process.
07-06 03:14:52.121 W/IPCThreadState(  715): Sending oneway calls to frozen process.
07-06 03:14:52.121 V/UiAutomation( 2209): Init UiAutomation@c33c6ab[id=951, displayId=0, flags=0]
07-06 03:14:52.121 W/IPCThreadState(  715): Sending oneway calls to frozen process.
07-06 03:14:52.122 V/AccessibilityManagerService(  715): onUserStateChangedLocked for userId: 0, forceUpdate: false
07-06 03:14:52.124 W/MagnificationConnectionManager(  715): requestConnection duplicated request: connect=false, mConnectionState=DISCONNECTED
07-06 03:14:52.131 W/IPCThreadState(  715): Sending oneway calls to frozen process.
07-06 03:14:52.131 W/IPCThreadState(  715): Sending oneway calls to frozen process.
07-06 03:14:52.131 W/IPCThreadState(  715): Sending oneway calls to frozen process.
07-06 03:14:52.132 W/IPCThreadState(  715): Sending oneway calls to frozen process.
07-06 03:14:52.140 W/IPCThreadState(  715): Sending oneway calls to frozen process.
07-06 03:14:52.140 W/IPCThreadState(  715): Sending oneway calls to frozen process.
07-06 03:14:52.140 W/IPCThreadState(  715): Sending oneway calls to frozen process.
07-06 03:14:52.140 W/IPCThreadState(  715): Sending oneway calls to frozen process.
07-06 03:14:52.141 W/IPCThreadState(  715): Sending oneway calls to frozen process.
07-06 03:14:52.141 W/IPCThreadState(  715): Sending oneway calls to frozen process.
07-06 03:14:52.146 W/IPCThreadState(  715): Sending oneway calls to frozen process.
07-06 03:14:52.146 W/IPCThreadState(  715): Sending oneway calls to frozen process.
07-06 03:14:52.147 W/IPCThreadState(  715): Sending oneway calls to frozen process.
07-06 03:14:52.147 W/IPCThreadState(  715): Sending oneway calls to frozen process.
07-06 03:14:52.147 W/IPCThreadState(  715): Sending oneway calls to frozen process.
07-06 03:14:52.148 W/IPCThreadState(  715): Sending oneway calls to frozen process.
07-06 03:14:52.148 W/IPCThreadState(  715): Sending oneway calls to frozen process.
07-06 03:14:52.148 W/IPCThreadState(  715): Sending oneway calls to frozen process.
07-06 03:14:52.148 W/IPCThreadState(  715): Sending oneway calls to frozen process.
07-06 03:14:52.148 W/IPCThreadState(  715): Sending oneway calls to frozen process.
07-06 03:14:52.149 W/IPCThreadState(  715): Sending oneway calls to frozen process.
07-06 03:14:52.153 W/IPCThreadState(  715): Sending oneway calls to frozen process.
07-06 03:14:52.153 W/IPCThreadState(  715): Sending oneway calls to frozen process.
07-06 03:14:52.154 W/IPCThreadState(  715): Sending oneway calls to frozen process.
07-06 03:14:52.154 W/IPCThreadState(  715): Sending oneway calls to frozen process.
07-06 03:14:52.155 W/IPCThreadState(  715): Sending oneway calls to frozen process.
07-06 03:14:52.157 W/IPCThreadState(  715): Sending oneway calls to frozen process.
07-06 03:14:52.160 W/IPCThreadState(  715): Sending oneway calls to frozen process.
07-06 03:14:52.160 W/IPCThreadState(  715): Sending oneway calls to frozen process.
07-06 03:14:52.160 W/IPCThreadState(  715): Sending oneway calls to frozen process.
07-06 03:14:52.161 W/IPCThreadState(  715): Sending oneway calls to frozen process.
07-06 03:14:52.162 W/IPCThreadState(  715): Sending oneway calls to frozen process.
07-06 03:14:52.163 W/IPCThreadState(  715): Sending oneway calls to frozen process.
07-06 03:14:52.163 W/IPCThreadState(  715): Sending oneway calls to frozen process.
07-06 03:14:52.163 W/IPCThreadState(  715): Sending oneway calls to frozen process.
07-06 03:14:52.165 W/IPCThreadState(  715): Sending oneway calls to frozen process.
07-06 03:14:52.165 W/IPCThreadState(  715): Sending oneway calls to frozen process.
07-06 03:14:52.166 W/IPCThreadState(  715): Sending oneway calls to frozen process.
07-06 03:14:52.167 W/IPCThreadState(  715): Sending oneway calls to frozen process.
07-06 03:14:52.167 W/IPCThreadState(  715): Sending oneway calls to frozen process.
07-06 03:14:52.200 D/CompatChangeReporter( 2215): Compat change id reported: 279646685; UID 10217; state: ENABLED
07-06 03:14:52.224 W/OptProp (  715): Cannot read opt property android.window.PROPERTY_COMPAT_ENABLE_FAKE_FOCUS
07-06 03:14:52.224 D/CompatChangeReporter(  715): Compat change id reported: 324203798; UID 10217; state: ENABLED
07-06 03:14:52.232 D/BackgroundInstallControlService(  715): Package event received: 0
07-06 03:14:52.232 D/BackgroundInstallControlService(  715): Package event received: 0
07-06 03:14:52.235 I/DisplayManager( 2215): Choreographer implicitly registered for the refresh rate.
07-06 03:14:52.236 I/.huiyi.mockchat( 2215): AssetManager2(0x79075aad8758) locale list changing from [] to [en-US]
07-06 03:14:52.290 I/EGL_emulation( 2215): Opening libGLESv1_CM_emulation.so
07-06 03:14:52.292 I/EGL_emulation( 2215): Opening libGLESv2_emulation.so
07-06 03:14:52.304 W/HWUI    ( 2215): Failed to choose config with EGL_SWAP_BEHAVIOR_PRESERVED, retrying without...
07-06 03:14:52.304 W/HWUI    ( 2215): Failed to initialize 101010-2 format, error = EGL_SUCCESS
07-06 03:14:52.404 E/ashmem  ( 2215): Pinning is deprecated since Android Q. Please use trim or other methods.
07-06 03:14:52.432 D/CompatChangeReporter( 2215): Compat change id reported: 309578419; UID 10217; state: ENABLED
07-06 03:14:52.435 D/DesktopModeFlags( 2215): Toggle override initialized to: OVERRIDE_UNSET
07-06 03:14:52.524 D/CompatChangeReporter( 2215): Compat change id reported: 352594277; UID 10217; state: ENABLED
07-06 03:14:52.530 D/CompatChangeReporter( 2215): Compat change id reported: 349153669; UID 10217; state: ENABLED
07-06 03:14:52.533 W/HWUI    ( 2215): Unknown dataspace 0
07-06 03:14:52.510 I/servicemanager(    0): Caller(pid=2215,uid=10217,sid=u:r:untrusted_app:s0:c217,c256,c512,c768) Found android.hardware.graphics.allocator.IAllocator/default in device VINTF manifest.
07-06 03:14:52.517 I/servicemanager(    0): Caller(pid=2215,uid=10217,sid=u:r:untrusted_app:s0:c217,c256,c512,c768) Found android.hardware.graphics.allocator.IAllocator/default in device VINTF manifest.
07-06 03:14:52.519 I/servicemanager(    0): Caller(pid=2215,uid=10217,sid=u:r:untrusted_app:s0:c217,c256,c512,c768) Found mapper/ranchu in device VINTF manifest.
07-06 03:14:53.134 V/AccessibilityManagerService(  715): onUserStateChangedLocked for userId: 0, forceUpdate: false
07-06 03:14:53.136 D/BackgroundInstallControlService(  715): Package event received: 0
07-06 03:14:53.144 W/MagnificationConnectionManager(  715): requestConnection duplicated request: connect=false, mConnectionState=DISCONNECTED
07-06 03:14:53.144 D/AccessibilityManagerService(  715): restoreCurrentUserForTestAutomationIfNeededLocked(): ignoring because device doesn't support visible background users
07-06 03:14:53.144 V/AccessibilityManagerService(  715): onUserStateChangedLocked for userId: 0, forceUpdate: false
07-06 03:14:53.148 D/AndroidRuntime( 2209): Shutting down VM
07-06 03:14:53.148 W/IPCThreadState( 2209): call to talkWithDriver in joinThreadPool returned error: -9 (Bad file descriptor), FD: -1
07-06 03:14:53.148 W/IPCThreadState( 2209): call to talkWithDriver in joinThreadPool returned error: -9 (Bad file descriptor), FD: -1
07-06 03:14:53.149 W/IPCThreadState( 2209): call to talkWithDriver in joinThreadPool returned error: -9 (Bad file descriptor), FD: -1
07-06 03:14:53.152 W/MagnificationConnectionManager(  715): requestConnection duplicated request: connect=false, mConnectionState=DISCONNECTED
07-06 03:14:53.153 W/IPCThreadState(  715): Sending oneway calls to frozen process.
07-06 03:14:53.153 W/IPCThreadState(  715): Sending oneway calls to frozen process.
07-06 03:14:53.153 W/IPCThreadState(  715): Sending oneway calls to frozen process.
07-06 03:14:53.153 W/IPCThreadState(  715): Sending oneway calls to frozen process.
07-06 03:14:53.153 W/IPCThreadState(  715): Sending oneway calls to frozen process.
07-06 03:14:53.154 W/IPCThreadState(  715): Sending oneway calls to frozen process.
07-06 03:14:53.164 W/IPCThreadState(  715): Sending oneway calls to frozen process.
07-06 03:14:53.164 W/IPCThreadState(  715): Sending oneway calls to frozen process.
07-06 03:14:53.164 W/IPCThreadState(  715): Sending oneway calls to frozen process.
07-06 03:14:53.164 W/IPCThreadState(  715): Sending oneway calls to frozen process.
07-06 03:14:53.167 I/netd    (  488): tetherGetStats() -> {[]} <0.56ms>
07-06 03:14:53.169 W/IPCThreadState(  715): Sending oneway calls to frozen process.
07-06 03:14:53.169 W/IPCThreadState(  715): Sending oneway calls to frozen process.
07-06 03:14:53.169 W/IPCThreadState(  715): Sending oneway calls to frozen process.
07-06 03:14:53.169 W/IPCThreadState(  715): Sending oneway calls to frozen process.
07-06 03:14:53.169 W/IPCThreadState(  715): Sending oneway calls to frozen process.
07-06 03:14:53.169 W/IPCThreadState(  715): Sending oneway calls to frozen process.
07-06 03:14:53.170 W/IPCThreadState(  715): Sending oneway calls to frozen process.
07-06 03:14:53.171 W/IPCThreadState(  715): Sending oneway calls to frozen process.
07-06 03:14:53.178 W/IPCThreadState(  715): Sending oneway calls to frozen process.
07-06 03:14:53.179 W/IPCThreadState(  715): Sending oneway calls to frozen process.
07-06 03:14:53.179 W/IPCThreadState(  715): Sending oneway calls to frozen process.
07-06 03:14:53.180 W/IPCThreadState(  715): Sending oneway calls to frozen process.
07-06 03:14:53.180 W/IPCThreadState(  715): Sending oneway calls to frozen process.
07-06 03:14:53.180 W/IPCThreadState(  715): Sending oneway calls to frozen process.
07-06 03:14:53.181 W/IPCThreadState(  715): Sending oneway calls to frozen process.
07-06 03:14:53.181 W/IPCThreadState(  715): Sending oneway calls to frozen process.
07-06 03:14:53.181 W/IPCThreadState(  715): Sending oneway calls to frozen process.
07-06 03:14:53.182 W/IPCThreadState(  715): Sending oneway calls to frozen process.
07-06 03:14:53.184 W/IPCThreadState(  715): Sending oneway calls to frozen process.
07-06 03:14:53.184 W/IPCThreadState(  715): Sending oneway calls to frozen process.
07-06 03:14:53.185 W/IPCThreadState(  715): Sending oneway calls to frozen process.
07-06 03:14:53.185 W/IPCThreadState(  715): Sending oneway calls to frozen process.
07-06 03:14:53.185 W/IPCThreadState(  715): Sending oneway calls to frozen process.
07-06 03:14:53.186 W/IPCThreadState(  715): Sending oneway calls to frozen process.
07-06 03:14:53.187 W/IPCThreadState(  715): Sending oneway calls to frozen process.
07-06 03:14:53.187 W/IPCThreadState(  715): Sending oneway calls to frozen process.
07-06 03:14:53.187 W/IPCThreadState(  715): Sending oneway calls to frozen process.
07-06 03:14:53.187 W/IPCThreadState(  715): Sending oneway calls to frozen process.
07-06 03:14:53.188 W/IPCThreadState(  715): Sending oneway calls to frozen process.
07-06 03:14:53.188 W/IPCThreadState(  715): Sending oneway calls to frozen process.
07-06 03:14:53.622 I/.huiyi.mockchat( 2215): Compiler allocated 5042KB to compile void android.view.ViewRootImpl.performTraversals()
07-06 03:14:53.623 W/.huiyi.mockchat( 2215): Method boolean androidx.compose.runtime.snapshots.SnapshotStateList.conditionalUpdate(boolean, kotlin.jvm.functions.Function1) failed lock verification and will run slower.
07-06 03:14:53.623 W/.huiyi.mockchat( 2215): Common causes for lock verification issues are non-optimized dex code
07-06 03:14:53.623 W/.huiyi.mockchat( 2215): and incorrect proguard optimizations.
07-06 03:14:53.623 W/.huiyi.mockchat( 2215): Method boolean androidx.compose.runtime.snapshots.SnapshotStateList.conditionalUpdate$default(androidx.compose.runtime.snapshots.SnapshotStateList, boolean, kotlin.jvm.functions.Function1, int, java.lang.Object) failed lock verification and will run slower.
07-06 03:14:53.624 W/.huiyi.mockchat( 2215): Method java.lang.Object androidx.compose.runtime.snapshots.SnapshotStateList.mutate(kotlin.jvm.functions.Function1) failed lock verification and will run slower.
07-06 03:14:53.624 W/.huiyi.mockchat( 2215): Method void androidx.compose.runtime.snapshots.SnapshotStateList.update(boolean, kotlin.jvm.functions.Function1) failed lock verification and will run slower.
07-06 03:14:53.624 W/.huiyi.mockchat( 2215): Method void androidx.compose.runtime.snapshots.SnapshotStateList.update$default(androidx.compose.runtime.snapshots.SnapshotStateList, boolean, kotlin.jvm.functions.Function1, int, java.lang.Object) failed lock verification and will run slower.
07-06 03:14:53.726 D/CoreBackPreview(  715): Window{7583e94 u0 com.huiyi.mockchat/com.huiyi.mockchat.MainActivity}: Setting back callback OnBackInvokedCallbackInfo{mCallback=android.window.IOnBackInvokedCallback$Stub$Proxy@4c87f18, mPriority=0, mIsAnimationCallback=false, mOverrideBehavior=0}
07-06 03:14:53.885 D/WifiClientModeImpl[27601:wlan0](  715): updateLinkLayerStatsRssiSpeedFrequencyCapabilities rssi=-50 TxLinkspeed=1 freq=2447 RxLinkSpeed=2
07-06 03:14:53.885 D/WifiDataStall(  715): tx tput in kbps: 11000
07-06 03:14:53.887 D/WifiDataStall(  715): rx tput in kbps: 11000
07-06 03:14:53.887 V/WifiConfigManager(  715): Updating scan detail cache freq=2447 BSSID=00:13:10:85:fe:01 RSSI=-50 for "AndroidWifi"NONE
07-06 03:14:53.887 D/WifiThroughputPredictor(  715):  utilization (LLS) 80 isBluetoothConnected: false final utilization: 80
07-06 03:14:53.888 D/WifiThroughputPredictor(  715):  BW: 0 RSSI: -50 Nss: 1 Mode: 1 symDur: 4000 snrDb 30 bitPerTone: 4500 rate: 54 throughput: 11
07-06 03:14:53.895 D/WifiThroughputPredictor(  715):  utilization (LLS) 80 isBluetoothConnected: false final utilization: 80
07-06 03:14:53.895 D/WifiThroughputPredictor(  715):  BW: 0 RSSI: -50 Nss: 1 Mode: 1 symDur: 4000 snrDb 30 bitPerTone: 4500 rate: 54 throughput: 11
07-06 03:14:53.896 D/WifiThroughputPredictor(  715):  utilization (LLS) 80 isBluetoothConnected: false final utilization: 80
07-06 03:14:53.898 D/WifiThroughputPredictor(  715):  BW: 0 RSSI: -50 Nss: 1 Mode: 1 symDur: 4000 snrDb 30 bitPerTone: 4500 rate: 54 throughput: 11
07-06 03:14:53.898 D/WifiThroughputPredictor(  715):  utilization (LLS) 80 isBluetoothConnected: false final utilization: 80
07-06 03:14:53.906 D/WifiThroughputPredictor(  715):  BW: 0 RSSI: -50 Nss: 1 Mode: 1 symDur: 4000 snrDb 30 bitPerTone: 4500 rate: 54 throughput: 11
07-06 03:14:53.907 D/WifiScoreCard(  715): BSSID update SIGNAL_POLL ID: 1559335064 SSID: "AndroidWifi", BSSID: 00:13:10:85:fe:01, MAC: 02:15:b2:00:00:00, IP: /10.0.2.16, Security type: 0, Supplicant state: COMPLETED, Wi-Fi standard: legacy, RSSI: -50, Link speed: 1Mbps, Tx Link speed: 1Mbps, Max Supported Tx Link speed: 11Mbps, Rx Link speed: 2Mbps, Max Supported Rx Link speed: 11Mbps, Frequency: 2447MHz, Net ID: 0, Metered hint: false, score: 60, isUsable: true, CarrierMerged: false, SubscriptionId: -1, IsPrimary: 1, Trusted: true, Restricted: false, Ephemeral: false, OEM paid: false, OEM private: false, OSU AP: false, FQDN: <none>, Provider friendly name: <none>, Requesting package name: <none>"AndroidWifi"openMLO Information: , Is TID-To-Link negotiation supported by the AP: false, AP MLD Address: <none>, AP MLO Link Id: <none>, AP MLO Affiliated links: <none>, Vendor Data: <none>
07-06 03:14:53.908 D/WifiScoreCard(  715): txRate: 1 txSpeed: 1
07-06 03:14:53.908 D/WifiScoreCard(  715): network update SIGNAL_POLL "AndroidWifi" ID: 1201260005 RSSI -50 txSpeed -1
07-06 03:14:53.908 D/WifiClientModeImpl[27601:wlan0](  715):  ClientModeImpl$L2ConnectedState screen=on 1 0 "AndroidWifi" 00:13:10:85:fe:01 rssi=-50 f=2447 sc=60 link=1 tx=0.2, 0.0, 0.0 rx=0.2 bcn=0 [on:0 tx:0 rx:0 period:3030] from screen [on:0 period:896266068] score=60
07-06 03:14:53.987 D/wpa_supplicant(  960): nl80211: Drv Event 64 (NL80211_CMD_NOTIFY_CQM) received for wlan0
07-06 03:14:53.987 D/wpa_supplicant(  960): nl80211: Beacon loss event
07-06 03:14:53.988 D/wpa_supplicant(  960): wlan0: Event BEACON_LOSS (53) received
07-06 03:14:53.988 I/wpa_supplicant(  960): wlan0: CTRL-EVENT-BEACON-LOSS 
07-06 03:14:54.032 I/ActivityTaskManager(  715): Displayed com.huiyi.mockchat/.MainActivity for user 0: +2s682ms
07-06 03:14:54.033 I/Choreographer( 2215): Skipped 76 frames!  The application may be doing too much work on its main thread.
07-06 03:14:54.039 I/HWUI    ( 2215): Davey! duration=1801ms; Flags=1, FrameTimelineVsyncId=1278107, IntendedVsync=50013183873260, Vsync=50013483873248, InputEventId=0, HandleInputStart=50013499396040, AnimationStart=50013499447840, PerformTraversalsStart=50013500181340, DrawStart=50014885951340, FrameDeadline=50013200539926, FrameStartTime=50013499017640, FrameInterval=16666666, WorkloadTarget=16666666, SyncQueued=50014905108940, SyncStart=50014906042140, IssueDrawCommandsStart=50014906133640, SwapBuffers=50014970643540, FrameCompleted=50014985948440, DequeueBufferDuration=31100, QueueBufferDuration=2755800, GpuCompleted=50014985948440, SwapBuffersCompleted=50014976163640, DisplayPresentTime=0, CommandSubmissionCompleted=50014970643540, 
07-06 03:14:54.096 I/FontLog ( 1314): Received query Noto Color Emoji Compat, URI content://com.google.android.gms.fonts [CONTEXT service_id=132 ]
07-06 03:14:54.097 I/FontLog ( 1314): Query [emojicompat-emoji-font] resolved to {Noto Color Emoji Compat, wdth 100.0, wght 400, ital 0.0, bestEffort false}, isVf false} [CONTEXT service_id=132 ]
07-06 03:14:54.107 I/FontLog ( 1314): Fetch {Noto Color Emoji Compat, wdth 100.0, wght 400, ital 0.0, bestEffort false}, isVf false} end status Status{statusCode=SUCCESS, resolution=null} [CONTEXT service_id=132 ]
07-06 03:14:54.167 I/FontLog ( 1314): Pulling font file for id = 174, cache size = 7 [CONTEXT service_id=132 ]
07-06 03:14:54.168 I/ImeTracker(  715): com.huiyi.mockchat:1e8c0b5f: onRequestHide at ORIGIN_SERVER reason HIDE_UNSPECIFIED_WINDOW fromUser false
07-06 03:14:54.181 I/GoogleInputMethodService( 1395): GoogleInputMethodService.onFinishInput():2043 
07-06 03:14:54.181 I/ImeTracker(  715): system_server:3433df53: onRequestHide at ORIGIN_SERVER reason IME_REQUESTED_CHANGED_LISTENER fromUser false
07-06 03:14:54.181 I/ImeTracker(  715): system_server:3433df53: onCancelled at PHASE_SERVER_SHOULD_HIDE
07-06 03:14:54.185 I/FontLog ( 1314): Pulling font file for id = 174, cache size = 7 [CONTEXT service_id=132 ]
07-06 03:14:54.193 I/Module  ( 1395): DeviceLockedStatusModuleProvider$Module.updateDeviceLockedStatus():100 repeatCheckTimes = 0, locked = false
07-06 03:14:54.203 I/GoogleInputMethodService( 1395): GoogleInputMethodService.onStartInput():1293 onStartInput(EditorInfo{EditorInfo{packageName=com.huiyi.mockchat, inputType=0, inputTypeString=NULL, enableLearning=false, autoCorrection=false, autoComplete=false, imeOptions=0, privateImeOptions=null, actionName=UNSPECIFIED, actionLabel=null, initialSelStart=-1, initialSelEnd=-1, initialCapsMode=0, label=null, fieldId=0, fieldName=null, extras=null, hintText=null, hintLocales=[]}}, false)
07-06 03:14:54.205 W/PackageConfigPersister(  715): App-specific configuration not found for packageName: com.huiyi.mockchat and userId: 0
07-06 03:14:54.206 I/Module  ( 1395): DeviceLockedStatusModuleProvider$Module.updateDeviceLockedStatus():100 repeatCheckTimes = 1, locked = false
07-06 03:14:54.209 D/InsetsController( 2215): hide(ime(), fromIme=false)
07-06 03:14:54.209 I/ImeTracker( 2215): com.huiyi.mockchat:1e8c0b5f: onCancelled at PHASE_CLIENT_ALREADY_HIDDEN
07-06 03:14:54.227 D/BaseDepthController( 1124): setSurface:
07-06 03:14:54.227 D/BaseDepthController( 1124): 	mWaitingOnSurfaceValidity: false
07-06 03:14:54.227 D/BaseDepthController( 1124): 	mBaseSurface: null
07-06 03:14:54.228 D/BaseDepthController( 1124): mSurface is null and mCurrentBlur is: 0
07-06 03:14:54.228 D/StateManager( 1124): goToState - fromState: Normal, toState: Normal, partial trace:
07-06 03:14:54.228 D/StateManager( 1124): 	at com.android.launcher3.statemanager.StateManager.moveToRestState(go/retraceme 43e00d9cd0eb17b3d9dd30fc1741b1c71445c4c0f7c8c9b81300265c86c5b873:4)
07-06 03:14:54.228 D/StateManager( 1124): 	at com.android.launcher3.statemanager.StateManager.moveToRestState(go/retraceme 43e00d9cd0eb17b3d9dd30fc1741b1c71445c4c0f7c8c9b81300265c86c5b873:1)
07-06 03:14:54.228 D/StateManager( 1124): 	at com.android.launcher3.statemanager.StatefulActivity.onStop(go/retraceme 43e00d9cd0eb17b3d9dd30fc1741b1c71445c4c0f7c8c9b81300265c86c5b873:34)
07-06 03:14:54.229 D/StatsLog( 1124): LAUNCHER_ONSTOP
07-06 03:14:54.234 I/AppWidgetServiceImpl(  715): setAppWidgetHidden() 0
07-06 03:14:54.256 I/netd    (  488): tetherGetStats() -> {[]} <0.50ms>
07-06 03:14:54.256 D/StatsLog( 1124): LAUNCHER_GOOGLE_SEARCH_RESTORE_LIST_SIZE_AFTER_ACTIVITY_RESTART
07-06 03:14:54.277 D/BackgroundInstallControlService(  715): Package event received: 0
07-06 03:14:54.331 W/System  ( 1124): A resource failed to call release. 
07-06 03:14:54.332 W/System  ( 1124): A resource failed to call release. 
07-06 03:14:54.332 W/System  ( 1124): A resource failed to call release. 
07-06 03:14:54.333 W/System  ( 1124): A resource failed to call release. 
07-06 03:14:54.333 W/System  ( 1124): A resource failed to call release. 
07-06 03:14:54.333 W/System  ( 1124): A resource failed to call release. 
07-06 03:14:54.413 W/WindowOnBackDispatcher(  972): sendCancelIfRunning: isInProgress=false callback=android.view.ViewRootImpl$$ExternalSyntheticLambda13@63e0a0d
07-06 03:14:54.417 D/CoreBackPreview(  715): Window{ac1abbe u0 Splash Screen com.huiyi.mockchat EXITING}: Setting back callback null
07-06 03:14:54.425 W/WindowOnBackDispatcher(32689): sendCancelIfRunning: isInProgress=false callback=android.view.ViewRootImpl$$ExternalSyntheticLambda13@e59f30b
07-06 03:14:54.426 D/CoreBackPreview(  715): Window{a121f72 u0 com.huiyi.v4}: Setting back callback null
07-06 03:14:54.428 W/IPCThreadState(  630): Sending oneway calls to frozen process.
07-06 03:14:54.428 W/IPCThreadState(  630): Sending oneway calls to frozen process.
07-06 03:14:54.448 W/WindowOnBackDispatcher(32689): sendCancelIfRunning: isInProgress=false callback=android.view.ViewRootImpl$$ExternalSyntheticLambda13@22042b5
07-06 03:14:54.449 D/CoreBackPreview(  715): Window{f86520b u0 com.huiyi.v4}: Setting back callback null
07-06 03:14:54.459 W/NotificationHistory(  715): Attempted to remove channel for locked/gone/disabled user 0
07-06 03:14:54.500 I/NotificationListener( 1124): received notification removed event - android#UserHandle{0},category=-1
07-06 03:14:54.637 D/BackgroundInstallControlService(  715): Package event received: 0
07-06 03:14:54.668 D/CoreBackPreview(  715): Window{65f88e u0 com.huiyi.v4}: Setting back callback OnBackInvokedCallbackInfo{mCallback=android.window.IOnBackInvokedCallback$Stub$Proxy@efb2c45, mPriority=0, mIsAnimationCallback=false, mOverrideBehavior=0}
07-06 03:14:54.739 W/dumpsys ( 2365): Thread Pool max thread count is 0. Cannot cache binder as linkToDeath cannot be implemented. serviceName: window
07-06 03:14:54.745 I/system_server(  715): AssetManager2(0x79075ab9a038) locale list changing from [] to [en-US]
07-06 03:14:54.748 I/system_server(  715): AssetManager2(0x79075ab94bd8) locale list changing from [] to [en-US]
07-06 03:14:54.754 I/system_server(  715): AssetManager2(0x79075ab36038) locale list changing from [] to [en-US]
07-06 03:14:54.761 I/system_server(  715): AssetManager2(0x79075aba5ed8) locale list changing from [] to [en-US]
07-06 03:14:54.769 I/system_server(  715): AssetManager2(0x79075aaf71f8) locale list changing from [] to [en-US]
07-06 03:14:54.775 I/system_server(  715): AssetManager2(0x79075ab47018) locale list changing from [] to [en-US]
07-06 03:14:54.958 W/screencap( 2395): Thread Pool max thread count is 0. Cannot cache binder as linkToDeath cannot be implemented. serviceName: SurfaceFlingerAIDL
07-06 03:14:54.958 W/BpBinder( 2395): Linking to death on android.gui.ISurfaceComposer but there are no threads (yet?) listening to incoming transactions. See ProcessState::startThreadPool and ProcessState::setThreadPoolMaxThreadCount. Generally you should setup the binder threadpool before other initialization steps.
07-06 03:14:54.960 W/ProcessState( 2395): Extra binder thread started, but 0 threads requested. Do not use *startThreadPool when zero threads are requested.
07-06 03:14:54.975 E/HwcComposer(  567): getLuts failed Status(-8, EX_SERVICE_SPECIFIC): '8: '
07-06 03:14:54.975 E/HWComposer(  567): getLuts: getLuts failed for display 4619827259835644672: UNSUPPORTED (8)
07-06 03:14:54.957 I/servicemanager(    0): Caller(pid=2395,uid=2000,sid=u:r:shell:s0) Found android.hardware.graphics.allocator.IAllocator/default in device VINTF manifest.
07-06 03:14:54.959 I/servicemanager(    0): Caller(pid=2395,uid=2000,sid=u:r:shell:s0) Found android.hardware.graphics.allocator.IAllocator/default in device VINTF manifest.
07-06 03:14:54.961 I/servicemanager(    0): Caller(pid=2395,uid=2000,sid=u:r:shell:s0) Found mapper/ranchu in device VINTF manifest.
07-06 03:14:55.080 W/NotificationHistory(  715): Attempted to add notif for locked/gone/disabled user 0
07-06 03:14:55.080 D/BackgroundInstallControlService(  715): Package event received: 0
07-06 03:14:55.085 I/NotificationListener( 1124): received notification posted event - android#UserHandle{0},category=-1
07-06 03:14:55.085 W/AiAiEcho( 1480): LyftNotificationParser Ridesharing ETA not enabled
07-06 03:14:55.085 I/AiAiEcho( 1480): SmartspaceNotificationPredictor no parser can handle this notification or notification is invalid
07-06 03:14:55.118 D/LocalImageResolver(  972): Couldn't use ImageDecoder for drawable, falling back to non-resized load.
07-06 03:14:55.140 D/LocalImageResolver(  972): Couldn't use ImageDecoder for drawable, falling back to non-resized load.
07-06 03:14:55.177 D/WindowManager(  715): captureDisplay
07-06 03:14:55.291 E/NotificationService(  715): Suppressing toast from package com.huiyi.v4 by user request.
07-06 03:14:55.292 I/FloatingBubbleService(32689): next_sentence_click_ack latencyMs=6 ackVisible=true
07-06 03:14:55.378 I/HuiyiRuntime(32689): dynamic_playbook_result sessionId=18a64be7-e89e-47d5-8a2d-8da0c941772e mode=NEXT_SENTENCE chatKey=com.huiyi.mockchat|mock:26bc86ad source=LOCAL_FALLBACK decisionSource=LOCAL_WAIT lastSpeaker=ME decision=WAIT routeCount=0 latencyMs=14 cacheHit=false localFallbackUsed=false cloudRefreshRecommended=false
07-06 03:14:55.394 W/AppOps  (  715): Noting op not finished: uid 10216 pkg com.huiyi.v4 code 24 startTime of in progress event=1783307694653
