--------- beginning of system
07-06 03:14:50.777 I/ActivityManager(  715): Force stopping com.huiyi.mockchat appid=10217 user=0: from pid 2196
07-06 03:14:50.783 I/ActivityManager(  715): Killing 1961:com.huiyi.mockchat/u0a217 (adj 0): stop com.huiyi.mockchat due to from pid 2196
07-06 03:14:50.785 D/CompatChangeReporter(  715): Compat change id reported: 151861875; UID 10217; state: ENABLED
07-06 03:14:50.788 W/ActivityTaskManager(  715): Force removing ActivityRecord{206203575 u0 com.huiyi.mockchat/.MainActivity t274 f}}: app died, no saved state
07-06 03:14:50.790 D/BackgroundInstallControlService(  715): Package event received: 0
07-06 03:14:50.790 V/WindowManagerShell(  972): Transition requested (#318): android.os.BinderProxy@dec712d TransitionRequestInfo { type = CLOSE, triggerTask = TaskInfo{userId=0 taskId=274 effectiveUid=10217 displayId=0 isRunning=false baseIntent=Intent { flg=0x10000000 cmp=com.huiyi.mockchat/.MainActivity } baseActivity=null topActivity=null origActivity=null realActivity=ComponentInfo{com.huiyi.mockchat/com.huiyi.mockchat.MainActivity} numActivities=0 lastActiveTime=49994959 supportsMultiWindow=true resizeMode=1 isResizeable=true minWidth=-1 minHeight=-1 defaultMinSize=220 token=WCT{android.window.IWindowContainerToken$Stub$Proxy@df61662} topActivityType=1 pictureInPictureParams=null shouldDockBigOverlays=false launchIntoPipHostTaskId=-1 lastParentTaskIdBeforePip=-1 displayCutoutSafeInsets=Rect(0, 0 - 0, 0) topActivityInfo=null launchCookies=[] positionInParent=Point(0, 0) parentTaskId=-1 isFocused=true isVisible=true isVisibleRequested=true isTopActivityNoDisplay=false isSleeping=false locusId=null displayAreaFeatureId=1 isTopActivityTransparent=false isActivityStackTransparent=true lastNonFullscreenBounds=Rect(286, 664 - 798, 1748) capturedLink=null capturedLinkTimestamp=0 requestedVisibleTypes=-9 topActivityRequestOpenInBrowserEducationTimestamp=0 appCompatTaskInfo=AppCompatTaskInfo { topActivityInSizeCompat=false eligibleForLetterboxEducation= false isLetterboxEducationEnabled= false isLetterboxDoubleTapEnabled= false eligibleForUserAspectRatioButton= false topActivityBoundsLetterboxed= false isFromLetterboxDoubleTap= false topActivityLetterboxVerticalPosition= -1 topActivityLetterboxHorizontalPosition= -1 topActivityLetterboxWidth=-1 topActivityLetterboxHeight=-1 topActivityAppBounds=Rect(0, 0 - 0, 0) isUserFullscreenOverrideEnabled=false isSystemFullscreenOverrideEnabled=false hasMinAspectRatioOverride=false topActivityLetterboxBounds=null cameraCompatTaskInfo=CameraCompatTaskInfo { freeformCameraCompatMode=undefined}} topActivityMainWindowFrame=null}, pipChange = null, remoteTransition = null, displayChange = null, flags = 0, debugId = 318 }
--------- beginning of main
07-06 03:14:50.793 I/BpBinder(  567): onLastStrongRef automatically unlinking death recipients: 
07-06 03:14:50.794 D/ViewRootImpl( 1124): Skipping stats log for color mode
07-06 03:14:50.798 I/AppWidgetServiceImpl(  715): startListening() 0
07-06 03:14:50.800 W/IPCThreadState(  715): Sending oneway calls to frozen process.
07-06 03:14:50.800 W/IPCThreadState(  715): Sending oneway calls to frozen process.
07-06 03:14:50.800 W/IPCThreadState(  715): Sending oneway calls to frozen process.
07-06 03:14:50.801 W/IPCThreadState(  715): Sending oneway calls to frozen process.
07-06 03:14:50.801 D/NexusLauncherModelDelegate( 1124): notifySmartspaceEvent: SmartspaceTargetEvent{mSmartspaceTarget=null, mSmartspaceActionId='null', mEventType=6}
07-06 03:14:50.801 W/IPCThreadState(  715): Sending oneway calls to frozen process.
07-06 03:14:50.802 D/BackgroundInstallControlService(  715): Package event received: 0
07-06 03:14:50.802 D/BackgroundInstallControlService(  715): Package event received: 0
07-06 03:14:50.805 W/IPCThreadState(  715): Sending oneway calls to frozen process.
07-06 03:14:50.805 I/netd    (  488): tetherGetStats() -> {[]} <0.89ms>
07-06 03:14:50.806 W/IPCThreadState(  715): Sending oneway calls to frozen process.
07-06 03:14:50.806 W/IPCThreadState(  715): Sending oneway calls to frozen process.
07-06 03:14:50.808 W/IPCThreadState(  715): Sending oneway calls to frozen process.
07-06 03:14:50.808 W/IPCThreadState(  715): Sending oneway calls to frozen process.
07-06 03:14:50.808 D/WindowManagerShell(  972): setLauncherKeepClearAreaHeight: visible=true, height=497
07-06 03:14:50.808 W/IPCThreadState(  715): Sending oneway calls to frozen process.
07-06 03:14:50.809 W/IPCThreadState(  715): Sending oneway calls to frozen process.
07-06 03:14:50.812 I/adbd    (  576): Remote process closed the socket (on MSG_PEEK)
07-06 03:14:50.813 W/InputDispatcher(  715): channel '27a3b38 com.huiyi.mockchat/com.huiyi.mockchat.MainActivity' ~ Consumer closed input channel or an error occurred.  events=0x9
07-06 03:14:50.813 E/InputDispatcher(  715): channel '27a3b38 com.huiyi.mockchat/com.huiyi.mockchat.MainActivity' ~ Channel is unrecoverably broken and will be disposed!
07-06 03:14:50.813 I/ImeTracker(  715): com.huiyi.mockchat:2b4b9cc9: onRequestHide at ORIGIN_SERVER reason HIDE_REMOVE_CLIENT fromUser false
07-06 03:14:50.813 W/IPCThreadState(  715): Sending oneway calls to frozen process.
07-06 03:14:50.813 I/ImeTracker(  715): com.huiyi.mockchat:2b4b9cc9: onCancelled at PHASE_SERVER_SHOULD_HIDE
07-06 03:14:50.813 W/IPCThreadState(  715): Sending oneway calls to frozen process.
07-06 03:14:50.818 I/Zygote  (  491): Process 1961 exited due to signal 9 (Killed)
07-06 03:14:50.818 I/BpBinder(  567): onLastStrongRef automatically unlinking death recipients: 
07-06 03:14:50.827 I/WindowManager(  715): WINDOW DIED Window{27a3b38 u0 com.huiyi.mockchat/com.huiyi.mockchat.MainActivity}
07-06 03:14:50.828 W/IPCThreadState(  715): Sending oneway calls to frozen process.
07-06 03:14:50.829 W/IPCThreadState(  715): Sending oneway calls to frozen process.
07-06 03:14:50.829 W/IPCThreadState(  715): Sending oneway calls to frozen process.
07-06 03:14:50.829 W/IPCThreadState(  715): Sending oneway calls to frozen process.
07-06 03:14:50.830 W/IPCThreadState(  715): Sending oneway calls to frozen process.
07-06 03:14:50.831 W/IPCThreadState(  715): Sending oneway calls to frozen process.
07-06 03:14:50.831 W/IPCThreadState(  715): Sending oneway calls to frozen process.
07-06 03:14:50.831 I/WindowManager(  715): WIN DEATH: Window{27a3b38 u0 com.huiyi.mockchat/com.huiyi.mockchat.MainActivity EXITING}
07-06 03:14:50.832 W/IPCThreadState(  715): Sending oneway calls to frozen process.
07-06 03:14:50.832 W/IPCThreadState(  715): Sending oneway calls to frozen process.
07-06 03:14:50.833 D/BaseDepthController( 1124): setSurface:
07-06 03:14:50.833 D/BaseDepthController( 1124): 	mWaitingOnSurfaceValidity: false
07-06 03:14:50.833 D/BaseDepthController( 1124): 	mBaseSurface: Surface(name=com.google.android.apps.nexuslauncher/com.google.android.apps.nexuslauncher.NexusLauncherActivity)/@0xcfe1a4e
07-06 03:14:50.837 D/WifiClientModeImpl[27601:wlan0](  715): updateLinkLayerStatsRssiSpeedFrequencyCapabilities rssi=-50 TxLinkspeed=1 freq=2447 RxLinkSpeed=2
07-06 03:14:50.837 D/WifiDataStall(  715): tx tput in kbps: 11000
07-06 03:14:50.837 D/WifiDataStall(  715): rx tput in kbps: 11000
07-06 03:14:50.842 I/libprocessgroup(  715): Removed cgroup /sys/fs/cgroup/apps/uid_10217/pid_1961
07-06 03:14:50.844 W/IPCThreadState(  715): Sending oneway calls to frozen process.
07-06 03:14:50.844 V/WifiConfigManager(  715): Updating scan detail cache freq=2447 BSSID=00:13:10:85:fe:01 RSSI=-50 for "AndroidWifi"NONE
07-06 03:14:50.844 W/IPCThreadState(  715): Sending oneway calls to frozen process.
07-06 03:14:50.845 D/WifiThroughputPredictor(  715):  utilization (LLS) 80 isBluetoothConnected: false final utilization: 80
07-06 03:14:50.845 W/IPCThreadState(  715): Sending oneway calls to frozen process.
07-06 03:14:50.848 D/WifiThroughputPredictor(  715):  BW: 0 RSSI: -50 Nss: 1 Mode: 1 symDur: 4000 snrDb 30 bitPerTone: 4500 rate: 54 throughput: 11
07-06 03:14:50.849 W/IPCThreadState(  715): Sending oneway calls to frozen process.
07-06 03:14:50.850 W/IPCThreadState(  715): Sending oneway calls to frozen process.
07-06 03:14:50.853 D/WifiThroughputPredictor(  715):  utilization (LLS) 80 isBluetoothConnected: false final utilization: 80
07-06 03:14:50.856 D/WifiThroughputPredictor(  715):  BW: 0 RSSI: -50 Nss: 1 Mode: 1 symDur: 4000 snrDb 30 bitPerTone: 4500 rate: 54 throughput: 11
07-06 03:14:50.856 D/WifiThroughputPredictor(  715):  utilization (LLS) 80 isBluetoothConnected: false final utilization: 80
07-06 03:14:50.856 D/WifiThroughputPredictor(  715):  BW: 0 RSSI: -50 Nss: 1 Mode: 1 symDur: 4000 snrDb 30 bitPerTone: 4500 rate: 54 throughput: 11
07-06 03:14:50.856 D/WifiThroughputPredictor(  715):  utilization (LLS) 80 isBluetoothConnected: false final utilization: 80
07-06 03:14:50.856 D/WifiThroughputPredictor(  715):  BW: 0 RSSI: -50 Nss: 1 Mode: 1 symDur: 4000 snrDb 30 bitPerTone: 4500 rate: 54 throughput: 11
07-06 03:14:50.857 W/ActivityTaskManager(  715): Unable to send transaction to client proc com.huiyi.mockchat: no app thread
07-06 03:14:50.864 W/IPCThreadState(  715): Sending oneway calls to frozen process.
07-06 03:14:50.865 D/WifiScoreCard(  715): BSSID update SIGNAL_POLL ID: 1559335064 SSID: "AndroidWifi", BSSID: 00:13:10:85:fe:01, MAC: 02:15:b2:00:00:00, IP: /10.0.2.16, Security type: 0, Supplicant state: COMPLETED, Wi-Fi standard: legacy, RSSI: -50, Link speed: 1Mbps, Tx Link speed: 1Mbps, Max Supported Tx Link speed: 11Mbps, Rx Link speed: 2Mbps, Max Supported Rx Link speed: 11Mbps, Frequency: 2447MHz, Net ID: 0, Metered hint: false, score: 60, isUsable: true, CarrierMerged: false, SubscriptionId: -1, IsPrimary: 1, Trusted: true, Restricted: false, Ephemeral: false, OEM paid: false, OEM private: false, OSU AP: false, FQDN: <none>, Provider friendly name: <none>, Requesting package name: <none>"AndroidWifi"openMLO Information: , Is TID-To-Link negotiation supported by the AP: false, AP MLD Address: <none>, AP MLO Link Id: <none>, AP MLO Affiliated links: <none>, Vendor Data: <none>
07-06 03:14:50.865 D/WifiScoreCard(  715): txRate: 1 txSpeed: 1
07-06 03:14:50.870 W/IPCThreadState(  715): Sending oneway calls to frozen process.
07-06 03:14:50.871 W/IPCThreadState(  715): Sending oneway calls to frozen process.
07-06 03:14:50.871 W/IPCThreadState(  715): Sending oneway calls to frozen process.
07-06 03:14:50.872 W/IPCThreadState(  715): Sending oneway calls to frozen process.
07-06 03:14:50.873 W/IPCThreadState(  715): Sending oneway calls to frozen process.
07-06 03:14:50.875 D/WifiScoreCard(  715): network update SIGNAL_POLL "AndroidWifi" ID: 1201260005 RSSI -50 txSpeed -1
07-06 03:14:50.877 W/IPCThreadState(  715): Sending oneway calls to frozen process.
07-06 03:14:50.878 W/IPCThreadState(  715): Sending oneway calls to frozen process.
07-06 03:14:50.878 D/WifiClientModeImpl[27601:wlan0](  715):  ClientModeImpl$L2ConnectedState screen=on 1 0 "AndroidWifi" 00:13:10:85:fe:01 rssi=-50 f=2447 sc=60 link=1 tx=0.6, 0.0, 0.0 rx=0.6 bcn=0 [on:0 tx:0 rx:0 period:3048] from screen [on:0 period:896263038] score=60
07-06 03:14:50.878 W/IPCThreadState(  715): Sending oneway calls to frozen process.
07-06 03:14:50.880 W/IPCThreadState(  715): Sending oneway calls to frozen process.
07-06 03:14:50.880 W/IPCThreadState(  715): Sending oneway calls to frozen process.
07-06 03:14:50.881 W/IPCThreadState(  715): Sending oneway calls to frozen process.
07-06 03:14:50.884 W/IPCThreadState(  715): Sending oneway calls to frozen process.
07-06 03:14:50.885 W/IPCThreadState(  715): Sending oneway calls to frozen process.
07-06 03:14:50.889 W/IPCThreadState(  715): Sending oneway calls to frozen process.
07-06 03:14:50.891 W/IPCThreadState(  715): Sending oneway calls to frozen process.
07-06 03:14:50.891 W/IPCThreadState(  715): Sending oneway calls to frozen process.
07-06 03:14:50.892 W/IPCThreadState(  715): Sending oneway calls to frozen process.
07-06 03:14:50.892 D/StatsLog( 1124): LAUNCHER_ONRESUME
07-06 03:14:50.893 W/IPCThreadState(  715): Sending oneway calls to frozen process.
07-06 03:14:50.908 D/QuickstepModelDelegate( 1124): notifyAppTargetEvent action=1 launchLocation=workspace/0/[-1,-1]/[1,1]
07-06 03:14:50.908 I/NotificationListener( 1124): Handling notification state refresh for android#0
07-06 03:14:50.909 I/NotificationListener( 1124): Handling notification state refresh for com.google.android.apps.wellbeing#0
07-06 03:14:50.909 I/NotificationListener( 1124): Handling notification state refresh for android#0
07-06 03:14:50.910 V/WindowManagerShell(  972): onTransitionReady(transaction=3070901641724)
07-06 03:14:50.911 V/WindowManagerShell(  972): onTransitionReady (#318) android.os.BinderProxy@dec712d: {id=318 t=CLOSE f=0x0 trk=0 r=[0@Point(0, 0)] c=[
07-06 03:14:50.911 V/WindowManagerShell(  972):         {m=TO_FRONT f=SHOW_WALLPAPER|MOVE_TO_TOP leash=Surface(name=Task=1)/@0xe6593f3 sb=Rect(0, 0 - 1084, 2412) eb=Rect(0, 0 - 1084, 2412) epz=Point(1084, 2412) d=0 taskParent=-1},
07-06 03:14:50.911 V/WindowManagerShell(  972):         {m=CLOSE f=NONE leash=Surface(name=Task=274)/@0x54638b0 sb=Rect(0, 0 - 1084, 2412) eb=Rect(0, 0 - 1084, 2412) epz=Point(1084, 2412) d=0 taskParent=-1},
07-06 03:14:50.911 V/WindowManagerShell(  972):         {m=TO_FRONT f=IS_WALLPAPER leash=Surface(name=WallpaperWindowToken{d6cca47 showWhenLocked=false})/@0xc4bf329 sb=Rect(0, 0 - 1084, 2412) eb=Rect(0, 0 - 1084, 2412) epz=Point(1084, 2412) d=0}
07-06 03:14:50.911 V/WindowManagerShell(  972):     ]}
07-06 03:14:50.911 V/WindowManagerShell(  972): Playing animation for (#318) android.os.BinderProxy@dec712d@0
07-06 03:14:50.911 V/ShellRecents(  972): RecentsTransitionHandler.startAnimation: no controller found
07-06 03:14:50.912 V/WindowManagerShell(  972): Transition doesn't have explicit remote, search filters for match for {id=318 t=CLOSE f=0x0 trk=0 r=[0@Point(0, 0)] c=[{m=TO_FRONT f=SHOW_WALLPAPER|MOVE_TO_TOP leash=Surface(name=Task=1)/@0xe6593f3 sb=Rect(0, 0 - 1084, 2412) eb=Rect(0, 0 - 1084, 2412) epz=Point(1084, 2412) d=0 taskParent=-1},{m=CLOSE f=NONE leash=Surface(name=Task=274)/@0x54638b0 sb=Rect(0, 0 - 1084, 2412) eb=Rect(0, 0 - 1084, 2412) epz=Point(1084, 2412) d=0 taskParent=-1},{m=TO_FRONT f=IS_WALLPAPER leash=Surface(name=WallpaperWindowToken{d6cca47 showWhenLocked=false})/@0xc4bf329 sb=Rect(0, 0 - 1084, 2412) eb=Rect(0, 0 - 1084, 2412) epz=Point(1084, 2412) d=0}]}
07-06 03:14:50.912 V/WindowManagerShell(  972):  Checking filter Pair{{types=[] flags=0x0] notFlags=0x0 checks=[{atype=undefined independent=true modes=[CLOSE,TO_BACK] flags=IN_TASK_WITH_EMBEDDED_ACTIVITY mustBeTask=false order=ANY topActivity=null launchCookie=null taskFragmentToken=android.os.BinderProxy@9757ff windowingMode=undefined}]} RemoteTransition { remoteTransition = android.window.IRemoteTransition$Stub$Proxy@b7a59cc, appThread = android.app.IApplicationThread$Stub$Proxy@a3c9415, debugName = overlayBackTransition }}
07-06 03:14:50.912 V/WindowManagerShell(  972):  Checking filter Pair{{types=[] flags=0x0] notFlags=0x0 checks=[{atype=dream independent=true modes=[OPEN,TO_FRONT] flags=NONE mustBeTask=false order=ANY topActivity=null launchCookie=null windowingMode=undefined},{atype=home independent=true modes=[CLOSE,TO_BACK] flags=NONE mustBeTask=false order=ANY topActivity=null launchCookie=null windowingMode=undefined}]} RemoteTransition { remoteTransition = android.window.IRemoteTransition$Stub$Proxy@e27a32a, appThread = android.app.IApplicationThread$Stub$Proxy@713751b, debugName = LauncherToDream }}
07-06 03:14:50.913 V/WindowManagerShell(  972):  Checking filter Pair{{types=[] flags=0x0] notFlags=0x100 checks=[{atype=home independent=true modes=[OPEN,TO_FRONT] flags=NONE mustBeTask=false order=TOP topActivity=ComponentInfo{com.google.android.apps.nexuslauncher/com.google.android.apps.nexuslauncher.NexusLauncherActivity} launchCookie=null windowingMode=undefined},{atype=standard independent=true modes=[CLOSE,TO_BACK] flags=NONE mustBeTask=false order=ANY topActivity=null launchCookie=null windowingMode=undefined},{NOT atype=undefined independent=true modes=[] flags=NONE mustBeTask=true order=ANY topActivity=null launchCookie=null customAnim=true windowingMode=undefined}]} RemoteTransition { remoteTransition = android.window.IRemoteTransition$Stub$Proxy@ed946b8, appThread = android.app.IApplicationThread$Stub$Proxy@5f5c91, debugName = QuickstepLaunchHome }}
07-06 03:14:50.917 D/RemoteTransitionHandler(  972): Found filterPair{{types=[] flags=0x0] notFlags=0x100 checks=[{atype=home independent=true modes=[OPEN,TO_FRONT] flags=NONE mustBeTask=false order=TOP topActivity=ComponentInfo{com.google.android.apps.nexuslauncher/com.google.android.apps.nexuslauncher.NexusLauncherActivity} launchCookie=null windowingMode=undefined},{atype=standard independent=true modes=[CLOSE,TO_BACK] flags=NONE mustBeTask=false order=ANY topActivity=null launchCookie=null windowingMode=undefined},{NOT atype=undefined independent=true modes=[] flags=NONE mustBeTask=true order=ANY topActivity=null launchCookie=null customAnim=true windowingMode=undefined}]} RemoteTransition { remoteTransition = android.window.IRemoteTransition$Stub$Proxy@ed946b8, appThread = android.app.IApplicationThread$Stub$Proxy@5f5c91, debugName = QuickstepLaunchHome }}
07-06 03:14:50.917 V/WindowManagerShell(  972):  Delegate animation for (#318) to RemoteTransition { remoteTransition = android.window.IRemoteTransition$Stub$Proxy@ed946b8, appThread = android.app.IApplicationThread$Stub$Proxy@5f5c91, debugName = QuickstepLaunchHome }
07-06 03:14:50.939 D/StateManager( 1124): createAtomicAnimation - fromState: Background, toState: Normal, partial trace:
07-06 03:14:50.939 D/StateManager( 1124): 	at com.android.quickstep.util.ScalingWorkspaceRevealAnim.<init>(go/retraceme 43e00d9cd0eb17b3d9dd30fc1741b1c71445c4c0f7c8c9b81300265c86c5b873:39)
07-06 03:14:50.939 D/StateManager( 1124): 	at com.android.launcher3.QuickstepTransitionManager.createWallpaperOpenAnimations(go/retraceme 43e00d9cd0eb17b3d9dd30fc1741b1c71445c4c0f7c8c9b81300265c86c5b873:168)
07-06 03:14:50.939 D/StateManager( 1124): 	at com.android.launcher3.QuickstepTransitionManager$WallpaperOpenLauncherAnimationRunner.onAnimationStart(go/retraceme 43e00d9cd0eb17b3d9dd30fc1741b1c71445c4c0f7c8c9b81300265c86c5b873:17)
07-06 03:14:50.940 D/b/311077782( 1124): LauncherAnimationRunner.setAnimation
07-06 03:14:50.942 V/WindowManager(  715): Sent Transition (#318) createdAt=07-06 03:14:50.788 via request=TransitionRequestInfo { type = CLOSE, triggerTask = TaskInfo{userId=0 taskId=274 effectiveUid=10217 displayId=0 isRunning=false baseIntent=Intent { flg=0x10000000 cmp=com.huiyi.mockchat/.MainActivity } baseActivity=null topActivity=null origActivity=null realActivity=ComponentInfo{com.huiyi.mockchat/com.huiyi.mockchat.MainActivity} numActivities=0 lastActiveTime=49994959 supportsMultiWindow=true resizeMode=1 isResizeable=true minWidth=-1 minHeight=-1 defaultMinSize=220 token=WCT{RemoteToken{afb73bb Task{8bd6224 #274 type=standard A=10217:com.huiyi.mockchat}}} topActivityType=1 pictureInPictureParams=null shouldDockBigOverlays=false launchIntoPipHostTaskId=-1 lastParentTaskIdBeforePip=-1 displayCutoutSafeInsets=Rect(0, 0 - 0, 0) topActivityInfo=null launchCookies=[] positionInParent=Point(0, 0) parentTaskId=-1 isFocused=true isVisible=true isVisibleRequested=true isTopActivityNoDisplay=false isSleeping=false locusId=null displayAreaFeatureId=1 isTopActivityTransparent=false isActivityStackTransparent=true lastNonFullscreenBounds=Rect(286, 664 - 798, 1748) capturedLink=null capturedLinkTimestamp=0 requestedVisibleTypes=-9 topActivityRequestOpenInBrowserEducationTimestamp=0 appCompatTaskInfo=AppCompatTaskInfo { topActivityInSizeCompat=false eligibleForLetterboxEducation= false isLetterboxEducationEnabled= false isLetterboxDoubleTapEnabled= false eligibleForUserAspectRatioButton= false topActivityBoundsLetterboxed= false isFromLetterboxDoubleTap= false topActivityLetterboxVerticalPosition= -1 topActivityLetterboxHorizontalPosition= -1 topActivityLetterboxWidth=-1 topActivityLetterboxHeight=-1 topActivityAppBounds=Rect(0, 0 - 0, 0) isUserFullscreenOverrideEnabled=false isSystemFullscreenOverrideEnabled=false hasMinAspectRatioOverride=false topActivityLetterboxBounds=null cameraCompatTaskInfo=CameraCompatTaskInfo { freeformCameraCompatMode=undefined}} topActivityMainWindowFrame=null}, pipChange = null, remoteTransition = null, displayChange = null, flags = 0, debugId = 318 }
07-06 03:14:50.943 V/WindowManager(  715):     startWCT=WindowContainerTransaction { changes= {} hops= [] errorCallbackToken=null taskFragmentOrganizer=null }
07-06 03:14:50.943 I/AiAiEcho( 1480): Predicting[0]:  [CONTEXT sampling_count=5 ]
07-06 03:14:50.943 I/AiAiEcho( 1480): EchoTargets: 
07-06 03:14:50.943 I/AiAiEcho( 1480): Filtered by AiAi flag check: 
07-06 03:14:50.943 I/AiAiEcho( 1480): [CONTEXT ratelimit_period="10 SECONDS" ]
07-06 03:14:50.944 V/WindowManager(  715):     info={id=318 t=CLOSE f=0x0 trk=0 r=[0@Point(0, 0)] c=[
07-06 03:14:50.944 V/WindowManager(  715):         {WCT{RemoteToken{ba7d2de Task{f5e704d #1 type=home}}} m=TO_FRONT f=SHOW_WALLPAPER|MOVE_TO_TOP leash=Surface(name=Task=1)/@0x55c111d sb=Rect(0, 0 - 1084, 2412) eb=Rect(0, 0 - 1084, 2412) epz=Point(1084, 2412) d=0 taskParent=-1},
07-06 03:14:50.944 V/WindowManager(  715):         {WCT{RemoteToken{afb73bb Task{8bd6224 #274 type=standard A=10217:com.huiyi.mockchat}}} m=CLOSE f=NONE leash=Surface(name=Task=274)/@0x2156fa7 sb=Rect(0, 0 - 1084, 2412) eb=Rect(0, 0 - 1084, 2412) epz=Point(1084, 2412) d=0 taskParent=-1},
07-06 03:14:50.944 V/WindowManager(  715):         {m=TO_FRONT f=IS_WALLPAPER leash=Surface(name=WallpaperWindowToken{d6cca47 showWhenLocked=false})/@0x17505f4 sb=Rect(0, 0 - 1084, 2412) eb=Rect(0, 0 - 1084, 2412) epz=Point(1084, 2412) d=0}
07-06 03:14:50.944 V/WindowManager(  715):     ]}
07-06 03:14:50.945 I/AppsFilter(  715): interaction: PackageSetting{82e8969 com.android.microdroid.empty_payload/10212} -> PackageSetting{addab5b com.huiyi.mockchat/10217} BLOCKED
07-06 03:14:50.945 I/AppsFilter(  715): interaction: PackageSetting{2dc8c76 com.huiyi.v4/10216} -> PackageSetting{addab5b com.huiyi.mockchat/10217} BLOCKED
07-06 03:14:50.948 I/AiAiEcho( 1480): #remoteViewsTwiddler: feature disabled.
07-06 03:14:50.948 V/WindowManagerShell(  972):  animated by com.android.wm.shell.transition.RemoteTransitionHandler@1403b21
07-06 03:14:50.948 W/system_server(  715): Long monitor contention with owner binder:715_1 (735) at void com.android.server.am.ActivityManagerService.forceStopPackage(java.lang.String, int, int, java.lang.String)(ActivityManagerService.java:3886) waiters=0 in void com.android.server.am.ProcessRecord.updateProcessInfo(boolean, boolean, boolean) for 146ms
07-06 03:14:50.948 W/Looper  (  972): Slow dispatch took 38ms wmshell.main app=com.android.systemui main=false group=FOREGROUND h=android.os.Handler c=com.android.wm.shell.transition.Transitions$TransitionPlayerImpl$$ExternalSyntheticLambda0@13b7c4f m=0
07-06 03:14:50.956 W/system_server(  715): Long monitor contention with owner binder:715_1 (735) at void com.android.server.am.ActivityManagerService.forceStopPackage(java.lang.String, int, int, java.lang.String)(ActivityManagerService.java:3886) waiters=1 in void com.android.server.am.BroadcastQueueImpl.handleProcessFreezableChanged(com.android.server.am.ProcessRecord) for 156ms
07-06 03:14:50.957 I/AiAiEcho( 1480): #postPredictionTargets: Sending updates to UISurface home with targets# 0 (types=[])
07-06 03:14:50.960 W/HWUI    ( 1124): Image decoding logging dropped!
07-06 03:14:50.976 V/ActivityManager(  715): Got obituary of 1961:com.huiyi.mockchat
07-06 03:14:50.985 D/SsBaseTemplateCard( 1124): No text view can be set up
07-06 03:14:50.985 D/SsBaseTemplateCard( 1124): Passed-in item info is null
07-06 03:14:50.985 D/SsBaseTemplateCard( 1124): Passed-in item info is null
07-06 03:14:50.985 D/SsBaseTemplateCard( 1124): Passed-in item info is null
07-06 03:14:50.985 I/SsBaseTemplateCard( 1124): Secondary card pane is null
07-06 03:14:50.989 I/ImeTracker(  715): com.google.android.apps.nexuslauncher:14b22f57: onRequestHide at ORIGIN_SERVER reason HIDE_UNSPECIFIED_WINDOW fromUser false
07-06 03:14:50.992 I/GoogleInputMethodService( 1395): GoogleInputMethodService.onFinishInput():2043 
07-06 03:14:50.992 I/AppWidgetServiceImpl(  715): Received broadcast: android.intent.action.PACKAGE_RESTARTED on user 0
07-06 03:14:50.993 I/AppWidgetServiceImpl(  715): Updating package stopped masked state for uid 10217 package com.huiyi.mockchat isStopped true
07-06 03:14:50.995 V/WindowManager(  715): Unknown focus tokens, dropping reportFocusChanged
07-06 03:14:50.995 W/ActivityManager(  715): setHasOverlayUi called on unknown pid: 1961
07-06 03:14:50.996 I/Module  ( 1395): DeviceLockedStatusModuleProvider$Module.updateDeviceLockedStatus():100 repeatCheckTimes = 0, locked = false
07-06 03:14:51.000 I/GoogleInputMethodService( 1395): GoogleInputMethodService.onStartInput():1293 onStartInput(EditorInfo{EditorInfo{packageName=com.google.android.apps.nexuslauncher, inputType=0, inputTypeString=NULL, enableLearning=false, autoCorrection=false, autoComplete=false, imeOptions=0, privateImeOptions=null, actionName=UNSPECIFIED, actionLabel=null, initialSelStart=-1, initialSelEnd=-1, initialCapsMode=0, label=null, fieldId=0, fieldName=null, extras=null, hintText=null, hintLocales=[]}}, false)
07-06 03:14:51.000 D/CarrierSvcBindHelper( 1112): onHandleForceStop: [com.huiyi.mockchat]
07-06 03:14:51.009 I/ImeTracker(  715): system_server:3fce78e1: onRequestHide at ORIGIN_SERVER reason IME_REQUESTED_CHANGED_LISTENER fromUser false
07-06 03:14:51.009 W/PackageConfigPersister(  715): App-specific configuration not found for packageName: com.google.android.apps.nexuslauncher and userId: 0
07-06 03:14:51.009 D/InsetsController( 1124): hide(ime(), fromIme=false)
07-06 03:14:51.009 I/ImeTracker( 1124): com.google.android.apps.nexuslauncher:14b22f57: onCancelled at PHASE_CLIENT_ALREADY_HIDDEN
07-06 03:14:51.016 I/BpBinder(  567): onLastStrongRef automatically unlinking death recipients: 
07-06 03:14:51.016 I/Module  ( 1395): DeviceLockedStatusModuleProvider$Module.updateDeviceLockedStatus():100 repeatCheckTimes = 1, locked = false
07-06 03:14:51.025 I/ImeTracker(  715): system_server:3fce78e1: onCancelled at PHASE_SERVER_SHOULD_HIDE
07-06 03:14:51.028 D/CarrierSvcBindHelper( 1112): No carrier app for: 0
07-06 03:14:51.046 W/ActivityTaskManager(  715): Unable to send transaction to client proc com.huiyi.mockchat: no app thread
07-06 03:14:51.353 W/ActivityTaskManager(  715): callingPackage for (uid=2000, pid=2206) has no WPC
07-06 03:14:51.356 V/GrammaticalInflectionUtils(  715): AttributionSource: AttributionSource { uid = 10217, packageName = null, attributionTag = null, token = android.os.Binder@2b6457c, deviceId = 0, next = null } does not have READ_SYSTEM_GRAMMATICAL_GENDER permission.
07-06 03:14:51.357 W/OptProp (  715): Cannot read opt property android.window.PROPERTY_COMPAT_ALLOW_USER_ASPECT_RATIO_OVERRIDE
07-06 03:14:51.357 W/OptProp (  715): Cannot read opt property android.window.PROPERTY_COMPAT_ALLOW_USER_ASPECT_RATIO_FULLSCREEN_OVERRIDE
07-06 03:14:51.358 W/OptProp (  715): Cannot read opt property android.window.PROPERTY_COMPAT_ALLOW_RESIZEABLE_ACTIVITY_OVERRIDES
07-06 03:14:51.358 W/OptProp (  715): Cannot read opt property android.window.PROPERTY_COMPAT_ALLOW_MIN_ASPECT_RATIO_OVERRIDE
07-06 03:14:51.375 W/OptProp (  715): Cannot read opt property android.window.PROPERTY_COMPAT_ALLOW_ORIENTATION_OVERRIDE
07-06 03:14:51.381 V/SplashScreenExceptionList(  715): SplashScreen checking exception for package com.huiyi.mockchat (target sdk:35) -> false
07-06 03:14:51.384 I/BpBinder(  567): onLastStrongRef automatically unlinking death recipients: 
07-06 03:14:51.386 I/ActivityTaskManager(  715): Add Task{8bd6224 #274 type=standard A=10217:com.huiyi.mockchat} to hidden list because adding Task{80c5a72 #275 type=standard A=10217:com.huiyi.mockchat}
07-06 03:14:51.394 D/CompatChangeReporter(  715): Compat change id reported: 309578419; UID 10217; state: ENABLED
07-06 03:14:51.397 I/ActivityTaskManager(  715): START u0 {flg=0x10000000 xflg=0x5 cmp=com.huiyi.mockchat/.MainActivity (has extras)} with LAUNCH_MULTIPLE from uid 2000 (BAL_ALLOW_PERMISSION) result code=0
07-06 03:14:51.400 W/HWUI    (  972): Image decoding logging dropped!
07-06 03:14:51.401 D/SplashScreenView(  972): Build android.window.SplashScreenView{4712de0 V.E...... ......ID 0,0-0,0}
07-06 03:14:51.401 D/SplashScreenView(  972): Icon: view: android.widget.ImageView{3a0a75e V.ED..... ......I. 0,0-0,0 #1020542 android:id/splashscreen_icon_view} drawable: com.android.wm.shell.startingsurface.SplashscreenIconDrawableFactory$ImmobileIconDrawable@f1a173f size: 395
07-06 03:14:51.401 D/SplashScreenView(  972): Branding: view: android.view.View{aeb480c G.ED..... ......I. 0,0-0,0 #1020541 android:id/splashscreen_branding_view} drawable: null size w: 0 h: 0
07-06 03:14:51.404 V/WindowManagerShell(  972): Transition requested (#319): android.os.BinderProxy@b6af899 TransitionRequestInfo { type = OPEN, triggerTask = TaskInfo{userId=0 taskId=275 effectiveUid=10217 displayId=0 isRunning=true baseIntent=Intent { flg=0x10000000 cmp=com.huiyi.mockchat/.MainActivity } baseActivity=ComponentInfo{com.huiyi.mockchat/com.huiyi.mockchat.MainActivity} topActivity=ComponentInfo{com.huiyi.mockchat/com.huiyi.mockchat.MainActivity} origActivity=null realActivity=ComponentInfo{com.huiyi.mockchat/com.huiyi.mockchat.MainActivity} numActivities=1 lastActiveTime=50012350 supportsMultiWindow=true resizeMode=1 isResizeable=true minWidth=-1 minHeight=-1 defaultMinSize=220 token=WCT{android.window.IWindowContainerToken$Stub$Proxy@b698555} topActivityType=1 pictureInPictureParams=null shouldDockBigOverlays=false launchIntoPipHostTaskId=-1 lastParentTaskIdBeforePip=-1 displayCutoutSafeInsets=Rect(0, 0 - 0, 0) topActivityInfo=ActivityInfo{74bdb6a com.huiyi.mockchat.MainActivity} launchCookies=[] positionInParent=Point(0, 0) parentTaskId=-1 isFocused=false isVisible=false isVisibleRequested=false isTopActivityNoDisplay=false isSleeping=false locusId=null displayAreaFeatureId=1 isTopActivityTransparent=false isActivityStackTransparent=false lastNonFullscreenBounds=Rect(286, 664 - 798, 1748) capturedLink=null capturedLinkTimestamp=0 requestedVisibleTypes=-9 topActivityRequestOpenInBrowserEducationTimestamp=0 appCompatTaskInfo=AppCompatTaskInfo { topActivityInSizeCompat=false eligibleForLetterboxEducation= false isLetterboxEducationEnabled= true isLetterboxDoubleTapEnabled= false eligibleForUserAspectRatioButton= false topActivityBoundsLetterboxed= false isFromLetterboxDoubleTap= false topActivityLetterboxVerticalPosition= -1 topActivityLetterboxHorizontalPosition= -1 topActivityLetterboxWidth=-1 topActivityLetterboxHeight=-1 topActivityAppBounds=Rect(0, 0 - 1084, 2412) isUserFullscreenOverrideEnabled=false isSystemFullscreenOverrideEnabled=false hasMinAspectRatioOverride=false topActivityLetterboxBounds=null cameraCompatTaskInfo=CameraCompatTaskInfo { freeformCameraCompatMode=inactive}} topActivityMainWindowFrame=null}, pipChange = null, remoteTransition = null, displayChange = null, flags = 0, debugId = 319 }
07-06 03:14:51.407 D/ShellSplitScreen(  972): logExit: no-op, mLoggerSessionId is null
07-06 03:14:51.411 W/IPCThreadState(  630): Sending oneway calls to frozen process.
07-06 03:14:51.415 W/IPCThreadState(  630): Sending oneway calls to frozen process.
07-06 03:14:51.428 W/SplitSelectStateCtor( 1124): Missing session instanceIds
07-06 03:14:51.432 D/SatelliteController( 1112): iisInCarrierRoamingNbIotNtn: satellite is disabled
07-06 03:14:51.433 D/StatsLog( 1124): LAUNCHER_SPLIT_SELECTION_EXIT_INTERRUPTED
07-06 03:14:51.433 D/WindowManagerShell(  972): setLauncherKeepClearAreaHeight: visible=false, height=497
07-06 03:14:51.444 I/AppsFilter(  715): interaction: PackageSetting{82e8969 com.android.microdroid.empty_payload/10212} -> PackageSetting{7d81d35 com.huiyi.mockchat/10217} BLOCKED
07-06 03:14:51.445 I/AppsFilter(  715): interaction: PackageSetting{2dc8c76 com.huiyi.v4/10216} -> PackageSetting{7d81d35 com.huiyi.mockchat/10217} BLOCKED
07-06 03:14:51.480 D/CoreBackPreview(  715): Window{ac1abbe u0 Splash Screen com.huiyi.mockchat}: Setting back callback OnBackInvokedCallbackInfo{mCallback=android.window.IOnBackInvokedCallback$Stub$Proxy@77a57b1, mPriority=0, mIsAnimationCallback=false, mOverrideBehavior=0}
07-06 03:14:51.485 V/GrammaticalInflectionUtils(  715): AttributionSource: AttributionSource { uid = 10217, packageName = null, attributionTag = null, token = android.os.Binder@2b6457c, deviceId = 0, next = null } does not have READ_SYSTEM_GRAMMATICAL_GENDER permission.
07-06 03:14:51.520 I/AppWidgetServiceImpl(  715): Received broadcast: android.intent.action.PACKAGE_UNSTOPPED on user 0
07-06 03:14:51.521 I/AppWidgetServiceImpl(  715): Updating package stopped masked state for uid 10217 package com.huiyi.mockchat isStopped false
07-06 03:14:51.525 D/BackgroundInstallControlService(  715): Package event received: 0
07-06 03:14:51.533 D/Zygote  (  491): Forked child process 2215
07-06 03:14:51.544 W/ActivityManager(  715): Slow operation: 58ms so far, now at startProcess: returned from zygote!
07-06 03:14:51.545 W/ActivityManager(  715): Slow operation: 59ms so far, now at startProcess: done updating battery stats
07-06 03:14:51.545 W/ActivityManager(  715): Slow operation: 59ms so far, now at startProcess: building log message
07-06 03:14:51.545 I/ActivityManager(  715): Start proc 2215:com.huiyi.mockchat/u0a217 for next-top-activity {com.huiyi.mockchat/com.huiyi.mockchat.MainActivity}
07-06 03:14:51.546 W/ActivityManager(  715): Slow operation: 60ms so far, now at startProcess: starting to update pids map
07-06 03:14:51.556 I/ActivityManager(  715): ProcessObserver broadcast disabled
07-06 03:14:51.557 W/ActivityManager(  715): Slow operation: 71ms so far, now at startProcess: done updating pids map
07-06 03:14:51.610 V/WindowManager(  715): Sent Transition (#319) createdAt=07-06 03:14:51.364 via request=TransitionRequestInfo { type = OPEN, triggerTask = TaskInfo{userId=0 taskId=275 effectiveUid=10217 displayId=0 isRunning=true baseIntent=Intent { flg=0x10000000 cmp=com.huiyi.mockchat/.MainActivity } baseActivity=ComponentInfo{com.huiyi.mockchat/com.huiyi.mockchat.MainActivity} topActivity=ComponentInfo{com.huiyi.mockchat/com.huiyi.mockchat.MainActivity} origActivity=null realActivity=ComponentInfo{com.huiyi.mockchat/com.huiyi.mockchat.MainActivity} numActivities=1 lastActiveTime=50012350 supportsMultiWindow=true resizeMode=1 isResizeable=true minWidth=-1 minHeight=-1 defaultMinSize=220 token=WCT{RemoteToken{3e2630f Task{80c5a72 #275 type=standard A=10217:com.huiyi.mockchat}}} topActivityType=1 pictureInPictureParams=null shouldDockBigOverlays=false launchIntoPipHostTaskId=-1 lastParentTaskIdBeforePip=-1 displayCutoutSafeInsets=Rect(0, 0 - 0, 0) topActivityInfo=ActivityInfo{e2cef9c com.huiyi.mockchat.MainActivity} launchCookies=[] positionInParent=Point(0, 0) parentTaskId=-1 isFocused=false isVisible=false isVisibleRequested=false isTopActivityNoDisplay=false isSleeping=false locusId=null displayAreaFeatureId=1 isTopActivityTransparent=false isActivityStackTransparent=false lastNonFullscreenBounds=Rect(286, 664 - 798, 1748) capturedLink=null capturedLinkTimestamp=0 requestedVisibleTypes=-9 topActivityRequestOpenInBrowserEducationTimestamp=0 appCompatTaskInfo=AppCompatTaskInfo { topActivityInSizeCompat=false eligibleForLetterboxEducation= false isLetterboxEducationEnabled= true isLetterboxDoubleTapEnabled= false eligibleForUserAspectRatioButton= false topActivityBoundsLetterboxed= false isFromLetterboxDoubleTap= false topActivityLetterboxVerticalPosition= -1 topActivityLetterboxHorizontalPosition= -1 topActivityLetterboxWidth=-1 topActivityLetterboxHeight=-1 topActivityAppBounds=Rect(0, 0 - 1084, 2412) isUserFullscreenOverrideEnabled=false isSystemFullscreenOverrideEnabled=false hasMinAspectRatioOverride=false topActivityLetterboxBounds=null cameraCompatTaskInfo=CameraCompatTaskInfo { freeformCameraCompatMode=inactive}} topActivityMainWindowFrame=null}, pipChange = null, remoteTransition = null, displayChange = null, flags = 0, debugId = 319 }
07-06 03:14:51.610 V/WindowManager(  715):     startWCT=WindowContainerTransaction { changes= {} hops= [] errorCallbackToken=null taskFragmentOrganizer=null }
07-06 03:14:51.610 V/WindowManager(  715):     info={id=319 t=OPEN f=0x0 trk=0 r=[0@Point(0, 0)] c=[
07-06 03:14:51.610 V/WindowManager(  715):         {WCT{RemoteToken{3e2630f Task{80c5a72 #275 type=standard A=10217:com.huiyi.mockchat}}} m=OPEN f=NONE leash=Surface(name=Task=275)/@0x9134be9 sb=Rect(0, 0 - 1084, 2412) eb=Rect(0, 0 - 1084, 2412) epz=Point(1084, 2412) d=0 taskParent=-1},
07-06 03:14:51.610 V/WindowManager(  715):         {WCT{RemoteToken{ba7d2de Task{f5e704d #1 type=home}}} m=TO_BACK f=SHOW_WALLPAPER leash=Surface(name=Task=1)/@0x55c111d sb=Rect(0, 0 - 1084, 2412) eb=Rect(0, 0 - 1084, 2412) epz=Point(1084, 2412) d=0 taskParent=-1},
07-06 03:14:51.610 V/WindowManager(  715):         {m=TO_BACK f=IS_WALLPAPER leash=Surface(name=WallpaperWindowToken{d6cca47 showWhenLocked=false})/@0x17505f4 sb=Rect(0, 0 - 1084, 2412) eb=Rect(0, 0 - 1084, 2412) epz=Point(1084, 2412) d=0}
07-06 03:14:51.610 V/WindowManager(  715):     ]}
07-06 03:14:51.610 I/.huiyi.mockchat( 2215): Late-enabling -Xcheck:jni
07-06 03:14:51.610 V/WindowManagerShell(  972): onTransitionReady(transaction=3070901641752)
07-06 03:14:51.616 V/WindowManagerShell(  972): onTransitionReady (#319) android.os.BinderProxy@b6af899: {id=319 t=OPEN f=0x0 trk=0 r=[0@Point(0, 0)] c=[
07-06 03:14:51.616 V/WindowManagerShell(  972):         {m=OPEN f=NONE leash=Surface(name=Task=275)/@0x6176dc5 sb=Rect(0, 0 - 1084, 2412) eb=Rect(0, 0 - 1084, 2412) epz=Point(1084, 2412) d=0 taskParent=-1},
07-06 03:14:51.616 V/WindowManagerShell(  972):         {m=TO_BACK f=SHOW_WALLPAPER leash=Surface(name=Task=1)/@0x6c9f31a sb=Rect(0, 0 - 1084, 2412) eb=Rect(0, 0 - 1084, 2412) epz=Point(1084, 2412) d=0 taskParent=-1},
07-06 03:14:51.616 V/WindowManagerShell(  972):         {m=TO_BACK f=IS_WALLPAPER leash=Surface(name=WallpaperWindowToken{d6cca47 showWhenLocked=false})/@0xc2a9e4b sb=Rect(0, 0 - 1084, 2412) eb=Rect(0, 0 - 1084, 2412) epz=Point(1084, 2412) d=0}
07-06 03:14:51.616 V/WindowManagerShell(  972):     ]}
07-06 03:14:51.621 V/WindowManagerShell(  972): Transition (#319) android.os.BinderProxy@b6af899@0 ready while (#318) android.os.BinderProxy@dec712d@0 is still animating. Notify the animating transition in case they can be merged
07-06 03:14:51.623 V/WindowManagerShell(  972):    Merge into remote: RemoteTransition { remoteTransition = android.window.IRemoteTransition$Stub$Proxy@ed946b8, appThread = android.app.IApplicationThread$Stub$Proxy@5f5c91, debugName = QuickstepLaunchHome }
07-06 03:14:51.656 V/WindowManagerShell(  972): Transition animation finished (aborted=false), notifying core (#318) android.os.BinderProxy@dec712d@0
07-06 03:14:51.657 I/.huiyi.mockchat( 2215): Using CollectorTypeCMC GC.
07-06 03:14:51.660 W/.huiyi.mockchat( 2215): Unexpected CPU variant for x86: x86_64.
07-06 03:14:51.660 W/.huiyi.mockchat( 2215): Known variants: atom, sandybridge, silvermont, goldmont, goldmont-plus, goldmont-without-sha-xsaves, tremont, kabylake, alderlake, default
07-06 03:14:51.661 V/WindowManager(  715): Finish Transition (#318): created at 07-06 03:14:50.788 collect-started=0.114ms request-sent=0.179ms started=10.268ms ready=107.8ms sent=120.392ms commit=23.349ms finished=872.74ms
07-06 03:14:51.666 E/IPCThreadState(  715): Binder transaction failure. id: 7965263, BR_*: 29189, error: -22 (Invalid argument)
--------- beginning of kernel
07-06 03:14:51.642 I/binder  (    0): 1249:715 cannot find target node
07-06 03:14:51.642 I/binder  (    0): 715:1249 transaction async to 0:0 failed 7965263/29189/-22, size 64-0 line 3348
07-06 03:14:51.672 W/ActivityManager(  715): pid 715 system sent binder code 7 with flags 1 to frozen apps and got error -32
07-06 03:14:51.673 W/WindowManager(  715): Exception thrown during dispatchAppVisibility Window{27a3b38 u0 com.huiyi.mockchat/com.huiyi.mockchat.MainActivity EXITING}
07-06 03:14:51.673 W/WindowManager(  715): android.os.DeadObjectException
07-06 03:14:51.673 W/WindowManager(  715): 	at android.os.BinderProxy.transactNative(Native Method)
07-06 03:14:51.673 W/WindowManager(  715): 	at android.os.BinderProxy.transact(BinderProxy.java:592)
07-06 03:14:51.673 W/WindowManager(  715): 	at android.view.IWindow$Stub$Proxy.dispatchAppVisibility(IWindow.java:557)
07-06 03:14:51.673 W/WindowManager(  715): 	at com.android.server.wm.WindowState.sendAppVisibilityToClients(WindowState.java:3151)
07-06 03:14:51.673 W/WindowManager(  715): 	at com.android.server.wm.WindowContainer.sendAppVisibilityToClients(WindowContainer.java:1311)
07-06 03:14:51.673 W/WindowManager(  715): 	at com.android.server.wm.WindowToken.setClientVisible(WindowToken.java:389)
07-06 03:14:51.673 W/WindowManager(  715): 	at com.android.server.wm.ActivityRecord.setClientVisible(ActivityRecord.java:6650)
07-06 03:14:51.673 W/WindowManager(  715): 	at com.android.server.wm.ActivityRecord.commitVisibility(ActivityRecord.java:5561)
07-06 03:14:51.673 W/WindowManager(  715): 	at com.android.server.wm.Transition.finishTransition(Transition.java:1391)
07-06 03:14:51.673 W/WindowManager(  715): 	at com.android.server.wm.TransitionController.finishTransition(TransitionController.java:1029)
07-06 03:14:51.673 W/WindowManager(  715): 	at com.android.server.wm.WindowOrganizerController.finishTransition(WindowOrganizerController.java:496)
07-06 03:14:51.673 W/WindowManager(  715): 	at android.window.IWindowOrganizerController$Stub.onTransact(IWindowOrganizerController.java:261)
07-06 03:14:51.673 W/WindowManager(  715): 	at com.android.server.wm.WindowOrganizerController.onTransact(WindowOrganizerController.java:223)
07-06 03:14:51.673 W/WindowManager(  715): 	at android.os.Binder.execTransactInternal(Binder.java:1426)
07-06 03:14:51.673 W/WindowManager(  715): 	at android.os.Binder.execTransact(Binder.java:1365)
07-06 03:14:51.673 W/Process (  715): Unable to open /proc/1961/status
07-06 03:14:51.691 V/WindowManagerShell(  972): Playing animation for (#319) android.os.BinderProxy@b6af899@0
07-06 03:14:51.692 I/adbd    (  576): jdwp connection from 2215
07-06 03:14:51.700 D/AndroidRuntime( 2209): >>>>>> START com.android.internal.os.RuntimeInit uid 2000 <<<<<<
07-06 03:14:51.701 V/ShellRecents(  972): RecentsTransitionHandler.startAnimation: no controller found
07-06 03:14:51.705 V/WindowManagerShell(  972): Transition doesn't have explicit remote, search filters for match for {id=319 t=OPEN f=0x0 trk=0 r=[0@Point(0, 0)] c=[{m=OPEN f=NONE leash=Surface(name=Task=275)/@0x6176dc5 sb=Rect(0, 0 - 1084, 2412) eb=Rect(0, 0 - 1084, 2412) epz=Point(1084, 2412) d=0 taskParent=-1},{m=TO_BACK f=SHOW_WALLPAPER leash=Surface(name=Task=1)/@0x6c9f31a sb=Rect(0, 0 - 1084, 2412) eb=Rect(0, 0 - 1084, 2412) epz=Point(1084, 2412) d=0 taskParent=-1},{m=TO_BACK f=IS_WALLPAPER leash=Surface(name=WallpaperWindowToken{d6cca47 showWhenLocked=false})/@0xc2a9e4b sb=Rect(0, 0 - 1084, 2412) eb=Rect(0, 0 - 1084, 2412) epz=Point(1084, 2412) d=0}]}
07-06 03:14:51.707 V/WindowManagerShell(  972):  Checking filter Pair{{types=[] flags=0x0] notFlags=0x0 checks=[{atype=undefined independent=true modes=[CLOSE,TO_BACK] flags=IN_TASK_WITH_EMBEDDED_ACTIVITY mustBeTask=false order=ANY topActivity=null launchCookie=null taskFragmentToken=android.os.BinderProxy@9757ff windowingMode=undefined}]} RemoteTransition { remoteTransition = android.window.IRemoteTransition$Stub$Proxy@b7a59cc, appThread = android.app.IApplicationThread$Stub$Proxy@a3c9415, debugName = overlayBackTransition }}
07-06 03:14:51.708 V/WindowManagerShell(  972):  Checking filter Pair{{types=[] flags=0x0] notFlags=0x0 checks=[{atype=dream independent=true modes=[OPEN,TO_FRONT] flags=NONE mustBeTask=false order=ANY topActivity=null launchCookie=null windowingMode=undefined},{atype=home independent=true modes=[CLOSE,TO_BACK] flags=NONE mustBeTask=false order=ANY topActivity=null launchCookie=null windowingMode=undefined}]} RemoteTransition { remoteTransition = android.window.IRemoteTransition$Stub$Proxy@e27a32a, appThread = android.app.IApplicationThread$Stub$Proxy@713751b, debugName = LauncherToDream }}
07-06 03:14:51.708 V/WindowManagerShell(  972):  Checking filter Pair{{types=[] flags=0x0] notFlags=0x100 checks=[{atype=home independent=true modes=[OPEN,TO_FRONT] flags=NONE mustBeTask=false order=TOP topActivity=ComponentInfo{com.google.android.apps.nexuslauncher/com.google.android.apps.nexuslauncher.NexusLauncherActivity} launchCookie=null windowingMode=undefined},{atype=standard independent=true modes=[CLOSE,TO_BACK] flags=NONE mustBeTask=false order=ANY topActivity=null launchCookie=null windowingMode=undefined},{NOT atype=undefined independent=true modes=[] flags=NONE mustBeTask=true order=ANY topActivity=null launchCookie=null customAnim=true windowingMode=undefined}]} RemoteTransition { remoteTransition = android.window.IRemoteTransition$Stub$Proxy@ed946b8, appThread = android.app.IApplicationThread$Stub$Proxy@5f5c91, debugName = QuickstepLaunchHome }}
07-06 03:14:51.708 V/WindowManagerShell(  972):  Delegate animation for (#319) to null
07-06 03:14:51.708 V/WindowManagerShell(  972): start default transition animation, info = {id=319 t=OPEN f=0x0 trk=0 r=[0@Point(0, 0)] c=[{m=OPEN f=NONE leash=Surface(name=Task=275)/@0x6176dc5 sb=Rect(0, 0 - 1084, 2412) eb=Rect(0, 0 - 1084, 2412) epz=Point(1084, 2412) d=0 taskParent=-1},{m=TO_BACK f=SHOW_WALLPAPER leash=Surface(name=Task=1)/@0x6c9f31a sb=Rect(0, 0 - 1084, 2412) eb=Rect(0, 0 - 1084, 2412) epz=Point(1084, 2412) d=0 taskParent=-1},{m=TO_BACK f=IS_WALLPAPER leash=Surface(name=WallpaperWindowToken{d6cca47 showWhenLocked=false})/@0xc2a9e4b sb=Rect(0, 0 - 1084, 2412) eb=Rect(0, 0 - 1084, 2412) epz=Point(1084, 2412) d=0}]}
07-06 03:14:51.708 V/WindowManagerShell(  972): loadAnimation: anim=android.view.animation.AnimationSet@cd2907d animAttr=0x13 type=OPEN isEntrance=false
07-06 03:14:51.715 V/WindowManagerShell(  972): loadAnimation: anim=android.view.animation.AnimationSet@b5bcb72 animAttr=0x12 type=OPEN isEntrance=true
07-06 03:14:51.717 V/WindowManagerShell(  972):  animated by com.android.wm.shell.transition.DefaultTransitionHandler@a9e94ad
07-06 03:14:51.717 W/Looper  (  972): Slow dispatch took 61ms wmshell.main app=com.android.systemui main=false group=TOP_APP h=android.os.Handler c=com.android.wm.shell.transition.RemoteTransitionHandler$1$$ExternalSyntheticLambda0@a3e8bc3 m=0
07-06 03:14:51.721 I/AndroidRuntime( 2209): Using default boot image
07-06 03:14:51.722 I/AndroidRuntime( 2209): Leaving lock profiling enabled
07-06 03:14:51.727 I/app_process( 2209): Core platform API reporting enabled, enforcing=false
07-06 03:14:51.728 I/app_process( 2209): Using CollectorTypeCMC GC.
07-06 03:14:51.731 E/BpTransactionCompletedListener(  567): Failed to transact (-32)
07-06 03:14:51.758 D/nativeloader( 2215): Load libframework-connectivity-tiramisu-jni.so using APEX ns com_android_tethering for caller /apex/com.android.tethering/javalib/framework-connectivity-t.jar: ok
07-06 03:14:51.789 D/RecentsView( 1124): onTaskRemoved: 274, not handling task stack changes
07-06 03:14:51.789 D/RecentsView( 1124): onTaskRemoved: 274, not handling task stack changes
07-06 03:14:51.819 D/BackgroundInstallControlService(  715): Package event received: 0
07-06 03:14:51.848 I/netd    (  488): tetherGetStats() -> {[]} <0.65ms>
07-06 03:14:51.898 D/nativeloader( 2209): InitDefaultPublicLibraries for_preload=1: libandroid.so:libaaudio.so:libamidi.so:libbinder_ndk.so:libc.so:libcamera2ndk.so:libdl.so:libEGL.so:libGLESv1_CM.so:libGLESv2.so:libGLESv3.so:libicu.so:libicui18n.so:libicuuc.so:libjnigraphics.so:liblog.so:libmediandk.so:libm.so:libnativehelper.so:libnativewindow.so:libOpenMAXAL.so:libOpenSLES.so:libRS.so:libstdc++.so:libsync.so:libvulkan.so:libwebviewchromium_plat_support.so:libz.so
07-06 03:14:51.914 D/nativeloader( 2209): Load libicu_jni.so using APEX ns com_android_art for caller /apex/com.android.art/javalib/core-oj.jar: ok
07-06 03:14:51.914 D/app_process( 2209): u_setTimeZoneFilesDirectory("/apex/com.android.tzdata/etc/tz/versioned/9/icu") succeeded. 
07-06 03:14:51.914 D/app_process( 2209): I18n APEX ICU file found: /apex/com.android.i18n/etc/icu/icudt76l.dat
07-06 03:14:51.916 D/nativeloader( 2209): Load libjavacore.so using APEX ns com_android_art for caller /apex/com.android.art/javalib/core-oj.jar: ok
07-06 03:14:51.919 D/nativeloader( 2209): Load libopenjdk.so using APEX ns com_android_art for caller /apex/com.android.art/javalib/core-oj.jar: ok
07-06 03:14:51.923 W/app_process( 2209): Unexpected CPU variant for x86: x86_64.
07-06 03:14:51.923 W/app_process( 2209): Known variants: atom, sandybridge, silvermont, goldmont, goldmont-plus, goldmont-without-sha-xsaves, tremont, kabylake, alderlake, default
07-06 03:14:51.925 W/app_process( 2209): ClassLoaderContext shared library size mismatch. Expected=2, found=0 (PCL[]{PCL[/system/framework/android.test.base.jar*2789897741]#PCL[/system/framework/android.test.mock.jar*3361312393]} | PCL[])
07-06 03:14:51.927 W/app_process( 2209): ClassLoaderContext classpath size mismatch. expected=0, found=1 (PCL[]{PCL[/system/framework/android.test.runner.jar*895143020]#PCL[/system/framework/android.test.base.jar*2789897741]} | PCL[/system/framework/android.test.runner.jar*895143020])
07-06 03:14:51.940 D/ScalingWorkspaceRevealAnim( 1124): alpha of workspace at the end of animation: 1.0
07-06 03:14:51.966 D/nativeloader( 2209): Load libframework-connectivity-tiramisu-jni.so using APEX ns com_android_tethering for caller /apex/com.android.tethering/javalib/framework-connectivity-t.jar: ok
