07-06 00:01:29.145 D/app_process(22538): u_setTimeZoneFilesDirectory("/apex/com.android.tzdata/etc/tz/versioned/9/icu") succeeded. 
07-06 00:01:29.145 D/app_process(22538): I18n APEX ICU file found: /apex/com.android.i18n/etc/icu/icudt76l.dat
07-06 00:01:29.147 E/TaskPersister(  715): File error accessing recents directory (directory doesn't exist?).
07-06 00:01:29.147 D/nativeloader(22538): Load libjavacore.so using APEX ns com_android_art for caller /apex/com.android.art/javalib/core-oj.jar: ok
07-06 00:01:29.148 D/nativeloader(22538): Load libopenjdk.so using APEX ns com_android_art for caller /apex/com.android.art/javalib/core-oj.jar: ok
07-06 00:01:29.149 W/app_process(22538): Unexpected CPU variant for x86: x86_64.
07-06 00:01:29.149 W/app_process(22538): Known variants: atom, sandybridge, silvermont, goldmont, goldmont-plus, goldmont-without-sha-xsaves, tremont, kabylake, alderlake, default
07-06 00:01:29.151 W/app_process(22538): ClassLoaderContext shared library size mismatch. Expected=2, found=0 (PCL[]{PCL[/system/framework/android.test.base.jar*2789897741]#PCL[/system/framework/android.test.mock.jar*3361312393]} | PCL[])
07-06 00:01:29.152 W/app_process(22538): ClassLoaderContext classpath size mismatch. expected=0, found=1 (PCL[]{PCL[/system/framework/android.test.runner.jar*895143020]#PCL[/system/framework/android.test.base.jar*2789897741]} | PCL[/system/framework/android.test.runner.jar*895143020])
07-06 00:01:29.181 D/nativeloader(22538): Load libframework-connectivity-tiramisu-jni.so using APEX ns com_android_tethering for caller /apex/com.android.tethering/javalib/framework-connectivity-t.jar: ok
07-06 00:01:29.183 D/AndroidRuntime(22538): Calling main entry com.android.commands.uiautomator.Launcher
07-06 00:01:29.188 I/AconfigPackage(22538): android.media.swcodec.flags is mapped to com.android.media.swcodec
07-06 00:01:29.188 I/AconfigPackage(22538): com.google.android.settings.simplemode.flags is mapped to system_ext
07-06 00:01:29.189 I/AconfigPackage(22538): com.google.android.systemui is mapped to system_ext
07-06 00:01:29.189 I/AconfigPackage(22538): com.google.android.apps.nexuslauncher is mapped to system_ext
07-06 00:01:29.189 I/AconfigPackage(22538): com.android.settings.accessibility is mapped to system_ext
07-06 00:01:29.189 I/AconfigPackage(22538): com.android.settings.flags is mapped to system_ext
07-06 00:01:29.189 I/AconfigPackage(22538): com.google.android.apps.miphone.aiai.matchmaker.overview.ui is mapped to system_ext
07-06 00:01:29.189 I/AconfigPackage(22538): com.google.android.settings.flags is mapped to system_ext
07-06 00:01:29.189 I/AconfigPackage(22538): com.android.launcher3 is mapped to system_ext
07-06 00:01:29.190 I/AconfigPackage(22538): com.android.wallpaper is mapped to system_ext
07-06 00:01:29.190 I/AconfigPackage(22538): com.android.settings.media_drm is mapped to system_ext
07-06 00:01:29.190 I/AconfigPackage(22538): com.android.systemui.accessibility.accessibilitymenu is mapped to system_ext
07-06 00:01:29.191 I/AconfigPackage(22538): com.android.settings.keyboard is mapped to system_ext
07-06 00:01:29.191 I/AconfigPackage(22538): com.android.server.policy.feature.flags is mapped to system_ext
07-06 00:01:29.191 I/AconfigPackage(22538): com.android.settings.factory_reset is mapped to system_ext
07-06 00:01:29.191 I/AconfigPackage(22538): com.google.android.haptics.flags is mapped to system_ext
07-06 00:01:29.191 I/AconfigPackage(22538): com.android.permission.flags is mapped to com.android.permission
07-06 00:01:29.192 I/AconfigPackage(22538): com.android.icu is mapped to com.android.i18n
07-06 00:01:29.192 I/AconfigPackage(22538): com.android.appsearch.flags is mapped to com.android.appsearch
07-06 00:01:29.192 I/AconfigPackage(22538): android.uprobestats.mainline.flags is mapped to com.android.uprobestats
07-06 00:01:29.193 I/AconfigPackage(22538): android.provider.flags is mapped to com.android.configinfrastructure
07-06 00:01:29.193 I/AconfigPackage(22538): com.android.server.deviceconfig is mapped to com.android.configinfrastructure
07-06 00:01:29.193 I/AconfigPackage(22538): com.android.nfc.flags is mapped to system
07-06 00:01:29.193 I/AconfigPackage(22538): android.app.admin.flags is mapped to system
07-06 00:01:29.194 I/AconfigPackage(22538): android.database.sqlite is mapped to system
07-06 00:01:29.194 I/AconfigPackage(22538): com.android.providers.calendar is mapped to system
07-06 00:01:29.194 I/AconfigPackage(22538): com.android.server.power.feature.flags is mapped to system
07-06 00:01:29.194 I/AconfigPackage(22538): com.android.media.performance.flags is mapped to system
07-06 00:01:29.194 I/AconfigPackage(22538): android.app.contextualsearch.flags is mapped to system
07-06 00:01:29.196 I/AconfigPackage(22538): android.app.ondeviceintelligence.flags is mapped to system
07-06 00:01:29.196 I/AconfigPackage(22538): com.android.media.projection.flags is mapped to system
07-06 00:01:29.196 I/AconfigPackage(22538): android.companion is mapped to system
07-06 00:01:29.197 I/AconfigPackage(22538): android.service.controls.flags is mapped to system
07-06 00:01:29.197 I/AconfigPackage(22538): com.android.text.flags is mapped to system
07-06 00:01:29.198 I/AconfigPackage(22538): com.android.providers.contactkeys.flags is mapped to system
07-06 00:01:29.198 I/AconfigPackage(22538): com.android.intentresolver is mapped to system
07-06 00:01:29.198 I/AconfigPackage(22538): android.companion.virtualdevice.flags is mapped to system
07-06 00:01:29.198 I/AconfigPackage(22538): android.uprobestats.flags is mapped to system
07-06 00:01:29.198 I/AconfigPackage(22538): com.android.net.thread.platform.flags is mapped to system
07-06 00:01:29.198 I/AconfigPackage(22538): android.view.contentprotection.flags is mapped to system
07-06 00:01:29.198 I/AconfigPackage(22538): com.android.server.dreams is mapped to system
07-06 00:01:29.198 I/AconfigPackage(22538): com.android.graphics.surfaceflinger.flags is mapped to system
07-06 00:01:29.198 I/AconfigPackage(22538): com.android.hardware.input is mapped to system
07-06 00:01:29.198 I/AconfigPackage(22538): android.sdk is mapped to system
07-06 00:01:29.198 I/AconfigPackage(22538): com.android.input.flags is mapped to system
07-06 00:01:29.199 I/AconfigPackage(22538): android.tracing is mapped to system
07-06 00:01:29.199 I/AconfigPackage(22538): com.android.server.biometrics is mapped to system
07-06 00:01:29.199 I/AconfigPackage(22538): android.view.contentcapture.flags is mapped to system
07-06 00:01:29.199 I/AconfigPackage(22538): android.app.job is mapped to system
07-06 00:01:29.200 I/AconfigPackage(22538): android.content.res is mapped to system
07-06 00:01:29.200 I/AconfigPackage(22538): android.net.platform.flags is mapped to system
07-06 00:01:29.200 I/AconfigPackage(22538): com.android.aconfig.flags is mapped to system
07-06 00:01:29.200 I/AconfigPackage(22538): com.android.graphics.flags is mapped to system
07-06 00:01:29.200 I/AconfigPackage(22538): android.server.app is mapped to system
07-06 00:01:29.200 I/AconfigPackage(22538): android.speech.flags is mapped to system
07-06 00:01:29.200 I/AconfigPackage(22538): com.android.server.stats is mapped to system
07-06 00:01:29.200 I/AconfigPackage(22538): android.hardware.biometrics is mapped to system
07-06 00:01:29.200 I/AconfigPackage(22538): android.car.feature is mapped to system
07-06 00:01:29.201 I/AconfigPackage(22538): android.adpf is mapped to system
07-06 00:01:29.201 I/AconfigPackage(22538): android.location.flags is mapped to system
07-06 00:01:29.201 I/AconfigPackage(22538): com.android.settingslib.flags is mapped to system
07-06 00:01:29.201 I/AconfigPackage(22538): com.android.managedprovisioning.flags is mapped to system
07-06 00:01:29.201 I/AconfigPackage(22538): android.app.assist.flags is mapped to system
07-06 00:01:29.202 I/AconfigPackage(22538): com.android.server.net is mapped to system
07-06 00:01:29.202 I/AconfigPackage(22538): com.android.settingslib.widget.flags is mapped to system
07-06 00:01:29.202 I/AconfigPackage(22538): com.android.internal.camera.flags is mapped to system
07-06 00:01:29.202 I/AconfigPackage(22538): com.android.hardware.libsensor.flags is mapped to system
07-06 00:01:29.202 I/AconfigPackage(22538): com.android.internal.jank is mapped to system
07-06 00:01:29.202 I/AconfigPackage(22538): com.android.providers.settings is mapped to system
07-06 00:01:29.202 I/AconfigPackage(22538): android.multiuser is mapped to system
07-06 00:01:29.202 I/AconfigPackage(22538): com.android.server.power.optimization is mapped to system
07-06 00:01:29.202 I/AconfigPackage(22538): com.android.calllogbackup is mapped to system
07-06 00:01:29.203 I/AconfigPackage(22538): com.android.media.flags is mapped to system
07-06 00:01:29.203 I/AconfigPackage(22538): com.android.server.flags is mapped to system
07-06 00:01:29.203 I/AconfigPackage(22538): com.android.graphics.libvulkan.flags is mapped to system
07-06 00:01:29.203 I/AconfigPackage(22538): android.app.appfunctions.flags is mapped to system
07-06 00:01:29.203 I/AconfigPackage(22538): android.app.smartspace.flags is mapped to system
07-06 00:01:29.203 I/AconfigPackage(22538): com.android.providers.contacts.flags is mapped to system
07-06 00:01:29.203 I/AconfigPackage(22538): com.android.shell.flags is mapped to system
07-06 00:01:29.203 I/AconfigPackage(22538): com.android.media.aaudio is mapped to system
07-06 00:01:29.203 I/AconfigPackage(22538): android.hardware.radio is mapped to system
07-06 00:01:29.203 I/AconfigPackage(22538): com.google.wear.services.infra.flags is mapped to system
07-06 00:01:29.203 I/AconfigPackage(22538): suspend_service.flags is mapped to system
07-06 00:01:29.204 I/AconfigPackage(22538): android.media.midi is mapped to system
07-06 00:01:29.204 I/AconfigPackage(22538): com.android.libcore.readonly is mapped to system
07-06 00:01:29.204 I/AconfigPackage(22538): com.android.settingslib.widget.selectorwithwidgetpreference.flags is mapped to system
07-06 00:01:29.204 I/AconfigPackage(22538): android.service.notification is mapped to system
07-06 00:01:29.204 I/AconfigPackage(22538): com.android.systemui.shared is mapped to system
07-06 00:01:29.204 I/AconfigPackage(22538): android.app.jank is mapped to system
07-06 00:01:29.204 I/AconfigPackage(22538): android.app.wearable is mapped to system
07-06 00:01:29.205 I/AconfigPackage(22538): com.android.media.audio is mapped to system
07-06 00:01:29.205 I/AconfigPackage(22538): android.service.chooser is mapped to system
07-06 00:01:29.205 I/AconfigPackage(22538): com.android.server.compat is mapped to system
07-06 00:01:29.205 I/AconfigPackage(22538): com.android.server.alarm is mapped to system
07-06 00:01:29.205 I/AconfigPackage(22538): com.android.apex.flags is mapped to system
07-06 00:01:29.205 I/AconfigPackage(22538): android.service.quickaccesswallet is mapped to system
07-06 00:01:29.205 I/AconfigPackage(22538): android.app.usage is mapped to system
07-06 00:01:29.206 I/AconfigPackage(22538): com.android.server.accessibility is mapped to system
07-06 00:01:29.206 I/AconfigPackage(22538): android.app.supervision.flags is mapped to system
07-06 00:01:29.206 I/AconfigPackage(22538): com.android.server.utils is mapped to system
07-06 00:01:29.206 I/AconfigPackage(22538): android.chre.flags is mapped to system
07-06 00:01:29.207 I/AconfigPackage(22538): android.content.flags is mapped to system
07-06 00:01:29.207 I/AconfigPackage(22538): android.media.codec is mapped to system
07-06 00:01:29.207 I/AconfigPackage(22538): com.android.internal.os is mapped to system
07-06 00:01:29.207 I/AconfigPackage(22538): com.android.nfc.nci.flags is mapped to system
07-06 00:01:29.207 I/AconfigPackage(22538): android.app is mapped to system
07-06 00:01:29.207 I/AconfigPackage(22538): android.security.keystore2 is mapped to system
07-06 00:01:29.207 I/AconfigPackage(22538): android.crashrecovery.flags is mapped to system
07-06 00:01:29.207 I/AconfigPackage(22538): com.android.tradeinmode.flags is mapped to system
07-06 00:01:29.207 I/AconfigPackage(22538): android.hardware.flags is mapped to system
07-06 00:01:29.207 I/AconfigPackage(22538): com.android.server.telecom.flags is mapped to system
07-06 00:01:29.208 I/AconfigPackage(22538): com.android.settingslib.media.flags is mapped to system
07-06 00:01:29.208 I/AconfigPackage(22538): com.android.server.policy is mapped to system
07-06 00:01:29.208 I/AconfigPackage(22538): android.media.audiopolicy is mapped to system
07-06 00:01:29.208 I/AconfigPackage(22538): com.android.egg.flags is mapped to system
07-06 00:01:29.208 I/AconfigPackage(22538): com.android.internal.compat.flags is mapped to system
07-06 00:01:29.208 I/AconfigPackage(22538): android.security is mapped to system
07-06 00:01:29.208 I/AconfigPackage(22538): android.service.autofill is mapped to system
07-06 00:01:29.208 I/AconfigPackage(22538): com.example.android.aconfig.demo.flags is mapped to system
07-06 00:01:29.209 I/AconfigPackage(22538): android.view.flags is mapped to system
07-06 00:01:29.209 I/AconfigPackage(22538): android.companion.virtual.flags is mapped to system
07-06 00:01:29.209 I/AconfigPackage(22538): com.android.aconfig_new_storage is mapped to system
07-06 00:01:29.209 I/AconfigPackage(22538): com.android.server.feature.flags is mapped to system
07-06 00:01:29.211 I/AconfigPackage(22538): com.android.systemui is mapped to system
07-06 00:01:29.211 I/AconfigPackage(22538): com.android.server.power.batterysaver is mapped to system
07-06 00:01:29.211 I/AconfigPackage(22538): android.widget.flags is mapped to system
07-06 00:01:29.211 I/AconfigPackage(22538): com.android.media.editing.flags is mapped to system
07-06 00:01:29.212 I/AconfigPackage(22538): com.android.media.codec.flags is mapped to system
07-06 00:01:29.212 I/AconfigPackage(22538): com.android.server.powerstats is mapped to system
07-06 00:01:29.212 I/AconfigPackage(22538): com.android.graphics.egl.flags is mapped to system
07-06 00:01:29.212 I/AconfigPackage(22538): com.android.media.audioserver is mapped to system
07-06 00:01:29.212 I/AconfigPackage(22538): com.android.server.deviceidle is mapped to system
07-06 00:01:29.212 I/AconfigPackage(22538): android.nfc is mapped to system
07-06 00:01:29.212 I/AconfigPackage(22538): android.permission.flags is mapped to system
07-06 00:01:29.212 I/AconfigPackage(22538): android.service.voice.flags is mapped to system
07-06 00:01:29.212 I/AconfigPackage(22538): android.content.pm is mapped to system
07-06 00:01:29.212 I/AconfigPackage(22538): com.android.server.power.hint is mapped to system
07-06 00:01:29.213 I/AconfigPackage(22538): android.os is mapped to system
07-06 00:01:29.213 I/AconfigPackage(22538): android.service.dreams is mapped to system
07-06 00:01:29.213 I/AconfigPackage(22538): com.android.graphics.libgui.flags is mapped to system
07-06 00:01:29.213 I/AconfigPackage(22538): android.hardware.usb.flags is mapped to system
07-06 00:01:29.213 I/AconfigPackage(22538): android.provider is mapped to system
07-06 00:01:29.213 I/AconfigPackage(22538): com.android.server.job is mapped to system
07-06 00:01:29.214 I/AconfigPackage(22538): com.android.internal.foldables.flags is mapped to system
07-06 00:01:29.214 I/AconfigPackage(22538): com.android.internal.telephony.flags is mapped to system
07-06 00:01:29.215 I/AconfigPackage(22538): android.webkit is mapped to system
07-06 00:01:29.215 I/AconfigPackage(22538): android.credentials.flags is mapped to system
07-06 00:01:29.215 I/AconfigPackage(22538): com.android.server.display.feature.flags is mapped to system
07-06 00:01:29.215 I/AconfigPackage(22538): com.android.server.notification is mapped to system
07-06 00:01:29.215 I/AconfigPackage(22538): android.appwidget.flags is mapped to system
07-06 00:01:29.215 I/AconfigPackage(22538): com.android.frameworks.sensorservice.flags is mapped to system
07-06 00:01:29.215 I/AconfigPackage(22538): com.android.printspooler.flags is mapped to system
07-06 00:01:29.216 I/AconfigPackage(22538): com.android.window.flags is mapped to system
07-06 00:01:29.216 I/AconfigPackage(22538): android.adaptiveauth is mapped to system
07-06 00:01:29.216 I/AconfigPackage(22538): android.net.wifi.flags is mapped to system
07-06 00:01:29.216 I/AconfigPackage(22538): android.media.tv.flags is mapped to system
07-06 00:01:29.216 I/AconfigPackage(22538): com.android.server.usb.flags is mapped to system
07-06 00:01:29.216 I/AconfigPackage(22538): android.os.vibrator is mapped to system
07-06 00:01:29.216 I/AconfigPackage(22538): android.hardware.devicestate.feature.flags is mapped to system
07-06 00:01:29.217 I/AconfigPackage(22538): com.android.server.usage is mapped to system
07-06 00:01:29.217 I/AconfigPackage(22538): android.server is mapped to system
07-06 00:01:29.217 I/AconfigPackage(22538): com.android.wm.shell is mapped to system
07-06 00:01:29.217 I/AconfigPackage(22538): android.view.inputmethod is mapped to system
07-06 00:01:29.217 I/AconfigPackage(22538): com.android.graphics.hwui.flags is mapped to system
07-06 00:01:29.217 I/AconfigPackage(22538): com.android.server.backup is mapped to system
07-06 00:01:29.217 I/AconfigPackage(22538): com.android.internal.pm.pkg.component.flags is mapped to system
07-06 00:01:29.217 I/AconfigPackage(22538): android.view.accessibility is mapped to system
07-06 00:01:29.218 I/AconfigPackage(22538): com.google.wear.sdk is mapped to system
07-06 00:01:29.218 I/AconfigPackage(22538): android.media.audio is mapped to system
07-06 00:01:29.218 I/AconfigPackage(22538): com.android.server.am is mapped to system
07-06 00:01:29.218 I/AconfigPackage(22538): com.android.media.playback.flags is mapped to system
07-06 00:01:29.219 I/AconfigPackage(22538): com.android.art.flags is mapped to com.android.art
07-06 00:01:29.219 I/AconfigPackage(22538): com.android.libcore is mapped to com.android.art
07-06 00:01:29.219 I/AconfigPackage(22538): com.android.media.extractor.flags is mapped to com.android.media
07-06 00:01:29.219 I/AconfigPackage(22538): com.android.media.mainline.flags is mapped to com.android.media
07-06 00:01:29.219 I/AconfigPackage(22538): com.android.wifi.flags is mapped to com.android.wifi
07-06 00:01:29.219 I/AconfigPackage(22538): com.android.org.conscrypt.flags is mapped to com.android.conscrypt
07-06 00:01:29.220 I/AconfigPackage(22538): com.android.healthfitness.flags is mapped to com.android.healthfitness
07-06 00:01:29.220 I/AconfigPackage(22538): com.google.android.input.twoshay.flags is mapped to vendor
07-06 00:01:29.220 I/AconfigPackage(22538): libgooglecamerahal.flags is mapped to vendor
07-06 00:01:29.220 I/AconfigPackage(22538): com.android.ipsec.flags is mapped to com.android.ipsec
07-06 00:01:29.221 I/AconfigPackage(22538): com.android.nfc.module.flags is mapped to com.android.nfcservices
07-06 00:01:29.221 I/AconfigPackage(22538): com.android.adservices.ondevicepersonalization.flags is mapped to com.android.ondevicepersonalization
07-06 00:01:29.221 I/AconfigPackage(22538): com.android.bluetooth.flags is mapped to com.android.bt
07-06 00:01:29.221 I/AconfigPackage(22538): com.android.devicelock.flags is mapped to com.android.devicelock
07-06 00:01:29.222 I/AconfigPackage(22538): android.os.profiling is mapped to com.android.profiling
07-06 00:01:29.224 I/AconfigPackage(22538): com.android.os.statsd.flags is mapped to com.android.os.statsd
07-06 00:01:29.225 I/AconfigPackage(22538): com.android.cellbroadcastreceiver.flags is mapped to com.android.cellbroadcast
07-06 00:01:29.225 I/AconfigPackage(22538): com.android.adservices.flags is mapped to com.android.adservices
07-06 00:01:29.225 I/AconfigPackage(22538): com.android.sdksandbox.flags is mapped to com.android.adservices
07-06 00:01:29.226 I/AconfigPackage(22538): com.android.uwb.flags is mapped to com.android.uwb
07-06 00:01:29.226 I/AconfigPackage(22538): com.android.ranging.flags is mapped to com.android.uwb
07-06 00:01:29.227 I/AconfigPackage(22538): android.graphics.pdf.flags is mapped to com.android.mediaprovider
07-06 00:01:29.227 I/AconfigPackage(22538): com.android.providers.media.flags is mapped to com.android.mediaprovider
07-06 00:01:29.227 I/AconfigPackage(22538): android.graphics.pdf.flags.readonly is mapped to com.android.mediaprovider
07-06 00:01:29.228 I/AconfigPackage(22538): com.android.net.ct.flags is mapped to com.android.tethering
07-06 00:01:29.228 I/AconfigPackage(22538): com.android.net.flags is mapped to com.android.tethering
07-06 00:01:29.228 I/AconfigPackage(22538): android.net.vcn is mapped to com.android.tethering
07-06 00:01:29.228 I/AconfigPackage(22538): com.android.nearby.flags is mapped to com.android.tethering
07-06 00:01:29.230 I/AconfigPackage(22538): android.net.http is mapped to com.android.tethering
07-06 00:01:29.231 I/AconfigPackage(22538): com.android.net.thread.flags is mapped to com.android.tethering
07-06 00:01:29.232 I/AconfigPackage(22538): com.android.system.virtualmachine.flags is mapped to com.android.virt
07-06 00:01:29.232 E/FeatureFlagsImplExport(22538): android.os.flagging.AconfigStorageReadException: ERROR_PACKAGE_NOT_FOUND: package android.xr cannot be found on the device
07-06 00:01:29.235 D/UiAutomationConnection(22538): Created on user UserHandle{0}
07-06 00:01:29.235 I/UiAutomation(22538): Initialized for user 0 on display 0
07-06 00:01:29.235 W/UiAutomation(22538): Created with deprecatead constructor, assumes DEFAULT_DISPLAY
07-06 00:01:29.237 D/AccessibilityManagerService(  715): changeCurrentUserForTestAutomationIfNeededLocked(0): ignoring because device doesn't support visible background users
07-06 00:01:29.237 I/UiAutomationManager(  715): Registering UiTestAutomationService (id=com.android.server.accessibility/UiAutomation, flags=0x0) when called by user 0
07-06 00:01:29.238 V/AccessibilityManagerService(  715): onUserStateChangedLocked for userId: 0, forceUpdate: false
07-06 00:01:29.247 W/MagnificationConnectionManager(  715): requestConnection duplicated request: connect=false, mConnectionState=DISCONNECTED
07-06 00:01:29.250 W/IPCThreadState(  715): Sending oneway calls to frozen process.
07-06 00:01:29.250 W/IPCThreadState(  715): Sending oneway calls to frozen process.
07-06 00:01:29.250 W/IPCThreadState(  715): Sending oneway calls to frozen process.
07-06 00:01:29.250 W/IPCThreadState(  715): Sending oneway calls to frozen process.
07-06 00:01:29.250 W/IPCThreadState(  715): Sending oneway calls to frozen process.
07-06 00:01:29.250 W/IPCThreadState(  715): Sending oneway calls to frozen process.
07-06 00:01:29.251 W/IPCThreadState(  715): Sending oneway calls to frozen process.
07-06 00:01:29.251 W/IPCThreadState(  715): Sending oneway calls to frozen process.
07-06 00:01:29.252 V/UiAutomation(22538): Init UiAutomation@48f9b1[id=640, displayId=0, flags=0]
07-06 00:01:29.252 W/IPCThreadState(  715): Sending oneway calls to frozen process.
07-06 00:01:29.252 W/IPCThreadState(  715): Sending oneway calls to frozen process.
07-06 00:01:29.252 V/AccessibilityManagerService(  715): onUserStateChangedLocked for userId: 0, forceUpdate: false
07-06 00:01:29.255 W/MagnificationConnectionManager(  715): requestConnection duplicated request: connect=false, mConnectionState=DISCONNECTED
07-06 00:01:29.256 W/IPCThreadState(  715): Sending oneway calls to frozen process.
07-06 00:01:29.257 W/IPCThreadState(  715): Sending oneway calls to frozen process.
07-06 00:01:29.258 W/IPCThreadState(  715): Sending oneway calls to frozen process.
07-06 00:01:29.258 W/IPCThreadState(  715): Sending oneway calls to frozen process.
07-06 00:01:29.261 W/IPCThreadState(  715): Sending oneway calls to frozen process.
07-06 00:01:29.263 W/IPCThreadState(  715): Sending oneway calls to frozen process.
07-06 00:01:29.264 W/IPCThreadState(  715): Sending oneway calls to frozen process.
07-06 00:01:29.264 W/IPCThreadState(  715): Sending oneway calls to frozen process.
07-06 00:01:29.265 W/IPCThreadState(  715): Sending oneway calls to frozen process.
07-06 00:01:29.265 W/IPCThreadState(  715): Sending oneway calls to frozen process.
07-06 00:01:29.266 W/IPCThreadState(  715): Sending oneway calls to frozen process.
07-06 00:01:29.266 W/IPCThreadState(  715): Sending oneway calls to frozen process.
07-06 00:01:29.266 W/IPCThreadState(  715): Sending oneway calls to frozen process.
07-06 00:01:29.267 W/IPCThreadState(  715): Sending oneway calls to frozen process.
07-06 00:01:29.267 W/IPCThreadState(  715): Sending oneway calls to frozen process.
07-06 00:01:29.268 W/IPCThreadState(  715): Sending oneway calls to frozen process.
07-06 00:01:29.268 W/IPCThreadState(  715): Sending oneway calls to frozen process.
07-06 00:01:29.269 W/IPCThreadState(  715): Sending oneway calls to frozen process.
07-06 00:01:29.269 W/IPCThreadState(  715): Sending oneway calls to frozen process.
07-06 00:01:29.269 W/IPCThreadState(  715): Sending oneway calls to frozen process.
07-06 00:01:29.271 W/IPCThreadState(  715): Sending oneway calls to frozen process.
07-06 00:01:29.271 W/IPCThreadState(  715): Sending oneway calls to frozen process.
07-06 00:01:29.272 W/IPCThreadState(  715): Sending oneway calls to frozen process.
07-06 00:01:29.272 W/IPCThreadState(  715): Sending oneway calls to frozen process.
07-06 00:01:29.273 W/IPCThreadState(  715): Sending oneway calls to frozen process.
07-06 00:01:29.273 W/IPCThreadState(  715): Sending oneway calls to frozen process.
07-06 00:01:29.274 W/IPCThreadState(  715): Sending oneway calls to frozen process.
07-06 00:01:29.274 W/IPCThreadState(  715): Sending oneway calls to frozen process.
07-06 00:01:29.275 W/IPCThreadState(  715): Sending oneway calls to frozen process.
07-06 00:01:29.275 W/IPCThreadState(  715): Sending oneway calls to frozen process.
07-06 00:01:29.275 I/netd    (  488): tetherGetStats() -> {[]} <0.86ms>
07-06 00:01:29.275 W/IPCThreadState(  715): Sending oneway calls to frozen process.
07-06 00:01:29.276 W/IPCThreadState(  715): Sending oneway calls to frozen process.
07-06 00:01:29.276 W/IPCThreadState(  715): Sending oneway calls to frozen process.
07-06 00:01:29.276 W/IPCThreadState(  715): Sending oneway calls to frozen process.
07-06 00:01:29.277 W/IPCThreadState(  715): Sending oneway calls to frozen process.
07-06 00:01:29.277 W/IPCThreadState(  715): Sending oneway calls to frozen process.
07-06 00:01:29.279 W/IPCThreadState(  715): Sending oneway calls to frozen process.
07-06 00:01:29.279 W/IPCThreadState(  715): Sending oneway calls to frozen process.
07-06 00:01:29.280 W/IPCThreadState(  715): Sending oneway calls to frozen process.
07-06 00:01:29.280 W/IPCThreadState(  715): Sending oneway calls to frozen process.
07-06 00:01:30.278 W/AccessibilityNodeInfoDumper(22538): Fetch time: 14ms
07-06 00:01:30.280 V/AccessibilityManagerService(  715): onUserStateChangedLocked for userId: 0, forceUpdate: false
07-06 00:01:30.282 D/BackgroundInstallControlService(  715): Package event received: 0
07-06 00:01:30.284 W/MagnificationConnectionManager(  715): requestConnection duplicated request: connect=false, mConnectionState=DISCONNECTED
07-06 00:01:30.284 D/AccessibilityManagerService(  715): restoreCurrentUserForTestAutomationIfNeededLocked(): ignoring because device doesn't support visible background users
07-06 00:01:30.284 W/IPCThreadState(  715): Sending oneway calls to frozen process.
07-06 00:01:30.284 W/IPCThreadState(  715): Sending oneway calls to frozen process.
07-06 00:01:30.284 W/IPCThreadState(  715): Sending oneway calls to frozen process.
07-06 00:01:30.285 W/IPCThreadState(  715): Sending oneway calls to frozen process.
07-06 00:01:30.285 W/IPCThreadState(  715): Sending oneway calls to frozen process.
07-06 00:01:30.285 W/IPCThreadState(  715): Sending oneway calls to frozen process.
07-06 00:01:30.285 D/AndroidRuntime(22538): Shutting down VM
07-06 00:01:30.285 W/IPCThreadState(22538): call to talkWithDriver in joinThreadPool returned error: -9 (Bad file descriptor), FD: -1
07-06 00:01:30.285 W/IPCThreadState(  715): Sending oneway calls to frozen process.
07-06 00:01:30.286 W/IPCThreadState(  715): Sending oneway calls to frozen process.
07-06 00:01:30.286 W/IPCThreadState(  715): Sending oneway calls to frozen process.
07-06 00:01:30.286 W/IPCThreadState(  715): Sending oneway calls to frozen process.
07-06 00:01:30.287 W/IPCThreadState(22538): call to talkWithDriver in joinThreadPool returned error: -9 (Bad file descriptor), FD: -1
07-06 00:01:30.289 W/IPCThreadState(22538): call to talkWithDriver in joinThreadPool returned error: -9 (Bad file descriptor), FD: -1
07-06 00:01:30.289 W/IPCThreadState(  715): Sending oneway calls to frozen process.
07-06 00:01:30.289 W/IPCThreadState(  715): Sending oneway calls to frozen process.
07-06 00:01:30.290 W/IPCThreadState(  715): Sending oneway calls to frozen process.
07-06 00:01:30.290 W/IPCThreadState(  715): Sending oneway calls to frozen process.
07-06 00:01:30.290 W/IPCThreadState(  715): Sending oneway calls to frozen process.
07-06 00:01:30.290 W/IPCThreadState(  715): Sending oneway calls to frozen process.
07-06 00:01:30.291 W/IPCThreadState(  715): Sending oneway calls to frozen process.
07-06 00:01:30.291 W/IPCThreadState(  715): Sending oneway calls to frozen process.
07-06 00:01:30.292 W/IPCThreadState(  715): Sending oneway calls to frozen process.
07-06 00:01:30.292 W/IPCThreadState(  715): Sending oneway calls to frozen process.
07-06 00:01:30.292 V/AccessibilityManagerService(  715): onUserStateChangedLocked for userId: 0, forceUpdate: false
07-06 00:01:30.294 W/MagnificationConnectionManager(  715): requestConnection duplicated request: connect=false, mConnectionState=DISCONNECTED
07-06 00:01:30.294 W/IPCThreadState(  715): Sending oneway calls to frozen process.
07-06 00:01:30.294 W/IPCThreadState(  715): Sending oneway calls to frozen process.
07-06 00:01:30.294 W/IPCThreadState(  715): Sending oneway calls to frozen process.
07-06 00:01:30.294 W/IPCThreadState(  715): Sending oneway calls to frozen process.
07-06 00:01:30.295 W/IPCThreadState(  715): Sending oneway calls to frozen process.
07-06 00:01:30.296 W/IPCThreadState(  715): Sending oneway calls to frozen process.
07-06 00:01:30.296 W/IPCThreadState(  715): Sending oneway calls to frozen process.
07-06 00:01:30.296 W/IPCThreadState(  715): Sending oneway calls to frozen process.
07-06 00:01:30.296 W/IPCThreadState(  715): Sending oneway calls to frozen process.
07-06 00:01:30.296 W/IPCThreadState(  715): Sending oneway calls to frozen process.
07-06 00:01:30.298 W/IPCThreadState(  715): Sending oneway calls to frozen process.
07-06 00:01:30.298 W/IPCThreadState(  715): Sending oneway calls to frozen process.
07-06 00:01:30.299 W/IPCThreadState(  715): Sending oneway calls to frozen process.
07-06 00:01:30.299 W/IPCThreadState(  715): Sending oneway calls to frozen process.
07-06 00:01:30.299 W/IPCThreadState(  715): Sending oneway calls to frozen process.
07-06 00:01:30.299 W/IPCThreadState(  715): Sending oneway calls to frozen process.
07-06 00:01:30.299 W/IPCThreadState(  715): Sending oneway calls to frozen process.
07-06 00:01:30.299 W/IPCThreadState(  715): Sending oneway calls to frozen process.
07-06 00:01:30.300 W/IPCThreadState(  715): Sending oneway calls to frozen process.
07-06 00:01:30.300 W/IPCThreadState(  715): Sending oneway calls to frozen process.
07-06 00:01:30.300 W/IPCThreadState(  715): Sending oneway calls to frozen process.
07-06 00:01:30.300 W/IPCThreadState(  715): Sending oneway calls to frozen process.
07-06 00:01:30.300 W/IPCThreadState(  715): Sending oneway calls to frozen process.
07-06 00:01:30.300 W/IPCThreadState(  715): Sending oneway calls to frozen process.
07-06 00:01:30.300 W/IPCThreadState(  715): Sending oneway calls to frozen process.
07-06 00:01:30.301 I/netd    (  488): tetherGetStats() -> {[]} <2.93ms>
07-06 00:01:30.302 W/IPCThreadState(  715): Sending oneway calls to frozen process.
07-06 00:01:30.302 W/IPCThreadState(  715): Sending oneway calls to frozen process.
07-06 00:01:30.303 W/IPCThreadState(  715): Sending oneway calls to frozen process.
07-06 00:01:30.304 W/IPCThreadState(  715): Sending oneway calls to frozen process.
07-06 00:01:30.304 W/IPCThreadState(  715): Sending oneway calls to frozen process.
07-06 00:01:30.751 D/WifiClientModeImpl[27601:wlan0](  715): updateLinkLayerStatsRssiSpeedFrequencyCapabilities rssi=-50 TxLinkspeed=1 freq=2447 RxLinkSpeed=2
07-06 00:01:30.752 D/WifiDataStall(  715): tx tput in kbps: 11000
07-06 00:01:30.752 D/WifiDataStall(  715): rx tput in kbps: 11000
07-06 00:01:30.753 V/WifiConfigManager(  715): Updating scan detail cache freq=2447 BSSID=00:13:10:85:fe:01 RSSI=-50 for "AndroidWifi"NONE
07-06 00:01:30.753 D/WifiThroughputPredictor(  715):  utilization (LLS) 80 isBluetoothConnected: false final utilization: 80
07-06 00:01:30.754 D/WifiThroughputPredictor(  715):  BW: 0 RSSI: -50 Nss: 1 Mode: 1 symDur: 4000 snrDb 30 bitPerTone: 4500 rate: 54 throughput: 11
07-06 00:01:30.754 D/WifiThroughputPredictor(  715):  utilization (LLS) 80 isBluetoothConnected: false final utilization: 80
07-06 00:01:30.754 D/WifiThroughputPredictor(  715):  BW: 0 RSSI: -50 Nss: 1 Mode: 1 symDur: 4000 snrDb 30 bitPerTone: 4500 rate: 54 throughput: 11
07-06 00:01:30.754 D/WifiThroughputPredictor(  715):  utilization (LLS) 80 isBluetoothConnected: false final utilization: 80
07-06 00:01:30.754 D/WifiThroughputPredictor(  715):  BW: 0 RSSI: -50 Nss: 1 Mode: 1 symDur: 4000 snrDb 30 bitPerTone: 4500 rate: 54 throughput: 11
07-06 00:01:30.754 D/WifiThroughputPredictor(  715):  utilization (LLS) 80 isBluetoothConnected: false final utilization: 80
07-06 00:01:30.754 D/WifiThroughputPredictor(  715):  BW: 0 RSSI: -50 Nss: 1 Mode: 1 symDur: 4000 snrDb 30 bitPerTone: 4500 rate: 54 throughput: 11
07-06 00:01:30.755 D/WifiScoreCard(  715): BSSID update SIGNAL_POLL ID: 1559335064 SSID: "AndroidWifi", BSSID: 00:13:10:85:fe:01, MAC: 02:15:b2:00:00:00, IP: /10.0.2.16, Security type: 0, Supplicant state: COMPLETED, Wi-Fi standard: legacy, RSSI: -50, Link speed: 1Mbps, Tx Link speed: 1Mbps, Max Supported Tx Link speed: 11Mbps, Rx Link speed: 2Mbps, Max Supported Rx Link speed: 11Mbps, Frequency: 2447MHz, Net ID: 0, Metered hint: false, score: 60, isUsable: true, CarrierMerged: false, SubscriptionId: -1, IsPrimary: 1, Trusted: true, Restricted: false, Ephemeral: false, OEM paid: false, OEM private: false, OSU AP: false, FQDN: <none>, Provider friendly name: <none>, Requesting package name: <none>"AndroidWifi"openMLO Information: , Is TID-To-Link negotiation supported by the AP: false, AP MLD Address: <none>, AP MLO Link Id: <none>, AP MLO Affiliated links: <none>, Vendor Data: <none>
07-06 00:01:30.755 D/WifiScoreCard(  715): txRate: 1 txSpeed: 1
07-06 00:01:30.756 D/WifiScoreCard(  715): network update SIGNAL_POLL "AndroidWifi" ID: 1201260005 RSSI -50 txSpeed -1
07-06 00:01:30.756 D/WifiClientModeImpl[27601:wlan0](  715):  ClientModeImpl$L2ConnectedState screen=on 1 0 "AndroidWifi" 00:13:10:85:fe:01 rssi=-50 f=2447 sc=60 link=1 tx=0.1, 0.0, 0.0 rx=0.1 bcn=0 [on:0 tx:0 rx:0 period:3008] from screen [on:0 period:884662916] score=60
07-06 00:01:30.784 W/healthd (    0): battery l=100 v=5000 t=25.0 h=2 st=4 c=900000 fc=3000000 cc=10 chg=
07-06 00:01:31.182 D/SatelliteController( 1112): iisInCarrierRoamingNbIotNtn: satellite is disabled
07-06 00:01:31.786 D/ProfileInstaller(22470): Installing profile for com.huiyi.mockchat
07-06 00:01:33.470 I/netd    (  488): tetherGetStats() -> {[]} <0.45ms>
07-06 00:01:33.758 D/WifiClientModeImpl[27601:wlan0](  715): updateLinkLayerStatsRssiSpeedFrequencyCapabilities rssi=-50 TxLinkspeed=1 freq=2447 RxLinkSpeed=2
07-06 00:01:33.758 D/WifiDataStall(  715): tx tput in kbps: 11000
07-06 00:01:33.759 D/WifiDataStall(  715): rx tput in kbps: 11000
07-06 00:01:33.759 V/WifiConfigManager(  715): Updating scan detail cache freq=2447 BSSID=00:13:10:85:fe:01 RSSI=-50 for "AndroidWifi"NONE
07-06 00:01:33.759 D/WifiThroughputPredictor(  715):  utilization (LLS) 80 isBluetoothConnected: false final utilization: 80
07-06 00:01:33.759 D/WifiThroughputPredictor(  715):  BW: 0 RSSI: -50 Nss: 1 Mode: 1 symDur: 4000 snrDb 30 bitPerTone: 4500 rate: 54 throughput: 11
07-06 00:01:33.759 D/WifiThroughputPredictor(  715):  utilization (LLS) 80 isBluetoothConnected: false final utilization: 80
07-06 00:01:33.759 D/WifiThroughputPredictor(  715):  BW: 0 RSSI: -50 Nss: 1 Mode: 1 symDur: 4000 snrDb 30 bitPerTone: 4500 rate: 54 throughput: 11
07-06 00:01:33.759 D/WifiThroughputPredictor(  715):  utilization (LLS) 80 isBluetoothConnected: false final utilization: 80
07-06 00:01:33.760 D/WifiThroughputPredictor(  715):  BW: 0 RSSI: -50 Nss: 1 Mode: 1 symDur: 4000 snrDb 30 bitPerTone: 4500 rate: 54 throughput: 11
07-06 00:01:33.760 D/WifiThroughputPredictor(  715):  utilization (LLS) 80 isBluetoothConnected: false final utilization: 80
07-06 00:01:33.760 D/WifiThroughputPredictor(  715):  BW: 0 RSSI: -50 Nss: 1 Mode: 1 symDur: 4000 snrDb 30 bitPerTone: 4500 rate: 54 throughput: 11
07-06 00:01:33.761 D/WifiScoreCard(  715): BSSID update SIGNAL_POLL ID: 1559335064 SSID: "AndroidWifi", BSSID: 00:13:10:85:fe:01, MAC: 02:15:b2:00:00:00, IP: /10.0.2.16, Security type: 0, Supplicant state: COMPLETED, Wi-Fi standard: legacy, RSSI: -50, Link speed: 1Mbps, Tx Link speed: 1Mbps, Max Supported Tx Link speed: 11Mbps, Rx Link speed: 2Mbps, Max Supported Rx Link speed: 11Mbps, Frequency: 2447MHz, Net ID: 0, Metered hint: false, score: 60, isUsable: true, CarrierMerged: false, SubscriptionId: -1, IsPrimary: 1, Trusted: true, Restricted: false, Ephemeral: false, OEM paid: false, OEM private: false, OSU AP: false, FQDN: <none>, Provider friendly name: <none>, Requesting package name: <none>"AndroidWifi"openMLO Information: , Is TID-To-Link negotiation supported by the AP: false, AP MLD Address: <none>, AP MLO Link Id: <none>, AP MLO Affiliated links: <none>, Vendor Data: <none>
07-06 00:01:33.761 D/WifiScoreCard(  715): txRate: 1 txSpeed: 1
07-06 00:01:33.761 D/WifiScoreCard(  715): network update SIGNAL_POLL "AndroidWifi" ID: 1201260005 RSSI -50 txSpeed -1
07-06 00:01:33.761 D/WifiClientModeImpl[27601:wlan0](  715):  ClientModeImpl$L2ConnectedState screen=on 1 0 "AndroidWifi" 00:13:10:85:fe:01 rssi=-50 f=2447 sc=60 link=1 tx=0.0, 0.0, 0.0 rx=0.0 bcn=0 [on:0 tx:0 rx:0 period:3005] from screen [on:0 period:884665921] score=60
07-06 00:01:33.858 D/wpa_supplicant(  960): nl80211: Drv Event 64 (NL80211_CMD_NOTIFY_CQM) received for wlan0
07-06 00:01:33.859 D/wpa_supplicant(  960): nl80211: Beacon loss event
07-06 00:01:33.859 D/wpa_supplicant(  960): wlan0: Event BEACON_LOSS (53) received
07-06 00:01:33.859 I/wpa_supplicant(  960): wlan0: CTRL-EVENT-BEACON-LOSS 
07-06 00:01:34.423 W/screencap(22559): Thread Pool max thread count is 0. Cannot cache binder as linkToDeath cannot be implemented. serviceName: SurfaceFlingerAIDL
07-06 00:01:34.424 W/BpBinder(22559): Linking to death on android.gui.ISurfaceComposer but there are no threads (yet?) listening to incoming transactions. See ProcessState::startThreadPool and ProcessState::setThreadPoolMaxThreadCount. Generally you should setup the binder threadpool before other initialization steps.
07-06 00:01:34.424 W/ProcessState(22559): Extra binder thread started, but 0 threads requested. Do not use *startThreadPool when zero threads are requested.
07-06 00:01:34.441 E/HwcComposer(  567): getLuts failed Status(-8, EX_SERVICE_SPECIFIC): '8: '
07-06 00:01:34.441 E/HWComposer(  567): getLuts: getLuts failed for display 4619827259835644672: UNSUPPORTED (8)
07-06 00:01:34.423 I/servicemanager(    0): Caller(pid=22559,uid=2000,sid=u:r:shell:s0) Found android.hardware.graphics.allocator.IAllocator/default in device VINTF manifest.
07-06 00:01:34.428 I/servicemanager(    0): Caller(pid=22559,uid=2000,sid=u:r:shell:s0) Found android.hardware.graphics.allocator.IAllocator/default in device VINTF manifest.
07-06 00:01:34.429 I/servicemanager(    0): Caller(pid=22559,uid=2000,sid=u:r:shell:s0) Found mapper/ranchu in device VINTF manifest.
07-06 00:01:34.623 I/logd    (    0): logdr: UID=2000 GID=2000 PID=22561 n tail=0 logMask=99 pid=0 start=0ns deadline=0ns
