07-06 03:13:50.116 D/CompatChangeReporter(  420): Compat change id reported: 352594277; UID 10217; state: ENABLED
07-06 03:13:50.124 D/CompatChangeReporter(  420): Compat change id reported: 349153669; UID 10217; state: ENABLED
07-06 03:13:50.127 W/HWUI    (  420): Unknown dataspace 0
--------- beginning of kernel
07-06 03:13:50.104 I/servicemanager(    0): Caller(pid=420,uid=10217,sid=u:r:untrusted_app:s0:c217,c256,c512,c768) Found android.hardware.graphics.allocator.IAllocator/default in device VINTF manifest.
07-06 03:13:50.110 I/servicemanager(    0): Caller(pid=420,uid=10217,sid=u:r:untrusted_app:s0:c217,c256,c512,c768) Found android.hardware.graphics.allocator.IAllocator/default in device VINTF manifest.
07-06 03:13:50.113 I/servicemanager(    0): Caller(pid=420,uid=10217,sid=u:r:untrusted_app:s0:c217,c256,c512,c768) Found mapper/ranchu in device VINTF manifest.
07-06 03:13:50.426 W/IPCThreadState(  715): Sending oneway calls to frozen process.
07-06 03:13:50.547 D/WifiClientModeImpl[27601:wlan0](  715): updateLinkLayerStatsRssiSpeedFrequencyCapabilities rssi=-50 TxLinkspeed=1 freq=2447 RxLinkSpeed=2
07-06 03:13:50.548 D/WifiDataStall(  715): tx tput in kbps: 11000
07-06 03:13:50.548 D/WifiDataStall(  715): rx tput in kbps: 11000
07-06 03:13:50.548 V/WifiConfigManager(  715): Updating scan detail cache freq=2447 BSSID=00:13:10:85:fe:01 RSSI=-50 for "AndroidWifi"NONE
07-06 03:13:50.548 D/WifiThroughputPredictor(  715):  utilization (LLS) 80 isBluetoothConnected: false final utilization: 80
07-06 03:13:50.548 D/WifiThroughputPredictor(  715):  BW: 0 RSSI: -50 Nss: 1 Mode: 1 symDur: 4000 snrDb 30 bitPerTone: 4500 rate: 54 throughput: 11
07-06 03:13:50.549 D/WifiThroughputPredictor(  715):  utilization (LLS) 80 isBluetoothConnected: false final utilization: 80
07-06 03:13:50.549 D/WifiThroughputPredictor(  715):  BW: 0 RSSI: -50 Nss: 1 Mode: 1 symDur: 4000 snrDb 30 bitPerTone: 4500 rate: 54 throughput: 11
07-06 03:13:50.549 D/WifiThroughputPredictor(  715):  utilization (LLS) 80 isBluetoothConnected: false final utilization: 80
07-06 03:13:50.549 D/WifiThroughputPredictor(  715):  BW: 0 RSSI: -50 Nss: 1 Mode: 1 symDur: 4000 snrDb 30 bitPerTone: 4500 rate: 54 throughput: 11
07-06 03:13:50.549 D/WifiThroughputPredictor(  715):  utilization (LLS) 80 isBluetoothConnected: false final utilization: 80
07-06 03:13:50.549 D/WifiThroughputPredictor(  715):  BW: 0 RSSI: -50 Nss: 1 Mode: 1 symDur: 4000 snrDb 30 bitPerTone: 4500 rate: 54 throughput: 11
07-06 03:13:50.550 D/WifiScoreCard(  715): BSSID update SIGNAL_POLL ID: 1559335064 SSID: "AndroidWifi", BSSID: 00:13:10:85:fe:01, MAC: 02:15:b2:00:00:00, IP: /10.0.2.16, Security type: 0, Supplicant state: COMPLETED, Wi-Fi standard: legacy, RSSI: -50, Link speed: 1Mbps, Tx Link speed: 1Mbps, Max Supported Tx Link speed: 11Mbps, Rx Link speed: 2Mbps, Max Supported Rx Link speed: 11Mbps, Frequency: 2447MHz, Net ID: 0, Metered hint: false, score: 60, isUsable: true, CarrierMerged: false, SubscriptionId: -1, IsPrimary: 1, Trusted: true, Restricted: false, Ephemeral: false, OEM paid: false, OEM private: false, OSU AP: false, FQDN: <none>, Provider friendly name: <none>, Requesting package name: <none>"AndroidWifi"openMLO Information: , Is TID-To-Link negotiation supported by the AP: false, AP MLD Address: <none>, AP MLO Link Id: <none>, AP MLO Affiliated links: <none>, Vendor Data: <none>
07-06 03:13:50.550 D/WifiScoreCard(  715): txRate: 1 txSpeed: 1
07-06 03:13:50.551 D/WifiScoreCard(  715): network update SIGNAL_POLL "AndroidWifi" ID: 1201260005 RSSI -50 txSpeed -1
07-06 03:13:50.551 D/WifiClientModeImpl[27601:wlan0](  715):  ClientModeImpl$L2ConnectedState screen=on 1 0 "AndroidWifi" 00:13:10:85:fe:01 rssi=-50 f=2447 sc=60 link=1 tx=0.0, 0.0, 0.0 rx=0.0 bcn=0 [on:0 tx:0 rx:0 period:3007] from screen [on:0 period:896202711] score=60
07-06 03:13:50.712 V/AccessibilityManagerService(  715): onUserStateChangedLocked for userId: 0, forceUpdate: false
07-06 03:13:50.718 D/BackgroundInstallControlService(  715): Package event received: 0
07-06 03:13:50.722 D/BackgroundInstallControlService(  715): Package event received: 0
07-06 03:13:50.724 W/MagnificationConnectionManager(  715): requestConnection duplicated request: connect=false, mConnectionState=DISCONNECTED
07-06 03:13:50.725 D/AccessibilityManagerService(  715): restoreCurrentUserForTestAutomationIfNeededLocked(): ignoring because device doesn't support visible background users
07-06 03:13:50.727 V/AccessibilityManagerService(  715): onUserStateChangedLocked for userId: 0, forceUpdate: false
07-06 03:13:50.728 D/AndroidRuntime(  429): Shutting down VM
07-06 03:13:50.728 W/IPCThreadState(  429): call to talkWithDriver in joinThreadPool returned error: -9 (Bad file descriptor), FD: -1
07-06 03:13:50.729 W/IPCThreadState(  429): call to talkWithDriver in joinThreadPool returned error: -9 (Bad file descriptor), FD: -1
07-06 03:13:50.730 W/IPCThreadState(  429): call to talkWithDriver in joinThreadPool returned error: -9 (Bad file descriptor), FD: -1
07-06 03:13:50.735 W/MagnificationConnectionManager(  715): requestConnection duplicated request: connect=false, mConnectionState=DISCONNECTED
07-06 03:13:50.736 W/IPCThreadState(  715): Sending oneway calls to frozen process.
07-06 03:13:50.736 W/IPCThreadState(  715): Sending oneway calls to frozen process.
07-06 03:13:50.736 W/IPCThreadState(  715): Sending oneway calls to frozen process.
07-06 03:13:50.736 W/IPCThreadState(  715): Sending oneway calls to frozen process.
07-06 03:13:50.741 W/IPCThreadState(  715): Sending oneway calls to frozen process.
07-06 03:13:50.741 W/IPCThreadState(  715): Sending oneway calls to frozen process.
07-06 03:13:50.742 W/IPCThreadState(  715): Sending oneway calls to frozen process.
07-06 03:13:50.744 W/IPCThreadState(  715): Sending oneway calls to frozen process.
07-06 03:13:50.744 W/IPCThreadState(  715): Sending oneway calls to frozen process.
07-06 03:13:50.744 W/IPCThreadState(  715): Sending oneway calls to frozen process.
07-06 03:13:50.745 W/IPCThreadState(  715): Sending oneway calls to frozen process.
07-06 03:13:50.745 I/netd    (  488): tetherGetStats() -> {[]} <1.09ms>
07-06 03:13:50.746 W/IPCThreadState(  715): Sending oneway calls to frozen process.
07-06 03:13:50.746 W/IPCThreadState(  715): Sending oneway calls to frozen process.
07-06 03:13:50.746 W/IPCThreadState(  715): Sending oneway calls to frozen process.
07-06 03:13:50.746 W/IPCThreadState(  715): Sending oneway calls to frozen process.
07-06 03:13:50.746 W/IPCThreadState(  715): Sending oneway calls to frozen process.
07-06 03:13:50.747 W/IPCThreadState(  715): Sending oneway calls to frozen process.
07-06 03:13:50.747 W/IPCThreadState(  715): Sending oneway calls to frozen process.
07-06 03:13:50.748 W/IPCThreadState(  715): Sending oneway calls to frozen process.
07-06 03:13:50.750 D/AccessibilitySourceService( 1259): enabled a11y services count 1
07-06 03:13:50.753 W/IPCThreadState(  715): Sending oneway calls to frozen process.
07-06 03:13:50.753 W/IPCThreadState(  715): Sending oneway calls to frozen process.
07-06 03:13:50.754 W/IPCThreadState(  715): Sending oneway calls to frozen process.
07-06 03:13:50.755 W/IPCThreadState(  715): Sending oneway calls to frozen process.
07-06 03:13:50.756 W/IPCThreadState(  715): Sending oneway calls to frozen process.
07-06 03:13:50.756 W/IPCThreadState(  715): Sending oneway calls to frozen process.
07-06 03:13:50.756 D/AccessibilitySourceService( 1259): a11y source sending 1 issue to sc
07-06 03:13:50.756 W/IPCThreadState(  715): Sending oneway calls to frozen process.
07-06 03:13:50.756 W/IPCThreadState(  715): Sending oneway calls to frozen process.
07-06 03:13:50.757 D/SafetySourceDataValidat(  715): No cert check requested for package com.google.android.permissioncontroller
07-06 03:13:50.757 W/IPCThreadState(  715): Sending oneway calls to frozen process.
07-06 03:13:50.760 W/IPCThreadState(  715): Sending oneway calls to frozen process.
07-06 03:13:50.817 W/IPCThreadState(  715): Sending oneway calls to frozen process.
07-06 03:13:50.985 W/ProcessStats(  715): Tracking association SourceState{313998b com.google.android.gms/10145 BTop #19277} whose proc state 2 is better than process ProcessState{4dab5a6 com.google.android.gms.persistent/10145 pkg=com.google.android.gms} proc state 4 (390 skipped)
07-06 03:13:51.116 I/.huiyi.mockchat(  420): Compiler allocated 5042KB to compile void android.view.ViewRootImpl.performTraversals()
07-06 03:13:51.221 W/.huiyi.mockchat(  420): Method boolean androidx.compose.runtime.snapshots.SnapshotStateList.conditionalUpdate(boolean, kotlin.jvm.functions.Function1) failed lock verification and will run slower.
07-06 03:13:51.221 W/.huiyi.mockchat(  420): Common causes for lock verification issues are non-optimized dex code
07-06 03:13:51.221 W/.huiyi.mockchat(  420): and incorrect proguard optimizations.
07-06 03:13:51.222 W/.huiyi.mockchat(  420): Method boolean androidx.compose.runtime.snapshots.SnapshotStateList.conditionalUpdate$default(androidx.compose.runtime.snapshots.SnapshotStateList, boolean, kotlin.jvm.functions.Function1, int, java.lang.Object) failed lock verification and will run slower.
07-06 03:13:51.223 W/.huiyi.mockchat(  420): Method java.lang.Object androidx.compose.runtime.snapshots.SnapshotStateList.mutate(kotlin.jvm.functions.Function1) failed lock verification and will run slower.
07-06 03:13:51.224 W/.huiyi.mockchat(  420): Method void androidx.compose.runtime.snapshots.SnapshotStateList.update(boolean, kotlin.jvm.functions.Function1) failed lock verification and will run slower.
07-06 03:13:51.224 W/.huiyi.mockchat(  420): Method void androidx.compose.runtime.snapshots.SnapshotStateList.update$default(androidx.compose.runtime.snapshots.SnapshotStateList, boolean, kotlin.jvm.functions.Function1, int, java.lang.Object) failed lock verification and will run slower.
07-06 03:13:51.318 D/CoreBackPreview(  715): Window{22543dd u0 com.huiyi.mockchat/com.huiyi.mockchat.MainActivity}: Setting back callback OnBackInvokedCallbackInfo{mCallback=android.window.IOnBackInvokedCallback$Stub$Proxy@c8f3211, mPriority=0, mIsAnimationCallback=false, mOverrideBehavior=0}
07-06 03:13:51.424 D/SatelliteController( 1112): iisInCarrierRoamingNbIotNtn: satellite is disabled
07-06 03:13:51.724 I/Choreographer(  420): Skipped 81 frames!  The application may be doing too much work on its main thread.
07-06 03:13:51.725 I/HWUI    (  420): Davey! duration=1569ms; Flags=1, FrameTimelineVsyncId=1270786, IntendedVsync=49951100542410, Vsync=49951100542410, InputEventId=0, HandleInputStart=49951102112540, AnimationStart=49951102137940, PerformTraversalsStart=49951102181340, DrawStart=49952534466040, FrameDeadline=49951117209076, FrameStartTime=49951102075640, FrameInterval=16666666, WorkloadTarget=16666666, SyncQueued=49952573928340, SyncStart=49952576258740, IssueDrawCommandsStart=49952577379540, SwapBuffers=49952661119040, FrameCompleted=49952672542640, DequeueBufferDuration=20600, QueueBufferDuration=267600, GpuCompleted=49952672542640, SwapBuffersCompleted=49952663422640, DisplayPresentTime=0, CommandSubmissionCompleted=49952661119040, 
07-06 03:13:51.727 I/ActivityTaskManager(  715): Displayed com.huiyi.mockchat/.MainActivity for user 0: +2s751ms
07-06 03:13:51.777 I/FontLog ( 1314): Received query Noto Color Emoji Compat, URI content://com.google.android.gms.fonts [CONTEXT service_id=132 ]
07-06 03:13:51.779 I/FontLog ( 1314): Query [emojicompat-emoji-font] resolved to {Noto Color Emoji Compat, wdth 100.0, wght 400, ital 0.0, bestEffort false}, isVf false} [CONTEXT service_id=132 ]
07-06 03:13:51.781 I/FontLog ( 1314): Fetch {Noto Color Emoji Compat, wdth 100.0, wght 400, ital 0.0, bestEffort false}, isVf false} end status Status{statusCode=SUCCESS, resolution=null} [CONTEXT service_id=132 ]
07-06 03:13:51.790 W/com.huiyi.v4(32689): Cleared Reference was only reachable from finalizer (only reported once)
07-06 03:13:51.791 I/netd    (  488): tetherGetStats() -> {[]} <0.44ms>
07-06 03:13:51.795 I/FontLog ( 1314): Pulling font file for id = 171, cache size = 6 [CONTEXT service_id=132 ]
07-06 03:13:51.801 I/FontLog ( 1314): Pulling font file for id = 171, cache size = 6 [CONTEXT service_id=132 ]
07-06 03:13:51.817 I/ImeTracker(  715): com.huiyi.mockchat:42949bde: onRequestHide at ORIGIN_SERVER reason HIDE_UNSPECIFIED_WINDOW fromUser false
07-06 03:13:51.847 I/GoogleInputMethodService( 1395): GoogleInputMethodService.onFinishInput():2043 
07-06 03:13:51.851 I/ImeTracker(  715): system_server:77ec01bc: onRequestHide at ORIGIN_SERVER reason IME_REQUESTED_CHANGED_LISTENER fromUser false
07-06 03:13:51.853 I/Module  ( 1395): DeviceLockedStatusModuleProvider$Module.updateDeviceLockedStatus():100 repeatCheckTimes = 0, locked = false
07-06 03:13:51.859 I/ImeTracker(  715): system_server:77ec01bc: onCancelled at PHASE_SERVER_SHOULD_HIDE
07-06 03:13:51.860 I/GoogleInputMethodService( 1395): GoogleInputMethodService.onStartInput():1293 onStartInput(EditorInfo{EditorInfo{packageName=com.huiyi.mockchat, inputType=0, inputTypeString=NULL, enableLearning=false, autoCorrection=false, autoComplete=false, imeOptions=0, privateImeOptions=null, actionName=UNSPECIFIED, actionLabel=null, initialSelStart=-1, initialSelEnd=-1, initialCapsMode=0, label=null, fieldId=0, fieldName=null, extras=null, hintText=null, hintLocales=[]}}, false)
07-06 03:13:51.861 W/PackageConfigPersister(  715): App-specific configuration not found for packageName: com.huiyi.mockchat and userId: 0
07-06 03:13:51.861 D/InsetsController(  420): hide(ime(), fromIme=false)
07-06 03:13:51.865 I/Module  ( 1395): DeviceLockedStatusModuleProvider$Module.updateDeviceLockedStatus():100 repeatCheckTimes = 1, locked = false
07-06 03:13:51.876 I/ImeTracker(  420): com.huiyi.mockchat:42949bde: onCancelled at PHASE_CLIENT_ALREADY_HIDDEN
07-06 03:13:51.895 W/IPCThreadState(  715): Sending oneway calls to frozen process.
07-06 03:13:51.897 W/IPCThreadState(  715): Sending oneway calls to frozen process.
07-06 03:13:51.898 W/IPCThreadState(  715): Sending oneway calls to frozen process.
07-06 03:13:51.899 W/IPCThreadState(  715): Sending oneway calls to frozen process.
07-06 03:13:51.899 W/IPCThreadState(  715): Sending oneway calls to frozen process.
07-06 03:13:51.899 W/IPCThreadState(  715): Sending oneway calls to frozen process.
07-06 03:13:51.899 W/IPCThreadState(  715): Sending oneway calls to frozen process.
07-06 03:13:51.900 W/IPCThreadState(  715): Sending oneway calls to frozen process.
07-06 03:13:51.900 W/IPCThreadState(  715): Sending oneway calls to frozen process.
07-06 03:13:51.900 W/IPCThreadState(  715): Sending oneway calls to frozen process.
07-06 03:13:51.900 W/IPCThreadState(  715): Sending oneway calls to frozen process.
07-06 03:13:51.901 W/IPCThreadState(  715): Sending oneway calls to frozen process.
07-06 03:13:51.904 D/BaseDepthController( 1124): setSurface:
07-06 03:13:51.904 D/BaseDepthController( 1124): 	mWaitingOnSurfaceValidity: false
07-06 03:13:51.904 D/BaseDepthController( 1124): 	mBaseSurface: null
07-06 03:13:51.904 W/IPCThreadState(  715): Sending oneway calls to frozen process.
07-06 03:13:51.904 D/BaseDepthController( 1124): mSurface is null and mCurrentBlur is: 0
07-06 03:13:51.905 W/IPCThreadState(  715): Sending oneway calls to frozen process.
07-06 03:13:51.905 W/IPCThreadState(  715): Sending oneway calls to frozen process.
07-06 03:13:51.905 D/StateManager( 1124): goToState - fromState: Normal, toState: Normal, partial trace:
07-06 03:13:51.905 D/StateManager( 1124): 	at com.android.launcher3.statemanager.StateManager.moveToRestState(go/retraceme 43e00d9cd0eb17b3d9dd30fc1741b1c71445c4c0f7c8c9b81300265c86c5b873:4)
07-06 03:13:51.905 D/StateManager( 1124): 	at com.android.launcher3.statemanager.StateManager.moveToRestState(go/retraceme 43e00d9cd0eb17b3d9dd30fc1741b1c71445c4c0f7c8c9b81300265c86c5b873:1)
07-06 03:13:51.905 D/StateManager( 1124): 	at com.android.launcher3.statemanager.StatefulActivity.onStop(go/retraceme 43e00d9cd0eb17b3d9dd30fc1741b1c71445c4c0f7c8c9b81300265c86c5b873:34)
07-06 03:13:51.905 W/IPCThreadState(  715): Sending oneway calls to frozen process.
07-06 03:13:51.905 D/StatsLog( 1124): LAUNCHER_ONSTOP
07-06 03:13:51.906 W/IPCThreadState(  715): Sending oneway calls to frozen process.
07-06 03:13:51.908 D/StatsLog( 1124): LAUNCHER_GOOGLE_SEARCH_RESTORE_LIST_SIZE_AFTER_ACTIVITY_RESTART
07-06 03:13:51.910 W/IPCThreadState(  715): Sending oneway calls to frozen process.
07-06 03:13:51.912 I/AppWidgetServiceImpl(  715): setAppWidgetHidden() 0
07-06 03:13:51.916 W/IPCThreadState(  715): Sending oneway calls to frozen process.
07-06 03:13:51.917 W/IPCThreadState(  715): Sending oneway calls to frozen process.
07-06 03:13:51.917 W/IPCThreadState(  715): Sending oneway calls to frozen process.
07-06 03:13:51.918 W/IPCThreadState(  715): Sending oneway calls to frozen process.
07-06 03:13:51.921 W/IPCThreadState(  715): Sending oneway calls to frozen process.
07-06 03:13:51.922 W/IPCThreadState(  715): Sending oneway calls to frozen process.
07-06 03:13:51.923 W/IPCThreadState(  715): Sending oneway calls to frozen process.
07-06 03:13:51.923 W/IPCThreadState(  715): Sending oneway calls to frozen process.
07-06 03:13:51.924 W/IPCThreadState(  715): Sending oneway calls to frozen process.
07-06 03:13:51.924 W/IPCThreadState(  715): Sending oneway calls to frozen process.
07-06 03:13:51.924 W/IPCThreadState(  715): Sending oneway calls to frozen process.
07-06 03:13:51.924 W/IPCThreadState(  715): Sending oneway calls to frozen process.
07-06 03:13:51.924 W/IPCThreadState(  715): Sending oneway calls to frozen process.
07-06 03:13:51.925 W/IPCThreadState(  715): Sending oneway calls to frozen process.
07-06 03:13:51.925 W/IPCThreadState(  715): Sending oneway calls to frozen process.
07-06 03:13:51.925 W/IPCThreadState(  715): Sending oneway calls to frozen process.
07-06 03:13:51.925 W/IPCThreadState(  715): Sending oneway calls to frozen process.
07-06 03:13:51.925 W/IPCThreadState(  715): Sending oneway calls to frozen process.
07-06 03:13:51.926 W/IPCThreadState(  715): Sending oneway calls to frozen process.
07-06 03:13:51.928 W/IPCThreadState(  715): Sending oneway calls to frozen process.
07-06 03:13:51.928 W/IPCThreadState(  715): Sending oneway calls to frozen process.
07-06 03:13:51.943 D/BackgroundInstallControlService(  715): Package event received: 0
07-06 03:13:52.092 W/IPCThreadState(  630): Sending oneway calls to frozen process.
07-06 03:13:52.113 W/WindowOnBackDispatcher(  972): sendCancelIfRunning: isInProgress=false callback=android.view.ViewRootImpl$$ExternalSyntheticLambda13@402e677
07-06 03:13:52.114 D/CoreBackPreview(  715): Window{d6e2390 u0 Splash Screen com.huiyi.mockchat EXITING}: Setting back callback null
07-06 03:13:52.130 D/BackgroundInstallControlService(  715): Package event received: 0
07-06 03:13:52.218 W/dumpsys (  652): Thread Pool max thread count is 0. Cannot cache binder as linkToDeath cannot be implemented. serviceName: window
07-06 03:13:52.223 I/system_server(  715): AssetManager2(0x79075ab3b498) locale list changing from [] to [en-US]
07-06 03:13:52.227 I/system_server(  715): AssetManager2(0x79075aba2cd8) locale list changing from [] to [en-US]
07-06 03:13:52.232 I/system_server(  715): AssetManager2(0x79075ab47018) locale list changing from [] to [en-US]
07-06 03:13:52.238 D/CompatChangeReporter(32689): Compat change id reported: 63938206; UID 10216; state: ENABLED
07-06 03:13:52.238 I/system_server(  715): AssetManager2(0x79075ab15978) locale list changing from [] to [en-US]
07-06 03:13:52.241 I/system_server(  715): AssetManager2(0x79075aba7af8) locale list changing from [] to [en-US]
07-06 03:13:52.247 I/system_server(  715): AssetManager2(0x79075abcad78) locale list changing from [] to [en-US]
07-06 03:13:52.354 D/CoreBackPreview(  715): Window{a704911 u0 com.huiyi.v4}: Setting back callback OnBackInvokedCallbackInfo{mCallback=android.window.IOnBackInvokedCallback$Stub$Proxy@7f654d, mPriority=0, mIsAnimationCallback=false, mOverrideBehavior=0}
07-06 03:13:52.375 I/EGL_emulation(32689): Opening libGLESv1_CM_emulation.so
07-06 03:13:52.378 I/EGL_emulation(32689): Opening libGLESv2_emulation.so
07-06 03:13:52.393 W/HWUI    (32689): Failed to choose config with EGL_SWAP_BEHAVIOR_PRESERVED, retrying without...
07-06 03:13:52.396 W/HWUI    (32689): Failed to initialize 101010-2 format, error = EGL_SUCCESS
07-06 03:13:52.482 E/TaskPersister(  715): File error accessing recents directory (directory doesn't exist?).
07-06 03:13:52.541 W/screencap(  685): Thread Pool max thread count is 0. Cannot cache binder as linkToDeath cannot be implemented. serviceName: SurfaceFlingerAIDL
07-06 03:13:52.541 W/BpBinder(  685): Linking to death on android.gui.ISurfaceComposer but there are no threads (yet?) listening to incoming transactions. See ProcessState::startThreadPool and ProcessState::setThreadPoolMaxThreadCount. Generally you should setup the binder threadpool before other initialization steps.
07-06 03:13:52.543 W/ProcessState(  685): Extra binder thread started, but 0 threads requested. Do not use *startThreadPool when zero threads are requested.
07-06 03:13:52.560 E/HwcComposer(  567): getLuts failed Status(-8, EX_SERVICE_SPECIFIC): '8: '
07-06 03:13:52.560 E/HWComposer(  567): getLuts: getLuts failed for display 4619827259835644672: UNSUPPORTED (8)
07-06 03:13:52.550 I/servicemanager(    0): Caller(pid=685,uid=2000,sid=u:r:shell:s0) Found android.hardware.graphics.allocator.IAllocator/default in device VINTF manifest.
07-06 03:13:52.556 I/servicemanager(    0): Caller(pid=685,uid=2000,sid=u:r:shell:s0) Found android.hardware.graphics.allocator.IAllocator/default in device VINTF manifest.
07-06 03:13:52.567 I/servicemanager(    0): Caller(pid=685,uid=2000,sid=u:r:shell:s0) Found mapper/ranchu in device VINTF manifest.
07-06 03:13:52.745 W/NotificationHistory(  715): Attempted to add notif for locked/gone/disabled user 0
07-06 03:13:52.759 W/AiAiEcho( 1480): LyftNotificationParser Ridesharing ETA not enabled
07-06 03:13:52.759 I/AiAiEcho( 1480): SmartspaceNotificationPredictor no parser can handle this notification or notification is invalid
07-06 03:13:52.767 I/NotificationListener( 1124): received notification posted event - android#UserHandle{0},category=-1
07-06 03:13:52.775 D/BackgroundInstallControlService(  715): Package event received: 0
07-06 03:13:52.820 D/LocalImageResolver(  972): Couldn't use ImageDecoder for drawable, falling back to non-resized load.
07-06 03:13:52.824 W/IPCThreadState(  715): Sending oneway calls to frozen process.
07-06 03:13:52.837 D/LocalImageResolver(  972): Couldn't use ImageDecoder for drawable, falling back to non-resized load.
07-06 03:13:52.929 E/NotificationService(  715): Suppressing toast from package com.huiyi.v4 by user request.
07-06 03:13:52.932 W/IPCThreadState(  715): Sending oneway calls to frozen process.
07-06 03:13:52.933 I/FloatingBubbleService(32689): next_sentence_click_ack latencyMs=7 ackVisible=true
07-06 03:13:52.977 D/WindowManager(  715): captureDisplay
07-06 03:13:53.131 D/AndroidRuntime(  705): >>>>>> START com.android.internal.os.RuntimeInit uid 2000 <<<<<<
07-06 03:13:53.140 I/AndroidRuntime(  705): Using default boot image
07-06 03:13:53.140 I/AndroidRuntime(  705): Leaving lock profiling enabled
07-06 03:13:53.142 I/app_process(  705): Core platform API reporting enabled, enforcing=false
07-06 03:13:53.143 I/app_process(  705): Using CollectorTypeCMC GC.
07-06 03:13:53.152 I/HuiyiRuntime(32689): dynamic_playbook_result sessionId=6d33a8d8-e918-4e4e-8d72-e992526fce52 mode=NEXT_SENTENCE chatKey=com.huiyi.mockchat|mock:49b3c0f5 source=LOCAL_FALLBACK decisionSource=PASSIVE_WAIT_FOR_CLOUD_PLAYBOOK lastSpeaker=OTHER decision=PASSIVE_NOT_READY routeCount=0 latencyMs=52 cacheHit=false localFallbackUsed=true cloudRefreshRecommended=true
07-06 03:13:53.208 W/AppOps  (  715): Noting op not finished: uid 10216 pkg com.huiyi.v4 code 24 startTime of in progress event=1783307632313
07-06 03:13:53.261 D/nativeloader(  705): InitDefaultPublicLibraries for_preload=1: libandroid.so:libaaudio.so:libamidi.so:libbinder_ndk.so:libc.so:libcamera2ndk.so:libdl.so:libEGL.so:libGLESv1_CM.so:libGLESv2.so:libGLESv3.so:libicu.so:libicui18n.so:libicuuc.so:libjnigraphics.so:liblog.so:libmediandk.so:libm.so:libnativehelper.so:libnativewindow.so:libOpenMAXAL.so:libOpenSLES.so:libRS.so:libstdc++.so:libsync.so:libvulkan.so:libwebviewchromium_plat_support.so:libz.so
07-06 03:13:53.279 D/nativeloader(  705): Load libicu_jni.so using APEX ns com_android_art for caller /apex/com.android.art/javalib/core-oj.jar: ok
07-06 03:13:53.279 D/app_process(  705): u_setTimeZoneFilesDirectory("/apex/com.android.tzdata/etc/tz/versioned/9/icu") succeeded. 
07-06 03:13:53.280 D/app_process(  705): I18n APEX ICU file found: /apex/com.android.i18n/etc/icu/icudt76l.dat
07-06 03:13:53.282 D/nativeloader(  705): Load libjavacore.so using APEX ns com_android_art for caller /apex/com.android.art/javalib/core-oj.jar: ok
07-06 03:13:53.283 D/nativeloader(  705): Load libopenjdk.so using APEX ns com_android_art for caller /apex/com.android.art/javalib/core-oj.jar: ok
07-06 03:13:53.287 W/app_process(  705): Unexpected CPU variant for x86: x86_64.
07-06 03:13:53.287 W/app_process(  705): Known variants: atom, sandybridge, silvermont, goldmont, goldmont-plus, goldmont-without-sha-xsaves, tremont, kabylake, alderlake, default
07-06 03:13:53.289 W/app_process(  705): ClassLoaderContext shared library size mismatch. Expected=2, found=0 (PCL[]{PCL[/system/framework/android.test.base.jar*2789897741]#PCL[/system/framework/android.test.mock.jar*3361312393]} | PCL[])
07-06 03:13:53.290 W/app_process(  705): ClassLoaderContext classpath size mismatch. expected=0, found=1 (PCL[]{PCL[/system/framework/android.test.runner.jar*895143020]#PCL[/system/framework/android.test.base.jar*2789897741]} | PCL[/system/framework/android.test.runner.jar*895143020])
07-06 03:13:53.321 D/nativeloader(  705): Load libframework-connectivity-tiramisu-jni.so using APEX ns com_android_tethering for caller /apex/com.android.tethering/javalib/framework-connectivity-t.jar: ok
07-06 03:13:53.321 D/AndroidRuntime(  705): Calling main entry com.android.commands.uiautomator.Launcher
07-06 03:13:53.327 I/AconfigPackage(  705): android.media.swcodec.flags is mapped to com.android.media.swcodec
07-06 03:13:53.327 I/AconfigPackage(  705): com.google.android.settings.simplemode.flags is mapped to system_ext
07-06 03:13:53.328 I/AconfigPackage(  705): com.google.android.systemui is mapped to system_ext
07-06 03:13:53.328 I/AconfigPackage(  705): com.google.android.apps.nexuslauncher is mapped to system_ext
07-06 03:13:53.328 I/AconfigPackage(  705): com.android.settings.accessibility is mapped to system_ext
07-06 03:13:53.328 I/AconfigPackage(  705): com.android.settings.flags is mapped to system_ext
07-06 03:13:53.328 I/AconfigPackage(  705): com.google.android.apps.miphone.aiai.matchmaker.overview.ui is mapped to system_ext
07-06 03:13:53.328 I/AconfigPackage(  705): com.google.android.settings.flags is mapped to system_ext
07-06 03:13:53.329 I/AconfigPackage(  705): com.android.launcher3 is mapped to system_ext
07-06 03:13:53.329 I/AconfigPackage(  705): com.android.wallpaper is mapped to system_ext
07-06 03:13:53.329 I/AconfigPackage(  705): com.android.settings.media_drm is mapped to system_ext
07-06 03:13:53.329 I/AconfigPackage(  705): com.android.systemui.accessibility.accessibilitymenu is mapped to system_ext
07-06 03:13:53.329 I/AconfigPackage(  705): com.android.settings.keyboard is mapped to system_ext
07-06 03:13:53.329 I/AconfigPackage(  705): com.android.server.policy.feature.flags is mapped to system_ext
07-06 03:13:53.329 I/AconfigPackage(  705): com.android.settings.factory_reset is mapped to system_ext
07-06 03:13:53.329 I/AconfigPackage(  705): com.google.android.haptics.flags is mapped to system_ext
07-06 03:13:53.330 I/AconfigPackage(  705): com.android.permission.flags is mapped to com.android.permission
07-06 03:13:53.330 I/AconfigPackage(  705): com.android.icu is mapped to com.android.i18n
07-06 03:13:53.330 I/AconfigPackage(  705): com.android.appsearch.flags is mapped to com.android.appsearch
07-06 03:13:53.330 I/AconfigPackage(  705): android.uprobestats.mainline.flags is mapped to com.android.uprobestats
07-06 03:13:53.333 I/AconfigPackage(  705): android.provider.flags is mapped to com.android.configinfrastructure
07-06 03:13:53.333 I/AconfigPackage(  705): com.android.server.deviceconfig is mapped to com.android.configinfrastructure
07-06 03:13:53.334 I/AconfigPackage(  705): com.android.nfc.flags is mapped to system
07-06 03:13:53.334 I/AconfigPackage(  705): android.app.admin.flags is mapped to system
07-06 03:13:53.334 I/AconfigPackage(  705): android.database.sqlite is mapped to system
07-06 03:13:53.335 I/AconfigPackage(  705): com.android.providers.calendar is mapped to system
07-06 03:13:53.335 I/AconfigPackage(  705): com.android.server.power.feature.flags is mapped to system
07-06 03:13:53.335 I/AconfigPackage(  705): com.android.media.performance.flags is mapped to system
07-06 03:13:53.335 I/AconfigPackage(  705): android.app.contextualsearch.flags is mapped to system
07-06 03:13:53.337 I/AconfigPackage(  705): android.app.ondeviceintelligence.flags is mapped to system
07-06 03:13:53.337 I/AconfigPackage(  705): com.android.media.projection.flags is mapped to system
07-06 03:13:53.337 I/AconfigPackage(  705): android.companion is mapped to system
07-06 03:13:53.337 I/AconfigPackage(  705): android.service.controls.flags is mapped to system
07-06 03:13:53.337 I/AconfigPackage(  705): com.android.text.flags is mapped to system
07-06 03:13:53.339 I/AconfigPackage(  705): com.android.providers.contactkeys.flags is mapped to system
07-06 03:13:53.339 I/AconfigPackage(  705): com.android.intentresolver is mapped to system
07-06 03:13:53.339 I/AconfigPackage(  705): android.companion.virtualdevice.flags is mapped to system
07-06 03:13:53.339 I/AconfigPackage(  705): android.uprobestats.flags is mapped to system
07-06 03:13:53.339 I/AconfigPackage(  705): com.android.net.thread.platform.flags is mapped to system
07-06 03:13:53.340 I/AconfigPackage(  705): android.view.contentprotection.flags is mapped to system
07-06 03:13:53.340 I/AconfigPackage(  705): com.android.server.dreams is mapped to system
07-06 03:13:53.340 I/AconfigPackage(  705): com.android.graphics.surfaceflinger.flags is mapped to system
07-06 03:13:53.340 I/AconfigPackage(  705): com.android.hardware.input is mapped to system
07-06 03:13:53.340 I/AconfigPackage(  705): android.sdk is mapped to system
07-06 03:13:53.340 I/AconfigPackage(  705): com.android.input.flags is mapped to system
07-06 03:13:53.341 I/AconfigPackage(  705): android.tracing is mapped to system
07-06 03:13:53.341 I/AconfigPackage(  705): com.android.server.biometrics is mapped to system
07-06 03:13:53.341 I/AconfigPackage(  705): android.view.contentcapture.flags is mapped to system
07-06 03:13:53.341 I/AconfigPackage(  705): android.app.job is mapped to system
07-06 03:13:53.341 I/AconfigPackage(  705): android.content.res is mapped to system
07-06 03:13:53.342 I/AconfigPackage(  705): android.net.platform.flags is mapped to system
07-06 03:13:53.342 I/AconfigPackage(  705): com.android.aconfig.flags is mapped to system
07-06 03:13:53.342 I/AconfigPackage(  705): com.android.graphics.flags is mapped to system
07-06 03:13:53.342 I/AconfigPackage(  705): android.server.app is mapped to system
07-06 03:13:53.342 I/AconfigPackage(  705): android.speech.flags is mapped to system
07-06 03:13:53.342 I/AconfigPackage(  705): com.android.server.stats is mapped to system
07-06 03:13:53.342 I/AconfigPackage(  705): android.hardware.biometrics is mapped to system
07-06 03:13:53.343 I/AconfigPackage(  705): android.car.feature is mapped to system
07-06 03:13:53.343 I/AconfigPackage(  705): android.adpf is mapped to system
07-06 03:13:53.343 I/AconfigPackage(  705): android.location.flags is mapped to system
07-06 03:13:53.343 I/AconfigPackage(  705): com.android.settingslib.flags is mapped to system
07-06 03:13:53.343 I/AconfigPackage(  705): com.android.managedprovisioning.flags is mapped to system
07-06 03:13:53.343 I/AconfigPackage(  705): android.app.assist.flags is mapped to system
07-06 03:13:53.344 I/AconfigPackage(  705): com.android.server.net is mapped to system
07-06 03:13:53.344 I/AconfigPackage(  705): com.android.settingslib.widget.flags is mapped to system
07-06 03:13:53.344 I/AconfigPackage(  705): com.android.internal.camera.flags is mapped to system
07-06 03:13:53.344 I/AconfigPackage(  705): com.android.hardware.libsensor.flags is mapped to system
07-06 03:13:53.344 I/AconfigPackage(  705): com.android.internal.jank is mapped to system
07-06 03:13:53.344 I/AconfigPackage(  705): com.android.providers.settings is mapped to system
07-06 03:13:53.344 I/AconfigPackage(  705): android.multiuser is mapped to system
07-06 03:13:53.344 I/AconfigPackage(  705): com.android.server.power.optimization is mapped to system
07-06 03:13:53.345 I/AconfigPackage(  705): com.android.calllogbackup is mapped to system
07-06 03:13:53.345 I/AconfigPackage(  705): com.android.media.flags is mapped to system
07-06 03:13:53.345 I/AconfigPackage(  705): com.android.server.flags is mapped to system
07-06 03:13:53.345 I/AconfigPackage(  705): com.android.graphics.libvulkan.flags is mapped to system
07-06 03:13:53.345 I/AconfigPackage(  705): android.app.appfunctions.flags is mapped to system
07-06 03:13:53.345 I/AconfigPackage(  705): android.app.smartspace.flags is mapped to system
07-06 03:13:53.345 I/AconfigPackage(  705): com.android.providers.contacts.flags is mapped to system
07-06 03:13:53.345 I/AconfigPackage(  705): com.android.shell.flags is mapped to system
07-06 03:13:53.345 I/AconfigPackage(  705): com.android.media.aaudio is mapped to system
07-06 03:13:53.345 I/AconfigPackage(  705): android.hardware.radio is mapped to system
07-06 03:13:53.345 I/AconfigPackage(  705): com.google.wear.services.infra.flags is mapped to system
07-06 03:13:53.345 I/AconfigPackage(  705): suspend_service.flags is mapped to system
07-06 03:13:53.345 I/AconfigPackage(  705): android.media.midi is mapped to system
07-06 03:13:53.345 I/AconfigPackage(  705): com.android.libcore.readonly is mapped to system
07-06 03:13:53.346 I/AconfigPackage(  705): com.android.settingslib.widget.selectorwithwidgetpreference.flags is mapped to system
07-06 03:13:53.348 I/AconfigPackage(  705): android.service.notification is mapped to system
07-06 03:13:53.348 I/AconfigPackage(  705): com.android.systemui.shared is mapped to system
07-06 03:13:53.348 I/AconfigPackage(  705): android.app.jank is mapped to system
07-06 03:13:53.349 I/AconfigPackage(  705): android.app.wearable is mapped to system
07-06 03:13:53.349 I/AconfigPackage(  705): com.android.media.audio is mapped to system
07-06 03:13:53.349 I/AconfigPackage(  705): android.service.chooser is mapped to system
07-06 03:13:53.349 I/AconfigPackage(  705): com.android.server.compat is mapped to system
07-06 03:13:53.349 I/AconfigPackage(  705): com.android.server.alarm is mapped to system
07-06 03:13:53.350 I/AconfigPackage(  705): com.android.apex.flags is mapped to system
07-06 03:13:53.350 I/AconfigPackage(  705): android.service.quickaccesswallet is mapped to system
07-06 03:13:53.350 I/AconfigPackage(  705): android.app.usage is mapped to system
07-06 03:13:53.352 I/AconfigPackage(  705): com.android.server.accessibility is mapped to system
07-06 03:13:53.353 I/AconfigPackage(  705): android.app.supervision.flags is mapped to system
07-06 03:13:53.353 I/AconfigPackage(  705): com.android.server.utils is mapped to system
07-06 03:13:53.354 I/AconfigPackage(  705): android.chre.flags is mapped to system
07-06 03:13:53.354 I/AconfigPackage(  705): android.content.flags is mapped to system
07-06 03:13:53.354 I/AconfigPackage(  705): android.media.codec is mapped to system
07-06 03:13:53.354 I/AconfigPackage(  705): com.android.internal.os is mapped to system
07-06 03:13:53.355 I/AconfigPackage(  705): com.android.nfc.nci.flags is mapped to system
07-06 03:13:53.355 I/AconfigPackage(  705): android.app is mapped to system
07-06 03:13:53.355 I/AconfigPackage(  705): android.security.keystore2 is mapped to system
07-06 03:13:53.355 I/AconfigPackage(  705): android.crashrecovery.flags is mapped to system
07-06 03:13:53.355 I/AconfigPackage(  705): com.android.tradeinmode.flags is mapped to system
07-06 03:13:53.355 I/AconfigPackage(  705): android.hardware.flags is mapped to system
07-06 03:13:53.355 I/AconfigPackage(  705): com.android.server.telecom.flags is mapped to system
07-06 03:13:53.357 I/AconfigPackage(  705): com.android.settingslib.media.flags is mapped to system
07-06 03:13:53.359 I/AconfigPackage(  705): com.android.server.policy is mapped to system
07-06 03:13:53.359 I/AconfigPackage(  705): android.media.audiopolicy is mapped to system
07-06 03:13:53.359 I/AconfigPackage(  705): com.android.egg.flags is mapped to system
07-06 03:13:53.359 I/AconfigPackage(  705): com.android.internal.compat.flags is mapped to system
07-06 03:13:53.359 I/AconfigPackage(  705): android.security is mapped to system
07-06 03:13:53.360 I/AconfigPackage(  705): android.service.autofill is mapped to system
07-06 03:13:53.360 I/AconfigPackage(  705): com.example.android.aconfig.demo.flags is mapped to system
07-06 03:13:53.360 I/AconfigPackage(  705): android.view.flags is mapped to system
07-06 03:13:53.360 I/AconfigPackage(  705): android.companion.virtual.flags is mapped to system
07-06 03:13:53.360 I/AconfigPackage(  705): com.android.aconfig_new_storage is mapped to system
07-06 03:13:53.360 I/AconfigPackage(  705): com.android.server.feature.flags is mapped to system
07-06 03:13:53.360 I/AconfigPackage(  705): com.android.systemui is mapped to system
07-06 03:13:53.360 I/AconfigPackage(  705): com.android.server.power.batterysaver is mapped to system
07-06 03:13:53.360 I/AconfigPackage(  705): android.widget.flags is mapped to system
07-06 03:13:53.360 I/AconfigPackage(  705): com.android.media.editing.flags is mapped to system
07-06 03:13:53.360 I/AconfigPackage(  705): com.android.media.codec.flags is mapped to system
07-06 03:13:53.360 I/AconfigPackage(  705): com.android.server.powerstats is mapped to system
07-06 03:13:53.361 I/AconfigPackage(  705): com.android.graphics.egl.flags is mapped to system
07-06 03:13:53.361 I/AconfigPackage(  705): com.android.media.audioserver is mapped to system
07-06 03:13:53.361 I/AconfigPackage(  705): com.android.server.deviceidle is mapped to system
07-06 03:13:53.361 I/AconfigPackage(  705): android.nfc is mapped to system
07-06 03:13:53.361 I/AconfigPackage(  705): android.permission.flags is mapped to system
07-06 03:13:53.361 I/AconfigPackage(  705): android.service.voice.flags is mapped to system
07-06 03:13:53.363 I/AconfigPackage(  705): android.content.pm is mapped to system
07-06 03:13:53.363 I/AconfigPackage(  705): com.android.server.power.hint is mapped to system
07-06 03:13:53.363 I/AconfigPackage(  705): android.os is mapped to system
07-06 03:13:53.363 I/AconfigPackage(  705): android.service.dreams is mapped to system
07-06 03:13:53.364 I/AconfigPackage(  705): com.android.graphics.libgui.flags is mapped to system
07-06 03:13:53.364 I/AconfigPackage(  705): android.hardware.usb.flags is mapped to system
07-06 03:13:53.368 I/AconfigPackage(  705): android.provider is mapped to system
07-06 03:13:53.368 I/AconfigPackage(  705): com.android.server.job is mapped to system
07-06 03:13:53.369 I/AconfigPackage(  705): com.android.internal.foldables.flags is mapped to system
07-06 03:13:53.369 I/AconfigPackage(  705): com.android.internal.telephony.flags is mapped to system
07-06 03:13:53.369 I/AconfigPackage(  705): android.webkit is mapped to system
07-06 03:13:53.369 I/AconfigPackage(  705): android.credentials.flags is mapped to system
07-06 03:13:53.369 I/AconfigPackage(  705): com.android.server.display.feature.flags is mapped to system
07-06 03:13:53.369 I/AconfigPackage(  705): com.android.server.notification is mapped to system
07-06 03:13:53.371 I/AconfigPackage(  705): android.appwidget.flags is mapped to system
07-06 03:13:53.371 I/AconfigPackage(  705): com.android.frameworks.sensorservice.flags is mapped to system
07-06 03:13:53.371 I/AconfigPackage(  705): com.android.printspooler.flags is mapped to system
07-06 03:13:53.372 I/AconfigPackage(  705): com.android.window.flags is mapped to system
07-06 03:13:53.372 I/AconfigPackage(  705): android.adaptiveauth is mapped to system
07-06 03:13:53.372 I/AconfigPackage(  705): android.net.wifi.flags is mapped to system
07-06 03:13:53.372 I/AconfigPackage(  705): android.media.tv.flags is mapped to system
07-06 03:13:53.372 I/AconfigPackage(  705): com.android.server.usb.flags is mapped to system
07-06 03:13:53.373 I/AconfigPackage(  705): android.os.vibrator is mapped to system
07-06 03:13:53.373 I/AconfigPackage(  705): android.hardware.devicestate.feature.flags is mapped to system
07-06 03:13:53.373 I/AconfigPackage(  705): com.android.server.usage is mapped to system
07-06 03:13:53.373 I/AconfigPackage(  705): android.server is mapped to system
07-06 03:13:53.373 I/AconfigPackage(  705): com.android.wm.shell is mapped to system
07-06 03:13:53.373 I/AconfigPackage(  705): android.view.inputmethod is mapped to system
07-06 03:13:53.373 I/AconfigPackage(  705): com.android.graphics.hwui.flags is mapped to system
07-06 03:13:53.373 I/AconfigPackage(  705): com.android.server.backup is mapped to system
07-06 03:13:53.374 I/AconfigPackage(  705): com.android.internal.pm.pkg.component.flags is mapped to system
07-06 03:13:53.374 I/AconfigPackage(  705): android.view.accessibility is mapped to system
07-06 03:13:53.375 I/AconfigPackage(  705): com.google.wear.sdk is mapped to system
07-06 03:13:53.375 I/AconfigPackage(  705): android.media.audio is mapped to system
07-06 03:13:53.375 I/AconfigPackage(  705): com.android.server.am is mapped to system
07-06 03:13:53.375 I/AconfigPackage(  705): com.android.media.playback.flags is mapped to system
07-06 03:13:53.376 I/AconfigPackage(  705): com.android.art.flags is mapped to com.android.art
07-06 03:13:53.376 I/AconfigPackage(  705): com.android.libcore is mapped to com.android.art
07-06 03:13:53.376 I/AconfigPackage(  705): com.android.media.extractor.flags is mapped to com.android.media
07-06 03:13:53.377 I/AconfigPackage(  705): com.android.media.mainline.flags is mapped to com.android.media
07-06 03:13:53.377 I/AconfigPackage(  705): com.android.wifi.flags is mapped to com.android.wifi
07-06 03:13:53.377 I/AconfigPackage(  705): com.android.org.conscrypt.flags is mapped to com.android.conscrypt
07-06 03:13:53.378 I/AconfigPackage(  705): com.android.healthfitness.flags is mapped to com.android.healthfitness
07-06 03:13:53.378 I/AconfigPackage(  705): com.google.android.input.twoshay.flags is mapped to vendor
07-06 03:13:53.378 I/AconfigPackage(  705): libgooglecamerahal.flags is mapped to vendor
07-06 03:13:53.379 I/AconfigPackage(  705): com.android.ipsec.flags is mapped to com.android.ipsec
07-06 03:13:53.379 I/AconfigPackage(  705): com.android.nfc.module.flags is mapped to com.android.nfcservices
07-06 03:13:53.379 I/AconfigPackage(  705): com.android.adservices.ondevicepersonalization.flags is mapped to com.android.ondevicepersonalization
07-06 03:13:53.380 I/AconfigPackage(  705): com.android.bluetooth.flags is mapped to com.android.bt
07-06 03:13:53.380 I/AconfigPackage(  705): com.android.devicelock.flags is mapped to com.android.devicelock
07-06 03:13:53.381 I/AconfigPackage(  705): android.os.profiling is mapped to com.android.profiling
07-06 03:13:53.381 I/AconfigPackage(  705): com.android.os.statsd.flags is mapped to com.android.os.statsd
07-06 03:13:53.382 I/AconfigPackage(  705): com.android.cellbroadcastreceiver.flags is mapped to com.android.cellbroadcast
07-06 03:13:53.382 I/AconfigPackage(  705): com.android.adservices.flags is mapped to com.android.adservices
07-06 03:13:53.383 I/AconfigPackage(  705): com.android.sdksandbox.flags is mapped to com.android.adservices
07-06 03:13:53.383 I/AconfigPackage(  705): com.android.uwb.flags is mapped to com.android.uwb
07-06 03:13:53.383 I/AconfigPackage(  705): com.android.ranging.flags is mapped to com.android.uwb
07-06 03:13:53.384 I/AconfigPackage(  705): android.graphics.pdf.flags is mapped to com.android.mediaprovider
07-06 03:13:53.384 I/AconfigPackage(  705): com.android.providers.media.flags is mapped to com.android.mediaprovider
07-06 03:13:53.384 I/AconfigPackage(  705): android.graphics.pdf.flags.readonly is mapped to com.android.mediaprovider
07-06 03:13:53.384 I/AconfigPackage(  705): com.android.net.ct.flags is mapped to com.android.tethering
07-06 03:13:53.384 I/AconfigPackage(  705): com.android.net.flags is mapped to com.android.tethering
07-06 03:13:53.385 I/AconfigPackage(  705): android.net.vcn is mapped to com.android.tethering
07-06 03:13:53.385 I/AconfigPackage(  705): com.android.nearby.flags is mapped to com.android.tethering
07-06 03:13:53.385 I/AconfigPackage(  705): android.net.http is mapped to com.android.tethering
07-06 03:13:53.385 I/AconfigPackage(  705): com.android.net.thread.flags is mapped to com.android.tethering
07-06 03:13:53.391 I/AconfigPackage(  705): com.android.system.virtualmachine.flags is mapped to com.android.virt
07-06 03:13:53.392 E/FeatureFlagsImplExport(  705): android.os.flagging.AconfigStorageReadException: ERROR_PACKAGE_NOT_FOUND: package android.xr cannot be found on the device
07-06 03:13:53.395 D/UiAutomationConnection(  705): Created on user UserHandle{0}
07-06 03:13:53.395 I/UiAutomation(  705): Initialized for user 0 on display 0
07-06 03:13:53.395 W/UiAutomation(  705): Created with deprecatead constructor, assumes DEFAULT_DISPLAY
07-06 03:13:53.402 D/AccessibilityManagerService(  715): changeCurrentUserForTestAutomationIfNeededLocked(0): ignoring because device doesn't support visible background users
07-06 03:13:53.405 I/UiAutomationManager(  715): Registering UiTestAutomationService (id=com.android.server.accessibility/UiAutomation, flags=0x0) when called by user 0
07-06 03:13:53.407 V/AccessibilityManagerService(  715): onUserStateChangedLocked for userId: 0, forceUpdate: false
07-06 03:13:53.411 W/AccessibilityWindowsPopulator(  715): Windows change within in 2 frames continuously over 500 ms and notify windows changed immediately
07-06 03:13:53.412 W/MagnificationConnectionManager(  715): requestConnection duplicated request: connect=false, mConnectionState=DISCONNECTED
07-06 03:13:53.424 W/IPCThreadState(  715): Sending oneway calls to frozen process.
07-06 03:13:53.424 W/IPCThreadState(  715): Sending oneway calls to frozen process.
07-06 03:13:53.424 W/IPCThreadState(  715): Sending oneway calls to frozen process.
07-06 03:13:53.424 W/IPCThreadState(  715): Sending oneway calls to frozen process.
07-06 03:13:53.425 W/IPCThreadState(  715): Sending oneway calls to frozen process.
07-06 03:13:53.427 W/IPCThreadState(  715): Sending oneway calls to frozen process.
07-06 03:13:53.427 W/IPCThreadState(  715): Sending oneway calls to frozen process.
07-06 03:13:53.428 V/UiAutomation(  705): Init UiAutomation@88d33a9[id=937, displayId=0, flags=0]
07-06 03:13:53.431 I/com.huiyi.v4(32689): NativeAlloc concurrent mark compact GC freed 772KB AllocSpace bytes, 1(16KB) LOS objects, 49% free, 5255KB/10MB, paused 13.739ms,12.441ms total 156.546ms
07-06 03:13:53.433 I/resolv  (  488): GetAddrInfoHandler::run: {100 100 100 983140 10216 0}
07-06 03:13:53.434 V/AccessibilityManagerService(  715): onUserStateChangedLocked for userId: 0, forceUpdate: false
07-06 03:13:53.437 I/resolv  (  488): res_nmkquery: (QUERY, IN, AAAA)
07-06 03:13:53.437 I/resolv  (  488): resolv_cache_lookup: FOUND IN CACHE entry=0x7f740ca9b970
07-06 03:13:53.437 I/resolv  (  488): doQuery: rcode=0, ancount=2, return value=84
07-06 03:13:53.437 I/resolv  (  488): res_nmkquery: (QUERY, IN, A)
07-06 03:13:53.438 I/resolv  (  488): resolv_cache_lookup: FOUND IN CACHE entry=0x7f750ca9b010
07-06 03:13:53.438 I/resolv  (  488): doQuery: rcode=0, ancount=2, return value=60
07-06 03:13:53.439 I/netd    (  488): tetherGetStats() -> {[]} <0.53ms>
07-06 03:13:53.440 W/MagnificationConnectionManager(  715): requestConnection duplicated request: connect=false, mConnectionState=DISCONNECTED
07-06 03:13:53.440 W/IPCThreadState(  715): Sending oneway calls to frozen process.
07-06 03:13:53.441 W/IPCThreadState(  715): Sending oneway calls to frozen process.
07-06 03:13:53.441 W/IPCThreadState(  715): Sending oneway calls to frozen process.
07-06 03:13:53.441 W/IPCThreadState(  715): Sending oneway calls to frozen process.
07-06 03:13:53.444 W/IPCThreadState(  715): Sending oneway calls to frozen process.
07-06 03:13:53.445 W/IPCThreadState(  715): Sending oneway calls to frozen process.
07-06 03:13:53.445 W/IPCThreadState(  715): Sending oneway calls to frozen process.
07-06 03:13:53.445 W/IPCThreadState(  715): Sending oneway calls to frozen process.
07-06 03:13:53.446 W/IPCThreadState(  715): Sending oneway calls to frozen process.
07-06 03:13:53.453 W/IPCThreadState(  715): Sending oneway calls to frozen process.
07-06 03:13:53.454 W/IPCThreadState(  715): Sending oneway calls to frozen process.
07-06 03:13:53.454 W/IPCThreadState(  715): Sending oneway calls to frozen process.
07-06 03:13:53.455 W/IPCThreadState(  715): Sending oneway calls to frozen process.
07-06 03:13:53.456 D/AccessibilitySourceService( 1259): enabled a11y services count 1
07-06 03:13:53.458 W/IPCThreadState(  715): Sending oneway calls to frozen process.
07-06 03:13:53.460 W/IPCThreadState(  715): Sending oneway calls to frozen process.
07-06 03:13:53.460 W/IPCThreadState(  715): Sending oneway calls to frozen process.
