07-05 08:34:19.194 I/AconfigPackage(19051): com.android.settings.keyboard is mapped to system_ext
07-05 08:34:19.194 I/AconfigPackage(19051): com.android.server.policy.feature.flags is mapped to system_ext
07-05 08:34:19.194 I/AconfigPackage(19051): com.android.settings.factory_reset is mapped to system_ext
07-05 08:34:19.194 I/AconfigPackage(19051): com.google.android.haptics.flags is mapped to system_ext
07-05 08:34:19.194 I/AconfigPackage(19051): com.android.permission.flags is mapped to com.android.permission
07-05 08:34:19.194 I/AconfigPackage(19051): com.android.icu is mapped to com.android.i18n
07-05 08:34:19.195 I/AconfigPackage(19051): com.android.appsearch.flags is mapped to com.android.appsearch
07-05 08:34:19.195 I/AconfigPackage(19051): android.uprobestats.mainline.flags is mapped to com.android.uprobestats
07-05 08:34:19.196 I/AconfigPackage(19051): android.provider.flags is mapped to com.android.configinfrastructure
07-05 08:34:19.197 I/AconfigPackage(19051): com.android.server.deviceconfig is mapped to com.android.configinfrastructure
07-05 08:34:19.197 I/AconfigPackage(19051): com.android.nfc.flags is mapped to system
07-05 08:34:19.197 I/AconfigPackage(19051): android.app.admin.flags is mapped to system
07-05 08:34:19.197 I/AconfigPackage(19051): android.database.sqlite is mapped to system
07-05 08:34:19.197 I/AconfigPackage(19051): com.android.providers.calendar is mapped to system
07-05 08:34:19.198 I/AconfigPackage(19051): com.android.server.power.feature.flags is mapped to system
07-05 08:34:19.198 I/AconfigPackage(19051): com.android.media.performance.flags is mapped to system
07-05 08:34:19.198 I/AconfigPackage(19051): android.app.contextualsearch.flags is mapped to system
07-05 08:34:19.198 I/AconfigPackage(19051): android.app.ondeviceintelligence.flags is mapped to system
07-05 08:34:19.198 I/AconfigPackage(19051): com.android.media.projection.flags is mapped to system
07-05 08:34:19.199 I/AconfigPackage(19051): android.companion is mapped to system
07-05 08:34:19.199 I/AconfigPackage(19051): android.service.controls.flags is mapped to system
07-05 08:34:19.199 I/AconfigPackage(19051): com.android.text.flags is mapped to system
07-05 08:34:19.199 I/AconfigPackage(19051): com.android.providers.contactkeys.flags is mapped to system
07-05 08:34:19.199 I/AconfigPackage(19051): com.android.intentresolver is mapped to system
07-05 08:34:19.199 I/AconfigPackage(19051): android.companion.virtualdevice.flags is mapped to system
07-05 08:34:19.199 I/AconfigPackage(19051): android.uprobestats.flags is mapped to system
07-05 08:34:19.199 I/AconfigPackage(19051): com.android.net.thread.platform.flags is mapped to system
07-05 08:34:19.199 I/AconfigPackage(19051): android.view.contentprotection.flags is mapped to system
07-05 08:34:19.199 I/AconfigPackage(19051): com.android.server.dreams is mapped to system
07-05 08:34:19.199 I/AconfigPackage(19051): com.android.graphics.surfaceflinger.flags is mapped to system
07-05 08:34:19.199 I/AconfigPackage(19051): com.android.hardware.input is mapped to system
07-05 08:34:19.199 I/AconfigPackage(19051): android.sdk is mapped to system
07-05 08:34:19.200 I/AconfigPackage(19051): com.android.input.flags is mapped to system
07-05 08:34:19.200 I/AconfigPackage(19051): android.tracing is mapped to system
07-05 08:34:19.200 I/AconfigPackage(19051): com.android.server.biometrics is mapped to system
07-05 08:34:19.200 I/AconfigPackage(19051): android.view.contentcapture.flags is mapped to system
07-05 08:34:19.200 I/AconfigPackage(19051): android.app.job is mapped to system
07-05 08:34:19.200 I/AconfigPackage(19051): android.content.res is mapped to system
07-05 08:34:19.200 I/AconfigPackage(19051): android.net.platform.flags is mapped to system
07-05 08:34:19.200 I/AconfigPackage(19051): com.android.aconfig.flags is mapped to system
07-05 08:34:19.200 I/AconfigPackage(19051): com.android.graphics.flags is mapped to system
07-05 08:34:19.201 I/AconfigPackage(19051): android.server.app is mapped to system
07-05 08:34:19.201 I/AconfigPackage(19051): android.speech.flags is mapped to system
07-05 08:34:19.201 I/AconfigPackage(19051): com.android.server.stats is mapped to system
07-05 08:34:19.202 I/AconfigPackage(19051): android.hardware.biometrics is mapped to system
07-05 08:34:19.202 I/AconfigPackage(19051): android.car.feature is mapped to system
07-05 08:34:19.202 I/AconfigPackage(19051): android.adpf is mapped to system
07-05 08:34:19.202 I/AconfigPackage(19051): android.location.flags is mapped to system
07-05 08:34:19.202 I/AconfigPackage(19051): com.android.settingslib.flags is mapped to system
07-05 08:34:19.202 I/AconfigPackage(19051): com.android.managedprovisioning.flags is mapped to system
07-05 08:34:19.202 I/AconfigPackage(19051): android.app.assist.flags is mapped to system
07-05 08:34:19.202 I/AconfigPackage(19051): com.android.server.net is mapped to system
07-05 08:34:19.202 I/AconfigPackage(19051): com.android.settingslib.widget.flags is mapped to system
07-05 08:34:19.203 I/AconfigPackage(19051): com.android.internal.camera.flags is mapped to system
07-05 08:34:19.203 I/AconfigPackage(19051): com.android.hardware.libsensor.flags is mapped to system
07-05 08:34:19.203 I/AconfigPackage(19051): com.android.internal.jank is mapped to system
07-05 08:34:19.203 I/AconfigPackage(19051): com.android.providers.settings is mapped to system
07-05 08:34:19.203 I/AconfigPackage(19051): android.multiuser is mapped to system
07-05 08:34:19.203 I/AconfigPackage(19051): com.android.server.power.optimization is mapped to system
07-05 08:34:19.203 I/AconfigPackage(19051): com.android.calllogbackup is mapped to system
07-05 08:34:19.203 I/AconfigPackage(19051): com.android.media.flags is mapped to system
07-05 08:34:19.204 I/AconfigPackage(19051): com.android.server.flags is mapped to system
07-05 08:34:19.204 I/AconfigPackage(19051): com.android.graphics.libvulkan.flags is mapped to system
07-05 08:34:19.205 I/AconfigPackage(19051): android.app.appfunctions.flags is mapped to system
07-05 08:34:19.205 I/AconfigPackage(19051): android.app.smartspace.flags is mapped to system
07-05 08:34:19.205 I/AconfigPackage(19051): com.android.providers.contacts.flags is mapped to system
07-05 08:34:19.205 I/AconfigPackage(19051): com.android.shell.flags is mapped to system
07-05 08:34:19.205 I/AconfigPackage(19051): com.android.media.aaudio is mapped to system
07-05 08:34:19.205 I/AconfigPackage(19051): android.hardware.radio is mapped to system
07-05 08:34:19.205 I/AconfigPackage(19051): com.google.wear.services.infra.flags is mapped to system
07-05 08:34:19.205 I/AconfigPackage(19051): suspend_service.flags is mapped to system
07-05 08:34:19.205 I/AconfigPackage(19051): android.media.midi is mapped to system
07-05 08:34:19.205 I/AconfigPackage(19051): com.android.libcore.readonly is mapped to system
07-05 08:34:19.206 I/AconfigPackage(19051): com.android.settingslib.widget.selectorwithwidgetpreference.flags is mapped to system
07-05 08:34:19.206 I/AconfigPackage(19051): android.service.notification is mapped to system
07-05 08:34:19.206 I/AconfigPackage(19051): com.android.systemui.shared is mapped to system
07-05 08:34:19.206 I/AconfigPackage(19051): android.app.jank is mapped to system
07-05 08:34:19.206 I/AconfigPackage(19051): android.app.wearable is mapped to system
07-05 08:34:19.206 I/AconfigPackage(19051): com.android.media.audio is mapped to system
07-05 08:34:19.206 I/AconfigPackage(19051): android.service.chooser is mapped to system
07-05 08:34:19.207 I/AconfigPackage(19051): com.android.server.compat is mapped to system
07-05 08:34:19.207 I/AconfigPackage(19051): com.android.server.alarm is mapped to system
07-05 08:34:19.207 I/AconfigPackage(19051): com.android.apex.flags is mapped to system
07-05 08:34:19.207 I/AconfigPackage(19051): android.service.quickaccesswallet is mapped to system
07-05 08:34:19.207 I/AconfigPackage(19051): android.app.usage is mapped to system
07-05 08:34:19.207 I/AconfigPackage(19051): com.android.server.accessibility is mapped to system
07-05 08:34:19.207 I/AconfigPackage(19051): android.app.supervision.flags is mapped to system
07-05 08:34:19.208 I/AconfigPackage(19051): com.android.server.utils is mapped to system
07-05 08:34:19.208 I/AconfigPackage(19051): android.chre.flags is mapped to system
07-05 08:34:19.208 I/AconfigPackage(19051): android.content.flags is mapped to system
07-05 08:34:19.208 I/AconfigPackage(19051): android.media.codec is mapped to system
07-05 08:34:19.208 I/AconfigPackage(19051): com.android.internal.os is mapped to system
07-05 08:34:19.209 I/AconfigPackage(19051): com.android.nfc.nci.flags is mapped to system
07-05 08:34:19.209 I/AconfigPackage(19051): android.app is mapped to system
07-05 08:34:19.209 I/AconfigPackage(19051): android.security.keystore2 is mapped to system
07-05 08:34:19.210 I/AconfigPackage(19051): android.crashrecovery.flags is mapped to system
07-05 08:34:19.210 I/AconfigPackage(19051): com.android.tradeinmode.flags is mapped to system
07-05 08:34:19.210 I/AconfigPackage(19051): android.hardware.flags is mapped to system
07-05 08:34:19.210 D/CompatChangeReporter(19050): Compat change id reported: 279646685; UID 10217; state: ENABLED
07-05 08:34:19.210 I/AconfigPackage(19051): com.android.server.telecom.flags is mapped to system
07-05 08:34:19.210 I/AconfigPackage(19051): com.android.settingslib.media.flags is mapped to system
07-05 08:34:19.210 I/AconfigPackage(19051): com.android.server.policy is mapped to system
07-05 08:34:19.210 I/AconfigPackage(19051): android.media.audiopolicy is mapped to system
07-05 08:34:19.211 I/AconfigPackage(19051): com.android.egg.flags is mapped to system
07-05 08:34:19.211 I/AconfigPackage(19051): com.android.internal.compat.flags is mapped to system
07-05 08:34:19.211 I/AconfigPackage(19051): android.security is mapped to system
07-05 08:34:19.211 I/AconfigPackage(19051): android.service.autofill is mapped to system
07-05 08:34:19.211 I/AconfigPackage(19051): com.example.android.aconfig.demo.flags is mapped to system
07-05 08:34:19.211 I/AconfigPackage(19051): android.view.flags is mapped to system
07-05 08:34:19.212 I/AconfigPackage(19051): android.companion.virtual.flags is mapped to system
07-05 08:34:19.212 I/AconfigPackage(19051): com.android.aconfig_new_storage is mapped to system
07-05 08:34:19.212 I/AconfigPackage(19051): com.android.server.feature.flags is mapped to system
07-05 08:34:19.212 I/AconfigPackage(19051): com.android.systemui is mapped to system
07-05 08:34:19.213 I/AconfigPackage(19051): com.android.server.power.batterysaver is mapped to system
07-05 08:34:19.214 I/AconfigPackage(19051): android.widget.flags is mapped to system
07-05 08:34:19.214 I/AconfigPackage(19051): com.android.media.editing.flags is mapped to system
07-05 08:34:19.214 I/AconfigPackage(19051): com.android.media.codec.flags is mapped to system
07-05 08:34:19.215 I/AconfigPackage(19051): com.android.server.powerstats is mapped to system
07-05 08:34:19.215 I/AconfigPackage(19051): com.android.graphics.egl.flags is mapped to system
07-05 08:34:19.215 I/AconfigPackage(19051): com.android.media.audioserver is mapped to system
07-05 08:34:19.216 I/AconfigPackage(19051): com.android.server.deviceidle is mapped to system
07-05 08:34:19.216 I/AconfigPackage(19051): android.nfc is mapped to system
07-05 08:34:19.216 I/AconfigPackage(19051): android.permission.flags is mapped to system
07-05 08:34:19.216 I/AconfigPackage(19051): android.service.voice.flags is mapped to system
07-05 08:34:19.216 I/AconfigPackage(19051): android.content.pm is mapped to system
07-05 08:34:19.216 I/AconfigPackage(19051): com.android.server.power.hint is mapped to system
07-05 08:34:19.216 I/AconfigPackage(19051): android.os is mapped to system
07-05 08:34:19.216 I/AconfigPackage(19051): android.service.dreams is mapped to system
07-05 08:34:19.216 I/AconfigPackage(19051): com.android.graphics.libgui.flags is mapped to system
07-05 08:34:19.217 I/AconfigPackage(19051): android.hardware.usb.flags is mapped to system
07-05 08:34:19.217 I/AconfigPackage(19051): android.provider is mapped to system
07-05 08:34:19.217 I/AconfigPackage(19051): com.android.server.job is mapped to system
07-05 08:34:19.217 I/AconfigPackage(19051): com.android.internal.foldables.flags is mapped to system
07-05 08:34:19.217 I/AconfigPackage(19051): com.android.internal.telephony.flags is mapped to system
07-05 08:34:19.217 I/AconfigPackage(19051): android.webkit is mapped to system
07-05 08:34:19.217 I/AconfigPackage(19051): android.credentials.flags is mapped to system
07-05 08:34:19.217 I/AconfigPackage(19051): com.android.server.display.feature.flags is mapped to system
07-05 08:34:19.217 I/AconfigPackage(19051): com.android.server.notification is mapped to system
07-05 08:34:19.217 I/AconfigPackage(19051): android.appwidget.flags is mapped to system
07-05 08:34:19.217 I/AconfigPackage(19051): com.android.frameworks.sensorservice.flags is mapped to system
07-05 08:34:19.217 I/AconfigPackage(19051): com.android.printspooler.flags is mapped to system
07-05 08:34:19.217 I/AconfigPackage(19051): com.android.window.flags is mapped to system
07-05 08:34:19.217 I/AconfigPackage(19051): android.adaptiveauth is mapped to system
07-05 08:34:19.218 I/AconfigPackage(19051): android.net.wifi.flags is mapped to system
07-05 08:34:19.218 I/AconfigPackage(19051): android.media.tv.flags is mapped to system
07-05 08:34:19.218 I/AconfigPackage(19051): com.android.server.usb.flags is mapped to system
07-05 08:34:19.218 I/AconfigPackage(19051): android.os.vibrator is mapped to system
07-05 08:34:19.218 I/AconfigPackage(19051): android.hardware.devicestate.feature.flags is mapped to system
07-05 08:34:19.218 I/AconfigPackage(19051): com.android.server.usage is mapped to system
07-05 08:34:19.218 I/AconfigPackage(19051): android.server is mapped to system
07-05 08:34:19.218 I/AconfigPackage(19051): com.android.wm.shell is mapped to system
07-05 08:34:19.218 I/AconfigPackage(19051): android.view.inputmethod is mapped to system
07-05 08:34:19.218 I/AconfigPackage(19051): com.android.graphics.hwui.flags is mapped to system
07-05 08:34:19.218 I/AconfigPackage(19051): com.android.server.backup is mapped to system
07-05 08:34:19.218 I/AconfigPackage(19051): com.android.internal.pm.pkg.component.flags is mapped to system
07-05 08:34:19.218 I/AconfigPackage(19051): android.view.accessibility is mapped to system
07-05 08:34:19.218 I/AconfigPackage(19051): com.google.wear.sdk is mapped to system
07-05 08:34:19.218 I/AconfigPackage(19051): android.media.audio is mapped to system
07-05 08:34:19.218 I/AconfigPackage(19051): com.android.server.am is mapped to system
07-05 08:34:19.218 I/AconfigPackage(19051): com.android.media.playback.flags is mapped to system
07-05 08:34:19.219 I/AconfigPackage(19051): com.android.art.flags is mapped to com.android.art
07-05 08:34:19.219 I/AconfigPackage(19051): com.android.libcore is mapped to com.android.art
07-05 08:34:19.219 I/AconfigPackage(19051): com.android.media.extractor.flags is mapped to com.android.media
07-05 08:34:19.219 I/AconfigPackage(19051): com.android.media.mainline.flags is mapped to com.android.media
07-05 08:34:19.219 I/AconfigPackage(19051): com.android.wifi.flags is mapped to com.android.wifi
07-05 08:34:19.223 I/AconfigPackage(19051): com.android.org.conscrypt.flags is mapped to com.android.conscrypt
07-05 08:34:19.223 I/AconfigPackage(19051): com.android.healthfitness.flags is mapped to com.android.healthfitness
07-05 08:34:19.224 I/AconfigPackage(19051): com.google.android.input.twoshay.flags is mapped to vendor
07-05 08:34:19.224 I/AconfigPackage(19051): libgooglecamerahal.flags is mapped to vendor
07-05 08:34:19.225 I/AconfigPackage(19051): com.android.ipsec.flags is mapped to com.android.ipsec
07-05 08:34:19.225 I/AconfigPackage(19051): com.android.nfc.module.flags is mapped to com.android.nfcservices
07-05 08:34:19.225 I/AconfigPackage(19051): com.android.adservices.ondevicepersonalization.flags is mapped to com.android.ondevicepersonalization
07-05 08:34:19.225 I/AconfigPackage(19051): com.android.bluetooth.flags is mapped to com.android.bt
07-05 08:34:19.226 I/AconfigPackage(19051): com.android.devicelock.flags is mapped to com.android.devicelock
07-05 08:34:19.226 I/AconfigPackage(19051): android.os.profiling is mapped to com.android.profiling
07-05 08:34:19.226 I/AconfigPackage(19051): com.android.os.statsd.flags is mapped to com.android.os.statsd
07-05 08:34:19.227 I/AconfigPackage(19051): com.android.cellbroadcastreceiver.flags is mapped to com.android.cellbroadcast
07-05 08:34:19.227 I/AconfigPackage(19051): com.android.adservices.flags is mapped to com.android.adservices
07-05 08:34:19.227 I/AconfigPackage(19051): com.android.sdksandbox.flags is mapped to com.android.adservices
07-05 08:34:19.228 I/AconfigPackage(19051): com.android.uwb.flags is mapped to com.android.uwb
07-05 08:34:19.229 I/AconfigPackage(19051): com.android.ranging.flags is mapped to com.android.uwb
07-05 08:34:19.229 I/AconfigPackage(19051): android.graphics.pdf.flags is mapped to com.android.mediaprovider
07-05 08:34:19.229 I/AconfigPackage(19051): com.android.providers.media.flags is mapped to com.android.mediaprovider
07-05 08:34:19.229 I/AconfigPackage(19051): android.graphics.pdf.flags.readonly is mapped to com.android.mediaprovider
07-05 08:34:19.230 I/AconfigPackage(19051): com.android.net.ct.flags is mapped to com.android.tethering
07-05 08:34:19.230 I/AconfigPackage(19051): com.android.net.flags is mapped to com.android.tethering
07-05 08:34:19.230 I/AconfigPackage(19051): android.net.vcn is mapped to com.android.tethering
07-05 08:34:19.230 I/AconfigPackage(19051): com.android.nearby.flags is mapped to com.android.tethering
07-05 08:34:19.231 I/AconfigPackage(19051): android.net.http is mapped to com.android.tethering
07-05 08:34:19.231 I/AconfigPackage(19051): com.android.net.thread.flags is mapped to com.android.tethering
07-05 08:34:19.231 I/AconfigPackage(19051): com.android.system.virtualmachine.flags is mapped to com.android.virt
07-05 08:34:19.232 E/FeatureFlagsImplExport(19051): android.os.flagging.AconfigStorageReadException: ERROR_PACKAGE_NOT_FOUND: package android.xr cannot be found on the device
07-05 08:34:19.235 D/UiAutomationConnection(19051): Created on user UserHandle{0}
07-05 08:34:19.235 W/OptProp (  715): Cannot read opt property android.window.PROPERTY_COMPAT_ENABLE_FAKE_FOCUS
07-05 08:34:19.236 I/UiAutomation(19051): Initialized for user 0 on display 0
07-05 08:34:19.236 W/UiAutomation(19051): Created with deprecatead constructor, assumes DEFAULT_DISPLAY
07-05 08:34:19.236 D/CompatChangeReporter(  715): Compat change id reported: 324203798; UID 10217; state: ENABLED
07-05 08:34:19.236 W/AccessibilityManagerService(  715):  wait for adding window timeout: 628
07-05 08:34:19.237 D/AccessibilityManagerService(  715): changeCurrentUserForTestAutomationIfNeededLocked(0): ignoring because device doesn't support visible background users
07-05 08:34:19.238 I/UiAutomationManager(  715): Registering UiTestAutomationService (id=com.android.server.accessibility/UiAutomation, flags=0x0) when called by user 0
07-05 08:34:19.238 V/AccessibilityManagerService(  715): onUserStateChangedLocked for userId: 0, forceUpdate: false
07-05 08:34:19.243 I/DisplayManager(19050): Choreographer implicitly registered for the refresh rate.
07-05 08:34:19.247 I/.huiyi.mockchat(19050): AssetManager2(0x79075aadd258) locale list changing from [] to [en-US]
07-05 08:34:19.256 D/BackgroundInstallControlService(  715): Package event received: 0
07-05 08:34:19.256 D/BackgroundInstallControlService(  715): Package event received: 0
07-05 08:34:19.257 W/MagnificationConnectionManager(  715): requestConnection duplicated request: connect=false, mConnectionState=DISCONNECTED
07-05 08:34:19.265 W/IPCThreadState(  715): Sending oneway calls to frozen process.
07-05 08:34:19.265 W/IPCThreadState(  715): Sending oneway calls to frozen process.
07-05 08:34:19.265 V/UiAutomation(19051): Init UiAutomation@b447dd6[id=560, displayId=0, flags=0]
07-05 08:34:19.266 W/IPCThreadState(  715): Sending oneway calls to frozen process.
07-05 08:34:19.266 V/AccessibilityManagerService(  715): onUserStateChangedLocked for userId: 0, forceUpdate: false
07-05 08:34:19.266 W/IPCThreadState(  715): Sending oneway calls to frozen process.
07-05 08:34:19.267 W/IPCThreadState(  715): Sending oneway calls to frozen process.
07-05 08:34:19.267 W/IPCThreadState(  715): Sending oneway calls to frozen process.
07-05 08:34:19.268 W/MagnificationConnectionManager(  715): requestConnection duplicated request: connect=false, mConnectionState=DISCONNECTED
07-05 08:34:19.268 W/IPCThreadState(  715): Sending oneway calls to frozen process.
07-05 08:34:19.268 W/IPCThreadState(  715): Sending oneway calls to frozen process.
07-05 08:34:19.269 W/IPCThreadState(  715): Sending oneway calls to frozen process.
07-05 08:34:19.270 W/IPCThreadState(  715): Sending oneway calls to frozen process.
07-05 08:34:19.270 W/IPCThreadState(  715): Sending oneway calls to frozen process.
07-05 08:34:19.270 W/IPCThreadState(  715): Sending oneway calls to frozen process.
07-05 08:34:19.271 W/IPCThreadState(  715): Sending oneway calls to frozen process.
07-05 08:34:19.271 W/IPCThreadState(  715): Sending oneway calls to frozen process.
07-05 08:34:19.246 I/binder_alloc(    0): 2497: pid 715 spamming oneway? 3101 buffers allocated for a total size of 417496
07-05 08:34:19.272 W/IPCThreadState(  715): Sending oneway calls to frozen process.
07-05 08:34:19.272 W/IPCThreadState(  715): Sending oneway calls to frozen process.
07-05 08:34:19.273 W/IPCThreadState(  715): Sending oneway calls to frozen process.
07-05 08:34:19.274 W/IPCThreadState(  715): Sending oneway calls to frozen process.
07-05 08:34:19.274 W/IPCThreadState(  715): Sending oneway calls to frozen process.
07-05 08:34:19.274 W/IPCThreadState(  715): Sending oneway calls to frozen process.
07-05 08:34:19.275 W/IPCThreadState(  715): Sending oneway calls to frozen process.
07-05 08:34:19.275 W/IPCThreadState(  715): Sending oneway calls to frozen process.
07-05 08:34:19.275 W/IPCThreadState(  715): Sending oneway calls to frozen process.
07-05 08:34:19.275 W/IPCThreadState(  715): Sending oneway calls to frozen process.
07-05 08:34:19.277 W/IPCThreadState(  715): Sending oneway calls to frozen process.
07-05 08:34:19.277 W/IPCThreadState(  715): Sending oneway calls to frozen process.
07-05 08:34:19.279 W/IPCThreadState(  715): Sending oneway calls to frozen process.
07-05 08:34:19.250 I/binder_alloc(    0): 2497: pid 715 spamming oneway? 3102 buffers allocated for a total size of 417632
07-05 08:34:19.255 I/binder_alloc(    0): 2497: pid 715 spamming oneway? 3103 buffers allocated for a total size of 417768
07-05 08:34:19.283 W/IPCThreadState(  715): Sending oneway calls to frozen process.
07-05 08:34:19.284 V/WindowManagerShell(  972): Transition animation finished (aborted=false), notifying core (#177) android.os.BinderProxy@1dae86@0
07-05 08:34:19.285 W/IPCThreadState(  715): Sending oneway calls to frozen process.
07-05 08:34:19.285 W/IPCThreadState(  715): Sending oneway calls to frozen process.
07-05 08:34:19.285 W/IPCThreadState(  715): Sending oneway calls to frozen process.
07-05 08:34:19.285 I/netd    (  488): tetherGetStats() -> {[]} <0.64ms>
07-05 08:34:19.285 W/IPCThreadState(  715): Sending oneway calls to frozen process.
07-05 08:34:19.286 W/IPCThreadState(  715): Sending oneway calls to frozen process.
07-05 08:34:19.287 W/IPCThreadState(  715): Sending oneway calls to frozen process.
07-05 08:34:19.288 W/IPCThreadState(  715): Sending oneway calls to frozen process.
07-05 08:34:19.289 V/WindowManager(  715): Finish Transition (#177): created at 07-05 08:34:18.687 collect-started=0.127ms request-sent=15.065ms started=23.087ms ready=204.699ms sent=221.61ms commit=52.941ms finished=602.39ms
07-05 08:34:19.290 W/IPCThreadState(  715): Sending oneway calls to frozen process.
07-05 08:34:19.290 W/IPCThreadState(  715): Sending oneway calls to frozen process.
07-05 08:34:19.290 W/IPCThreadState(  715): Sending oneway calls to frozen process.
07-05 08:34:19.290 W/IPCThreadState(  715): Sending oneway calls to frozen process.
07-05 08:34:19.290 W/IPCThreadState(  715): Sending oneway calls to frozen process.
07-05 08:34:19.290 W/IPCThreadState(  715): Sending oneway calls to frozen process.
07-05 08:34:19.266 I/binder_alloc(    0): 2497: pid 715 spamming oneway? 3104 buffers allocated for a total size of 417904
07-05 08:34:19.292 W/IPCThreadState(  715): Sending oneway calls to frozen process.
07-05 08:34:19.292 I/EGL_emulation(19050): Opening libGLESv1_CM_emulation.so
07-05 08:34:19.292 W/IPCThreadState(  715): Sending oneway calls to frozen process.
07-05 08:34:19.292 I/EGL_emulation(19050): Opening libGLESv2_emulation.so
07-05 08:34:19.292 W/IPCThreadState(  715): Sending oneway calls to frozen process.
07-05 08:34:19.298 W/IPCThreadState(  715): Sending oneway calls to frozen process.
07-05 08:34:19.270 I/binder_alloc(    0): 2497: pid 715 spamming oneway? 3105 buffers allocated for a total size of 418040
07-05 08:34:19.301 W/HWUI    (19050): Failed to choose config with EGL_SWAP_BEHAVIOR_PRESERVED, retrying without...
07-05 08:34:19.302 V/WindowManagerShell(  972): Track 0 became idle
07-05 08:34:19.303 V/WindowManagerShell(  972): All active transition animations finished
07-05 08:34:19.308 W/HWUI    (19050): Failed to initialize 101010-2 format, error = EGL_SUCCESS
07-05 08:34:19.327 D/ScalingWorkspaceRevealAnim( 1124): alpha of workspace at the end of animation: 1.0
07-05 08:34:19.343 D/VRI[NexusLauncherActivity]( 1124): visibilityChanged oldVisibility=true newVisibility=false
07-05 08:34:19.344 D/NexusLauncherModelDelegate( 1124): notifySmartspaceEvent: SmartspaceTargetEvent{mSmartspaceTarget=null, mSmartspaceActionId='null', mEventType=7}
07-05 08:34:19.457 E/ashmem  (19050): Pinning is deprecated since Android Q. Please use trim or other methods.
07-05 08:34:19.479 D/CompatChangeReporter(19050): Compat change id reported: 309578419; UID 10217; state: ENABLED
07-05 08:34:19.481 D/DesktopModeFlags(19050): Toggle override initialized to: OVERRIDE_UNSET
07-05 08:34:19.571 D/CompatChangeReporter(19050): Compat change id reported: 352594277; UID 10217; state: ENABLED
07-05 08:34:19.581 D/CompatChangeReporter(19050): Compat change id reported: 349153669; UID 10217; state: ENABLED
07-05 08:34:19.584 W/HWUI    (19050): Unknown dataspace 0
07-05 08:34:19.561 I/servicemanager(    0): Caller(pid=19050,uid=10217,sid=u:r:untrusted_app:s0:c217,c256,c512,c768) Found android.hardware.graphics.allocator.IAllocator/default in device VINTF manifest.
07-05 08:34:19.564 I/servicemanager(    0): Caller(pid=19050,uid=10217,sid=u:r:untrusted_app:s0:c217,c256,c512,c768) Found android.hardware.graphics.allocator.IAllocator/default in device VINTF manifest.
07-05 08:34:19.568 I/servicemanager(    0): Caller(pid=19050,uid=10217,sid=u:r:untrusted_app:s0:c217,c256,c512,c768) Found mapper/ranchu in device VINTF manifest.
07-05 08:34:19.671 D/WifiClientModeImpl[27601:wlan0](  715): updateLinkLayerStatsRssiSpeedFrequencyCapabilities rssi=-50 TxLinkspeed=1 freq=2447 RxLinkSpeed=2
07-05 08:34:19.672 D/WifiDataStall(  715): tx tput in kbps: 11000
07-05 08:34:19.672 D/WifiDataStall(  715): rx tput in kbps: 11000
07-05 08:34:19.672 V/WifiConfigManager(  715): Updating scan detail cache freq=2447 BSSID=00:13:10:85:fe:01 RSSI=-50 for "AndroidWifi"NONE
07-05 08:34:19.672 D/WifiThroughputPredictor(  715):  utilization (LLS) 80 isBluetoothConnected: false final utilization: 80
07-05 08:34:19.672 D/WifiThroughputPredictor(  715):  BW: 0 RSSI: -50 Nss: 1 Mode: 1 symDur: 4000 snrDb 30 bitPerTone: 4500 rate: 54 throughput: 11
07-05 08:34:19.672 D/WifiThroughputPredictor(  715):  utilization (LLS) 80 isBluetoothConnected: false final utilization: 80
07-05 08:34:19.672 D/WifiThroughputPredictor(  715):  BW: 0 RSSI: -50 Nss: 1 Mode: 1 symDur: 4000 snrDb 30 bitPerTone: 4500 rate: 54 throughput: 11
07-05 08:34:19.673 D/WifiThroughputPredictor(  715):  utilization (LLS) 80 isBluetoothConnected: false final utilization: 80
07-05 08:34:19.673 D/WifiThroughputPredictor(  715):  BW: 0 RSSI: -50 Nss: 1 Mode: 1 symDur: 4000 snrDb 30 bitPerTone: 4500 rate: 54 throughput: 11
07-05 08:34:19.673 D/WifiThroughputPredictor(  715):  utilization (LLS) 80 isBluetoothConnected: false final utilization: 80
07-05 08:34:19.673 D/WifiThroughputPredictor(  715):  BW: 0 RSSI: -50 Nss: 1 Mode: 1 symDur: 4000 snrDb 30 bitPerTone: 4500 rate: 54 throughput: 11
07-05 08:34:19.676 D/WifiScoreCard(  715): BSSID update SIGNAL_POLL ID: 1559335064 SSID: "AndroidWifi", BSSID: 00:13:10:85:fe:01, MAC: 02:15:b2:00:00:00, IP: /10.0.2.16, Security type: 0, Supplicant state: COMPLETED, Wi-Fi standard: legacy, RSSI: -50, Link speed: 1Mbps, Tx Link speed: 1Mbps, Max Supported Tx Link speed: 11Mbps, Rx Link speed: 2Mbps, Max Supported Rx Link speed: 11Mbps, Frequency: 2447MHz, Net ID: 0, Metered hint: false, score: 60, isUsable: true, CarrierMerged: false, SubscriptionId: -1, IsPrimary: 1, Trusted: true, Restricted: false, Ephemeral: false, OEM paid: false, OEM private: false, OSU AP: false, FQDN: <none>, Provider friendly name: <none>, Requesting package name: <none>"AndroidWifi"openMLO Information: , Is TID-To-Link negotiation supported by the AP: false, AP MLD Address: <none>, AP MLO Link Id: <none>, AP MLO Affiliated links: <none>, Vendor Data: <none>
07-05 08:34:19.676 D/WifiScoreCard(  715): txRate: 1 txSpeed: 1
07-05 08:34:19.676 D/WifiScoreCard(  715): network update SIGNAL_POLL "AndroidWifi" ID: 1201260005 RSSI -50 txSpeed -1
07-05 08:34:19.676 D/WifiClientModeImpl[27601:wlan0](  715):  ClientModeImpl$L2ConnectedState screen=on 1 0 "AndroidWifi" 00:13:10:85:fe:01 rssi=-50 f=2447 sc=60 link=1 tx=0.5, 0.0, 0.0 rx=0.5 bcn=0 [on:0 tx:0 rx:0 period:3006] from screen [on:0 period:829031836] score=60
07-05 08:34:20.346 V/AccessibilityManagerService(  715): onUserStateChangedLocked for userId: 0, forceUpdate: false
07-05 08:34:20.349 D/BackgroundInstallControlService(  715): Package event received: 0
07-05 08:34:20.351 W/MagnificationConnectionManager(  715): requestConnection duplicated request: connect=false, mConnectionState=DISCONNECTED
07-05 08:34:20.352 D/AccessibilityManagerService(  715): restoreCurrentUserForTestAutomationIfNeededLocked(): ignoring because device doesn't support visible background users
07-05 08:34:20.353 W/IPCThreadState(  715): Sending oneway calls to frozen process.
07-05 08:34:20.353 W/IPCThreadState(  715): Sending oneway calls to frozen process.
07-05 08:34:20.353 W/IPCThreadState(  715): Sending oneway calls to frozen process.
07-05 08:34:20.353 W/IPCThreadState(  715): Sending oneway calls to frozen process.
07-05 08:34:20.353 W/IPCThreadState(  715): Sending oneway calls to frozen process.
07-05 08:34:20.354 W/IPCThreadState(  715): Sending oneway calls to frozen process.
07-05 08:34:20.354 W/IPCThreadState(  715): Sending oneway calls to frozen process.
07-05 08:34:20.354 D/AndroidRuntime(19051): Shutting down VM
07-05 08:34:20.355 W/IPCThreadState(19051): call to talkWithDriver in joinThreadPool returned error: -9 (Bad file descriptor), FD: -1
07-05 08:34:20.355 W/IPCThreadState(19051): call to talkWithDriver in joinThreadPool returned error: -9 (Bad file descriptor), FD: -1
07-05 08:34:20.356 W/IPCThreadState(19051): call to talkWithDriver in joinThreadPool returned error: -9 (Bad file descriptor), FD: -1
07-05 08:34:20.357 W/IPCThreadState(  715): Sending oneway calls to frozen process.
07-05 08:34:20.358 W/IPCThreadState(  715): Sending oneway calls to frozen process.
07-05 08:34:20.358 W/IPCThreadState(  715): Sending oneway calls to frozen process.
07-05 08:34:20.359 W/IPCThreadState(  715): Sending oneway calls to frozen process.
07-05 08:34:20.359 W/IPCThreadState(  715): Sending oneway calls to frozen process.
07-05 08:34:20.359 W/IPCThreadState(  715): Sending oneway calls to frozen process.
07-05 08:34:20.359 W/IPCThreadState(  715): Sending oneway calls to frozen process.
07-05 08:34:20.359 W/IPCThreadState(  715): Sending oneway calls to frozen process.
07-05 08:34:20.359 W/IPCThreadState(  715): Sending oneway calls to frozen process.
07-05 08:34:20.359 W/IPCThreadState(  715): Sending oneway calls to frozen process.
07-05 08:34:20.335 I/binder_alloc(    0): 2497: pid 715 spamming oneway? 3106 buffers allocated for a total size of 418176
07-05 08:34:20.337 I/binder_alloc(    0): 2497: pid 715 spamming oneway? 3107 buffers allocated for a total size of 418312
07-05 08:34:20.362 W/IPCThreadState(  715): Sending oneway calls to frozen process.
07-05 08:34:20.362 V/AccessibilityManagerService(  715): onUserStateChangedLocked for userId: 0, forceUpdate: false
07-05 08:34:20.363 W/MagnificationConnectionManager(  715): requestConnection duplicated request: connect=false, mConnectionState=DISCONNECTED
07-05 08:34:20.363 W/IPCThreadState(  715): Sending oneway calls to frozen process.
07-05 08:34:20.365 W/IPCThreadState(  715): Sending oneway calls to frozen process.
07-05 08:34:20.365 W/IPCThreadState(  715): Sending oneway calls to frozen process.
07-05 08:34:20.365 W/IPCThreadState(  715): Sending oneway calls to frozen process.
07-05 08:34:20.365 W/IPCThreadState(  715): Sending oneway calls to frozen process.
07-05 08:34:20.366 W/IPCThreadState(  715): Sending oneway calls to frozen process.
07-05 08:34:20.366 W/IPCThreadState(  715): Sending oneway calls to frozen process.
07-05 08:34:20.366 W/IPCThreadState(  715): Sending oneway calls to frozen process.
07-05 08:34:20.368 W/IPCThreadState(  715): Sending oneway calls to frozen process.
07-05 08:34:20.369 W/IPCThreadState(  715): Sending oneway calls to frozen process.
07-05 08:34:20.369 W/IPCThreadState(  715): Sending oneway calls to frozen process.
07-05 08:34:20.369 W/IPCThreadState(  715): Sending oneway calls to frozen process.
07-05 08:34:20.369 W/IPCThreadState(  715): Sending oneway calls to frozen process.
07-05 08:34:20.369 W/IPCThreadState(  715): Sending oneway calls to frozen process.
07-05 08:34:20.369 W/IPCThreadState(  715): Sending oneway calls to frozen process.
07-05 08:34:20.370 W/IPCThreadState(  715): Sending oneway calls to frozen process.
07-05 08:34:20.370 W/IPCThreadState(  715): Sending oneway calls to frozen process.
07-05 08:34:20.371 W/IPCThreadState(  715): Sending oneway calls to frozen process.
07-05 08:34:20.371 W/IPCThreadState(  715): Sending oneway calls to frozen process.
07-05 08:34:20.371 W/IPCThreadState(  715): Sending oneway calls to frozen process.
07-05 08:34:20.371 W/IPCThreadState(  715): Sending oneway calls to frozen process.
07-05 08:34:20.372 W/IPCThreadState(  715): Sending oneway calls to frozen process.
07-05 08:34:20.345 I/binder_alloc(    0): 2497: pid 715 spamming oneway? 3108 buffers allocated for a total size of 418448
07-05 08:34:20.348 I/binder_alloc(    0): 2497: pid 715 spamming oneway? 3109 buffers allocated for a total size of 418584
07-05 08:34:20.372 W/IPCThreadState(  715): Sending oneway calls to frozen process.
07-05 08:34:20.373 W/IPCThreadState(  715): Sending oneway calls to frozen process.
07-05 08:34:20.374 W/IPCThreadState(  715): Sending oneway calls to frozen process.
07-05 08:34:20.374 W/IPCThreadState(  715): Sending oneway calls to frozen process.
07-05 08:34:20.374 I/netd    (  488): tetherGetStats() -> {[]} <0.85ms>
07-05 08:34:20.374 W/IPCThreadState(  715): Sending oneway calls to frozen process.
07-05 08:34:20.469 W/.huiyi.mockchat(19050): Method boolean androidx.compose.runtime.snapshots.SnapshotStateList.conditionalUpdate(boolean, kotlin.jvm.functions.Function1) failed lock verification and will run slower.
07-05 08:34:20.469 W/.huiyi.mockchat(19050): Common causes for lock verification issues are non-optimized dex code
07-05 08:34:20.469 W/.huiyi.mockchat(19050): and incorrect proguard optimizations.
07-05 08:34:20.470 W/.huiyi.mockchat(19050): Method boolean androidx.compose.runtime.snapshots.SnapshotStateList.conditionalUpdate$default(androidx.compose.runtime.snapshots.SnapshotStateList, boolean, kotlin.jvm.functions.Function1, int, java.lang.Object) failed lock verification and will run slower.
07-05 08:34:20.470 W/.huiyi.mockchat(19050): Method java.lang.Object androidx.compose.runtime.snapshots.SnapshotStateList.mutate(kotlin.jvm.functions.Function1) failed lock verification and will run slower.
07-05 08:34:20.470 W/.huiyi.mockchat(19050): Method void androidx.compose.runtime.snapshots.SnapshotStateList.update(boolean, kotlin.jvm.functions.Function1) failed lock verification and will run slower.
07-05 08:34:20.471 W/.huiyi.mockchat(19050): Method void androidx.compose.runtime.snapshots.SnapshotStateList.update$default(androidx.compose.runtime.snapshots.SnapshotStateList, boolean, kotlin.jvm.functions.Function1, int, java.lang.Object) failed lock verification and will run slower.
07-05 08:34:20.553 D/CoreBackPreview(  715): Window{17250e5 u0 com.huiyi.mockchat/com.huiyi.mockchat.MainActivity}: Setting back callback OnBackInvokedCallbackInfo{mCallback=android.window.IOnBackInvokedCallback$Stub$Proxy@5583099, mPriority=0, mIsAnimationCallback=false, mOverrideBehavior=0}
07-05 08:34:20.576 I/.huiyi.mockchat(19050): Compiler allocated 5042KB to compile void android.view.ViewRootImpl.performTraversals()
07-05 08:34:20.741 I/ActivityTaskManager(  715): Displayed com.huiyi.mockchat/.MainActivity for user 0: +2s64ms
07-05 08:34:20.745 I/Choreographer(19050): Skipped 57 frames!  The application may be doing too much work on its main thread.
07-05 08:34:20.758 D/BaseDepthController( 1124): setSurface:
07-05 08:34:20.758 D/BaseDepthController( 1124): 	mWaitingOnSurfaceValidity: false
07-05 08:34:20.758 D/BaseDepthController( 1124): 	mBaseSurface: null
07-05 08:34:20.759 D/BaseDepthController( 1124): mSurface is null and mCurrentBlur is: 0
07-05 08:34:20.762 D/StateManager( 1124): goToState - fromState: Normal, toState: Normal, partial trace:
07-05 08:34:20.762 D/StateManager( 1124): 	at com.android.launcher3.statemanager.StateManager.moveToRestState(go/retraceme 43e00d9cd0eb17b3d9dd30fc1741b1c71445c4c0f7c8c9b81300265c86c5b873:4)
07-05 08:34:20.762 D/StateManager( 1124): 	at com.android.launcher3.statemanager.StateManager.moveToRestState(go/retraceme 43e00d9cd0eb17b3d9dd30fc1741b1c71445c4c0f7c8c9b81300265c86c5b873:1)
07-05 08:34:20.762 D/StateManager( 1124): 	at com.android.launcher3.statemanager.StatefulActivity.onStop(go/retraceme 43e00d9cd0eb17b3d9dd30fc1741b1c71445c4c0f7c8c9b81300265c86c5b873:34)
07-05 08:34:20.763 D/StatsLog( 1124): LAUNCHER_ONSTOP
07-05 08:34:20.765 I/AppWidgetServiceImpl(  715): setAppWidgetHidden() 0
07-05 08:34:20.766 D/StatsLog( 1124): LAUNCHER_GOOGLE_SEARCH_RESTORE_LIST_SIZE_AFTER_ACTIVITY_RESTART
07-05 08:34:20.769 I/HWUI    (19050): Davey! duration=1502ms; Flags=1, FrameTimelineVsyncId=540543, IntendedVsync=17051793525049, Vsync=17052143525035, InputEventId=0, HandleInputStart=17052151540800, AnimationStart=17052151604200, PerformTraversalsStart=17052152028900, DrawStart=17053231303100, FrameDeadline=17051810191715, FrameStartTime=17052151146700, FrameInterval=16666666, WorkloadTarget=16666666, SyncQueued=17053254905200, SyncStart=17053257379600, IssueDrawCommandsStart=17053257505300, SwapBuffers=17053287663800, FrameCompleted=17053298521500, DequeueBufferDuration=20500, QueueBufferDuration=288800, GpuCompleted=17053298521500, SwapBuffersCompleted=17053289494500, DisplayPresentTime=0, CommandSubmissionCompleted=17053287663800, 
07-05 08:34:20.775 I/FontLog ( 1314): Received query Noto Color Emoji Compat, URI content://com.google.android.gms.fonts [CONTEXT service_id=132 ]
07-05 08:34:20.776 I/FontLog ( 1314): Query [emojicompat-emoji-font] resolved to {Noto Color Emoji Compat, wdth 100.0, wght 400, ital 0.0, bestEffort false}, isVf false} [CONTEXT service_id=132 ]
07-05 08:34:20.778 I/ImeTracker(  715): com.huiyi.mockchat:74eaf32b: onRequestHide at ORIGIN_SERVER reason HIDE_UNSPECIFIED_WINDOW fromUser false
07-05 08:34:20.780 I/FontLog ( 1314): Fetch {Noto Color Emoji Compat, wdth 100.0, wght 400, ital 0.0, bestEffort false}, isVf false} end status Status{statusCode=SUCCESS, resolution=null} [CONTEXT service_id=132 ]
07-05 08:34:20.787 D/InsetsController(19050): hide(ime(), fromIme=false)
07-05 08:34:20.788 D/BackgroundInstallControlService(  715): Package event received: 0
07-05 08:34:20.788 I/ImeTracker(19050): com.huiyi.mockchat:74eaf32b: onCancelled at PHASE_CLIENT_ALREADY_HIDDEN
07-05 08:34:20.800 I/GoogleInputMethodService( 1395): GoogleInputMethodService.onFinishInput():2043 
07-05 08:34:20.804 I/ImeTracker(  715): system_server:36ea48d4: onRequestHide at ORIGIN_SERVER reason IME_REQUESTED_CHANGED_LISTENER fromUser false
07-05 08:34:20.804 I/Module  ( 1395): DeviceLockedStatusModuleProvider$Module.updateDeviceLockedStatus():100 repeatCheckTimes = 0, locked = false
07-05 08:34:20.805 I/ImeTracker(  715): system_server:36ea48d4: onCancelled at PHASE_SERVER_SHOULD_HIDE
07-05 08:34:20.805 I/GoogleInputMethodService( 1395): GoogleInputMethodService.onStartInput():1293 onStartInput(EditorInfo{EditorInfo{packageName=com.huiyi.mockchat, inputType=0, inputTypeString=NULL, enableLearning=false, autoCorrection=false, autoComplete=false, imeOptions=0, privateImeOptions=null, actionName=UNSPECIFIED, actionLabel=null, initialSelStart=-1, initialSelEnd=-1, initialCapsMode=0, label=null, fieldId=0, fieldName=null, extras=null, hintText=null, hintLocales=[]}}, false)
07-05 08:34:20.813 W/PackageConfigPersister(  715): App-specific configuration not found for packageName: com.huiyi.mockchat and userId: 0
07-05 08:34:20.816 I/Module  ( 1395): DeviceLockedStatusModuleProvider$Module.updateDeviceLockedStatus():100 repeatCheckTimes = 1, locked = false
07-05 08:34:20.819 I/FontLog ( 1314): Pulling font file for id = 94, cache size = 6 [CONTEXT service_id=132 ]
07-05 08:34:20.823 I/FontLog ( 1314): Pulling font file for id = 94, cache size = 6 [CONTEXT service_id=132 ]
07-05 08:34:21.114 W/IPCThreadState(  630): Sending oneway calls to frozen process.
07-05 08:34:21.115 W/IPCThreadState(  630): Sending oneway calls to frozen process.
07-05 08:34:21.121 W/WindowOnBackDispatcher(  972): sendCancelIfRunning: isInProgress=false callback=android.view.ViewRootImpl$$ExternalSyntheticLambda13@3129c37
07-05 08:34:21.122 D/CoreBackPreview(  715): Window{9cfb5b4 u0 Splash Screen com.huiyi.mockchat EXITING}: Setting back callback null
07-05 08:34:21.365 D/wpa_supplicant(  960): nl80211: Drv Event 64 (NL80211_CMD_NOTIFY_CQM) received for wlan0
07-05 08:34:21.366 D/wpa_supplicant(  960): nl80211: Beacon loss event
07-05 08:34:21.367 D/wpa_supplicant(  960): wlan0: Event BEACON_LOSS (53) received
07-05 08:34:21.368 I/wpa_supplicant(  960): wlan0: CTRL-EVENT-BEACON-LOSS 
07-05 08:34:21.378 W/WindowOnBackDispatcher(18413): sendCancelIfRunning: isInProgress=false callback=android.view.ViewRootImpl$$ExternalSyntheticLambda13@d094f90
07-05 08:34:21.378 D/CoreBackPreview(  715): Window{f21ae66 u0 com.huiyi.v4}: Setting back callback null
07-05 08:34:21.384 W/WindowOnBackDispatcher(18413): sendCancelIfRunning: isInProgress=false callback=android.view.ViewRootImpl$$ExternalSyntheticLambda13@bb87a75
07-05 08:34:21.385 D/CoreBackPreview(  715): Window{43fe387 u0 com.huiyi.v4}: Setting back callback null
07-05 08:34:21.389 W/NotificationHistory(  715): Attempted to remove channel for locked/gone/disabled user 0
07-05 08:34:21.401 I/NotificationListener( 1124): received notification removed event - android#UserHandle{0},category=-1
07-05 08:34:21.459 D/SatelliteController( 1112): iisInCarrierRoamingNbIotNtn: satellite is disabled
07-05 08:34:21.712 D/BackgroundInstallControlService(  715): Package event received: 0
07-05 08:34:21.734 D/CoreBackPreview(  715): Window{1120d17 u0 com.huiyi.v4}: Setting back callback OnBackInvokedCallbackInfo{mCallback=android.window.IOnBackInvokedCallback$Stub$Proxy@e9f4d22, mPriority=0, mIsAnimationCallback=false, mOverrideBehavior=0}
07-05 08:34:21.790 D/WindowManager(  715): captureDisplay
07-05 08:34:21.828 W/dumpsys (19102): Thread Pool max thread count is 0. Cannot cache binder as linkToDeath cannot be implemented. serviceName: window
07-05 08:34:21.836 I/system_server(  715): AssetManager2(0x79075ab31218) locale list changing from [] to [en-US]
07-05 08:34:21.839 I/system_server(  715): AssetManager2(0x79075ab275d8) locale list changing from [] to [en-US]
07-05 08:34:21.844 I/system_server(  715): AssetManager2(0x79075ab3eff8) locale list changing from [] to [en-US]
07-05 08:34:21.847 I/system_server(  715): AssetManager2(0x79075ab1c9f8) locale list changing from [] to [en-US]
07-05 08:34:21.850 I/system_server(  715): AssetManager2(0x79075ab2a7d8) locale list changing from [] to [en-US]
07-05 08:34:21.853 I/system_server(  715): AssetManager2(0x79075ab21b38) locale list changing from [] to [en-US]
07-05 08:34:22.009 W/NotificationHistory(  715): Attempted to add notif for locked/gone/disabled user 0
07-05 08:34:22.010 D/BackgroundInstallControlService(  715): Package event received: 0
07-05 08:34:22.012 I/NotificationListener( 1124): received notification posted event - android#UserHandle{0},category=-1
07-05 08:34:22.013 W/AiAiEcho( 1480): LyftNotificationParser Ridesharing ETA not enabled
07-05 08:34:22.014 I/AiAiEcho( 1480): SmartspaceNotificationPredictor no parser can handle this notification or notification is invalid
07-05 08:34:22.017 W/screencap(19107): Thread Pool max thread count is 0. Cannot cache binder as linkToDeath cannot be implemented. serviceName: SurfaceFlingerAIDL
07-05 08:34:22.017 W/BpBinder(19107): Linking to death on android.gui.ISurfaceComposer but there are no threads (yet?) listening to incoming transactions. See ProcessState::startThreadPool and ProcessState::setThreadPoolMaxThreadCount. Generally you should setup the binder threadpool before other initialization steps.
07-05 08:34:22.018 W/ProcessState(19107): Extra binder thread started, but 0 threads requested. Do not use *startThreadPool when zero threads are requested.
07-05 08:34:22.033 E/HwcComposer(  567): getLuts failed Status(-8, EX_SERVICE_SPECIFIC): '8: '
07-05 08:34:22.033 E/HWComposer(  567): getLuts: getLuts failed for display 4619827259835644672: UNSUPPORTED (8)
07-05 08:34:22.013 I/servicemanager(    0): Caller(pid=19107,uid=2000,sid=u:r:shell:s0) Found android.hardware.graphics.allocator.IAllocator/default in device VINTF manifest.
07-05 08:34:22.016 I/servicemanager(    0): Caller(pid=19107,uid=2000,sid=u:r:shell:s0) Found android.hardware.graphics.allocator.IAllocator/default in device VINTF manifest.
07-05 08:34:22.019 I/servicemanager(    0): Caller(pid=19107,uid=2000,sid=u:r:shell:s0) Found mapper/ranchu in device VINTF manifest.
07-05 08:34:22.045 D/LocalImageResolver(  972): Couldn't use ImageDecoder for drawable, falling back to non-resized load.
07-05 08:34:22.053 D/LocalImageResolver(  972): Couldn't use ImageDecoder for drawable, falling back to non-resized load.
07-05 08:34:22.239 E/NotificationService(  715): Suppressing toast from package com.huiyi.v4 by user request.
07-05 08:34:22.240 I/FloatingBubbleService(18413): next_sentence_click_ack latencyMs=2 ackVisible=true
07-05 08:34:22.306 I/HuiyiRuntime(18413): dynamic_playbook_result sessionId=fd42bfb7-1938-4dc8-9e48-8db2c7eb1c95 mode=NEXT_SENTENCE chatKey=com.huiyi.mockchat|mock:26bc86ad source=LOCAL_FALLBACK decisionSource=LOCAL_WAIT lastSpeaker=ME decision=WAIT routeCount=0 latencyMs=8 cacheHit=false localFallbackUsed=false cloudRefreshRecommended=false
07-05 08:34:22.316 W/AppOps  (  715): Noting op not finished: uid 10216 pkg com.huiyi.v4 code 24 startTime of in progress event=1783240461720
07-05 08:34:22.328 D/CoreBackPreview(  715): Window{b81e6ce u0 com.huiyi.v4}: Setting back callback OnBackInvokedCallbackInfo{mCallback=android.window.IOnBackInvokedCallback$Stub$Proxy@1f19f85, mPriority=0, mIsAnimationCallback=false, mOverrideBehavior=0}
07-05 08:34:22.419 I/HuiyiRuntime(18413): dynamic_playbook_cloud_refresh sessionId=869c9cc5-c52c-4ddc-86f2-c30cfc3f7af6 mode=NEXT_SENTENCE chatKey=com.huiyi.mockchat|MockChatLab localFallbackReady=true cloudAttempted=true cloudSuccess=true cacheReplaced=false staleRefreshDiscarded=true discardedReason=CHAT_KEY_CHANGED cloudContractValidation=PASS
07-05 08:34:22.449 D/AndroidRuntime(19114): >>>>>> START com.android.internal.os.RuntimeInit uid 2000 <<<<<<
07-05 08:34:22.457 I/AndroidRuntime(19114): Using default boot image
07-05 08:34:22.457 I/AndroidRuntime(19114): Leaving lock profiling enabled
07-05 08:34:22.461 I/app_process(19114): Core platform API reporting enabled, enforcing=false
07-05 08:34:22.461 I/app_process(19114): Using CollectorTypeCMC GC.
07-05 08:34:22.576 D/nativeloader(19114): InitDefaultPublicLibraries for_preload=1: libandroid.so:libaaudio.so:libamidi.so:libbinder_ndk.so:libc.so:libcamera2ndk.so:libdl.so:libEGL.so:libGLESv1_CM.so:libGLESv2.so:libGLESv3.so:libicu.so:libicui18n.so:libicuuc.so:libjnigraphics.so:liblog.so:libmediandk.so:libm.so:libnativehelper.so:libnativewindow.so:libOpenMAXAL.so:libOpenSLES.so:libRS.so:libstdc++.so:libsync.so:libvulkan.so:libwebviewchromium_plat_support.so:libz.so
07-05 08:34:22.590 D/nativeloader(19114): Load libicu_jni.so using APEX ns com_android_art for caller /apex/com.android.art/javalib/core-oj.jar: ok
07-05 08:34:22.590 D/app_process(19114): u_setTimeZoneFilesDirectory("/apex/com.android.tzdata/etc/tz/versioned/9/icu") succeeded. 
07-05 08:34:22.590 D/app_process(19114): I18n APEX ICU file found: /apex/com.android.i18n/etc/icu/icudt76l.dat
07-05 08:34:22.592 D/nativeloader(19114): Load libjavacore.so using APEX ns com_android_art for caller /apex/com.android.art/javalib/core-oj.jar: ok
07-05 08:34:22.593 D/nativeloader(19114): Load libopenjdk.so using APEX ns com_android_art for caller /apex/com.android.art/javalib/core-oj.jar: ok
