--------- beginning of main
07-06 00:00:30.412 D/RecentsView( 1124): onTaskRemoved: 204, not handling task stack changes
07-06 00:00:30.412 D/RecentsView( 1124): onTaskRemoved: 204, not handling task stack changes
07-06 00:00:30.503 D/WifiClientModeImpl[27601:wlan0](  715): updateLinkLayerStatsRssiSpeedFrequencyCapabilities rssi=-50 TxLinkspeed=1 freq=2447 RxLinkSpeed=2
07-06 00:00:30.503 D/WifiDataStall(  715): tx tput in kbps: 11000
07-06 00:00:30.503 D/WifiDataStall(  715): rx tput in kbps: 11000
07-06 00:00:30.504 V/WifiConfigManager(  715): Updating scan detail cache freq=2447 BSSID=00:13:10:85:fe:01 RSSI=-50 for "AndroidWifi"NONE
07-06 00:00:30.504 D/WifiThroughputPredictor(  715):  utilization (LLS) 80 isBluetoothConnected: false final utilization: 80
07-06 00:00:30.507 D/WifiThroughputPredictor(  715):  BW: 0 RSSI: -50 Nss: 1 Mode: 1 symDur: 4000 snrDb 30 bitPerTone: 4500 rate: 54 throughput: 11
07-06 00:00:30.507 D/WifiThroughputPredictor(  715):  utilization (LLS) 80 isBluetoothConnected: false final utilization: 80
07-06 00:00:30.507 D/WifiThroughputPredictor(  715):  BW: 0 RSSI: -50 Nss: 1 Mode: 1 symDur: 4000 snrDb 30 bitPerTone: 4500 rate: 54 throughput: 11
07-06 00:00:30.508 D/WifiThroughputPredictor(  715):  utilization (LLS) 80 isBluetoothConnected: false final utilization: 80
07-06 00:00:30.508 D/WifiThroughputPredictor(  715):  BW: 0 RSSI: -50 Nss: 1 Mode: 1 symDur: 4000 snrDb 30 bitPerTone: 4500 rate: 54 throughput: 11
07-06 00:00:30.508 D/WifiThroughputPredictor(  715):  utilization (LLS) 80 isBluetoothConnected: false final utilization: 80
07-06 00:00:30.509 D/WifiThroughputPredictor(  715):  BW: 0 RSSI: -50 Nss: 1 Mode: 1 symDur: 4000 snrDb 30 bitPerTone: 4500 rate: 54 throughput: 11
07-06 00:00:30.511 D/WifiScoreCard(  715): BSSID update SIGNAL_POLL ID: 1559335064 SSID: "AndroidWifi", BSSID: 00:13:10:85:fe:01, MAC: 02:15:b2:00:00:00, IP: /10.0.2.16, Security type: 0, Supplicant state: COMPLETED, Wi-Fi standard: legacy, RSSI: -50, Link speed: 1Mbps, Tx Link speed: 1Mbps, Max Supported Tx Link speed: 11Mbps, Rx Link speed: 2Mbps, Max Supported Rx Link speed: 11Mbps, Frequency: 2447MHz, Net ID: 0, Metered hint: false, score: 60, isUsable: true, CarrierMerged: false, SubscriptionId: -1, IsPrimary: 1, Trusted: true, Restricted: false, Ephemeral: false, OEM paid: false, OEM private: false, OSU AP: false, FQDN: <none>, Provider friendly name: <none>, Requesting package name: <none>"AndroidWifi"openMLO Information: , Is TID-To-Link negotiation supported by the AP: false, AP MLD Address: <none>, AP MLO Link Id: <none>, AP MLO Affiliated links: <none>, Vendor Data: <none>
07-06 00:00:30.511 D/WifiScoreCard(  715): txRate: 1 txSpeed: 1
07-06 00:00:30.511 D/WifiScoreCard(  715): network update SIGNAL_POLL "AndroidWifi" ID: 1201260005 RSSI -50 txSpeed -1
07-06 00:00:30.512 D/WifiClientModeImpl[27601:wlan0](  715):  ClientModeImpl$L2ConnectedState screen=on 1 0 "AndroidWifi" 00:13:10:85:fe:01 rssi=-50 f=2447 sc=60 link=1 tx=0.0, 0.0, 0.0 rx=0.0 bcn=0 [on:0 tx:0 rx:0 period:3011] from screen [on:0 period:884602671] score=60
--------- beginning of system
07-06 00:00:30.562 I/ActivityManager(  715): Force stopping com.huiyi.mockchat appid=10217 user=0: from pid 21978
07-06 00:00:30.568 I/AppsFilter(  715): interaction: PackageSetting{82e8969 com.android.microdroid.empty_payload/10212} -> PackageSetting{5bf2928 com.huiyi.mockchat/10217} BLOCKED
07-06 00:00:30.568 I/AppsFilter(  715): interaction: PackageSetting{b28278c com.huiyi.v4/10216} -> PackageSetting{5bf2928 com.huiyi.mockchat/10217} BLOCKED
07-06 00:00:30.579 I/AppWidgetServiceImpl(  715): Received broadcast: android.intent.action.PACKAGE_RESTARTED on user 0
07-06 00:00:30.579 I/AppWidgetServiceImpl(  715): Updating package stopped masked state for uid 10217 package com.huiyi.mockchat isStopped true
07-06 00:00:30.581 I/system_server(  715): AssetManager2(0x79075ab9b2f8) locale list changing from [] to [en-US]
07-06 00:00:30.581 D/CarrierSvcBindHelper( 1112): onHandleForceStop: [com.huiyi.mockchat]
07-06 00:00:30.592 D/CarrierSvcBindHelper( 1112): No carrier app for: 0
07-06 00:00:30.597 I/system_server(  715): AssetManager2(0x79075ab9bc58) locale list changing from [] to [en-US]
07-06 00:00:30.911 W/ActivityTaskManager(  715): callingPackage for (uid=2000, pid=21983) has no WPC
07-06 00:00:30.915 I/system_server(  715): AssetManager2(0x79075ab9e818) locale list changing from [] to [en-US]
07-06 00:00:30.916 V/GrammaticalInflectionUtils(  715): AttributionSource: AttributionSource { uid = 10217, packageName = null, attributionTag = null, token = android.os.Binder@2b6457c, deviceId = 0, next = null } does not have READ_SYSTEM_GRAMMATICAL_GENDER permission.
07-06 00:00:30.916 W/OptProp (  715): Cannot read opt property android.window.PROPERTY_COMPAT_ALLOW_USER_ASPECT_RATIO_OVERRIDE
07-06 00:00:30.918 W/OptProp (  715): Cannot read opt property android.window.PROPERTY_COMPAT_ALLOW_USER_ASPECT_RATIO_FULLSCREEN_OVERRIDE
07-06 00:00:30.918 W/OptProp (  715): Cannot read opt property android.window.PROPERTY_COMPAT_ALLOW_RESIZEABLE_ACTIVITY_OVERRIDES
07-06 00:00:30.919 W/OptProp (  715): Cannot read opt property android.window.PROPERTY_COMPAT_ALLOW_MIN_ASPECT_RATIO_OVERRIDE
07-06 00:00:30.923 W/OptProp (  715): Cannot read opt property android.window.PROPERTY_COMPAT_ALLOW_ORIENTATION_OVERRIDE
07-06 00:00:30.924 I/BpBinder(  567): onLastStrongRef automatically unlinking death recipients: 
07-06 00:00:30.925 V/SplashScreenExceptionList(  715): SplashScreen checking exception for package com.huiyi.mockchat (target sdk:35) -> false
07-06 00:00:30.928 I/ndroid.systemui(  972): AssetManager2(0x79075ab2efb8) locale list changing from [] to [en-US]
07-06 00:00:30.928 I/ActivityTaskManager(  715): START u0 {flg=0x10000000 xflg=0x5 cmp=com.huiyi.mockchat/.MainActivity (has extras)} with LAUNCH_MULTIPLE from uid 2000 (BAL_ALLOW_PERMISSION) result code=0
07-06 00:00:30.929 V/WindowManagerShell(  972): Transition requested (#193): android.os.BinderProxy@f38938f TransitionRequestInfo { type = OPEN, triggerTask = TaskInfo{userId=0 taskId=205 effectiveUid=10217 displayId=0 isRunning=true baseIntent=Intent { flg=0x10000000 cmp=com.huiyi.mockchat/.MainActivity } baseActivity=ComponentInfo{com.huiyi.mockchat/com.huiyi.mockchat.MainActivity} topActivity=ComponentInfo{com.huiyi.mockchat/com.huiyi.mockchat.MainActivity} origActivity=null realActivity=ComponentInfo{com.huiyi.mockchat/com.huiyi.mockchat.MainActivity} numActivities=1 lastActiveTime=38351882 supportsMultiWindow=true resizeMode=1 isResizeable=true minWidth=-1 minHeight=-1 defaultMinSize=220 token=WCT{android.window.IWindowContainerToken$Stub$Proxy@7a6961c} topActivityType=1 pictureInPictureParams=null shouldDockBigOverlays=false launchIntoPipHostTaskId=-1 lastParentTaskIdBeforePip=-1 displayCutoutSafeInsets=Rect(0, 0 - 0, 0) topActivityInfo=ActivityInfo{952a225 com.huiyi.mockchat.MainActivity} launchCookies=[] positionInParent=Point(0, 0) parentTaskId=-1 isFocused=false isVisible=false isVisibleRequested=false isTopActivityNoDisplay=false isSleeping=false locusId=null displayAreaFeatureId=1 isTopActivityTransparent=false isActivityStackTransparent=false lastNonFullscreenBounds=Rect(286, 664 - 798, 1748) capturedLink=null capturedLinkTimestamp=0 requestedVisibleTypes=-9 topActivityRequestOpenInBrowserEducationTimestamp=0 appCompatTaskInfo=AppCompatTaskInfo { topActivityInSizeCompat=false eligibleForLetterboxEducation= false isLetterboxEducationEnabled= true isLetterboxDoubleTapEnabled= false eligibleForUserAspectRatioButton= false topActivityBoundsLetterboxed= false isFromLetterboxDoubleTap= false topActivityLetterboxVerticalPosition= -1 topActivityLetterboxHorizontalPosition= -1 topActivityLetterboxWidth=-1 topActivityLetterboxHeight=-1 topActivityAppBounds=Rect(0, 0 - 1084, 2412) isUserFullscreenOverrideEnabled=false isSystemFullscreenOverrideEnabled=false hasMinAspectRatioOverride=false topActivityLetterboxBounds=null cameraCompatTaskInfo=CameraCompatTaskInfo { freeformCameraCompatMode=inactive}} topActivityMainWindowFrame=null}, pipChange = null, remoteTransition = null, displayChange = null, flags = 0, debugId = 193 }
07-06 00:00:30.929 D/ShellSplitScreen(  972): logExit: no-op, mLoggerSessionId is null
07-06 00:00:30.931 D/CompatChangeReporter(  715): Compat change id reported: 309578419; UID 10217; state: ENABLED
07-06 00:00:30.933 W/SplitSelectStateCtor( 1124): Missing session instanceIds
07-06 00:00:30.934 D/StatsLog( 1124): LAUNCHER_SPLIT_SELECTION_EXIT_INTERRUPTED
07-06 00:00:30.937 D/WindowManagerShell(  972): setLauncherKeepClearAreaHeight: visible=false, height=497
07-06 00:00:30.938 W/HWUI    (  972): Image decoding logging dropped!
07-06 00:00:30.939 I/AppsFilter(  715): interaction: PackageSetting{82e8969 com.android.microdroid.empty_payload/10212} -> PackageSetting{7ea39e0 com.huiyi.mockchat/10217} BLOCKED
07-06 00:00:30.939 I/AppsFilter(  715): interaction: PackageSetting{b28278c com.huiyi.v4/10216} -> PackageSetting{7ea39e0 com.huiyi.mockchat/10217} BLOCKED
07-06 00:00:30.940 D/SplashScreenView(  972): Build android.window.SplashScreenView{643bdd9 V.E...... ......ID 0,0-0,0}
07-06 00:00:30.940 D/SplashScreenView(  972): Icon: view: android.widget.ImageView{d86239e V.ED..... ......I. 0,0-0,0 #1020542 android:id/splashscreen_icon_view} drawable: com.android.wm.shell.startingsurface.SplashscreenIconDrawableFactory$ImmobileIconDrawable@b2b7e7f size: 395
07-06 00:00:30.940 D/SplashScreenView(  972): Branding: view: android.view.View{749be4c G.ED..... ......I. 0,0-0,0 #1020541 android:id/splashscreen_branding_view} drawable: null size w: 0 h: 0
07-06 00:00:30.949 I/BpBinder(  567): onLastStrongRef automatically unlinking death recipients: 
07-06 00:00:30.953 V/GrammaticalInflectionUtils(  715): AttributionSource: AttributionSource { uid = 10217, packageName = null, attributionTag = null, token = android.os.Binder@2b6457c, deviceId = 0, next = null } does not have READ_SYSTEM_GRAMMATICAL_GENDER permission.
07-06 00:00:30.959 D/CoreBackPreview(  715): Window{47f933f u0 Splash Screen com.huiyi.mockchat}: Setting back callback OnBackInvokedCallbackInfo{mCallback=android.window.IOnBackInvokedCallback$Stub$Proxy@b1c876a, mPriority=0, mIsAnimationCallback=false, mOverrideBehavior=0}
07-06 00:00:30.961 D/BackgroundInstallControlService(  715): Package event received: 0
07-06 00:00:30.962 I/AppWidgetServiceImpl(  715): Received broadcast: android.intent.action.PACKAGE_UNSTOPPED on user 0
07-06 00:00:30.962 I/AppWidgetServiceImpl(  715): Updating package stopped masked state for uid 10217 package com.huiyi.mockchat isStopped false
07-06 00:00:30.969 W/IPCThreadState(  630): Sending oneway calls to frozen process.
07-06 00:00:30.972 I/netd    (  488): tetherGetStats() -> {[]} <3.33ms>
07-06 00:00:30.981 D/Zygote  (  491): Forked child process 21986
07-06 00:00:31.012 W/ActivityManager(  715): Slow operation: 58ms so far, now at startProcess: returned from zygote!
07-06 00:00:31.012 W/ActivityManager(  715): Slow operation: 58ms so far, now at startProcess: done updating battery stats
07-06 00:00:31.013 W/ActivityManager(  715): Slow operation: 58ms so far, now at startProcess: building log message
07-06 00:00:31.013 I/ActivityManager(  715): Start proc 21986:com.huiyi.mockchat/u0a217 for next-top-activity {com.huiyi.mockchat/com.huiyi.mockchat.MainActivity}
07-06 00:00:31.013 W/ActivityManager(  715): Slow operation: 58ms so far, now at startProcess: starting to update pids map
07-06 00:00:31.013 I/ActivityManager(  715): ProcessObserver broadcast disabled
07-06 00:00:31.013 W/ActivityManager(  715): Slow operation: 58ms so far, now at startProcess: done updating pids map
07-06 00:00:31.076 V/WindowManager(  715): Sent Transition (#193) createdAt=07-06 00:00:30.919 via request=TransitionRequestInfo { type = OPEN, triggerTask = TaskInfo{userId=0 taskId=205 effectiveUid=10217 displayId=0 isRunning=true baseIntent=Intent { flg=0x10000000 cmp=com.huiyi.mockchat/.MainActivity } baseActivity=ComponentInfo{com.huiyi.mockchat/com.huiyi.mockchat.MainActivity} topActivity=ComponentInfo{com.huiyi.mockchat/com.huiyi.mockchat.MainActivity} origActivity=null realActivity=ComponentInfo{com.huiyi.mockchat/com.huiyi.mockchat.MainActivity} numActivities=1 lastActiveTime=38351882 supportsMultiWindow=true resizeMode=1 isResizeable=true minWidth=-1 minHeight=-1 defaultMinSize=220 token=WCT{RemoteToken{cbf5609 Task{b8eea74 #205 type=standard A=10217:com.huiyi.mockchat}}} topActivityType=1 pictureInPictureParams=null shouldDockBigOverlays=false launchIntoPipHostTaskId=-1 lastParentTaskIdBeforePip=-1 displayCutoutSafeInsets=Rect(0, 0 - 0, 0) topActivityInfo=ActivityInfo{da4900e com.huiyi.mockchat.MainActivity} launchCookies=[] positionInParent=Point(0, 0) parentTaskId=-1 isFocused=false isVisible=false isVisibleRequested=false isTopActivityNoDisplay=false isSleeping=false locusId=null displayAreaFeatureId=1 isTopActivityTransparent=false isActivityStackTransparent=false lastNonFullscreenBounds=Rect(286, 664 - 798, 1748) capturedLink=null capturedLinkTimestamp=0 requestedVisibleTypes=-9 topActivityRequestOpenInBrowserEducationTimestamp=0 appCompatTaskInfo=AppCompatTaskInfo { topActivityInSizeCompat=false eligibleForLetterboxEducation= false isLetterboxEducationEnabled= true isLetterboxDoubleTapEnabled= false eligibleForUserAspectRatioButton= false topActivityBoundsLetterboxed= false isFromLetterboxDoubleTap= false topActivityLetterboxVerticalPosition= -1 topActivityLetterboxHorizontalPosition= -1 topActivityLetterboxWidth=-1 topActivityLetterboxHeight=-1 topActivityAppBounds=Rect(0, 0 - 1084, 2412) isUserFullscreenOverrideEnabled=false isSystemFullscreenOverrideEnabled=false hasMinAspectRatioOverride=false topActivityLetterboxBounds=null cameraCompatTaskInfo=CameraCompatTaskInfo { freeformCameraCompatMode=inactive}} topActivityMainWindowFrame=null}, pipChange = null, remoteTransition = null, displayChange = null, flags = 0, debugId = 193 }
07-06 00:00:31.076 V/WindowManager(  715):     startWCT=WindowContainerTransaction { changes= {} hops= [] errorCallbackToken=null taskFragmentOrganizer=null }
07-06 00:00:31.076 V/WindowManager(  715):     info={id=193 t=OPEN f=0x0 trk=0 r=[0@Point(0, 0)] c=[
07-06 00:00:31.076 V/WindowManager(  715):         {WCT{RemoteToken{cbf5609 Task{b8eea74 #205 type=standard A=10217:com.huiyi.mockchat}}} m=OPEN f=NONE leash=Surface(name=Task=205)/@0xf40c3d3 sb=Rect(0, 0 - 1084, 2412) eb=Rect(0, 0 - 1084, 2412) epz=Point(1084, 2412) d=0 taskParent=-1},
07-06 00:00:31.076 V/WindowManager(  715):         {WCT{RemoteToken{ba7d2de Task{f5e704d #1 type=home}}} m=TO_BACK f=SHOW_WALLPAPER leash=Surface(name=Task=1)/@0x55c111d sb=Rect(0, 0 - 1084, 2412) eb=Rect(0, 0 - 1084, 2412) epz=Point(1084, 2412) d=0 taskParent=-1},
07-06 00:00:31.076 V/WindowManager(  715):         {m=TO_BACK f=IS_WALLPAPER leash=Surface(name=WallpaperWindowToken{d6cca47 showWhenLocked=false})/@0x17505f4 sb=Rect(0, 0 - 1084, 2412) eb=Rect(0, 0 - 1084, 2412) epz=Point(1084, 2412) d=0}
07-06 00:00:31.076 V/WindowManager(  715):     ]}
07-06 00:00:31.082 V/WindowManagerShell(  972): onTransitionReady(transaction=3070901631025)
07-06 00:00:31.085 V/WindowManagerShell(  972): onTransitionReady (#193) android.os.BinderProxy@f38938f: {id=193 t=OPEN f=0x0 trk=0 r=[0@Point(0, 0)] c=[
07-06 00:00:31.085 V/WindowManagerShell(  972):         {m=OPEN f=NONE leash=Surface(name=Task=205)/@0x3e7056f sb=Rect(0, 0 - 1084, 2412) eb=Rect(0, 0 - 1084, 2412) epz=Point(1084, 2412) d=0 taskParent=-1},
07-06 00:00:31.085 V/WindowManagerShell(  972):         {m=TO_BACK f=SHOW_WALLPAPER leash=Surface(name=Task=1)/@0xfdf527c sb=Rect(0, 0 - 1084, 2412) eb=Rect(0, 0 - 1084, 2412) epz=Point(1084, 2412) d=0 taskParent=-1},
07-06 00:00:31.085 V/WindowManagerShell(  972):         {m=TO_BACK f=IS_WALLPAPER leash=Surface(name=WallpaperWindowToken{d6cca47 showWhenLocked=false})/@0x5201705 sb=Rect(0, 0 - 1084, 2412) eb=Rect(0, 0 - 1084, 2412) epz=Point(1084, 2412) d=0}
07-06 00:00:31.085 V/WindowManagerShell(  972):     ]}
07-06 00:00:31.086 V/WindowManagerShell(  972): Playing animation for (#193) android.os.BinderProxy@f38938f@0
07-06 00:00:31.090 V/ShellRecents(  972): RecentsTransitionHandler.startAnimation: no controller found
07-06 00:00:31.091 V/WindowManagerShell(  972): Transition doesn't have explicit remote, search filters for match for {id=193 t=OPEN f=0x0 trk=0 r=[0@Point(0, 0)] c=[{m=OPEN f=NONE leash=Surface(name=Task=205)/@0x3e7056f sb=Rect(0, 0 - 1084, 2412) eb=Rect(0, 0 - 1084, 2412) epz=Point(1084, 2412) d=0 taskParent=-1},{m=TO_BACK f=SHOW_WALLPAPER leash=Surface(name=Task=1)/@0xfdf527c sb=Rect(0, 0 - 1084, 2412) eb=Rect(0, 0 - 1084, 2412) epz=Point(1084, 2412) d=0 taskParent=-1},{m=TO_BACK f=IS_WALLPAPER leash=Surface(name=WallpaperWindowToken{d6cca47 showWhenLocked=false})/@0x5201705 sb=Rect(0, 0 - 1084, 2412) eb=Rect(0, 0 - 1084, 2412) epz=Point(1084, 2412) d=0}]}
07-06 00:00:31.091 V/WindowManagerShell(  972):  Checking filter Pair{{types=[] flags=0x0] notFlags=0x0 checks=[{atype=undefined independent=true modes=[CLOSE,TO_BACK] flags=IN_TASK_WITH_EMBEDDED_ACTIVITY mustBeTask=false order=ANY topActivity=null launchCookie=null taskFragmentToken=android.os.BinderProxy@9757ff windowingMode=undefined}]} RemoteTransition { remoteTransition = android.window.IRemoteTransition$Stub$Proxy@b7a59cc, appThread = android.app.IApplicationThread$Stub$Proxy@a3c9415, debugName = overlayBackTransition }}
07-06 00:00:31.091 V/WindowManagerShell(  972):  Checking filter Pair{{types=[] flags=0x0] notFlags=0x0 checks=[{atype=dream independent=true modes=[OPEN,TO_FRONT] flags=NONE mustBeTask=false order=ANY topActivity=null launchCookie=null windowingMode=undefined},{atype=home independent=true modes=[CLOSE,TO_BACK] flags=NONE mustBeTask=false order=ANY topActivity=null launchCookie=null windowingMode=undefined}]} RemoteTransition { remoteTransition = android.window.IRemoteTransition$Stub$Proxy@e27a32a, appThread = android.app.IApplicationThread$Stub$Proxy@713751b, debugName = LauncherToDream }}
07-06 00:00:31.091 V/WindowManagerShell(  972):  Checking filter Pair{{types=[] flags=0x0] notFlags=0x100 checks=[{atype=home independent=true modes=[OPEN,TO_FRONT] flags=NONE mustBeTask=false order=TOP topActivity=ComponentInfo{com.google.android.apps.nexuslauncher/com.google.android.apps.nexuslauncher.NexusLauncherActivity} launchCookie=null windowingMode=undefined},{atype=standard independent=true modes=[CLOSE,TO_BACK] flags=NONE mustBeTask=false order=ANY topActivity=null launchCookie=null windowingMode=undefined},{NOT atype=undefined independent=true modes=[] flags=NONE mustBeTask=true order=ANY topActivity=null launchCookie=null customAnim=true windowingMode=undefined}]} RemoteTransition { remoteTransition = android.window.IRemoteTransition$Stub$Proxy@ed946b8, appThread = android.app.IApplicationThread$Stub$Proxy@5f5c91, debugName = QuickstepLaunchHome }}
07-06 00:00:31.091 V/WindowManagerShell(  972):  Delegate animation for (#193) to null
07-06 00:00:31.093 V/WindowManagerShell(  972): start default transition animation, info = {id=193 t=OPEN f=0x0 trk=0 r=[0@Point(0, 0)] c=[{m=OPEN f=NONE leash=Surface(name=Task=205)/@0x3e7056f sb=Rect(0, 0 - 1084, 2412) eb=Rect(0, 0 - 1084, 2412) epz=Point(1084, 2412) d=0 taskParent=-1},{m=TO_BACK f=SHOW_WALLPAPER leash=Surface(name=Task=1)/@0xfdf527c sb=Rect(0, 0 - 1084, 2412) eb=Rect(0, 0 - 1084, 2412) epz=Point(1084, 2412) d=0 taskParent=-1},{m=TO_BACK f=IS_WALLPAPER leash=Surface(name=WallpaperWindowToken{d6cca47 showWhenLocked=false})/@0x5201705 sb=Rect(0, 0 - 1084, 2412) eb=Rect(0, 0 - 1084, 2412) epz=Point(1084, 2412) d=0}]}
07-06 00:00:31.097 V/WindowManagerShell(  972): loadAnimation: anim=android.view.animation.AnimationSet@50d1a68 animAttr=0x13 type=OPEN isEntrance=false
07-06 00:00:31.100 V/WindowManagerShell(  972): loadAnimation: anim=android.view.animation.AnimationSet@9101e81 animAttr=0x12 type=OPEN isEntrance=true
07-06 00:00:31.103 V/WindowManagerShell(  972):  animated by com.android.wm.shell.transition.DefaultTransitionHandler@a9e94ad
07-06 00:00:31.140 I/.huiyi.mockchat(21986): Late-enabling -Xcheck:jni
07-06 00:00:31.155 W/Looper  (  972): Slow dispatch took 31ms wmshell.anim app=com.android.systemui main=false group=TOP_APP h=android.os.Handler c=com.android.wm.shell.transition.DefaultTransitionHandler$$ExternalSyntheticLambda3@49f21bd m=0
07-06 00:00:31.172 I/.huiyi.mockchat(21986): Using CollectorTypeCMC GC.
07-06 00:00:31.173 W/.huiyi.mockchat(21986): Unexpected CPU variant for x86: x86_64.
07-06 00:00:31.173 W/.huiyi.mockchat(21986): Known variants: atom, sandybridge, silvermont, goldmont, goldmont-plus, goldmont-without-sha-xsaves, tremont, kabylake, alderlake, default
07-06 00:00:31.189 I/adbd    (  576): jdwp connection from 21986
07-06 00:00:31.192 D/SatelliteController( 1112): iisInCarrierRoamingNbIotNtn: satellite is disabled
07-06 00:00:31.204 W/HWUI    (  715): Image decoding logging dropped!
07-06 00:00:31.223 D/nativeloader(21986): Load libframework-connectivity-tiramisu-jni.so using APEX ns com_android_tethering for caller /apex/com.android.tethering/javalib/framework-connectivity-t.jar: ok
07-06 00:00:31.239 D/AndroidRuntime(21987): >>>>>> START com.android.internal.os.RuntimeInit uid 2000 <<<<<<
07-06 00:00:31.265 I/AndroidRuntime(21987): Using default boot image
07-06 00:00:31.265 I/AndroidRuntime(21987): Leaving lock profiling enabled
07-06 00:00:31.267 W/HWUI    (  715): Failed to choose config with EGL_SWAP_BEHAVIOR_PRESERVED, retrying without...
07-06 00:00:31.268 W/HWUI    (  715): Failed to initialize 101010-2 format, error = EGL_SUCCESS
07-06 00:00:31.275 I/app_process(21987): Core platform API reporting enabled, enforcing=false
07-06 00:00:31.282 I/app_process(21987): Using CollectorTypeCMC GC.
07-06 00:00:31.317 D/BackgroundInstallControlService(  715): Package event received: 0
07-06 00:00:31.448 V/WindowManagerShell(  972): Transition animation finished (aborted=false), notifying core (#193) android.os.BinderProxy@f38938f@0
07-06 00:00:31.455 V/WindowManager(  715): Finish Transition (#193): created at 07-06 00:00:30.919 collect-started=0.055ms request-sent=9.092ms started=12.412ms ready=148.513ms sent=155.284ms commit=51.047ms finished=533.232ms
07-06 00:00:31.464 V/WindowManagerShell(  972): Track 0 became idle
07-06 00:00:31.468 D/VRI[NexusLauncherActivity]( 1124): visibilityChanged oldVisibility=true newVisibility=false
07-06 00:00:31.469 V/WindowManagerShell(  972): All active transition animations finished
07-06 00:00:31.481 D/NexusLauncherModelDelegate( 1124): notifySmartspaceEvent: SmartspaceTargetEvent{mSmartspaceTarget=null, mSmartspaceActionId='null', mEventType=7}
07-06 00:00:31.485 W/AccessibilityManagerService(  715):  wait for adding window timeout: 698
07-06 00:00:31.508 D/nativeloader(21987): InitDefaultPublicLibraries for_preload=1: libandroid.so:libaaudio.so:libamidi.so:libbinder_ndk.so:libc.so:libcamera2ndk.so:libdl.so:libEGL.so:libGLESv1_CM.so:libGLESv2.so:libGLESv3.so:libicu.so:libicui18n.so:libicuuc.so:libjnigraphics.so:liblog.so:libmediandk.so:libm.so:libnativehelper.so:libnativewindow.so:libOpenMAXAL.so:libOpenSLES.so:libRS.so:libstdc++.so:libsync.so:libvulkan.so:libwebviewchromium_plat_support.so:libz.so
07-06 00:00:31.524 D/nativeloader(21987): Load libicu_jni.so using APEX ns com_android_art for caller /apex/com.android.art/javalib/core-oj.jar: ok
07-06 00:00:31.525 D/app_process(21987): u_setTimeZoneFilesDirectory("/apex/com.android.tzdata/etc/tz/versioned/9/icu") succeeded. 
07-06 00:00:31.525 D/app_process(21987): I18n APEX ICU file found: /apex/com.android.i18n/etc/icu/icudt76l.dat
07-06 00:00:31.526 D/nativeloader(21987): Load libjavacore.so using APEX ns com_android_art for caller /apex/com.android.art/javalib/core-oj.jar: ok
07-06 00:00:31.527 D/nativeloader(21987): Load libopenjdk.so using APEX ns com_android_art for caller /apex/com.android.art/javalib/core-oj.jar: ok
07-06 00:00:31.529 W/app_process(21987): Unexpected CPU variant for x86: x86_64.
07-06 00:00:31.529 W/app_process(21987): Known variants: atom, sandybridge, silvermont, goldmont, goldmont-plus, goldmont-without-sha-xsaves, tremont, kabylake, alderlake, default
07-06 00:00:31.531 W/app_process(21987): ClassLoaderContext shared library size mismatch. Expected=2, found=0 (PCL[]{PCL[/system/framework/android.test.base.jar*2789897741]#PCL[/system/framework/android.test.mock.jar*3361312393]} | PCL[])
07-06 00:00:31.535 W/app_process(21987): ClassLoaderContext classpath size mismatch. expected=0, found=1 (PCL[]{PCL[/system/framework/android.test.runner.jar*895143020]#PCL[/system/framework/android.test.base.jar*2789897741]} | PCL[/system/framework/android.test.runner.jar*895143020])
07-06 00:00:31.542 D/nativeloader(21986): Configuring clns-9 for other apk /data/app/~~Fl5F1LsE_v39Or_Zo7C-QQ==/com.huiyi.mockchat-DnhKqqzO2ScSL_g4XCgczg==/base.apk. target_sdk_version=35, uses_libraries=, library_path=/data/app/~~Fl5F1LsE_v39Or_Zo7C-QQ==/com.huiyi.mockchat-DnhKqqzO2ScSL_g4XCgczg==/lib/x86_64:/data/app/~~Fl5F1LsE_v39Or_Zo7C-QQ==/com.huiyi.mockchat-DnhKqqzO2ScSL_g4XCgczg==/base.apk!/lib/x86_64, permitted_path=/data:/mnt/expand:/data/user/0/com.huiyi.mockchat
07-06 00:00:31.552 D/CompatChangeReporter(21986): Compat change id reported: 202956589; UID 10217; state: ENABLED
07-06 00:00:31.562 I/.huiyi.mockchat(21986): AssetManager2(0x79075aad2fd8) locale list changing from [] to [en-US]
07-06 00:00:31.577 V/GraphicsEnvironment(21986): Currently set values for:
07-06 00:00:31.577 V/GraphicsEnvironment(21986):   angle_gl_driver_selection_pkgs=[]
07-06 00:00:31.578 V/GraphicsEnvironment(21986):   angle_gl_driver_selection_values=[]
07-06 00:00:31.578 V/GraphicsEnvironment(21986): com.huiyi.mockchat is not listed in per-application setting
07-06 00:00:31.580 D/nativeloader(21987): Load libframework-connectivity-tiramisu-jni.so using APEX ns com_android_tethering for caller /apex/com.android.tethering/javalib/framework-connectivity-t.jar: ok
07-06 00:00:31.580 V/GraphicsEnvironment(21986): ANGLE allowlist from config: com.dreamgames.royalmatch com.dts.freefiremax com.dxx.firenow com.gramgames.mergedragons com.ludo.king com.mojang.minecraftpe com.my.defense com.nintendo.zaka com.os.airforce com.playrix.fishdomdd.gplay io.teslatech.callbreak jp.konami.prospia net.peakgames.toonblast
07-06 00:00:31.580 V/GraphicsEnvironment(21986): com.huiyi.mockchat is not listed in ANGLE allowlist or settings, returning default
07-06 00:00:31.581 V/GraphicsEnvironment(21986): Neither updatable production driver nor prerelease driver is supported.
07-06 00:00:31.583 D/AndroidRuntime(21987): Calling main entry com.android.commands.uiautomator.Launcher
07-06 00:00:31.591 I/AconfigPackage(21987): android.media.swcodec.flags is mapped to com.android.media.swcodec
07-06 00:00:31.591 I/AconfigPackage(21987): com.google.android.settings.simplemode.flags is mapped to system_ext
07-06 00:00:31.592 I/AconfigPackage(21987): com.google.android.systemui is mapped to system_ext
07-06 00:00:31.592 I/AconfigPackage(21987): com.google.android.apps.nexuslauncher is mapped to system_ext
07-06 00:00:31.592 I/AconfigPackage(21987): com.android.settings.accessibility is mapped to system_ext
07-06 00:00:31.592 I/AconfigPackage(21987): com.android.settings.flags is mapped to system_ext
07-06 00:00:31.592 I/AconfigPackage(21987): com.google.android.apps.miphone.aiai.matchmaker.overview.ui is mapped to system_ext
07-06 00:00:31.592 I/AconfigPackage(21987): com.google.android.settings.flags is mapped to system_ext
07-06 00:00:31.593 I/AconfigPackage(21987): com.android.launcher3 is mapped to system_ext
07-06 00:00:31.593 I/AconfigPackage(21987): com.android.wallpaper is mapped to system_ext
07-06 00:00:31.593 I/AconfigPackage(21987): com.android.settings.media_drm is mapped to system_ext
07-06 00:00:31.593 I/AconfigPackage(21987): com.android.systemui.accessibility.accessibilitymenu is mapped to system_ext
07-06 00:00:31.593 I/AconfigPackage(21987): com.android.settings.keyboard is mapped to system_ext
07-06 00:00:31.593 I/AconfigPackage(21987): com.android.server.policy.feature.flags is mapped to system_ext
07-06 00:00:31.594 I/AconfigPackage(21987): com.android.settings.factory_reset is mapped to system_ext
07-06 00:00:31.594 I/AconfigPackage(21987): com.google.android.haptics.flags is mapped to system_ext
07-06 00:00:31.594 I/AconfigPackage(21987): com.android.permission.flags is mapped to com.android.permission
07-06 00:00:31.596 I/AconfigPackage(21987): com.android.icu is mapped to com.android.i18n
07-06 00:00:31.597 I/AconfigPackage(21987): com.android.appsearch.flags is mapped to com.android.appsearch
07-06 00:00:31.598 I/AconfigPackage(21987): android.uprobestats.mainline.flags is mapped to com.android.uprobestats
07-06 00:00:31.599 I/AconfigPackage(21987): android.provider.flags is mapped to com.android.configinfrastructure
07-06 00:00:31.599 I/AconfigPackage(21987): com.android.server.deviceconfig is mapped to com.android.configinfrastructure
07-06 00:00:31.599 I/AconfigPackage(21987): com.android.nfc.flags is mapped to system
07-06 00:00:31.599 I/AconfigPackage(21987): android.app.admin.flags is mapped to system
07-06 00:00:31.599 I/AconfigPackage(21987): android.database.sqlite is mapped to system
07-06 00:00:31.600 I/AconfigPackage(21987): com.android.providers.calendar is mapped to system
07-06 00:00:31.600 I/AconfigPackage(21987): com.android.server.power.feature.flags is mapped to system
07-06 00:00:31.601 I/AconfigPackage(21987): com.android.media.performance.flags is mapped to system
07-06 00:00:31.602 I/AconfigPackage(21987): android.app.contextualsearch.flags is mapped to system
07-06 00:00:31.604 I/AconfigPackage(21987): android.app.ondeviceintelligence.flags is mapped to system
07-06 00:00:31.605 I/AconfigPackage(21987): com.android.media.projection.flags is mapped to system
07-06 00:00:31.611 I/AconfigPackage(21987): android.companion is mapped to system
07-06 00:00:31.611 I/AconfigPackage(21987): android.service.controls.flags is mapped to system
07-06 00:00:31.611 I/AconfigPackage(21987): com.android.text.flags is mapped to system
07-06 00:00:31.611 I/AconfigPackage(21987): com.android.providers.contactkeys.flags is mapped to system
07-06 00:00:31.612 I/AconfigPackage(21987): com.android.intentresolver is mapped to system
07-06 00:00:31.612 I/AconfigPackage(21987): android.companion.virtualdevice.flags is mapped to system
07-06 00:00:31.612 I/AconfigPackage(21987): android.uprobestats.flags is mapped to system
07-06 00:00:31.612 I/AconfigPackage(21987): com.android.net.thread.platform.flags is mapped to system
07-06 00:00:31.612 I/AconfigPackage(21987): android.view.contentprotection.flags is mapped to system
07-06 00:00:31.612 I/AconfigPackage(21987): com.android.server.dreams is mapped to system
07-06 00:00:31.612 I/AconfigPackage(21987): com.android.graphics.surfaceflinger.flags is mapped to system
07-06 00:00:31.612 I/AconfigPackage(21987): com.android.hardware.input is mapped to system
07-06 00:00:31.612 I/AconfigPackage(21987): android.sdk is mapped to system
07-06 00:00:31.612 I/AconfigPackage(21987): com.android.input.flags is mapped to system
07-06 00:00:31.612 I/AconfigPackage(21987): android.tracing is mapped to system
07-06 00:00:31.612 I/AconfigPackage(21987): com.android.server.biometrics is mapped to system
07-06 00:00:31.612 I/AconfigPackage(21987): android.view.contentcapture.flags is mapped to system
07-06 00:00:31.613 I/AconfigPackage(21987): android.app.job is mapped to system
07-06 00:00:31.613 I/AconfigPackage(21987): android.content.res is mapped to system
07-06 00:00:31.613 I/AconfigPackage(21987): android.net.platform.flags is mapped to system
07-06 00:00:31.613 I/AconfigPackage(21987): com.android.aconfig.flags is mapped to system
07-06 00:00:31.613 I/AconfigPackage(21987): com.android.graphics.flags is mapped to system
07-06 00:00:31.613 I/AconfigPackage(21987): android.server.app is mapped to system
07-06 00:00:31.613 I/AconfigPackage(21987): android.speech.flags is mapped to system
07-06 00:00:31.613 I/AconfigPackage(21987): com.android.server.stats is mapped to system
07-06 00:00:31.613 I/AconfigPackage(21987): android.hardware.biometrics is mapped to system
07-06 00:00:31.613 I/AconfigPackage(21987): android.car.feature is mapped to system
07-06 00:00:31.615 I/AconfigPackage(21987): android.adpf is mapped to system
07-06 00:00:31.615 I/AconfigPackage(21987): android.location.flags is mapped to system
07-06 00:00:31.615 I/AconfigPackage(21987): com.android.settingslib.flags is mapped to system
07-06 00:00:31.615 I/AconfigPackage(21987): com.android.managedprovisioning.flags is mapped to system
07-06 00:00:31.615 I/AconfigPackage(21987): android.app.assist.flags is mapped to system
07-06 00:00:31.615 I/AconfigPackage(21987): com.android.server.net is mapped to system
07-06 00:00:31.615 I/AconfigPackage(21987): com.android.settingslib.widget.flags is mapped to system
07-06 00:00:31.615 I/AconfigPackage(21987): com.android.internal.camera.flags is mapped to system
07-06 00:00:31.616 I/AconfigPackage(21987): com.android.hardware.libsensor.flags is mapped to system
07-06 00:00:31.616 I/AconfigPackage(21987): com.android.internal.jank is mapped to system
07-06 00:00:31.616 I/AconfigPackage(21987): com.android.providers.settings is mapped to system
07-06 00:00:31.616 I/AconfigPackage(21987): android.multiuser is mapped to system
07-06 00:00:31.616 I/AconfigPackage(21987): com.android.server.power.optimization is mapped to system
07-06 00:00:31.616 I/AconfigPackage(21987): com.android.calllogbackup is mapped to system
07-06 00:00:31.617 I/AconfigPackage(21987): com.android.media.flags is mapped to system
07-06 00:00:31.618 I/AconfigPackage(21987): com.android.server.flags is mapped to system
07-06 00:00:31.618 I/AconfigPackage(21987): com.android.graphics.libvulkan.flags is mapped to system
07-06 00:00:31.618 I/AconfigPackage(21987): android.app.appfunctions.flags is mapped to system
07-06 00:00:31.618 I/AconfigPackage(21987): android.app.smartspace.flags is mapped to system
07-06 00:00:31.619 I/AconfigPackage(21987): com.android.providers.contacts.flags is mapped to system
07-06 00:00:31.619 I/AconfigPackage(21987): com.android.shell.flags is mapped to system
07-06 00:00:31.619 I/AconfigPackage(21987): com.android.media.aaudio is mapped to system
07-06 00:00:31.619 I/AconfigPackage(21987): android.hardware.radio is mapped to system
07-06 00:00:31.619 I/AconfigPackage(21987): com.google.wear.services.infra.flags is mapped to system
07-06 00:00:31.619 I/AconfigPackage(21987): suspend_service.flags is mapped to system
07-06 00:00:31.619 I/AconfigPackage(21987): android.media.midi is mapped to system
07-06 00:00:31.619 I/AconfigPackage(21987): com.android.libcore.readonly is mapped to system
07-06 00:00:31.619 I/AconfigPackage(21987): com.android.settingslib.widget.selectorwithwidgetpreference.flags is mapped to system
07-06 00:00:31.620 I/AconfigPackage(21987): android.service.notification is mapped to system
07-06 00:00:31.620 I/AconfigPackage(21987): com.android.systemui.shared is mapped to system
07-06 00:00:31.620 I/AconfigPackage(21987): android.app.jank is mapped to system
07-06 00:00:31.620 I/AconfigPackage(21987): android.app.wearable is mapped to system
07-06 00:00:31.620 I/AconfigPackage(21987): com.android.media.audio is mapped to system
07-06 00:00:31.620 I/AconfigPackage(21987): android.service.chooser is mapped to system
07-06 00:00:31.620 I/AconfigPackage(21987): com.android.server.compat is mapped to system
07-06 00:00:31.621 I/AconfigPackage(21987): com.android.server.alarm is mapped to system
07-06 00:00:31.621 I/AconfigPackage(21987): com.android.apex.flags is mapped to system
07-06 00:00:31.621 I/AconfigPackage(21987): android.service.quickaccesswallet is mapped to system
07-06 00:00:31.621 I/AconfigPackage(21987): android.app.usage is mapped to system
07-06 00:00:31.621 I/AconfigPackage(21987): com.android.server.accessibility is mapped to system
07-06 00:00:31.621 I/AconfigPackage(21987): android.app.supervision.flags is mapped to system
07-06 00:00:31.621 I/AconfigPackage(21987): com.android.server.utils is mapped to system
07-06 00:00:31.621 I/AconfigPackage(21987): android.chre.flags is mapped to system
07-06 00:00:31.624 I/AconfigPackage(21987): android.content.flags is mapped to system
07-06 00:00:31.624 I/AconfigPackage(21987): android.media.codec is mapped to system
07-06 00:00:31.624 I/AconfigPackage(21987): com.android.internal.os is mapped to system
07-06 00:00:31.624 I/AconfigPackage(21987): com.android.nfc.nci.flags is mapped to system
07-06 00:00:31.624 I/AconfigPackage(21987): android.app is mapped to system
07-06 00:00:31.624 I/AconfigPackage(21987): android.security.keystore2 is mapped to system
07-06 00:00:31.624 I/AconfigPackage(21987): android.crashrecovery.flags is mapped to system
07-06 00:00:31.624 I/AconfigPackage(21987): com.android.tradeinmode.flags is mapped to system
07-06 00:00:31.625 I/AconfigPackage(21987): android.hardware.flags is mapped to system
07-06 00:00:31.625 I/AconfigPackage(21987): com.android.server.telecom.flags is mapped to system
07-06 00:00:31.625 I/AconfigPackage(21987): com.android.settingslib.media.flags is mapped to system
07-06 00:00:31.626 I/AconfigPackage(21987): com.android.server.policy is mapped to system
07-06 00:00:31.626 I/AconfigPackage(21987): android.media.audiopolicy is mapped to system
07-06 00:00:31.627 I/AconfigPackage(21987): com.android.egg.flags is mapped to system
07-06 00:00:31.627 I/AconfigPackage(21987): com.android.internal.compat.flags is mapped to system
07-06 00:00:31.627 I/AconfigPackage(21987): android.security is mapped to system
07-06 00:00:31.627 I/AconfigPackage(21987): android.service.autofill is mapped to system
07-06 00:00:31.628 I/AconfigPackage(21987): com.example.android.aconfig.demo.flags is mapped to system
07-06 00:00:31.628 I/AconfigPackage(21987): android.view.flags is mapped to system
07-06 00:00:31.628 I/AconfigPackage(21987): android.companion.virtual.flags is mapped to system
07-06 00:00:31.628 I/AconfigPackage(21987): com.android.aconfig_new_storage is mapped to system
07-06 00:00:31.628 I/AconfigPackage(21987): com.android.server.feature.flags is mapped to system
07-06 00:00:31.629 I/AconfigPackage(21987): com.android.systemui is mapped to system
07-06 00:00:31.629 I/AconfigPackage(21987): com.android.server.power.batterysaver is mapped to system
07-06 00:00:31.629 I/AconfigPackage(21987): android.widget.flags is mapped to system
07-06 00:00:31.629 I/AconfigPackage(21987): com.android.media.editing.flags is mapped to system
07-06 00:00:31.629 I/AconfigPackage(21987): com.android.media.codec.flags is mapped to system
07-06 00:00:31.629 I/AconfigPackage(21987): com.android.server.powerstats is mapped to system
07-06 00:00:31.629 I/AconfigPackage(21987): com.android.graphics.egl.flags is mapped to system
07-06 00:00:31.629 I/AconfigPackage(21987): com.android.media.audioserver is mapped to system
07-06 00:00:31.630 I/AconfigPackage(21987): com.android.server.deviceidle is mapped to system
07-06 00:00:31.630 I/AconfigPackage(21987): android.nfc is mapped to system
07-06 00:00:31.630 I/AconfigPackage(21987): android.permission.flags is mapped to system
07-06 00:00:31.635 I/AconfigPackage(21987): android.service.voice.flags is mapped to system
07-06 00:00:31.635 I/AconfigPackage(21987): android.content.pm is mapped to system
07-06 00:00:31.635 I/AconfigPackage(21987): com.android.server.power.hint is mapped to system
07-06 00:00:31.635 I/AconfigPackage(21987): android.os is mapped to system
07-06 00:00:31.635 I/AconfigPackage(21987): android.service.dreams is mapped to system
07-06 00:00:31.635 I/AconfigPackage(21987): com.android.graphics.libgui.flags is mapped to system
07-06 00:00:31.636 I/AconfigPackage(21987): android.hardware.usb.flags is mapped to system
07-06 00:00:31.636 I/AconfigPackage(21987): android.provider is mapped to system
07-06 00:00:31.636 I/AconfigPackage(21987): com.android.server.job is mapped to system
07-06 00:00:31.636 I/AconfigPackage(21987): com.android.internal.foldables.flags is mapped to system
07-06 00:00:31.636 I/AconfigPackage(21987): com.android.internal.telephony.flags is mapped to system
07-06 00:00:31.636 I/AconfigPackage(21987): android.webkit is mapped to system
07-06 00:00:31.636 I/AconfigPackage(21987): android.credentials.flags is mapped to system
07-06 00:00:31.636 I/AconfigPackage(21987): com.android.server.display.feature.flags is mapped to system
07-06 00:00:31.637 I/AconfigPackage(21987): com.android.server.notification is mapped to system
07-06 00:00:31.637 I/AconfigPackage(21987): android.appwidget.flags is mapped to system
07-06 00:00:31.637 I/AconfigPackage(21987): com.android.frameworks.sensorservice.flags is mapped to system
07-06 00:00:31.637 I/AconfigPackage(21987): com.android.printspooler.flags is mapped to system
07-06 00:00:31.637 I/AconfigPackage(21987): com.android.window.flags is mapped to system
07-06 00:00:31.637 I/AconfigPackage(21987): android.adaptiveauth is mapped to system
07-06 00:00:31.637 I/AconfigPackage(21987): android.net.wifi.flags is mapped to system
07-06 00:00:31.638 I/AconfigPackage(21987): android.media.tv.flags is mapped to system
07-06 00:00:31.638 I/AconfigPackage(21987): com.android.server.usb.flags is mapped to system
07-06 00:00:31.638 I/AconfigPackage(21987): android.os.vibrator is mapped to system
07-06 00:00:31.638 I/AconfigPackage(21987): android.hardware.devicestate.feature.flags is mapped to system
07-06 00:00:31.638 I/AconfigPackage(21987): com.android.server.usage is mapped to system
07-06 00:00:31.638 I/AconfigPackage(21987): android.server is mapped to system
07-06 00:00:31.640 I/AconfigPackage(21987): com.android.wm.shell is mapped to system
07-06 00:00:31.640 I/AconfigPackage(21987): android.view.inputmethod is mapped to system
07-06 00:00:31.640 I/AconfigPackage(21987): com.android.graphics.hwui.flags is mapped to system
07-06 00:00:31.640 I/AconfigPackage(21987): com.android.server.backup is mapped to system
07-06 00:00:31.640 I/AconfigPackage(21987): com.android.internal.pm.pkg.component.flags is mapped to system
07-06 00:00:31.640 I/AconfigPackage(21987): android.view.accessibility is mapped to system
07-06 00:00:31.640 I/AconfigPackage(21987): com.google.wear.sdk is mapped to system
07-06 00:00:31.640 I/AconfigPackage(21987): android.media.audio is mapped to system
07-06 00:00:31.640 I/AconfigPackage(21987): com.android.server.am is mapped to system
07-06 00:00:31.641 I/AconfigPackage(21987): com.android.media.playback.flags is mapped to system
07-06 00:00:31.641 I/AconfigPackage(21987): com.android.art.flags is mapped to com.android.art
07-06 00:00:31.641 I/AconfigPackage(21987): com.android.libcore is mapped to com.android.art
07-06 00:00:31.642 I/AconfigPackage(21987): com.android.media.extractor.flags is mapped to com.android.media
07-06 00:00:31.642 I/AconfigPackage(21987): com.android.media.mainline.flags is mapped to com.android.media
07-06 00:00:31.642 I/AconfigPackage(21987): com.android.wifi.flags is mapped to com.android.wifi
07-06 00:00:31.645 I/AconfigPackage(21987): com.android.org.conscrypt.flags is mapped to com.android.conscrypt
07-06 00:00:31.645 I/AconfigPackage(21987): com.android.healthfitness.flags is mapped to com.android.healthfitness
07-06 00:00:31.647 I/AconfigPackage(21987): com.google.android.input.twoshay.flags is mapped to vendor
07-06 00:00:31.648 I/AconfigPackage(21987): libgooglecamerahal.flags is mapped to vendor
07-06 00:00:31.648 I/AconfigPackage(21987): com.android.ipsec.flags is mapped to com.android.ipsec
07-06 00:00:31.649 I/AconfigPackage(21987): com.android.nfc.module.flags is mapped to com.android.nfcservices
07-06 00:00:31.649 I/AconfigPackage(21987): com.android.adservices.ondevicepersonalization.flags is mapped to com.android.ondevicepersonalization
07-06 00:00:31.651 I/AconfigPackage(21987): com.android.bluetooth.flags is mapped to com.android.bt
07-06 00:00:31.651 I/AconfigPackage(21987): com.android.devicelock.flags is mapped to com.android.devicelock
07-06 00:00:31.652 I/AconfigPackage(21987): android.os.profiling is mapped to com.android.profiling
07-06 00:00:31.652 I/AconfigPackage(21987): com.android.os.statsd.flags is mapped to com.android.os.statsd
07-06 00:00:31.653 I/AconfigPackage(21987): com.android.cellbroadcastreceiver.flags is mapped to com.android.cellbroadcast
07-06 00:00:31.653 I/AconfigPackage(21987): com.android.adservices.flags is mapped to com.android.adservices
07-06 00:00:31.655 I/AconfigPackage(21987): com.android.sdksandbox.flags is mapped to com.android.adservices
07-06 00:00:31.656 I/AconfigPackage(21987): com.android.uwb.flags is mapped to com.android.uwb
07-06 00:00:31.656 I/AconfigPackage(21987): com.android.ranging.flags is mapped to com.android.uwb
07-06 00:00:31.657 I/AconfigPackage(21987): android.graphics.pdf.flags is mapped to com.android.mediaprovider
07-06 00:00:31.657 I/AconfigPackage(21987): com.android.providers.media.flags is mapped to com.android.mediaprovider
07-06 00:00:31.659 I/AconfigPackage(21987): android.graphics.pdf.flags.readonly is mapped to com.android.mediaprovider
07-06 00:00:31.660 I/AconfigPackage(21987): com.android.net.ct.flags is mapped to com.android.tethering
07-06 00:00:31.660 I/AconfigPackage(21987): com.android.net.flags is mapped to com.android.tethering
07-06 00:00:31.660 I/AconfigPackage(21987): android.net.vcn is mapped to com.android.tethering
07-06 00:00:31.660 I/AconfigPackage(21987): com.android.nearby.flags is mapped to com.android.tethering
07-06 00:00:31.661 I/AconfigPackage(21987): android.net.http is mapped to com.android.tethering
07-06 00:00:31.661 I/AconfigPackage(21987): com.android.net.thread.flags is mapped to com.android.tethering
07-06 00:00:31.661 I/AconfigPackage(21987): com.android.system.virtualmachine.flags is mapped to com.android.virt
07-06 00:00:31.663 E/FeatureFlagsImplExport(21987): android.os.flagging.AconfigStorageReadException: ERROR_PACKAGE_NOT_FOUND: package android.xr cannot be found on the device
07-06 00:00:31.668 D/CompatChangeReporter(21986): Compat change id reported: 279646685; UID 10217; state: ENABLED
07-06 00:00:31.668 D/UiAutomationConnection(21987): Created on user UserHandle{0}
07-06 00:00:31.668 I/UiAutomation(21987): Initialized for user 0 on display 0
07-06 00:00:31.668 W/UiAutomation(21987): Created with deprecatead constructor, assumes DEFAULT_DISPLAY
07-06 00:00:31.670 D/AccessibilityManagerService(  715): changeCurrentUserForTestAutomationIfNeededLocked(0): ignoring because device doesn't support visible background users
07-06 00:00:31.670 I/UiAutomationManager(  715): Registering UiTestAutomationService (id=com.android.server.accessibility/UiAutomation, flags=0x0) when called by user 0
07-06 00:00:31.672 V/AccessibilityManagerService(  715): onUserStateChangedLocked for userId: 0, forceUpdate: false
07-06 00:00:31.677 D/CompatChangeReporter(  715): Compat change id reported: 311208629; UID 10216; state: ENABLED
07-06 00:00:31.692 W/MagnificationConnectionManager(  715): requestConnection duplicated request: connect=false, mConnectionState=DISCONNECTED
07-06 00:00:31.700 W/IPCThreadState(  715): Sending oneway calls to frozen process.
07-06 00:00:31.700 W/IPCThreadState(  715): Sending oneway calls to frozen process.
07-06 00:00:31.708 V/UiAutomation(21987): Init UiAutomation@ca266af[id=622, displayId=0, flags=0]
07-06 00:00:31.709 W/IPCThreadState(  715): Sending oneway calls to frozen process.
07-06 00:00:31.709 V/AccessibilityManagerService(  715): onUserStateChangedLocked for userId: 0, forceUpdate: false
07-06 00:00:31.709 W/IPCThreadState(  715): Sending oneway calls to frozen process.
07-06 00:00:31.710 W/IPCThreadState(  715): Sending oneway calls to frozen process.
07-06 00:00:31.710 W/IPCThreadState(  715): Sending oneway calls to frozen process.
07-06 00:00:31.712 W/IPCThreadState(  715): Sending oneway calls to frozen process.
07-06 00:00:31.715 W/MagnificationConnectionManager(  715): requestConnection duplicated request: connect=false, mConnectionState=DISCONNECTED
07-06 00:00:31.726 W/IPCThreadState(  715): Sending oneway calls to frozen process.
07-06 00:00:31.733 W/OptProp (  715): Cannot read opt property android.window.PROPERTY_COMPAT_ENABLE_FAKE_FOCUS
07-06 00:00:31.734 D/CompatChangeReporter(  715): Compat change id reported: 324203798; UID 10217; state: ENABLED
07-06 00:00:31.739 W/IPCThreadState(  715): Sending oneway calls to frozen process.
07-06 00:00:31.742 W/IPCThreadState(  715): Sending oneway calls to frozen process.
07-06 00:00:31.743 W/IPCThreadState(  715): Sending oneway calls to frozen process.
07-06 00:00:31.743 W/IPCThreadState(  715): Sending oneway calls to frozen process.
07-06 00:00:31.744 W/IPCThreadState(  715): Sending oneway calls to frozen process.
07-06 00:00:31.744 W/IPCThreadState(  715): Sending oneway calls to frozen process.
07-06 00:00:31.751 W/IPCThreadState(  715): Sending oneway calls to frozen process.
07-06 00:00:31.751 W/IPCThreadState(  715): Sending oneway calls to frozen process.
07-06 00:00:31.751 W/IPCThreadState(  715): Sending oneway calls to frozen process.
07-06 00:00:31.752 D/AccessibilitySourceService( 1259): enabled a11y services count 1
07-06 00:00:31.752 W/IPCThreadState(  715): Sending oneway calls to frozen process.
07-06 00:00:31.752 W/IPCThreadState(  715): Sending oneway calls to frozen process.
07-06 00:00:31.753 W/IPCThreadState(  715): Sending oneway calls to frozen process.
07-06 00:00:31.754 D/BackgroundInstallControlService(  715): Package event received: 0
07-06 00:00:31.754 W/IPCThreadState(  715): Sending oneway calls to frozen process.
07-06 00:00:31.756 D/BackgroundInstallControlService(  715): Package event received: 0
07-06 00:00:31.757 W/IPCThreadState(  715): Sending oneway calls to frozen process.
