--------- beginning of main
07-06 03:14:14.352 W/WindowOnBackDispatcher(32689): sendCancelIfRunning: isInProgress=false callback=android.view.ViewRootImpl$$ExternalSyntheticLambda13@b07f4b5
--------- beginning of system
07-06 03:14:14.353 D/CoreBackPreview(  715): Window{a704911 u0 com.huiyi.v4}: Setting back callback null
07-06 03:14:14.361 W/WindowOnBackDispatcher(32689): sendCancelIfRunning: isInProgress=false callback=android.view.ViewRootImpl$$ExternalSyntheticLambda13@911aa44
07-06 03:14:14.364 D/CoreBackPreview(  715): Window{6cb725f u0 com.huiyi.v4}: Setting back callback null
07-06 03:14:14.370 W/NotificationHistory(  715): Attempted to remove channel for locked/gone/disabled user 0
07-06 03:14:14.384 I/NotificationListener( 1124): received notification removed event - android#UserHandle{0},category=-1
07-06 03:14:14.631 D/WifiClientModeImpl[27601:wlan0](  715): updateLinkLayerStatsRssiSpeedFrequencyCapabilities rssi=-50 TxLinkspeed=1 freq=2447 RxLinkSpeed=2
07-06 03:14:14.631 D/WifiDataStall(  715): tx tput in kbps: 11000
07-06 03:14:14.631 D/WifiDataStall(  715): rx tput in kbps: 11000
07-06 03:14:14.631 V/WifiConfigManager(  715): Updating scan detail cache freq=2447 BSSID=00:13:10:85:fe:01 RSSI=-50 for "AndroidWifi"NONE
07-06 03:14:14.633 D/WifiThroughputPredictor(  715):  utilization (LLS) 80 isBluetoothConnected: false final utilization: 80
07-06 03:14:14.634 D/WifiThroughputPredictor(  715):  BW: 0 RSSI: -50 Nss: 1 Mode: 1 symDur: 4000 snrDb 30 bitPerTone: 4500 rate: 54 throughput: 11
07-06 03:14:14.634 D/WifiThroughputPredictor(  715):  utilization (LLS) 80 isBluetoothConnected: false final utilization: 80
07-06 03:14:14.634 D/WifiThroughputPredictor(  715):  BW: 0 RSSI: -50 Nss: 1 Mode: 1 symDur: 4000 snrDb 30 bitPerTone: 4500 rate: 54 throughput: 11
07-06 03:14:14.635 D/WifiThroughputPredictor(  715):  utilization (LLS) 80 isBluetoothConnected: false final utilization: 80
07-06 03:14:14.635 D/WifiThroughputPredictor(  715):  BW: 0 RSSI: -50 Nss: 1 Mode: 1 symDur: 4000 snrDb 30 bitPerTone: 4500 rate: 54 throughput: 11
07-06 03:14:14.635 D/WifiThroughputPredictor(  715):  utilization (LLS) 80 isBluetoothConnected: false final utilization: 80
07-06 03:14:14.635 D/WifiThroughputPredictor(  715):  BW: 0 RSSI: -50 Nss: 1 Mode: 1 symDur: 4000 snrDb 30 bitPerTone: 4500 rate: 54 throughput: 11
07-06 03:14:14.636 D/WifiScoreCard(  715): BSSID update SIGNAL_POLL ID: 1559335064 SSID: "AndroidWifi", BSSID: 00:13:10:85:fe:01, MAC: 02:15:b2:00:00:00, IP: /10.0.2.16, Security type: 0, Supplicant state: COMPLETED, Wi-Fi standard: legacy, RSSI: -50, Link speed: 1Mbps, Tx Link speed: 1Mbps, Max Supported Tx Link speed: 11Mbps, Rx Link speed: 2Mbps, Max Supported Rx Link speed: 11Mbps, Frequency: 2447MHz, Net ID: 0, Metered hint: false, score: 60, isUsable: true, CarrierMerged: false, SubscriptionId: -1, IsPrimary: 1, Trusted: true, Restricted: false, Ephemeral: false, OEM paid: false, OEM private: false, OSU AP: false, FQDN: <none>, Provider friendly name: <none>, Requesting package name: <none>"AndroidWifi"openMLO Information: , Is TID-To-Link negotiation supported by the AP: false, AP MLD Address: <none>, AP MLO Link Id: <none>, AP MLO Affiliated links: <none>, Vendor Data: <none>
07-06 03:14:14.636 D/WifiScoreCard(  715): txRate: 1 txSpeed: 1
07-06 03:14:14.636 D/WifiScoreCard(  715): network update SIGNAL_POLL "AndroidWifi" ID: 1201260005 RSSI -50 txSpeed -1
07-06 03:14:14.637 D/WifiClientModeImpl[27601:wlan0](  715):  ClientModeImpl$L2ConnectedState screen=on 1 0 "AndroidWifi" 00:13:10:85:fe:01 rssi=-50 f=2447 sc=60 link=1 tx=0.8, 0.0, 0.0 rx=0.8 bcn=0 [on:0 tx:0 rx:0 period:3012] from screen [on:0 period:896226797] score=60
07-06 03:14:14.660 D/BackgroundInstallControlService(  715): Package event received: 0
07-06 03:14:14.692 D/CoreBackPreview(  715): Window{92bec1a u0 com.huiyi.v4}: Setting back callback OnBackInvokedCallbackInfo{mCallback=android.window.IOnBackInvokedCallback$Stub$Proxy@d272e41, mPriority=0, mIsAnimationCallback=false, mOverrideBehavior=0}
07-06 03:14:14.742 W/dumpsys ( 1023): Thread Pool max thread count is 0. Cannot cache binder as linkToDeath cannot be implemented. serviceName: window
07-06 03:14:14.924 W/screencap( 1038): Thread Pool max thread count is 0. Cannot cache binder as linkToDeath cannot be implemented. serviceName: SurfaceFlingerAIDL
07-06 03:14:14.925 W/BpBinder( 1038): Linking to death on android.gui.ISurfaceComposer but there are no threads (yet?) listening to incoming transactions. See ProcessState::startThreadPool and ProcessState::setThreadPoolMaxThreadCount. Generally you should setup the binder threadpool before other initialization steps.
07-06 03:14:14.926 W/ProcessState( 1038): Extra binder thread started, but 0 threads requested. Do not use *startThreadPool when zero threads are requested.
07-06 03:14:14.941 E/HwcComposer(  567): getLuts failed Status(-8, EX_SERVICE_SPECIFIC): '8: '
07-06 03:14:14.942 E/HWComposer(  567): getLuts: getLuts failed for display 4619827259835644672: UNSUPPORTED (8)
--------- beginning of kernel
07-06 03:14:14.922 I/servicemanager(    0): Caller(pid=1038,uid=2000,sid=u:r:shell:s0) Found android.hardware.graphics.allocator.IAllocator/default in device VINTF manifest.
07-06 03:14:14.925 I/servicemanager(    0): Caller(pid=1038,uid=2000,sid=u:r:shell:s0) Found android.hardware.graphics.allocator.IAllocator/default in device VINTF manifest.
07-06 03:14:14.928 I/servicemanager(    0): Caller(pid=1038,uid=2000,sid=u:r:shell:s0) Found mapper/ranchu in device VINTF manifest.
07-06 03:14:15.016 W/NotificationHistory(  715): Attempted to add notif for locked/gone/disabled user 0
07-06 03:14:15.016 D/BackgroundInstallControlService(  715): Package event received: 0
07-06 03:14:15.029 I/NotificationListener( 1124): received notification posted event - android#UserHandle{0},category=-1
07-06 03:14:15.033 W/AiAiEcho( 1480): LyftNotificationParser Ridesharing ETA not enabled
07-06 03:14:15.034 I/AiAiEcho( 1480): SmartspaceNotificationPredictor no parser can handle this notification or notification is invalid
07-06 03:14:15.063 D/LocalImageResolver(  972): Couldn't use ImageDecoder for drawable, falling back to non-resized load.
07-06 03:14:15.092 D/LocalImageResolver(  972): Couldn't use ImageDecoder for drawable, falling back to non-resized load.
07-06 03:14:15.248 E/NotificationService(  715): Suppressing toast from package com.huiyi.v4 by user request.
07-06 03:14:15.249 I/FloatingBubbleService(32689): next_sentence_click_ack latencyMs=5 ackVisible=true
07-06 03:14:15.388 I/HuiyiRuntime(32689): dynamic_playbook_result sessionId=6da0ea3f-eb90-4922-aafb-a3705dacb702 mode=NEXT_SENTENCE chatKey=com.huiyi.mockchat|mock:49b3c0f5 source=CLOUD_ENHANCED decisionSource=CLOUD_ENHANCED_PLAYBOOK lastSpeaker=OTHER decision=NORMAL_REPLY routeCount=3 latencyMs=18 cacheHit=true localFallbackUsed=false cloudRefreshRecommended=true
07-06 03:14:15.421 W/AppOps  (  715): Noting op not finished: uid 10216 pkg com.huiyi.v4 code 24 startTime of in progress event=1783307654677
07-06 03:14:15.479 D/CoreBackPreview(  715): Window{1a3afed u0 com.huiyi.v4}: Setting back callback OnBackInvokedCallbackInfo{mCallback=android.window.IOnBackInvokedCallback$Stub$Proxy@baa9670, mPriority=0, mIsAnimationCallback=false, mOverrideBehavior=0}
07-06 03:14:15.479 I/resolv  (  488): GetAddrInfoHandler::run: {100 100 100 983140 10216 0}
07-06 03:14:15.479 D/AndroidRuntime( 1045): >>>>>> START com.android.internal.os.RuntimeInit uid 2000 <<<<<<
07-06 03:14:15.480 I/resolv  (  488): res_nmkquery: (QUERY, IN, AAAA)
07-06 03:14:15.480 I/resolv  (  488): res_nmkquery: (QUERY, IN, A)
07-06 03:14:15.480 I/resolv  (  488): resolv_cache_lookup: FOUND IN CACHE entry=0x7f740ca9b970
07-06 03:14:15.480 I/resolv  (  488): doQuery: rcode=0, ancount=2, return value=84
07-06 03:14:15.480 I/resolv  (  488): resolv_cache_lookup: FOUND IN CACHE entry=0x7f750ca9b010
07-06 03:14:15.480 I/resolv  (  488): doQuery: rcode=0, ancount=2, return value=60
07-06 03:14:15.490 I/AndroidRuntime( 1045): Using default boot image
07-06 03:14:15.491 I/AndroidRuntime( 1045): Leaving lock profiling enabled
07-06 03:14:15.496 I/app_process( 1045): Core platform API reporting enabled, enforcing=false
07-06 03:14:15.498 I/app_process( 1045): Using CollectorTypeCMC GC.
07-06 03:14:15.658 D/nativeloader( 1045): InitDefaultPublicLibraries for_preload=1: libandroid.so:libaaudio.so:libamidi.so:libbinder_ndk.so:libc.so:libcamera2ndk.so:libdl.so:libEGL.so:libGLESv1_CM.so:libGLESv2.so:libGLESv3.so:libicu.so:libicui18n.so:libicuuc.so:libjnigraphics.so:liblog.so:libmediandk.so:libm.so:libnativehelper.so:libnativewindow.so:libOpenMAXAL.so:libOpenSLES.so:libRS.so:libstdc++.so:libsync.so:libvulkan.so:libwebviewchromium_plat_support.so:libz.so
07-06 03:14:15.672 D/nativeloader( 1045): Load libicu_jni.so using APEX ns com_android_art for caller /apex/com.android.art/javalib/core-oj.jar: ok
07-06 03:14:15.673 D/app_process( 1045): u_setTimeZoneFilesDirectory("/apex/com.android.tzdata/etc/tz/versioned/9/icu") succeeded. 
07-06 03:14:15.673 D/app_process( 1045): I18n APEX ICU file found: /apex/com.android.i18n/etc/icu/icudt76l.dat
07-06 03:14:15.675 D/nativeloader( 1045): Load libjavacore.so using APEX ns com_android_art for caller /apex/com.android.art/javalib/core-oj.jar: ok
07-06 03:14:15.676 D/nativeloader( 1045): Load libopenjdk.so using APEX ns com_android_art for caller /apex/com.android.art/javalib/core-oj.jar: ok
07-06 03:14:15.681 W/app_process( 1045): Unexpected CPU variant for x86: x86_64.
07-06 03:14:15.681 W/app_process( 1045): Known variants: atom, sandybridge, silvermont, goldmont, goldmont-plus, goldmont-without-sha-xsaves, tremont, kabylake, alderlake, default
07-06 03:14:15.683 W/app_process( 1045): ClassLoaderContext shared library size mismatch. Expected=2, found=0 (PCL[]{PCL[/system/framework/android.test.base.jar*2789897741]#PCL[/system/framework/android.test.mock.jar*3361312393]} | PCL[])
07-06 03:14:15.684 W/app_process( 1045): ClassLoaderContext classpath size mismatch. expected=0, found=1 (PCL[]{PCL[/system/framework/android.test.runner.jar*895143020]#PCL[/system/framework/android.test.base.jar*2789897741]} | PCL[/system/framework/android.test.runner.jar*895143020])
07-06 03:14:15.715 D/nativeloader( 1045): Load libframework-connectivity-tiramisu-jni.so using APEX ns com_android_tethering for caller /apex/com.android.tethering/javalib/framework-connectivity-t.jar: ok
07-06 03:14:15.716 D/AndroidRuntime( 1045): Calling main entry com.android.commands.uiautomator.Launcher
07-06 03:14:15.726 I/AconfigPackage( 1045): android.media.swcodec.flags is mapped to com.android.media.swcodec
07-06 03:14:15.727 I/AconfigPackage( 1045): com.google.android.settings.simplemode.flags is mapped to system_ext
07-06 03:14:15.727 I/AconfigPackage( 1045): com.google.android.systemui is mapped to system_ext
07-06 03:14:15.727 I/AconfigPackage( 1045): com.google.android.apps.nexuslauncher is mapped to system_ext
07-06 03:14:15.727 I/AconfigPackage( 1045): com.android.settings.accessibility is mapped to system_ext
07-06 03:14:15.728 I/AconfigPackage( 1045): com.android.settings.flags is mapped to system_ext
07-06 03:14:15.728 I/AconfigPackage( 1045): com.google.android.apps.miphone.aiai.matchmaker.overview.ui is mapped to system_ext
07-06 03:14:15.728 I/AconfigPackage( 1045): com.google.android.settings.flags is mapped to system_ext
07-06 03:14:15.728 I/AconfigPackage( 1045): com.android.launcher3 is mapped to system_ext
07-06 03:14:15.728 I/AconfigPackage( 1045): com.android.wallpaper is mapped to system_ext
07-06 03:14:15.729 I/AconfigPackage( 1045): com.android.settings.media_drm is mapped to system_ext
07-06 03:14:15.730 I/AconfigPackage( 1045): com.android.systemui.accessibility.accessibilitymenu is mapped to system_ext
07-06 03:14:15.730 I/AconfigPackage( 1045): com.android.settings.keyboard is mapped to system_ext
07-06 03:14:15.731 I/AconfigPackage( 1045): com.android.server.policy.feature.flags is mapped to system_ext
07-06 03:14:15.731 I/AconfigPackage( 1045): com.android.settings.factory_reset is mapped to system_ext
07-06 03:14:15.731 I/AconfigPackage( 1045): com.google.android.haptics.flags is mapped to system_ext
07-06 03:14:15.732 I/AconfigPackage( 1045): com.android.permission.flags is mapped to com.android.permission
07-06 03:14:15.733 I/AconfigPackage( 1045): com.android.icu is mapped to com.android.i18n
07-06 03:14:15.733 I/AconfigPackage( 1045): com.android.appsearch.flags is mapped to com.android.appsearch
07-06 03:14:15.733 I/AconfigPackage( 1045): android.uprobestats.mainline.flags is mapped to com.android.uprobestats
07-06 03:14:15.736 I/AconfigPackage( 1045): android.provider.flags is mapped to com.android.configinfrastructure
07-06 03:14:15.736 I/AconfigPackage( 1045): com.android.server.deviceconfig is mapped to com.android.configinfrastructure
07-06 03:14:15.737 I/AconfigPackage( 1045): com.android.nfc.flags is mapped to system
07-06 03:14:15.737 I/AconfigPackage( 1045): android.app.admin.flags is mapped to system
07-06 03:14:15.737 I/AconfigPackage( 1045): android.database.sqlite is mapped to system
07-06 03:14:15.737 I/AconfigPackage( 1045): com.android.providers.calendar is mapped to system
07-06 03:14:15.737 I/AconfigPackage( 1045): com.android.server.power.feature.flags is mapped to system
07-06 03:14:15.737 I/AconfigPackage( 1045): com.android.media.performance.flags is mapped to system
07-06 03:14:15.737 I/AconfigPackage( 1045): android.app.contextualsearch.flags is mapped to system
07-06 03:14:15.737 I/AconfigPackage( 1045): android.app.ondeviceintelligence.flags is mapped to system
07-06 03:14:15.737 I/AconfigPackage( 1045): com.android.media.projection.flags is mapped to system
07-06 03:14:15.738 I/AconfigPackage( 1045): android.companion is mapped to system
07-06 03:14:15.739 I/AconfigPackage( 1045): android.service.controls.flags is mapped to system
07-06 03:14:15.739 I/AconfigPackage( 1045): com.android.text.flags is mapped to system
07-06 03:14:15.739 I/AconfigPackage( 1045): com.android.providers.contactkeys.flags is mapped to system
07-06 03:14:15.739 I/AconfigPackage( 1045): com.android.intentresolver is mapped to system
07-06 03:14:15.739 I/AconfigPackage( 1045): android.companion.virtualdevice.flags is mapped to system
07-06 03:14:15.739 I/AconfigPackage( 1045): android.uprobestats.flags is mapped to system
07-06 03:14:15.739 I/AconfigPackage( 1045): com.android.net.thread.platform.flags is mapped to system
07-06 03:14:15.740 I/AconfigPackage( 1045): android.view.contentprotection.flags is mapped to system
07-06 03:14:15.740 I/AconfigPackage( 1045): com.android.server.dreams is mapped to system
07-06 03:14:15.740 I/AconfigPackage( 1045): com.android.graphics.surfaceflinger.flags is mapped to system
07-06 03:14:15.740 I/AconfigPackage( 1045): com.android.hardware.input is mapped to system
07-06 03:14:15.740 I/AconfigPackage( 1045): android.sdk is mapped to system
07-06 03:14:15.740 I/AconfigPackage( 1045): com.android.input.flags is mapped to system
07-06 03:14:15.740 I/AconfigPackage( 1045): android.tracing is mapped to system
07-06 03:14:15.740 I/AconfigPackage( 1045): com.android.server.biometrics is mapped to system
07-06 03:14:15.741 I/AconfigPackage( 1045): android.view.contentcapture.flags is mapped to system
07-06 03:14:15.741 I/AconfigPackage( 1045): android.app.job is mapped to system
07-06 03:14:15.741 I/AconfigPackage( 1045): android.content.res is mapped to system
07-06 03:14:15.741 I/AconfigPackage( 1045): android.net.platform.flags is mapped to system
07-06 03:14:15.741 I/AconfigPackage( 1045): com.android.aconfig.flags is mapped to system
07-06 03:14:15.741 I/AconfigPackage( 1045): com.android.graphics.flags is mapped to system
07-06 03:14:15.741 I/AconfigPackage( 1045): android.server.app is mapped to system
07-06 03:14:15.742 I/AconfigPackage( 1045): android.speech.flags is mapped to system
07-06 03:14:15.742 I/AconfigPackage( 1045): com.android.server.stats is mapped to system
07-06 03:14:15.742 I/AconfigPackage( 1045): android.hardware.biometrics is mapped to system
07-06 03:14:15.742 I/AconfigPackage( 1045): android.car.feature is mapped to system
07-06 03:14:15.742 I/AconfigPackage( 1045): android.adpf is mapped to system
07-06 03:14:15.742 I/AconfigPackage( 1045): android.location.flags is mapped to system
07-06 03:14:15.742 I/AconfigPackage( 1045): com.android.settingslib.flags is mapped to system
07-06 03:14:15.742 I/AconfigPackage( 1045): com.android.managedprovisioning.flags is mapped to system
07-06 03:14:15.743 I/AconfigPackage( 1045): android.app.assist.flags is mapped to system
07-06 03:14:15.743 I/AconfigPackage( 1045): com.android.server.net is mapped to system
07-06 03:14:15.743 I/AconfigPackage( 1045): com.android.settingslib.widget.flags is mapped to system
07-06 03:14:15.743 I/AconfigPackage( 1045): com.android.internal.camera.flags is mapped to system
07-06 03:14:15.743 I/AconfigPackage( 1045): com.android.hardware.libsensor.flags is mapped to system
07-06 03:14:15.743 I/AconfigPackage( 1045): com.android.internal.jank is mapped to system
07-06 03:14:15.743 I/AconfigPackage( 1045): com.android.providers.settings is mapped to system
07-06 03:14:15.743 I/AconfigPackage( 1045): android.multiuser is mapped to system
07-06 03:14:15.743 I/AconfigPackage( 1045): com.android.server.power.optimization is mapped to system
07-06 03:14:15.743 I/AconfigPackage( 1045): com.android.calllogbackup is mapped to system
07-06 03:14:15.743 I/AconfigPackage( 1045): com.android.media.flags is mapped to system
07-06 03:14:15.743 I/AconfigPackage( 1045): com.android.server.flags is mapped to system
07-06 03:14:15.743 I/AconfigPackage( 1045): com.android.graphics.libvulkan.flags is mapped to system
07-06 03:14:15.744 I/AconfigPackage( 1045): android.app.appfunctions.flags is mapped to system
07-06 03:14:15.744 I/AconfigPackage( 1045): android.app.smartspace.flags is mapped to system
07-06 03:14:15.744 I/AconfigPackage( 1045): com.android.providers.contacts.flags is mapped to system
07-06 03:14:15.744 I/AconfigPackage( 1045): com.android.shell.flags is mapped to system
07-06 03:14:15.744 I/AconfigPackage( 1045): com.android.media.aaudio is mapped to system
07-06 03:14:15.745 I/AconfigPackage( 1045): android.hardware.radio is mapped to system
07-06 03:14:15.745 I/AconfigPackage( 1045): com.google.wear.services.infra.flags is mapped to system
07-06 03:14:15.745 I/AconfigPackage( 1045): suspend_service.flags is mapped to system
07-06 03:14:15.745 I/AconfigPackage( 1045): android.media.midi is mapped to system
07-06 03:14:15.745 I/AconfigPackage( 1045): com.android.libcore.readonly is mapped to system
07-06 03:14:15.745 I/AconfigPackage( 1045): com.android.settingslib.widget.selectorwithwidgetpreference.flags is mapped to system
07-06 03:14:15.745 I/AconfigPackage( 1045): android.service.notification is mapped to system
07-06 03:14:15.746 I/AconfigPackage( 1045): com.android.systemui.shared is mapped to system
07-06 03:14:15.747 I/AconfigPackage( 1045): android.app.jank is mapped to system
07-06 03:14:15.747 I/AconfigPackage( 1045): android.app.wearable is mapped to system
07-06 03:14:15.747 I/AconfigPackage( 1045): com.android.media.audio is mapped to system
07-06 03:14:15.747 I/AconfigPackage( 1045): android.service.chooser is mapped to system
07-06 03:14:15.747 I/AconfigPackage( 1045): com.android.server.compat is mapped to system
07-06 03:14:15.747 I/AconfigPackage( 1045): com.android.server.alarm is mapped to system
07-06 03:14:15.748 I/AconfigPackage( 1045): com.android.apex.flags is mapped to system
07-06 03:14:15.748 I/AconfigPackage( 1045): android.service.quickaccesswallet is mapped to system
07-06 03:14:15.748 I/AconfigPackage( 1045): android.app.usage is mapped to system
07-06 03:14:15.748 I/AconfigPackage( 1045): com.android.server.accessibility is mapped to system
07-06 03:14:15.748 I/AconfigPackage( 1045): android.app.supervision.flags is mapped to system
07-06 03:14:15.748 I/AconfigPackage( 1045): com.android.server.utils is mapped to system
07-06 03:14:15.748 I/AconfigPackage( 1045): android.chre.flags is mapped to system
07-06 03:14:15.749 I/AconfigPackage( 1045): android.content.flags is mapped to system
07-06 03:14:15.749 I/AconfigPackage( 1045): android.media.codec is mapped to system
07-06 03:14:15.749 I/AconfigPackage( 1045): com.android.internal.os is mapped to system
07-06 03:14:15.749 I/AconfigPackage( 1045): com.android.nfc.nci.flags is mapped to system
07-06 03:14:15.749 I/AconfigPackage( 1045): android.app is mapped to system
07-06 03:14:15.749 I/AconfigPackage( 1045): android.security.keystore2 is mapped to system
07-06 03:14:15.750 I/AconfigPackage( 1045): android.crashrecovery.flags is mapped to system
07-06 03:14:15.750 I/AconfigPackage( 1045): com.android.tradeinmode.flags is mapped to system
07-06 03:14:15.750 I/AconfigPackage( 1045): android.hardware.flags is mapped to system
07-06 03:14:15.750 I/AconfigPackage( 1045): com.android.server.telecom.flags is mapped to system
07-06 03:14:15.750 I/AconfigPackage( 1045): com.android.settingslib.media.flags is mapped to system
07-06 03:14:15.750 I/AconfigPackage( 1045): com.android.server.policy is mapped to system
07-06 03:14:15.751 I/AconfigPackage( 1045): android.media.audiopolicy is mapped to system
07-06 03:14:15.751 I/AconfigPackage( 1045): com.android.egg.flags is mapped to system
07-06 03:14:15.751 I/AconfigPackage( 1045): com.android.internal.compat.flags is mapped to system
07-06 03:14:15.751 I/AconfigPackage( 1045): android.security is mapped to system
07-06 03:14:15.751 I/AconfigPackage( 1045): android.service.autofill is mapped to system
07-06 03:14:15.751 I/AconfigPackage( 1045): com.example.android.aconfig.demo.flags is mapped to system
07-06 03:14:15.751 I/AconfigPackage( 1045): android.view.flags is mapped to system
07-06 03:14:15.751 I/AconfigPackage( 1045): android.companion.virtual.flags is mapped to system
07-06 03:14:15.752 I/AconfigPackage( 1045): com.android.aconfig_new_storage is mapped to system
07-06 03:14:15.752 I/AconfigPackage( 1045): com.android.server.feature.flags is mapped to system
07-06 03:14:15.752 I/AconfigPackage( 1045): com.android.systemui is mapped to system
07-06 03:14:15.752 I/AconfigPackage( 1045): com.android.server.power.batterysaver is mapped to system
07-06 03:14:15.752 I/AconfigPackage( 1045): android.widget.flags is mapped to system
07-06 03:14:15.752 I/AconfigPackage( 1045): com.android.media.editing.flags is mapped to system
07-06 03:14:15.752 I/AconfigPackage( 1045): com.android.media.codec.flags is mapped to system
07-06 03:14:15.752 I/AconfigPackage( 1045): com.android.server.powerstats is mapped to system
07-06 03:14:15.752 I/AconfigPackage( 1045): com.android.graphics.egl.flags is mapped to system
07-06 03:14:15.752 I/AconfigPackage( 1045): com.android.media.audioserver is mapped to system
07-06 03:14:15.752 I/AconfigPackage( 1045): com.android.server.deviceidle is mapped to system
07-06 03:14:15.752 I/AconfigPackage( 1045): android.nfc is mapped to system
07-06 03:14:15.752 I/AconfigPackage( 1045): android.permission.flags is mapped to system
07-06 03:14:15.752 I/AconfigPackage( 1045): android.service.voice.flags is mapped to system
07-06 03:14:15.753 I/AconfigPackage( 1045): android.content.pm is mapped to system
07-06 03:14:15.753 I/AconfigPackage( 1045): com.android.server.power.hint is mapped to system
07-06 03:14:15.753 I/AconfigPackage( 1045): android.os is mapped to system
07-06 03:14:15.753 I/AconfigPackage( 1045): android.service.dreams is mapped to system
07-06 03:14:15.753 I/AconfigPackage( 1045): com.android.graphics.libgui.flags is mapped to system
07-06 03:14:15.753 I/AconfigPackage( 1045): android.hardware.usb.flags is mapped to system
07-06 03:14:15.753 I/AconfigPackage( 1045): android.provider is mapped to system
07-06 03:14:15.753 I/AconfigPackage( 1045): com.android.server.job is mapped to system
07-06 03:14:15.753 I/AconfigPackage( 1045): com.android.internal.foldables.flags is mapped to system
07-06 03:14:15.754 I/AconfigPackage( 1045): com.android.internal.telephony.flags is mapped to system
07-06 03:14:15.754 I/AconfigPackage( 1045): android.webkit is mapped to system
07-06 03:14:15.754 I/AconfigPackage( 1045): android.credentials.flags is mapped to system
07-06 03:14:15.755 I/AconfigPackage( 1045): com.android.server.display.feature.flags is mapped to system
07-06 03:14:15.755 I/AconfigPackage( 1045): com.android.server.notification is mapped to system
07-06 03:14:15.755 I/AconfigPackage( 1045): android.appwidget.flags is mapped to system
07-06 03:14:15.756 I/AconfigPackage( 1045): com.android.frameworks.sensorservice.flags is mapped to system
07-06 03:14:15.756 I/AconfigPackage( 1045): com.android.printspooler.flags is mapped to system
07-06 03:14:15.756 I/AconfigPackage( 1045): com.android.window.flags is mapped to system
07-06 03:14:15.756 I/AconfigPackage( 1045): android.adaptiveauth is mapped to system
07-06 03:14:15.756 I/AconfigPackage( 1045): android.net.wifi.flags is mapped to system
07-06 03:14:15.756 I/AconfigPackage( 1045): android.media.tv.flags is mapped to system
07-06 03:14:15.756 I/AconfigPackage( 1045): com.android.server.usb.flags is mapped to system
07-06 03:14:15.756 I/AconfigPackage( 1045): android.os.vibrator is mapped to system
07-06 03:14:15.756 I/AconfigPackage( 1045): android.hardware.devicestate.feature.flags is mapped to system
07-06 03:14:15.757 I/AconfigPackage( 1045): com.android.server.usage is mapped to system
07-06 03:14:15.758 I/AconfigPackage( 1045): android.server is mapped to system
07-06 03:14:15.758 I/AconfigPackage( 1045): com.android.wm.shell is mapped to system
07-06 03:14:15.758 I/AconfigPackage( 1045): android.view.inputmethod is mapped to system
07-06 03:14:15.758 I/AconfigPackage( 1045): com.android.graphics.hwui.flags is mapped to system
07-06 03:14:15.758 I/AconfigPackage( 1045): com.android.server.backup is mapped to system
07-06 03:14:15.758 I/AconfigPackage( 1045): com.android.internal.pm.pkg.component.flags is mapped to system
07-06 03:14:15.759 I/AconfigPackage( 1045): android.view.accessibility is mapped to system
07-06 03:14:15.759 I/AconfigPackage( 1045): com.google.wear.sdk is mapped to system
07-06 03:14:15.760 I/AconfigPackage( 1045): android.media.audio is mapped to system
07-06 03:14:15.760 I/AconfigPackage( 1045): com.android.server.am is mapped to system
07-06 03:14:15.760 I/AconfigPackage( 1045): com.android.media.playback.flags is mapped to system
07-06 03:14:15.761 I/AconfigPackage( 1045): com.android.art.flags is mapped to com.android.art
07-06 03:14:15.761 I/AconfigPackage( 1045): com.android.libcore is mapped to com.android.art
07-06 03:14:15.763 I/AconfigPackage( 1045): com.android.media.extractor.flags is mapped to com.android.media
07-06 03:14:15.763 I/AconfigPackage( 1045): com.android.media.mainline.flags is mapped to com.android.media
07-06 03:14:15.763 I/AconfigPackage( 1045): com.android.wifi.flags is mapped to com.android.wifi
07-06 03:14:15.763 I/AconfigPackage( 1045): com.android.org.conscrypt.flags is mapped to com.android.conscrypt
07-06 03:14:15.764 I/AconfigPackage( 1045): com.android.healthfitness.flags is mapped to com.android.healthfitness
07-06 03:14:15.765 I/AconfigPackage( 1045): com.google.android.input.twoshay.flags is mapped to vendor
07-06 03:14:15.765 I/AconfigPackage( 1045): libgooglecamerahal.flags is mapped to vendor
07-06 03:14:15.766 I/AconfigPackage( 1045): com.android.ipsec.flags is mapped to com.android.ipsec
07-06 03:14:15.766 I/AconfigPackage( 1045): com.android.nfc.module.flags is mapped to com.android.nfcservices
07-06 03:14:15.767 I/AconfigPackage( 1045): com.android.adservices.ondevicepersonalization.flags is mapped to com.android.ondevicepersonalization
07-06 03:14:15.767 I/AconfigPackage( 1045): com.android.bluetooth.flags is mapped to com.android.bt
07-06 03:14:15.768 I/AconfigPackage( 1045): com.android.devicelock.flags is mapped to com.android.devicelock
07-06 03:14:15.769 I/AconfigPackage( 1045): android.os.profiling is mapped to com.android.profiling
07-06 03:14:15.769 I/AconfigPackage( 1045): com.android.os.statsd.flags is mapped to com.android.os.statsd
07-06 03:14:15.770 I/AconfigPackage( 1045): com.android.cellbroadcastreceiver.flags is mapped to com.android.cellbroadcast
07-06 03:14:15.771 I/AconfigPackage( 1045): com.android.adservices.flags is mapped to com.android.adservices
07-06 03:14:15.772 I/AconfigPackage( 1045): com.android.sdksandbox.flags is mapped to com.android.adservices
07-06 03:14:15.772 I/AconfigPackage( 1045): com.android.uwb.flags is mapped to com.android.uwb
07-06 03:14:15.772 I/AconfigPackage( 1045): com.android.ranging.flags is mapped to com.android.uwb
07-06 03:14:15.773 I/AconfigPackage( 1045): android.graphics.pdf.flags is mapped to com.android.mediaprovider
07-06 03:14:15.774 I/AconfigPackage( 1045): com.android.providers.media.flags is mapped to com.android.mediaprovider
07-06 03:14:15.774 I/AconfigPackage( 1045): android.graphics.pdf.flags.readonly is mapped to com.android.mediaprovider
07-06 03:14:15.774 I/AconfigPackage( 1045): com.android.net.ct.flags is mapped to com.android.tethering
07-06 03:14:15.774 I/AconfigPackage( 1045): com.android.net.flags is mapped to com.android.tethering
07-06 03:14:15.774 I/AconfigPackage( 1045): android.net.vcn is mapped to com.android.tethering
07-06 03:14:15.774 I/AconfigPackage( 1045): com.android.nearby.flags is mapped to com.android.tethering
07-06 03:14:15.774 I/AconfigPackage( 1045): android.net.http is mapped to com.android.tethering
07-06 03:14:15.774 I/AconfigPackage( 1045): com.android.net.thread.flags is mapped to com.android.tethering
07-06 03:14:15.775 I/AconfigPackage( 1045): com.android.system.virtualmachine.flags is mapped to com.android.virt
07-06 03:14:15.775 E/FeatureFlagsImplExport( 1045): android.os.flagging.AconfigStorageReadException: ERROR_PACKAGE_NOT_FOUND: package android.xr cannot be found on the device
07-06 03:14:15.778 D/UiAutomationConnection( 1045): Created on user UserHandle{0}
07-06 03:14:15.779 I/UiAutomation( 1045): Initialized for user 0 on display 0
07-06 03:14:15.779 W/UiAutomation( 1045): Created with deprecatead constructor, assumes DEFAULT_DISPLAY
07-06 03:14:15.780 D/AccessibilityManagerService(  715): changeCurrentUserForTestAutomationIfNeededLocked(0): ignoring because device doesn't support visible background users
07-06 03:14:15.780 I/UiAutomationManager(  715): Registering UiTestAutomationService (id=com.android.server.accessibility/UiAutomation, flags=0x0) when called by user 0
07-06 03:14:15.781 V/AccessibilityManagerService(  715): onUserStateChangedLocked for userId: 0, forceUpdate: false
07-06 03:14:15.786 W/MagnificationConnectionManager(  715): requestConnection duplicated request: connect=false, mConnectionState=DISCONNECTED
07-06 03:14:15.788 W/IPCThreadState(  715): Sending oneway calls to frozen process.
07-06 03:14:15.788 W/IPCThreadState(  715): Sending oneway calls to frozen process.
07-06 03:14:15.788 W/IPCThreadState(  715): Sending oneway calls to frozen process.
07-06 03:14:15.789 W/IPCThreadState(  715): Sending oneway calls to frozen process.
07-06 03:14:15.789 W/IPCThreadState(  715): Sending oneway calls to frozen process.
07-06 03:14:15.789 W/IPCThreadState(  715): Sending oneway calls to frozen process.
07-06 03:14:15.791 W/IPCThreadState(  715): Sending oneway calls to frozen process.
07-06 03:14:15.791 W/IPCThreadState(  715): Sending oneway calls to frozen process.
07-06 03:14:15.791 W/IPCThreadState(  715): Sending oneway calls to frozen process.
07-06 03:14:15.792 W/IPCThreadState(  715): Sending oneway calls to frozen process.
07-06 03:14:15.792 V/UiAutomation( 1045): Init UiAutomation@c24a937[id=939, displayId=0, flags=0]
07-06 03:14:15.793 W/IPCThreadState(  715): Sending oneway calls to frozen process.
07-06 03:14:15.793 W/IPCThreadState(  715): Sending oneway calls to frozen process.
07-06 03:14:15.793 W/IPCThreadState(  715): Sending oneway calls to frozen process.
07-06 03:14:15.795 W/IPCThreadState(  715): Sending oneway calls to frozen process.
07-06 03:14:15.796 V/AccessibilityManagerService(  715): onUserStateChangedLocked for userId: 0, forceUpdate: false
07-06 03:14:15.796 W/MagnificationConnectionManager(  715): requestConnection duplicated request: connect=false, mConnectionState=DISCONNECTED
07-06 03:14:15.797 W/IPCThreadState(  715): Sending oneway calls to frozen process.
07-06 03:14:15.797 W/IPCThreadState(  715): Sending oneway calls to frozen process.
07-06 03:14:15.797 W/IPCThreadState(  715): Sending oneway calls to frozen process.
07-06 03:14:15.797 W/IPCThreadState(  715): Sending oneway calls to frozen process.
07-06 03:14:15.798 W/IPCThreadState(  715): Sending oneway calls to frozen process.
07-06 03:14:15.798 W/IPCThreadState(  715): Sending oneway calls to frozen process.
07-06 03:14:15.799 W/IPCThreadState(  715): Sending oneway calls to frozen process.
07-06 03:14:15.803 W/IPCThreadState(  715): Sending oneway calls to frozen process.
07-06 03:14:15.803 I/netd    (  488): tetherGetStats() -> {[]} <0.49ms>
07-06 03:14:15.805 W/IPCThreadState(  715): Sending oneway calls to frozen process.
07-06 03:14:15.806 W/IPCThreadState(  715): Sending oneway calls to frozen process.
07-06 03:14:15.807 W/IPCThreadState(  715): Sending oneway calls to frozen process.
07-06 03:14:15.807 W/IPCThreadState(  715): Sending oneway calls to frozen process.
07-06 03:14:15.808 W/IPCThreadState(  715): Sending oneway calls to frozen process.
07-06 03:14:15.809 W/IPCThreadState(  715): Sending oneway calls to frozen process.
07-06 03:14:15.809 W/IPCThreadState(  715): Sending oneway calls to frozen process.
07-06 03:14:15.810 W/IPCThreadState(  715): Sending oneway calls to frozen process.
07-06 03:14:15.810 W/IPCThreadState(  715): Sending oneway calls to frozen process.
07-06 03:14:15.810 W/IPCThreadState(  715): Sending oneway calls to frozen process.
07-06 03:14:15.810 W/IPCThreadState(  715): Sending oneway calls to frozen process.
07-06 03:14:15.811 W/IPCThreadState(  715): Sending oneway calls to frozen process.
07-06 03:14:15.811 W/IPCThreadState(  715): Sending oneway calls to frozen process.
07-06 03:14:15.811 W/IPCThreadState(  715): Sending oneway calls to frozen process.
07-06 03:14:15.812 W/IPCThreadState(  715): Sending oneway calls to frozen process.
07-06 03:14:15.813 W/IPCThreadState(  715): Sending oneway calls to frozen process.
07-06 03:14:15.814 W/IPCThreadState(  715): Sending oneway calls to frozen process.
07-06 03:14:15.814 W/IPCThreadState(  715): Sending oneway calls to frozen process.
07-06 03:14:15.814 W/IPCThreadState(  715): Sending oneway calls to frozen process.
07-06 03:14:15.814 W/IPCThreadState(  715): Sending oneway calls to frozen process.
07-06 03:14:15.815 W/IPCThreadState(  715): Sending oneway calls to frozen process.
07-06 03:14:15.816 W/IPCThreadState(  715): Sending oneway calls to frozen process.
07-06 03:14:15.817 W/IPCThreadState(  715): Sending oneway calls to frozen process.
07-06 03:14:16.814 W/AccessibilityNodeInfoDumper( 1045): Fetch time: 4ms
07-06 03:14:16.819 V/AccessibilityManagerService(  715): onUserStateChangedLocked for userId: 0, forceUpdate: false
07-06 03:14:16.820 D/BackgroundInstallControlService(  715): Package event received: 0
07-06 03:14:16.825 W/MagnificationConnectionManager(  715): requestConnection duplicated request: connect=false, mConnectionState=DISCONNECTED
07-06 03:14:16.825 D/AccessibilityManagerService(  715): restoreCurrentUserForTestAutomationIfNeededLocked(): ignoring because device doesn't support visible background users
07-06 03:14:16.826 W/IPCThreadState(  715): Sending oneway calls to frozen process.
07-06 03:14:16.827 W/IPCThreadState(  715): Sending oneway calls to frozen process.
07-06 03:14:16.827 W/IPCThreadState(  715): Sending oneway calls to frozen process.
07-06 03:14:16.827 W/IPCThreadState(  715): Sending oneway calls to frozen process.
07-06 03:14:16.827 W/IPCThreadState(  715): Sending oneway calls to frozen process.
07-06 03:14:16.827 W/IPCThreadState(  715): Sending oneway calls to frozen process.
07-06 03:14:16.828 W/IPCThreadState( 1045): call to talkWithDriver in joinThreadPool returned error: -9 (Bad file descriptor), FD: -1
07-06 03:14:16.831 W/IPCThreadState( 1045): call to talkWithDriver in joinThreadPool returned error: -9 (Bad file descriptor), FD: -1
07-06 03:14:16.831 D/AndroidRuntime( 1045): Shutting down VM
07-06 03:14:16.831 W/IPCThreadState(  715): Sending oneway calls to frozen process.
07-06 03:14:16.831 W/IPCThreadState( 1045): call to talkWithDriver in joinThreadPool returned error: -9 (Bad file descriptor), FD: -1
07-06 03:14:16.831 W/IPCThreadState(  715): Sending oneway calls to frozen process.
07-06 03:14:16.832 W/IPCThreadState(  715): Sending oneway calls to frozen process.
07-06 03:14:16.832 W/IPCThreadState(  715): Sending oneway calls to frozen process.
07-06 03:14:16.832 W/IPCThreadState(  715): Sending oneway calls to frozen process.
07-06 03:14:16.832 W/IPCThreadState(  715): Sending oneway calls to frozen process.
07-06 03:14:16.832 W/IPCThreadState(  715): Sending oneway calls to frozen process.
07-06 03:14:16.833 W/IPCThreadState(  715): Sending oneway calls to frozen process.
07-06 03:14:16.833 W/IPCThreadState(  715): Sending oneway calls to frozen process.
07-06 03:14:16.833 W/IPCThreadState(  715): Sending oneway calls to frozen process.
07-06 03:14:16.833 W/IPCThreadState(  715): Sending oneway calls to frozen process.
07-06 03:14:16.835 W/IPCThreadState(  715): Sending oneway calls to frozen process.
07-06 03:14:16.836 V/AccessibilityManagerService(  715): onUserStateChangedLocked for userId: 0, forceUpdate: false
07-06 03:14:16.837 W/MagnificationConnectionManager(  715): requestConnection duplicated request: connect=false, mConnectionState=DISCONNECTED
07-06 03:14:16.838 W/IPCThreadState(  715): Sending oneway calls to frozen process.
07-06 03:14:16.840 I/netd    (  488): tetherGetStats() -> {[]} <0.38ms>
07-06 03:14:16.844 W/IPCThreadState(  715): Sending oneway calls to frozen process.
07-06 03:14:16.845 W/IPCThreadState(  715): Sending oneway calls to frozen process.
07-06 03:14:16.845 W/IPCThreadState(  715): Sending oneway calls to frozen process.
07-06 03:14:16.846 W/IPCThreadState(  715): Sending oneway calls to frozen process.
07-06 03:14:16.849 W/IPCThreadState(  715): Sending oneway calls to frozen process.
07-06 03:14:16.849 W/IPCThreadState(  715): Sending oneway calls to frozen process.
07-06 03:14:16.850 W/IPCThreadState(  715): Sending oneway calls to frozen process.
07-06 03:14:16.851 W/IPCThreadState(  715): Sending oneway calls to frozen process.
07-06 03:14:16.851 W/IPCThreadState(  715): Sending oneway calls to frozen process.
07-06 03:14:16.852 W/IPCThreadState(  715): Sending oneway calls to frozen process.
07-06 03:14:16.852 W/IPCThreadState(  715): Sending oneway calls to frozen process.
07-06 03:14:16.852 W/IPCThreadState(  715): Sending oneway calls to frozen process.
07-06 03:14:16.852 W/IPCThreadState(  715): Sending oneway calls to frozen process.
07-06 03:14:16.852 W/IPCThreadState(  715): Sending oneway calls to frozen process.
07-06 03:14:16.853 W/IPCThreadState(  715): Sending oneway calls to frozen process.
07-06 03:14:16.853 W/IPCThreadState(  715): Sending oneway calls to frozen process.
07-06 03:14:16.854 W/IPCThreadState(  715): Sending oneway calls to frozen process.
07-06 03:14:16.855 W/IPCThreadState(  715): Sending oneway calls to frozen process.
07-06 03:14:16.855 W/IPCThreadState(  715): Sending oneway calls to frozen process.
07-06 03:14:16.856 W/IPCThreadState(  715): Sending oneway calls to frozen process.
07-06 03:14:16.856 W/IPCThreadState(  715): Sending oneway calls to frozen process.
07-06 03:14:16.857 W/IPCThreadState(  715): Sending oneway calls to frozen process.
07-06 03:14:16.857 W/IPCThreadState(  715): Sending oneway calls to frozen process.
07-06 03:14:16.857 W/IPCThreadState(  715): Sending oneway calls to frozen process.
07-06 03:14:16.860 W/IPCThreadState(  715): Sending oneway calls to frozen process.
07-06 03:14:16.860 W/IPCThreadState(  715): Sending oneway calls to frozen process.
07-06 03:14:17.642 D/WifiClientModeImpl[27601:wlan0](  715): updateLinkLayerStatsRssiSpeedFrequencyCapabilities rssi=-50 TxLinkspeed=1 freq=2447 RxLinkSpeed=2
07-06 03:14:17.642 D/WifiDataStall(  715): tx tput in kbps: 11000
07-06 03:14:17.642 D/WifiDataStall(  715): rx tput in kbps: 11000
07-06 03:14:17.642 V/WifiConfigManager(  715): Updating scan detail cache freq=2447 BSSID=00:13:10:85:fe:01 RSSI=-50 for "AndroidWifi"NONE
07-06 03:14:17.644 D/WifiThroughputPredictor(  715):  utilization (LLS) 80 isBluetoothConnected: false final utilization: 80
07-06 03:14:17.644 D/WifiThroughputPredictor(  715):  BW: 0 RSSI: -50 Nss: 1 Mode: 1 symDur: 4000 snrDb 30 bitPerTone: 4500 rate: 54 throughput: 11
07-06 03:14:17.644 D/WifiThroughputPredictor(  715):  utilization (LLS) 80 isBluetoothConnected: false final utilization: 80
07-06 03:14:17.644 D/WifiThroughputPredictor(  715):  BW: 0 RSSI: -50 Nss: 1 Mode: 1 symDur: 4000 snrDb 30 bitPerTone: 4500 rate: 54 throughput: 11
07-06 03:14:17.645 D/WifiThroughputPredictor(  715):  utilization (LLS) 80 isBluetoothConnected: false final utilization: 80
07-06 03:14:17.645 D/WifiThroughputPredictor(  715):  BW: 0 RSSI: -50 Nss: 1 Mode: 1 symDur: 4000 snrDb 30 bitPerTone: 4500 rate: 54 throughput: 11
07-06 03:14:17.646 D/WifiThroughputPredictor(  715):  utilization (LLS) 80 isBluetoothConnected: false final utilization: 80
07-06 03:14:17.646 D/WifiThroughputPredictor(  715):  BW: 0 RSSI: -50 Nss: 1 Mode: 1 symDur: 4000 snrDb 30 bitPerTone: 4500 rate: 54 throughput: 11
07-06 03:14:17.647 D/WifiScoreCard(  715): BSSID update SIGNAL_POLL ID: 1559335064 SSID: "AndroidWifi", BSSID: 00:13:10:85:fe:01, MAC: 02:15:b2:00:00:00, IP: /10.0.2.16, Security type: 0, Supplicant state: COMPLETED, Wi-Fi standard: legacy, RSSI: -50, Link speed: 1Mbps, Tx Link speed: 1Mbps, Max Supported Tx Link speed: 11Mbps, Rx Link speed: 2Mbps, Max Supported Rx Link speed: 11Mbps, Frequency: 2447MHz, Net ID: 0, Metered hint: false, score: 60, isUsable: true, CarrierMerged: false, SubscriptionId: -1, IsPrimary: 1, Trusted: true, Restricted: false, Ephemeral: false, OEM paid: false, OEM private: false, OSU AP: false, FQDN: <none>, Provider friendly name: <none>, Requesting package name: <none>"AndroidWifi"openMLO Information: , Is TID-To-Link negotiation supported by the AP: false, AP MLD Address: <none>, AP MLO Link Id: <none>, AP MLO Affiliated links: <none>, Vendor Data: <none>
07-06 03:14:17.647 D/WifiScoreCard(  715): txRate: 4 txSpeed: 1
07-06 03:14:17.647 D/WifiScoreCard(  715): network update SIGNAL_POLL "AndroidWifi" ID: 1201260005 RSSI -50 txSpeed 1
07-06 03:14:17.648 D/WifiClientModeImpl[27601:wlan0](  715):  ClientModeImpl$L2ConnectedState screen=on 1 0 "AndroidWifi" 00:13:10:85:fe:01 rssi=-50 f=2447 sc=60 link=1 tx=3.2, 0.0, 0.0 rx=2.8 bcn=0 [on:0 tx:0 rx:0 period:3011] from screen [on:0 period:896229808] score=60
07-06 03:14:18.260 W/screencap( 1293): Thread Pool max thread count is 0. Cannot cache binder as linkToDeath cannot be implemented. serviceName: SurfaceFlingerAIDL
07-06 03:14:18.261 W/BpBinder( 1293): Linking to death on android.gui.ISurfaceComposer but there are no threads (yet?) listening to incoming transactions. See ProcessState::startThreadPool and ProcessState::setThreadPoolMaxThreadCount. Generally you should setup the binder threadpool before other initialization steps.
07-06 03:14:18.261 W/ProcessState( 1293): Extra binder thread started, but 0 threads requested. Do not use *startThreadPool when zero threads are requested.
07-06 03:14:18.280 E/HwcComposer(  567): getLuts failed Status(-8, EX_SERVICE_SPECIFIC): '8: '
07-06 03:14:18.280 E/HWComposer(  567): getLuts: getLuts failed for display 4619827259835644672: UNSUPPORTED (8)
07-06 03:14:18.262 I/servicemanager(    0): Caller(pid=1293,uid=2000,sid=u:r:shell:s0) Found android.hardware.graphics.allocator.IAllocator/default in device VINTF manifest.
07-06 03:14:18.264 I/servicemanager(    0): Caller(pid=1293,uid=2000,sid=u:r:shell:s0) Found android.hardware.graphics.allocator.IAllocator/default in device VINTF manifest.
07-06 03:14:18.267 I/servicemanager(    0): Caller(pid=1293,uid=2000,sid=u:r:shell:s0) Found mapper/ranchu in device VINTF manifest.
