07-06 03:14:55.409 D/CoreBackPreview(  715): Window{cc71308 u0 com.huiyi.v4}: Setting back callback OnBackInvokedCallbackInfo{mCallback=android.window.IOnBackInvokedCallback$Stub$Proxy@ca67c87, mPriority=0, mIsAnimationCallback=false, mOverrideBehavior=0}
07-06 03:14:55.432 E/TaskPersister(  715): File error accessing recents directory (directory doesn't exist?).
07-06 03:14:55.455 D/AndroidRuntime( 2417): >>>>>> START com.android.internal.os.RuntimeInit uid 2000 <<<<<<
07-06 03:14:55.466 I/AndroidRuntime( 2417): Using default boot image
07-06 03:14:55.466 I/AndroidRuntime( 2417): Leaving lock profiling enabled
07-06 03:14:55.473 I/app_process( 2417): Core platform API reporting enabled, enforcing=false
07-06 03:14:55.476 I/app_process( 2417): Using CollectorTypeCMC GC.
07-06 03:14:55.620 D/nativeloader( 2417): InitDefaultPublicLibraries for_preload=1: libandroid.so:libaaudio.so:libamidi.so:libbinder_ndk.so:libc.so:libcamera2ndk.so:libdl.so:libEGL.so:libGLESv1_CM.so:libGLESv2.so:libGLESv3.so:libicu.so:libicui18n.so:libicuuc.so:libjnigraphics.so:liblog.so:libmediandk.so:libm.so:libnativehelper.so:libnativewindow.so:libOpenMAXAL.so:libOpenSLES.so:libRS.so:libstdc++.so:libsync.so:libvulkan.so:libwebviewchromium_plat_support.so:libz.so
07-06 03:14:55.633 D/nativeloader( 2417): Load libicu_jni.so using APEX ns com_android_art for caller /apex/com.android.art/javalib/core-oj.jar: ok
07-06 03:14:55.634 D/app_process( 2417): u_setTimeZoneFilesDirectory("/apex/com.android.tzdata/etc/tz/versioned/9/icu") succeeded. 
07-06 03:14:55.639 D/app_process( 2417): I18n APEX ICU file found: /apex/com.android.i18n/etc/icu/icudt76l.dat
07-06 03:14:55.641 D/nativeloader( 2417): Load libjavacore.so using APEX ns com_android_art for caller /apex/com.android.art/javalib/core-oj.jar: ok
07-06 03:14:55.642 D/nativeloader( 2417): Load libopenjdk.so using APEX ns com_android_art for caller /apex/com.android.art/javalib/core-oj.jar: ok
07-06 03:14:55.645 W/app_process( 2417): Unexpected CPU variant for x86: x86_64.
07-06 03:14:55.645 W/app_process( 2417): Known variants: atom, sandybridge, silvermont, goldmont, goldmont-plus, goldmont-without-sha-xsaves, tremont, kabylake, alderlake, default
07-06 03:14:55.647 W/app_process( 2417): ClassLoaderContext shared library size mismatch. Expected=2, found=0 (PCL[]{PCL[/system/framework/android.test.base.jar*2789897741]#PCL[/system/framework/android.test.mock.jar*3361312393]} | PCL[])
07-06 03:14:55.651 W/app_process( 2417): ClassLoaderContext classpath size mismatch. expected=0, found=1 (PCL[]{PCL[/system/framework/android.test.runner.jar*895143020]#PCL[/system/framework/android.test.base.jar*2789897741]} | PCL[/system/framework/android.test.runner.jar*895143020])
07-06 03:14:55.680 D/nativeloader( 2417): Load libframework-connectivity-tiramisu-jni.so using APEX ns com_android_tethering for caller /apex/com.android.tethering/javalib/framework-connectivity-t.jar: ok
07-06 03:14:55.682 D/AndroidRuntime( 2417): Calling main entry com.android.commands.uiautomator.Launcher
07-06 03:14:55.689 I/AconfigPackage( 2417): android.media.swcodec.flags is mapped to com.android.media.swcodec
07-06 03:14:55.689 I/AconfigPackage( 2417): com.google.android.settings.simplemode.flags is mapped to system_ext
07-06 03:14:55.689 I/AconfigPackage( 2417): com.google.android.systemui is mapped to system_ext
07-06 03:14:55.689 I/AconfigPackage( 2417): com.google.android.apps.nexuslauncher is mapped to system_ext
07-06 03:14:55.689 I/AconfigPackage( 2417): com.android.settings.accessibility is mapped to system_ext
07-06 03:14:55.689 I/AconfigPackage( 2417): com.android.settings.flags is mapped to system_ext
07-06 03:14:55.692 I/AconfigPackage( 2417): com.google.android.apps.miphone.aiai.matchmaker.overview.ui is mapped to system_ext
07-06 03:14:55.692 I/AconfigPackage( 2417): com.google.android.settings.flags is mapped to system_ext
07-06 03:14:55.692 I/AconfigPackage( 2417): com.android.launcher3 is mapped to system_ext
07-06 03:14:55.692 I/AconfigPackage( 2417): com.android.wallpaper is mapped to system_ext
07-06 03:14:55.693 I/AconfigPackage( 2417): com.android.settings.media_drm is mapped to system_ext
07-06 03:14:55.693 I/AconfigPackage( 2417): com.android.systemui.accessibility.accessibilitymenu is mapped to system_ext
07-06 03:14:55.693 I/AconfigPackage( 2417): com.android.settings.keyboard is mapped to system_ext
07-06 03:14:55.693 I/AconfigPackage( 2417): com.android.server.policy.feature.flags is mapped to system_ext
07-06 03:14:55.693 I/AconfigPackage( 2417): com.android.settings.factory_reset is mapped to system_ext
07-06 03:14:55.694 I/AconfigPackage( 2417): com.google.android.haptics.flags is mapped to system_ext
07-06 03:14:55.695 I/AconfigPackage( 2417): com.android.permission.flags is mapped to com.android.permission
07-06 03:14:55.696 I/AconfigPackage( 2417): com.android.icu is mapped to com.android.i18n
07-06 03:14:55.696 I/AconfigPackage( 2417): com.android.appsearch.flags is mapped to com.android.appsearch
07-06 03:14:55.696 I/AconfigPackage( 2417): android.uprobestats.mainline.flags is mapped to com.android.uprobestats
07-06 03:14:55.696 I/AconfigPackage( 2417): android.provider.flags is mapped to com.android.configinfrastructure
07-06 03:14:55.696 I/AconfigPackage( 2417): com.android.server.deviceconfig is mapped to com.android.configinfrastructure
07-06 03:14:55.696 I/AconfigPackage( 2417): com.android.nfc.flags is mapped to system
07-06 03:14:55.697 I/AconfigPackage( 2417): android.app.admin.flags is mapped to system
07-06 03:14:55.697 I/AconfigPackage( 2417): android.database.sqlite is mapped to system
07-06 03:14:55.697 I/AconfigPackage( 2417): com.android.providers.calendar is mapped to system
07-06 03:14:55.697 I/AconfigPackage( 2417): com.android.server.power.feature.flags is mapped to system
07-06 03:14:55.697 I/AconfigPackage( 2417): com.android.media.performance.flags is mapped to system
07-06 03:14:55.698 I/AconfigPackage( 2417): android.app.contextualsearch.flags is mapped to system
07-06 03:14:55.698 I/AconfigPackage( 2417): android.app.ondeviceintelligence.flags is mapped to system
07-06 03:14:55.698 I/AconfigPackage( 2417): com.android.media.projection.flags is mapped to system
07-06 03:14:55.699 I/AconfigPackage( 2417): android.companion is mapped to system
07-06 03:14:55.699 I/AconfigPackage( 2417): android.service.controls.flags is mapped to system
07-06 03:14:55.700 I/AconfigPackage( 2417): com.android.text.flags is mapped to system
07-06 03:14:55.700 I/AconfigPackage( 2417): com.android.providers.contactkeys.flags is mapped to system
07-06 03:14:55.700 I/AconfigPackage( 2417): com.android.intentresolver is mapped to system
07-06 03:14:55.701 I/AconfigPackage( 2417): android.companion.virtualdevice.flags is mapped to system
07-06 03:14:55.701 I/AconfigPackage( 2417): android.uprobestats.flags is mapped to system
07-06 03:14:55.701 I/AconfigPackage( 2417): com.android.net.thread.platform.flags is mapped to system
07-06 03:14:55.701 I/AconfigPackage( 2417): android.view.contentprotection.flags is mapped to system
07-06 03:14:55.704 I/AconfigPackage( 2417): com.android.server.dreams is mapped to system
07-06 03:14:55.704 I/AconfigPackage( 2417): com.android.graphics.surfaceflinger.flags is mapped to system
07-06 03:14:55.705 I/AconfigPackage( 2417): com.android.hardware.input is mapped to system
07-06 03:14:55.705 I/AconfigPackage( 2417): android.sdk is mapped to system
07-06 03:14:55.705 I/AconfigPackage( 2417): com.android.input.flags is mapped to system
07-06 03:14:55.705 I/AconfigPackage( 2417): android.tracing is mapped to system
07-06 03:14:55.706 I/AconfigPackage( 2417): com.android.server.biometrics is mapped to system
07-06 03:14:55.706 I/AconfigPackage( 2417): android.view.contentcapture.flags is mapped to system
07-06 03:14:55.707 I/AconfigPackage( 2417): android.app.job is mapped to system
07-06 03:14:55.707 I/AconfigPackage( 2417): android.content.res is mapped to system
07-06 03:14:55.707 I/AconfigPackage( 2417): android.net.platform.flags is mapped to system
07-06 03:14:55.707 I/AconfigPackage( 2417): com.android.aconfig.flags is mapped to system
07-06 03:14:55.707 I/AconfigPackage( 2417): com.android.graphics.flags is mapped to system
07-06 03:14:55.707 I/AconfigPackage( 2417): android.server.app is mapped to system
07-06 03:14:55.708 I/AconfigPackage( 2417): android.speech.flags is mapped to system
07-06 03:14:55.708 I/AconfigPackage( 2417): com.android.server.stats is mapped to system
07-06 03:14:55.708 I/AconfigPackage( 2417): android.hardware.biometrics is mapped to system
07-06 03:14:55.708 I/AconfigPackage( 2417): android.car.feature is mapped to system
07-06 03:14:55.708 I/AconfigPackage( 2417): android.adpf is mapped to system
07-06 03:14:55.708 I/AconfigPackage( 2417): android.location.flags is mapped to system
07-06 03:14:55.708 I/AconfigPackage( 2417): com.android.settingslib.flags is mapped to system
07-06 03:14:55.708 I/AconfigPackage( 2417): com.android.managedprovisioning.flags is mapped to system
07-06 03:14:55.708 I/AconfigPackage( 2417): android.app.assist.flags is mapped to system
07-06 03:14:55.708 I/AconfigPackage( 2417): com.android.server.net is mapped to system
07-06 03:14:55.708 I/AconfigPackage( 2417): com.android.settingslib.widget.flags is mapped to system
07-06 03:14:55.708 I/AconfigPackage( 2417): com.android.internal.camera.flags is mapped to system
07-06 03:14:55.708 I/AconfigPackage( 2417): com.android.hardware.libsensor.flags is mapped to system
07-06 03:14:55.708 I/AconfigPackage( 2417): com.android.internal.jank is mapped to system
07-06 03:14:55.709 I/AconfigPackage( 2417): com.android.providers.settings is mapped to system
07-06 03:14:55.709 I/AconfigPackage( 2417): android.multiuser is mapped to system
07-06 03:14:55.709 I/AconfigPackage( 2417): com.android.server.power.optimization is mapped to system
07-06 03:14:55.709 I/AconfigPackage( 2417): com.android.calllogbackup is mapped to system
07-06 03:14:55.709 I/AconfigPackage( 2417): com.android.media.flags is mapped to system
07-06 03:14:55.709 I/AconfigPackage( 2417): com.android.server.flags is mapped to system
07-06 03:14:55.709 I/AconfigPackage( 2417): com.android.graphics.libvulkan.flags is mapped to system
07-06 03:14:55.709 I/AconfigPackage( 2417): android.app.appfunctions.flags is mapped to system
07-06 03:14:55.709 I/AconfigPackage( 2417): android.app.smartspace.flags is mapped to system
07-06 03:14:55.709 I/AconfigPackage( 2417): com.android.providers.contacts.flags is mapped to system
07-06 03:14:55.709 I/AconfigPackage( 2417): com.android.shell.flags is mapped to system
07-06 03:14:55.709 I/AconfigPackage( 2417): com.android.media.aaudio is mapped to system
07-06 03:14:55.709 I/AconfigPackage( 2417): android.hardware.radio is mapped to system
07-06 03:14:55.709 I/AconfigPackage( 2417): com.google.wear.services.infra.flags is mapped to system
07-06 03:14:55.709 I/AconfigPackage( 2417): suspend_service.flags is mapped to system
07-06 03:14:55.710 I/AconfigPackage( 2417): android.media.midi is mapped to system
07-06 03:14:55.713 I/AconfigPackage( 2417): com.android.libcore.readonly is mapped to system
07-06 03:14:55.713 I/AconfigPackage( 2417): com.android.settingslib.widget.selectorwithwidgetpreference.flags is mapped to system
07-06 03:14:55.713 I/AconfigPackage( 2417): android.service.notification is mapped to system
07-06 03:14:55.713 I/AconfigPackage( 2417): com.android.systemui.shared is mapped to system
07-06 03:14:55.715 I/AconfigPackage( 2417): android.app.jank is mapped to system
07-06 03:14:55.715 I/AconfigPackage( 2417): android.app.wearable is mapped to system
07-06 03:14:55.716 I/AconfigPackage( 2417): com.android.media.audio is mapped to system
07-06 03:14:55.716 I/AconfigPackage( 2417): android.service.chooser is mapped to system
07-06 03:14:55.717 I/AconfigPackage( 2417): com.android.server.compat is mapped to system
07-06 03:14:55.717 I/AconfigPackage( 2417): com.android.server.alarm is mapped to system
07-06 03:14:55.717 I/AconfigPackage( 2417): com.android.apex.flags is mapped to system
07-06 03:14:55.717 I/AconfigPackage( 2417): android.service.quickaccesswallet is mapped to system
07-06 03:14:55.717 I/AconfigPackage( 2417): android.app.usage is mapped to system
07-06 03:14:55.717 I/AconfigPackage( 2417): com.android.server.accessibility is mapped to system
07-06 03:14:55.717 I/AconfigPackage( 2417): android.app.supervision.flags is mapped to system
07-06 03:14:55.718 I/AconfigPackage( 2417): com.android.server.utils is mapped to system
07-06 03:14:55.718 I/AconfigPackage( 2417): android.chre.flags is mapped to system
07-06 03:14:55.718 I/AconfigPackage( 2417): android.content.flags is mapped to system
07-06 03:14:55.718 I/AconfigPackage( 2417): android.media.codec is mapped to system
07-06 03:14:55.718 I/AconfigPackage( 2417): com.android.internal.os is mapped to system
07-06 03:14:55.718 I/AconfigPackage( 2417): com.android.nfc.nci.flags is mapped to system
07-06 03:14:55.718 I/AconfigPackage( 2417): android.app is mapped to system
07-06 03:14:55.718 I/AconfigPackage( 2417): android.security.keystore2 is mapped to system
07-06 03:14:55.718 I/AconfigPackage( 2417): android.crashrecovery.flags is mapped to system
07-06 03:14:55.720 I/AconfigPackage( 2417): com.android.tradeinmode.flags is mapped to system
07-06 03:14:55.721 I/AconfigPackage( 2417): android.hardware.flags is mapped to system
07-06 03:14:55.723 I/AconfigPackage( 2417): com.android.server.telecom.flags is mapped to system
07-06 03:14:55.723 I/AconfigPackage( 2417): com.android.settingslib.media.flags is mapped to system
07-06 03:14:55.724 I/AconfigPackage( 2417): com.android.server.policy is mapped to system
07-06 03:14:55.724 I/AconfigPackage( 2417): android.media.audiopolicy is mapped to system
07-06 03:14:55.724 I/AconfigPackage( 2417): com.android.egg.flags is mapped to system
07-06 03:14:55.725 I/AconfigPackage( 2417): com.android.internal.compat.flags is mapped to system
07-06 03:14:55.725 I/AconfigPackage( 2417): android.security is mapped to system
07-06 03:14:55.727 I/AconfigPackage( 2417): android.service.autofill is mapped to system
07-06 03:14:55.727 I/AconfigPackage( 2417): com.example.android.aconfig.demo.flags is mapped to system
07-06 03:14:55.727 I/AconfigPackage( 2417): android.view.flags is mapped to system
07-06 03:14:55.727 I/AconfigPackage( 2417): android.companion.virtual.flags is mapped to system
07-06 03:14:55.727 I/AconfigPackage( 2417): com.android.aconfig_new_storage is mapped to system
07-06 03:14:55.727 I/AconfigPackage( 2417): com.android.server.feature.flags is mapped to system
07-06 03:14:55.728 I/AconfigPackage( 2417): com.android.systemui is mapped to system
07-06 03:14:55.728 I/AconfigPackage( 2417): com.android.server.power.batterysaver is mapped to system
07-06 03:14:55.728 I/AconfigPackage( 2417): android.widget.flags is mapped to system
07-06 03:14:55.728 I/AconfigPackage( 2417): com.android.media.editing.flags is mapped to system
07-06 03:14:55.728 I/AconfigPackage( 2417): com.android.media.codec.flags is mapped to system
07-06 03:14:55.728 I/AconfigPackage( 2417): com.android.server.powerstats is mapped to system
07-06 03:14:55.728 I/AconfigPackage( 2417): com.android.graphics.egl.flags is mapped to system
07-06 03:14:55.728 I/AconfigPackage( 2417): com.android.media.audioserver is mapped to system
07-06 03:14:55.728 I/AconfigPackage( 2417): com.android.server.deviceidle is mapped to system
07-06 03:14:55.728 I/AconfigPackage( 2417): android.nfc is mapped to system
07-06 03:14:55.729 I/AconfigPackage( 2417): android.permission.flags is mapped to system
07-06 03:14:55.729 I/AconfigPackage( 2417): android.service.voice.flags is mapped to system
07-06 03:14:55.729 I/AconfigPackage( 2417): android.content.pm is mapped to system
07-06 03:14:55.729 I/AconfigPackage( 2417): com.android.server.power.hint is mapped to system
07-06 03:14:55.729 I/AconfigPackage( 2417): android.os is mapped to system
07-06 03:14:55.729 I/AconfigPackage( 2417): android.service.dreams is mapped to system
07-06 03:14:55.729 I/AconfigPackage( 2417): com.android.graphics.libgui.flags is mapped to system
07-06 03:14:55.729 I/AconfigPackage( 2417): android.hardware.usb.flags is mapped to system
07-06 03:14:55.730 I/AconfigPackage( 2417): android.provider is mapped to system
07-06 03:14:55.730 I/AconfigPackage( 2417): com.android.server.job is mapped to system
07-06 03:14:55.730 I/AconfigPackage( 2417): com.android.internal.foldables.flags is mapped to system
07-06 03:14:55.730 I/AconfigPackage( 2417): com.android.internal.telephony.flags is mapped to system
07-06 03:14:55.732 I/AconfigPackage( 2417): android.webkit is mapped to system
07-06 03:14:55.733 I/AconfigPackage( 2417): android.credentials.flags is mapped to system
07-06 03:14:55.733 I/AconfigPackage( 2417): com.android.server.display.feature.flags is mapped to system
07-06 03:14:55.733 I/AconfigPackage( 2417): com.android.server.notification is mapped to system
07-06 03:14:55.736 I/AconfigPackage( 2417): android.appwidget.flags is mapped to system
07-06 03:14:55.737 I/AconfigPackage( 2417): com.android.frameworks.sensorservice.flags is mapped to system
07-06 03:14:55.737 I/AconfigPackage( 2417): com.android.printspooler.flags is mapped to system
07-06 03:14:55.737 I/AconfigPackage( 2417): com.android.window.flags is mapped to system
07-06 03:14:55.738 I/AconfigPackage( 2417): android.adaptiveauth is mapped to system
07-06 03:14:55.738 I/AconfigPackage( 2417): android.net.wifi.flags is mapped to system
07-06 03:14:55.738 I/AconfigPackage( 2417): android.media.tv.flags is mapped to system
07-06 03:14:55.738 I/AconfigPackage( 2417): com.android.server.usb.flags is mapped to system
07-06 03:14:55.738 I/AconfigPackage( 2417): android.os.vibrator is mapped to system
07-06 03:14:55.738 I/AconfigPackage( 2417): android.hardware.devicestate.feature.flags is mapped to system
07-06 03:14:55.738 I/AconfigPackage( 2417): com.android.server.usage is mapped to system
07-06 03:14:55.739 I/AconfigPackage( 2417): android.server is mapped to system
07-06 03:14:55.739 I/AconfigPackage( 2417): com.android.wm.shell is mapped to system
07-06 03:14:55.741 I/AconfigPackage( 2417): android.view.inputmethod is mapped to system
07-06 03:14:55.741 I/AconfigPackage( 2417): com.android.graphics.hwui.flags is mapped to system
07-06 03:14:55.741 I/AconfigPackage( 2417): com.android.server.backup is mapped to system
07-06 03:14:55.741 I/AconfigPackage( 2417): com.android.internal.pm.pkg.component.flags is mapped to system
07-06 03:14:55.742 I/AconfigPackage( 2417): android.view.accessibility is mapped to system
07-06 03:14:55.743 I/AconfigPackage( 2417): com.google.wear.sdk is mapped to system
07-06 03:14:55.744 I/AconfigPackage( 2417): android.media.audio is mapped to system
07-06 03:14:55.744 I/AconfigPackage( 2417): com.android.server.am is mapped to system
07-06 03:14:55.744 I/AconfigPackage( 2417): com.android.media.playback.flags is mapped to system
07-06 03:14:55.744 I/AconfigPackage( 2417): com.android.art.flags is mapped to com.android.art
07-06 03:14:55.745 I/AconfigPackage( 2417): com.android.libcore is mapped to com.android.art
07-06 03:14:55.745 I/AconfigPackage( 2417): com.android.media.extractor.flags is mapped to com.android.media
07-06 03:14:55.745 I/AconfigPackage( 2417): com.android.media.mainline.flags is mapped to com.android.media
07-06 03:14:55.745 I/AconfigPackage( 2417): com.android.wifi.flags is mapped to com.android.wifi
07-06 03:14:55.746 I/AconfigPackage( 2417): com.android.org.conscrypt.flags is mapped to com.android.conscrypt
07-06 03:14:55.746 I/AconfigPackage( 2417): com.android.healthfitness.flags is mapped to com.android.healthfitness
07-06 03:14:55.747 I/AconfigPackage( 2417): com.google.android.input.twoshay.flags is mapped to vendor
07-06 03:14:55.748 I/AconfigPackage( 2417): libgooglecamerahal.flags is mapped to vendor
07-06 03:14:55.750 I/AconfigPackage( 2417): com.android.ipsec.flags is mapped to com.android.ipsec
07-06 03:14:55.750 I/AconfigPackage( 2417): com.android.nfc.module.flags is mapped to com.android.nfcservices
07-06 03:14:55.751 I/AconfigPackage( 2417): com.android.adservices.ondevicepersonalization.flags is mapped to com.android.ondevicepersonalization
07-06 03:14:55.751 I/AconfigPackage( 2417): com.android.bluetooth.flags is mapped to com.android.bt
07-06 03:14:55.752 I/AconfigPackage( 2417): com.android.devicelock.flags is mapped to com.android.devicelock
07-06 03:14:55.752 I/AconfigPackage( 2417): android.os.profiling is mapped to com.android.profiling
07-06 03:14:55.752 I/AconfigPackage( 2417): com.android.os.statsd.flags is mapped to com.android.os.statsd
07-06 03:14:55.752 I/AconfigPackage( 2417): com.android.cellbroadcastreceiver.flags is mapped to com.android.cellbroadcast
07-06 03:14:55.753 I/AconfigPackage( 2417): com.android.adservices.flags is mapped to com.android.adservices
07-06 03:14:55.753 I/AconfigPackage( 2417): com.android.sdksandbox.flags is mapped to com.android.adservices
07-06 03:14:55.754 I/AconfigPackage( 2417): com.android.uwb.flags is mapped to com.android.uwb
07-06 03:14:55.756 I/AconfigPackage( 2417): com.android.ranging.flags is mapped to com.android.uwb
07-06 03:14:55.756 I/AconfigPackage( 2417): android.graphics.pdf.flags is mapped to com.android.mediaprovider
07-06 03:14:55.756 I/AconfigPackage( 2417): com.android.providers.media.flags is mapped to com.android.mediaprovider
07-06 03:14:55.757 I/AconfigPackage( 2417): android.graphics.pdf.flags.readonly is mapped to com.android.mediaprovider
07-06 03:14:55.758 I/AconfigPackage( 2417): com.android.net.ct.flags is mapped to com.android.tethering
07-06 03:14:55.758 I/AconfigPackage( 2417): com.android.net.flags is mapped to com.android.tethering
07-06 03:14:55.758 I/AconfigPackage( 2417): android.net.vcn is mapped to com.android.tethering
07-06 03:14:55.758 I/AconfigPackage( 2417): com.android.nearby.flags is mapped to com.android.tethering
07-06 03:14:55.758 I/AconfigPackage( 2417): android.net.http is mapped to com.android.tethering
07-06 03:14:55.758 I/AconfigPackage( 2417): com.android.net.thread.flags is mapped to com.android.tethering
07-06 03:14:55.759 I/AconfigPackage( 2417): com.android.system.virtualmachine.flags is mapped to com.android.virt
07-06 03:14:55.760 E/FeatureFlagsImplExport( 2417): android.os.flagging.AconfigStorageReadException: ERROR_PACKAGE_NOT_FOUND: package android.xr cannot be found on the device
07-06 03:14:55.764 D/UiAutomationConnection( 2417): Created on user UserHandle{0}
07-06 03:14:55.766 I/UiAutomation( 2417): Initialized for user 0 on display 0
07-06 03:14:55.766 W/UiAutomation( 2417): Created with deprecatead constructor, assumes DEFAULT_DISPLAY
07-06 03:14:55.770 D/AccessibilityManagerService(  715): changeCurrentUserForTestAutomationIfNeededLocked(0): ignoring because device doesn't support visible background users
07-06 03:14:55.771 I/UiAutomationManager(  715): Registering UiTestAutomationService (id=com.android.server.accessibility/UiAutomation, flags=0x0) when called by user 0
07-06 03:14:55.772 V/AccessibilityManagerService(  715): onUserStateChangedLocked for userId: 0, forceUpdate: false
07-06 03:14:55.779 W/MagnificationConnectionManager(  715): requestConnection duplicated request: connect=false, mConnectionState=DISCONNECTED
07-06 03:14:55.781 W/IPCThreadState(  715): Sending oneway calls to frozen process.
07-06 03:14:55.781 W/IPCThreadState(  715): Sending oneway calls to frozen process.
07-06 03:14:55.782 W/IPCThreadState(  715): Sending oneway calls to frozen process.
07-06 03:14:55.784 W/IPCThreadState(  715): Sending oneway calls to frozen process.
07-06 03:14:55.784 W/IPCThreadState(  715): Sending oneway calls to frozen process.
07-06 03:14:55.784 W/IPCThreadState(  715): Sending oneway calls to frozen process.
07-06 03:14:55.785 W/IPCThreadState(  715): Sending oneway calls to frozen process.
07-06 03:14:55.785 W/IPCThreadState(  715): Sending oneway calls to frozen process.
07-06 03:14:55.788 W/IPCThreadState(  715): Sending oneway calls to frozen process.
07-06 03:14:55.788 V/UiAutomation( 2417): Init UiAutomation@fc3ad7f[id=953, displayId=0, flags=0]
07-06 03:14:55.788 W/IPCThreadState(  715): Sending oneway calls to frozen process.
07-06 03:14:55.789 V/AccessibilityManagerService(  715): onUserStateChangedLocked for userId: 0, forceUpdate: false
07-06 03:14:55.789 W/MagnificationConnectionManager(  715): requestConnection duplicated request: connect=false, mConnectionState=DISCONNECTED
07-06 03:14:55.792 W/IPCThreadState(  715): Sending oneway calls to frozen process.
07-06 03:14:55.792 W/IPCThreadState(  715): Sending oneway calls to frozen process.
07-06 03:14:55.793 W/IPCThreadState(  715): Sending oneway calls to frozen process.
07-06 03:14:55.794 W/IPCThreadState(  715): Sending oneway calls to frozen process.
07-06 03:14:55.794 W/IPCThreadState(  715): Sending oneway calls to frozen process.
07-06 03:14:55.796 W/IPCThreadState(  715): Sending oneway calls to frozen process.
07-06 03:14:55.797 I/netd    (  488): tetherGetStats() -> {[]} <0.99ms>
07-06 03:14:55.797 W/IPCThreadState(  715): Sending oneway calls to frozen process.
07-06 03:14:55.797 W/IPCThreadState(  715): Sending oneway calls to frozen process.
07-06 03:14:55.797 W/IPCThreadState(  715): Sending oneway calls to frozen process.
07-06 03:14:55.798 W/IPCThreadState(  715): Sending oneway calls to frozen process.
07-06 03:14:55.800 W/IPCThreadState(  715): Sending oneway calls to frozen process.
07-06 03:14:55.800 W/IPCThreadState(  715): Sending oneway calls to frozen process.
07-06 03:14:55.800 W/IPCThreadState(  715): Sending oneway calls to frozen process.
07-06 03:14:55.801 W/IPCThreadState(  715): Sending oneway calls to frozen process.
07-06 03:14:55.801 W/IPCThreadState(  715): Sending oneway calls to frozen process.
07-06 03:14:55.801 W/IPCThreadState(  715): Sending oneway calls to frozen process.
07-06 03:14:55.802 W/IPCThreadState(  715): Sending oneway calls to frozen process.
07-06 03:14:55.802 W/IPCThreadState(  715): Sending oneway calls to frozen process.
07-06 03:14:55.806 W/IPCThreadState(  715): Sending oneway calls to frozen process.
07-06 03:14:55.806 W/IPCThreadState(  715): Sending oneway calls to frozen process.
07-06 03:14:55.807 W/IPCThreadState(  715): Sending oneway calls to frozen process.
07-06 03:14:55.808 W/IPCThreadState(  715): Sending oneway calls to frozen process.
07-06 03:14:55.808 W/IPCThreadState(  715): Sending oneway calls to frozen process.
07-06 03:14:55.808 W/IPCThreadState(  715): Sending oneway calls to frozen process.
07-06 03:14:55.808 W/IPCThreadState(  715): Sending oneway calls to frozen process.
07-06 03:14:55.809 W/IPCThreadState(  715): Sending oneway calls to frozen process.
07-06 03:14:55.809 W/IPCThreadState(  715): Sending oneway calls to frozen process.
07-06 03:14:55.809 W/IPCThreadState(  715): Sending oneway calls to frozen process.
07-06 03:14:55.809 W/IPCThreadState(  715): Sending oneway calls to frozen process.
07-06 03:14:55.809 W/IPCThreadState(  715): Sending oneway calls to frozen process.
07-06 03:14:55.811 W/IPCThreadState(  715): Sending oneway calls to frozen process.
07-06 03:14:55.811 W/IPCThreadState(  715): Sending oneway calls to frozen process.
07-06 03:14:55.811 W/IPCThreadState(  715): Sending oneway calls to frozen process.
07-06 03:14:55.812 W/IPCThreadState(  715): Sending oneway calls to frozen process.
07-06 03:14:55.812 W/IPCThreadState(  715): Sending oneway calls to frozen process.
07-06 03:14:55.812 W/IPCThreadState(  715): Sending oneway calls to frozen process.
07-06 03:14:55.812 W/IPCThreadState(  715): Sending oneway calls to frozen process.
07-06 03:14:55.813 W/IPCThreadState(  715): Sending oneway calls to frozen process.
07-06 03:14:55.813 W/IPCThreadState(  715): Sending oneway calls to frozen process.
07-06 03:14:55.813 W/IPCThreadState(  715): Sending oneway calls to frozen process.
07-06 03:14:56.815 W/AccessibilityNodeInfoDumper( 2417): Fetch time: 5ms
07-06 03:14:56.819 V/AccessibilityManagerService(  715): onUserStateChangedLocked for userId: 0, forceUpdate: false
07-06 03:14:56.823 D/BackgroundInstallControlService(  715): Package event received: 0
07-06 03:14:56.825 W/MagnificationConnectionManager(  715): requestConnection duplicated request: connect=false, mConnectionState=DISCONNECTED
07-06 03:14:56.825 D/AccessibilityManagerService(  715): restoreCurrentUserForTestAutomationIfNeededLocked(): ignoring because device doesn't support visible background users
07-06 03:14:56.826 W/IPCThreadState(  715): Sending oneway calls to frozen process.
07-06 03:14:56.826 W/IPCThreadState(  715): Sending oneway calls to frozen process.
07-06 03:14:56.826 W/IPCThreadState(  715): Sending oneway calls to frozen process.
07-06 03:14:56.827 W/IPCThreadState(  715): Sending oneway calls to frozen process.
07-06 03:14:56.827 W/IPCThreadState(  715): Sending oneway calls to frozen process.
07-06 03:14:56.827 W/IPCThreadState(  715): Sending oneway calls to frozen process.
07-06 03:14:56.827 W/IPCThreadState(  715): Sending oneway calls to frozen process.
07-06 03:14:56.827 W/IPCThreadState(  715): Sending oneway calls to frozen process.
07-06 03:14:56.827 D/AndroidRuntime( 2417): Shutting down VM
07-06 03:14:56.828 W/IPCThreadState(  715): Sending oneway calls to frozen process.
07-06 03:14:56.828 W/IPCThreadState( 2417): call to talkWithDriver in joinThreadPool returned error: -9 (Bad file descriptor), FD: -1
07-06 03:14:56.828 W/IPCThreadState(  715): Sending oneway calls to frozen process.
07-06 03:14:56.831 W/IPCThreadState( 2417): call to talkWithDriver in joinThreadPool returned error: -9 (Bad file descriptor), FD: -1
07-06 03:14:56.831 W/IPCThreadState( 2417): call to talkWithDriver in joinThreadPool returned error: -9 (Bad file descriptor), FD: -1
07-06 03:14:56.832 V/AccessibilityManagerService(  715): onUserStateChangedLocked for userId: 0, forceUpdate: false
07-06 03:14:56.833 W/MagnificationConnectionManager(  715): requestConnection duplicated request: connect=false, mConnectionState=DISCONNECTED
07-06 03:14:56.834 W/IPCThreadState(  715): Sending oneway calls to frozen process.
07-06 03:14:56.834 W/IPCThreadState(  715): Sending oneway calls to frozen process.
07-06 03:14:56.834 W/IPCThreadState(  715): Sending oneway calls to frozen process.
07-06 03:14:56.835 W/IPCThreadState(  715): Sending oneway calls to frozen process.
07-06 03:14:56.836 W/IPCThreadState(  715): Sending oneway calls to frozen process.
07-06 03:14:56.836 W/IPCThreadState(  715): Sending oneway calls to frozen process.
07-06 03:14:56.836 I/netd    (  488): tetherGetStats() -> {[]} <0.48ms>
07-06 03:14:56.836 W/IPCThreadState(  715): Sending oneway calls to frozen process.
07-06 03:14:56.836 W/IPCThreadState(  715): Sending oneway calls to frozen process.
07-06 03:14:56.837 W/IPCThreadState(  715): Sending oneway calls to frozen process.
07-06 03:14:56.837 W/IPCThreadState(  715): Sending oneway calls to frozen process.
07-06 03:14:56.837 W/IPCThreadState(  715): Sending oneway calls to frozen process.
07-06 03:14:56.838 W/IPCThreadState(  715): Sending oneway calls to frozen process.
07-06 03:14:56.838 W/IPCThreadState(  715): Sending oneway calls to frozen process.
07-06 03:14:56.838 W/IPCThreadState(  715): Sending oneway calls to frozen process.
07-06 03:14:56.838 W/IPCThreadState(  715): Sending oneway calls to frozen process.
07-06 03:14:56.840 W/IPCThreadState(  715): Sending oneway calls to frozen process.
07-06 03:14:56.840 W/IPCThreadState(  715): Sending oneway calls to frozen process.
07-06 03:14:56.841 W/IPCThreadState(  715): Sending oneway calls to frozen process.
07-06 03:14:56.841 W/IPCThreadState(  715): Sending oneway calls to frozen process.
07-06 03:14:56.841 W/IPCThreadState(  715): Sending oneway calls to frozen process.
07-06 03:14:56.843 W/IPCThreadState(  715): Sending oneway calls to frozen process.
07-06 03:14:56.843 W/IPCThreadState(  715): Sending oneway calls to frozen process.
07-06 03:14:56.844 W/IPCThreadState(  715): Sending oneway calls to frozen process.
07-06 03:14:56.844 W/IPCThreadState(  715): Sending oneway calls to frozen process.
07-06 03:14:56.844 W/IPCThreadState(  715): Sending oneway calls to frozen process.
07-06 03:14:56.845 W/IPCThreadState(  715): Sending oneway calls to frozen process.
07-06 03:14:56.848 W/IPCThreadState(  715): Sending oneway calls to frozen process.
07-06 03:14:56.848 W/IPCThreadState(  715): Sending oneway calls to frozen process.
07-06 03:14:56.849 W/IPCThreadState(  715): Sending oneway calls to frozen process.
07-06 03:14:56.849 W/IPCThreadState(  715): Sending oneway calls to frozen process.
07-06 03:14:56.849 W/IPCThreadState(  715): Sending oneway calls to frozen process.
07-06 03:14:56.851 W/IPCThreadState(  715): Sending oneway calls to frozen process.
07-06 03:14:56.851 W/IPCThreadState(  715): Sending oneway calls to frozen process.
07-06 03:14:56.851 W/IPCThreadState(  715): Sending oneway calls to frozen process.
07-06 03:14:56.851 W/IPCThreadState(  715): Sending oneway calls to frozen process.
07-06 03:14:56.851 W/IPCThreadState(  715): Sending oneway calls to frozen process.
07-06 03:14:56.852 W/IPCThreadState(  715): Sending oneway calls to frozen process.
07-06 03:14:56.852 W/IPCThreadState(  715): Sending oneway calls to frozen process.
07-06 03:14:56.852 W/IPCThreadState(  715): Sending oneway calls to frozen process.
07-06 03:14:56.852 W/IPCThreadState(  715): Sending oneway calls to frozen process.
07-06 03:14:56.916 D/WifiClientModeImpl[27601:wlan0](  715): updateLinkLayerStatsRssiSpeedFrequencyCapabilities rssi=-50 TxLinkspeed=1 freq=2447 RxLinkSpeed=2
07-06 03:14:56.917 D/WifiDataStall(  715): tx tput in kbps: 11000
07-06 03:14:56.917 D/WifiDataStall(  715): rx tput in kbps: 11000
07-06 03:14:56.918 V/WifiConfigManager(  715): Updating scan detail cache freq=2447 BSSID=00:13:10:85:fe:01 RSSI=-50 for "AndroidWifi"NONE
07-06 03:14:56.918 D/WifiThroughputPredictor(  715):  utilization (LLS) 80 isBluetoothConnected: false final utilization: 80
07-06 03:14:56.918 D/WifiThroughputPredictor(  715):  BW: 0 RSSI: -50 Nss: 1 Mode: 1 symDur: 4000 snrDb 30 bitPerTone: 4500 rate: 54 throughput: 11
07-06 03:14:56.918 D/WifiThroughputPredictor(  715):  utilization (LLS) 80 isBluetoothConnected: false final utilization: 80
07-06 03:14:56.918 D/WifiThroughputPredictor(  715):  BW: 0 RSSI: -50 Nss: 1 Mode: 1 symDur: 4000 snrDb 30 bitPerTone: 4500 rate: 54 throughput: 11
07-06 03:14:56.919 D/WifiThroughputPredictor(  715):  utilization (LLS) 80 isBluetoothConnected: false final utilization: 80
07-06 03:14:56.919 D/WifiThroughputPredictor(  715):  BW: 0 RSSI: -50 Nss: 1 Mode: 1 symDur: 4000 snrDb 30 bitPerTone: 4500 rate: 54 throughput: 11
07-06 03:14:56.919 D/WifiThroughputPredictor(  715):  utilization (LLS) 80 isBluetoothConnected: false final utilization: 80
07-06 03:14:56.919 D/WifiThroughputPredictor(  715):  BW: 0 RSSI: -50 Nss: 1 Mode: 1 symDur: 4000 snrDb 30 bitPerTone: 4500 rate: 54 throughput: 11
07-06 03:14:56.921 D/WifiScoreCard(  715): BSSID update SIGNAL_POLL ID: 1559335064 SSID: "AndroidWifi", BSSID: 00:13:10:85:fe:01, MAC: 02:15:b2:00:00:00, IP: /10.0.2.16, Security type: 0, Supplicant state: COMPLETED, Wi-Fi standard: legacy, RSSI: -50, Link speed: 1Mbps, Tx Link speed: 1Mbps, Max Supported Tx Link speed: 11Mbps, Rx Link speed: 2Mbps, Max Supported Rx Link speed: 11Mbps, Frequency: 2447MHz, Net ID: 0, Metered hint: false, score: 60, isUsable: true, CarrierMerged: false, SubscriptionId: -1, IsPrimary: 1, Trusted: true, Restricted: false, Ephemeral: false, OEM paid: false, OEM private: false, OSU AP: false, FQDN: <none>, Provider friendly name: <none>, Requesting package name: <none>"AndroidWifi"openMLO Information: , Is TID-To-Link negotiation supported by the AP: false, AP MLD Address: <none>, AP MLO Link Id: <none>, AP MLO Affiliated links: <none>, Vendor Data: <none>
07-06 03:14:56.921 D/WifiScoreCard(  715): txRate: 1 txSpeed: 1
07-06 03:14:56.921 D/WifiScoreCard(  715): network update SIGNAL_POLL "AndroidWifi" ID: 1201260005 RSSI -50 txSpeed -1
07-06 03:14:56.921 D/WifiClientModeImpl[27601:wlan0](  715):  ClientModeImpl$L2ConnectedState screen=on 1 0 "AndroidWifi" 00:13:10:85:fe:01 rssi=-50 f=2447 sc=60 link=1 tx=0.0, 0.0, 0.0 rx=0.0 bcn=0 [on:0 tx:0 rx:0 period:3013] from screen [on:0 period:896269081] score=60
07-06 03:14:57.815 D/ProfileInstaller( 2215): Installing profile for com.huiyi.mockchat
07-06 03:14:59.928 D/WifiClientModeImpl[27601:wlan0](  715): updateLinkLayerStatsRssiSpeedFrequencyCapabilities rssi=-50 TxLinkspeed=1 freq=2447 RxLinkSpeed=2
07-06 03:14:59.928 D/WifiDataStall(  715): tx tput in kbps: 11000
07-06 03:14:59.928 D/WifiDataStall(  715): rx tput in kbps: 11000
07-06 03:14:59.928 V/WifiConfigManager(  715): Updating scan detail cache freq=2447 BSSID=00:13:10:85:fe:01 RSSI=-50 for "AndroidWifi"NONE
07-06 03:14:59.928 D/WifiThroughputPredictor(  715):  utilization (LLS) 80 isBluetoothConnected: false final utilization: 80
07-06 03:14:59.929 D/WifiThroughputPredictor(  715):  BW: 0 RSSI: -50 Nss: 1 Mode: 1 symDur: 4000 snrDb 30 bitPerTone: 4500 rate: 54 throughput: 11
07-06 03:14:59.929 D/WifiThroughputPredictor(  715):  utilization (LLS) 80 isBluetoothConnected: false final utilization: 80
07-06 03:14:59.929 D/WifiThroughputPredictor(  715):  BW: 0 RSSI: -50 Nss: 1 Mode: 1 symDur: 4000 snrDb 30 bitPerTone: 4500 rate: 54 throughput: 11
07-06 03:14:59.929 D/WifiThroughputPredictor(  715):  utilization (LLS) 80 isBluetoothConnected: false final utilization: 80
07-06 03:14:59.929 D/WifiThroughputPredictor(  715):  BW: 0 RSSI: -50 Nss: 1 Mode: 1 symDur: 4000 snrDb 30 bitPerTone: 4500 rate: 54 throughput: 11
07-06 03:14:59.929 D/WifiThroughputPredictor(  715):  utilization (LLS) 80 isBluetoothConnected: false final utilization: 80
07-06 03:14:59.929 D/WifiThroughputPredictor(  715):  BW: 0 RSSI: -50 Nss: 1 Mode: 1 symDur: 4000 snrDb 30 bitPerTone: 4500 rate: 54 throughput: 11
07-06 03:14:59.930 D/WifiScoreCard(  715): BSSID update SIGNAL_POLL ID: 1559335064 SSID: "AndroidWifi", BSSID: 00:13:10:85:fe:01, MAC: 02:15:b2:00:00:00, IP: /10.0.2.16, Security type: 0, Supplicant state: COMPLETED, Wi-Fi standard: legacy, RSSI: -50, Link speed: 1Mbps, Tx Link speed: 1Mbps, Max Supported Tx Link speed: 11Mbps, Rx Link speed: 2Mbps, Max Supported Rx Link speed: 11Mbps, Frequency: 2447MHz, Net ID: 0, Metered hint: false, score: 60, isUsable: true, CarrierMerged: false, SubscriptionId: -1, IsPrimary: 1, Trusted: true, Restricted: false, Ephemeral: false, OEM paid: false, OEM private: false, OSU AP: false, FQDN: <none>, Provider friendly name: <none>, Requesting package name: <none>"AndroidWifi"openMLO Information: , Is TID-To-Link negotiation supported by the AP: false, AP MLD Address: <none>, AP MLO Link Id: <none>, AP MLO Affiliated links: <none>, Vendor Data: <none>
07-06 03:14:59.930 D/WifiScoreCard(  715): txRate: 1 txSpeed: 1
07-06 03:14:59.930 D/WifiScoreCard(  715): network update SIGNAL_POLL "AndroidWifi" ID: 1201260005 RSSI -50 txSpeed -1
07-06 03:14:59.931 D/WifiClientModeImpl[27601:wlan0](  715):  ClientModeImpl$L2ConnectedState screen=on 1 0 "AndroidWifi" 00:13:10:85:fe:01 rssi=-50 f=2447 sc=60 link=1 tx=0.0, 0.0, 0.0 rx=0.0 bcn=0 [on:0 tx:0 rx:0 period:3010] from screen [on:0 period:896272091] score=60
07-06 03:15:00.247 I/netd    (  488): tetherGetStats() -> {[]} <0.47ms>
07-06 03:15:00.995 W/screencap( 2456): Thread Pool max thread count is 0. Cannot cache binder as linkToDeath cannot be implemented. serviceName: SurfaceFlingerAIDL
07-06 03:15:00.996 W/BpBinder( 2456): Linking to death on android.gui.ISurfaceComposer but there are no threads (yet?) listening to incoming transactions. See ProcessState::startThreadPool and ProcessState::setThreadPoolMaxThreadCount. Generally you should setup the binder threadpool before other initialization steps.
07-06 03:15:00.997 W/ProcessState( 2456): Extra binder thread started, but 0 threads requested. Do not use *startThreadPool when zero threads are requested.
07-06 03:15:01.012 E/HwcComposer(  567): getLuts failed Status(-8, EX_SERVICE_SPECIFIC): '8: '
07-06 03:15:01.012 E/HWComposer(  567): getLuts: getLuts failed for display 4619827259835644672: UNSUPPORTED (8)
07-06 03:15:00.993 I/servicemanager(    0): Caller(pid=2456,uid=2000,sid=u:r:shell:s0) Found android.hardware.graphics.allocator.IAllocator/default in device VINTF manifest.
07-06 03:15:00.998 I/servicemanager(    0): Caller(pid=2456,uid=2000,sid=u:r:shell:s0) Found android.hardware.graphics.allocator.IAllocator/default in device VINTF manifest.
07-06 03:15:01.001 I/servicemanager(    0): Caller(pid=2456,uid=2000,sid=u:r:shell:s0) Found mapper/ranchu in device VINTF manifest.
07-06 03:15:01.209 I/logd    (    0): logdr: UID=2000 GID=2000 PID=2472 n tail=0 logMask=99 pid=0 start=0ns deadline=0ns
