07-05 08:33:45.649 D/InetDiagMessage(  715): Destroyed 0 sockets, proto=IPPROTO_TCP, family=AF_INET6, states=14
07-05 08:33:45.650 D/InetDiagMessage(  715): Destroyed live tcp sockets for uids={10196} in 2ms
07-05 08:33:46.552 I/logd    (    0): logdr: UID=2000 GID=2000 PID=18707 n tail=0 logMask=99 pid=0 start=0ns deadline=0ns
07-05 08:33:46.582 D/WifiClientModeImpl[27601:wlan0](  715): updateLinkLayerStatsRssiSpeedFrequencyCapabilities rssi=-50 TxLinkspeed=1 freq=2447 RxLinkSpeed=2
07-05 08:33:46.583 D/WifiDataStall(  715): tx tput in kbps: 11000
07-05 08:33:46.583 D/WifiDataStall(  715): rx tput in kbps: 11000
07-05 08:33:46.585 V/WifiConfigManager(  715): Updating scan detail cache freq=2447 BSSID=00:13:10:85:fe:01 RSSI=-50 for "AndroidWifi"NONE
07-05 08:33:46.585 D/WifiThroughputPredictor(  715):  utilization (LLS) 80 isBluetoothConnected: false final utilization: 80
07-05 08:33:46.589 D/WifiThroughputPredictor(  715):  BW: 0 RSSI: -50 Nss: 1 Mode: 1 symDur: 4000 snrDb 30 bitPerTone: 4500 rate: 54 throughput: 11
07-05 08:33:46.590 D/WifiThroughputPredictor(  715):  utilization (LLS) 80 isBluetoothConnected: false final utilization: 80
07-05 08:33:46.591 D/WifiThroughputPredictor(  715):  BW: 0 RSSI: -50 Nss: 1 Mode: 1 symDur: 4000 snrDb 30 bitPerTone: 4500 rate: 54 throughput: 11
07-05 08:33:46.592 D/WifiThroughputPredictor(  715):  utilization (LLS) 80 isBluetoothConnected: false final utilization: 80
07-05 08:33:46.593 D/WifiThroughputPredictor(  715):  BW: 0 RSSI: -50 Nss: 1 Mode: 1 symDur: 4000 snrDb 30 bitPerTone: 4500 rate: 54 throughput: 11
07-05 08:33:46.594 D/WifiThroughputPredictor(  715):  utilization (LLS) 80 isBluetoothConnected: false final utilization: 80
07-05 08:33:46.594 D/WifiThroughputPredictor(  715):  BW: 0 RSSI: -50 Nss: 1 Mode: 1 symDur: 4000 snrDb 30 bitPerTone: 4500 rate: 54 throughput: 11
07-05 08:33:46.596 D/WifiScoreCard(  715): BSSID update SIGNAL_POLL ID: 1559335064 SSID: "AndroidWifi", BSSID: 00:13:10:85:fe:01, MAC: 02:15:b2:00:00:00, IP: /10.0.2.16, Security type: 0, Supplicant state: COMPLETED, Wi-Fi standard: legacy, RSSI: -50, Link speed: 1Mbps, Tx Link speed: 1Mbps, Max Supported Tx Link speed: 11Mbps, Rx Link speed: 2Mbps, Max Supported Rx Link speed: 11Mbps, Frequency: 2447MHz, Net ID: 0, Metered hint: false, score: 60, isUsable: true, CarrierMerged: false, SubscriptionId: -1, IsPrimary: 1, Trusted: true, Restricted: false, Ephemeral: false, OEM paid: false, OEM private: false, OSU AP: false, FQDN: <none>, Provider friendly name: <none>, Requesting package name: <none>"AndroidWifi"openMLO Information: , Is TID-To-Link negotiation supported by the AP: false, AP MLD Address: <none>, AP MLO Link Id: <none>, AP MLO Affiliated links: <none>, Vendor Data: <none>
07-05 08:33:46.596 D/WifiScoreCard(  715): txRate: 1 txSpeed: 1
07-05 08:33:46.597 D/WifiScoreCard(  715): network update SIGNAL_POLL "AndroidWifi" ID: 1201260005 RSSI -50 txSpeed -1
07-05 08:33:46.597 D/WifiClientModeImpl[27601:wlan0](  715):  ClientModeImpl$L2ConnectedState screen=on 1 0 "AndroidWifi" 00:13:10:85:fe:01 rssi=-50 f=2447 sc=60 link=1 tx=0.3, 0.0, 0.0 rx=0.4 bcn=0 [on:0 tx:0 rx:0 period:3019] from screen [on:0 period:828998757] score=60
07-05 08:33:47.652 I/logd    (    0): logdr: UID=2000 GID=2000 PID=18710 n tail=0 logMask=99 pid=0 start=0ns deadline=0ns
07-05 08:33:48.732 I/logd    (    0): logdr: UID=2000 GID=2000 PID=18713 n tail=0 logMask=99 pid=0 start=0ns deadline=0ns
07-05 08:33:49.085 W/CpuMonitorService(  715): Current CPU frequency (2665225) is greater than maximum CPU frequency (2) for policy ID (0). Skipping CPU frequency policy
07-05 08:33:49.085 W/CpuMonitorService(  715): Current CPU frequency (3229920) is greater than maximum CPU frequency (2) for policy ID (3). Skipping CPU frequency policy
07-05 08:33:49.365 D/wpa_supplicant(  960): nl80211: Drv Event 64 (NL80211_CMD_NOTIFY_CQM) received for wlan0
07-05 08:33:49.365 D/wpa_supplicant(  960): nl80211: Beacon loss event
07-05 08:33:49.365 D/wpa_supplicant(  960): wlan0: Event BEACON_LOSS (53) received
07-05 08:33:49.365 I/wpa_supplicant(  960): wlan0: CTRL-EVENT-BEACON-LOSS 
07-05 08:33:49.600 D/WifiClientModeImpl[27601:wlan0](  715): updateLinkLayerStatsRssiSpeedFrequencyCapabilities rssi=-50 TxLinkspeed=1 freq=2447 RxLinkSpeed=2
07-05 08:33:49.600 D/WifiDataStall(  715): tx tput in kbps: 11000
07-05 08:33:49.600 D/WifiDataStall(  715): rx tput in kbps: 11000
07-05 08:33:49.601 V/WifiConfigManager(  715): Updating scan detail cache freq=2447 BSSID=00:13:10:85:fe:01 RSSI=-50 for "AndroidWifi"NONE
07-05 08:33:49.601 D/WifiThroughputPredictor(  715):  utilization (LLS) 80 isBluetoothConnected: false final utilization: 80
07-05 08:33:49.601 D/WifiThroughputPredictor(  715):  BW: 0 RSSI: -50 Nss: 1 Mode: 1 symDur: 4000 snrDb 30 bitPerTone: 4500 rate: 54 throughput: 11
07-05 08:33:49.601 D/WifiThroughputPredictor(  715):  utilization (LLS) 80 isBluetoothConnected: false final utilization: 80
07-05 08:33:49.601 D/WifiThroughputPredictor(  715):  BW: 0 RSSI: -50 Nss: 1 Mode: 1 symDur: 4000 snrDb 30 bitPerTone: 4500 rate: 54 throughput: 11
07-05 08:33:49.601 D/WifiThroughputPredictor(  715):  utilization (LLS) 80 isBluetoothConnected: false final utilization: 80
07-05 08:33:49.601 D/WifiThroughputPredictor(  715):  BW: 0 RSSI: -50 Nss: 1 Mode: 1 symDur: 4000 snrDb 30 bitPerTone: 4500 rate: 54 throughput: 11
07-05 08:33:49.601 D/WifiThroughputPredictor(  715):  utilization (LLS) 80 isBluetoothConnected: false final utilization: 80
07-05 08:33:49.601 D/WifiThroughputPredictor(  715):  BW: 0 RSSI: -50 Nss: 1 Mode: 1 symDur: 4000 snrDb 30 bitPerTone: 4500 rate: 54 throughput: 11
07-05 08:33:49.602 D/WifiScoreCard(  715): BSSID update SIGNAL_POLL ID: 1559335064 SSID: "AndroidWifi", BSSID: 00:13:10:85:fe:01, MAC: 02:15:b2:00:00:00, IP: /10.0.2.16, Security type: 0, Supplicant state: COMPLETED, Wi-Fi standard: legacy, RSSI: -50, Link speed: 1Mbps, Tx Link speed: 1Mbps, Max Supported Tx Link speed: 11Mbps, Rx Link speed: 2Mbps, Max Supported Rx Link speed: 11Mbps, Frequency: 2447MHz, Net ID: 0, Metered hint: false, score: 60, isUsable: true, CarrierMerged: false, SubscriptionId: -1, IsPrimary: 1, Trusted: true, Restricted: false, Ephemeral: false, OEM paid: false, OEM private: false, OSU AP: false, FQDN: <none>, Provider friendly name: <none>, Requesting package name: <none>"AndroidWifi"openMLO Information: , Is TID-To-Link negotiation supported by the AP: false, AP MLD Address: <none>, AP MLO Link Id: <none>, AP MLO Affiliated links: <none>, Vendor Data: <none>
07-05 08:33:49.602 D/WifiScoreCard(  715): txRate: 1 txSpeed: 1
07-05 08:33:49.602 D/WifiScoreCard(  715): network update SIGNAL_POLL "AndroidWifi" ID: 1201260005 RSSI -50 txSpeed -1
07-05 08:33:49.602 D/WifiClientModeImpl[27601:wlan0](  715):  ClientModeImpl$L2ConnectedState screen=on 1 0 "AndroidWifi" 00:13:10:85:fe:01 rssi=-50 f=2447 sc=60 link=1 tx=0.1, 0.0, 0.0 rx=0.1 bcn=0 [on:0 tx:0 rx:0 period:3005] from screen [on:0 period:829001762] score=60
07-05 08:33:49.808 I/logd    (    0): logdr: UID=2000 GID=2000 PID=18716 n tail=0 logMask=99 pid=0 start=0ns deadline=0ns
07-05 08:33:50.119 I/AlarmManager( 1314): setExactAndAllowWhileIdle [name: GCM_HB_ALARM type: 2 triggerAtMillis: 17202672]
07-05 08:33:50.121 I/AlarmManager( 1314): setExactAndAllowWhileIdle [name: GCM_HB_ALARM type: 2 triggerAtMillis: 17202674]
07-05 08:33:50.909 I/logd    (    0): logdr: UID=2000 GID=2000 PID=18721 n tail=0 logMask=99 pid=0 start=0ns deadline=0ns
07-05 08:33:51.459 D/SatelliteController( 1112): iisInCarrierRoamingNbIotNtn: satellite is disabled
07-05 08:33:51.595 D/ActivityManager(  715): freezing 1661 com.google.android.gms
07-05 08:33:52.000 I/logd    (    0): logdr: UID=2000 GID=2000 PID=18724 n tail=0 logMask=99 pid=0 start=0ns deadline=0ns
07-05 08:33:52.447 D/WindowManager(  715): captureDisplay
07-05 08:33:52.610 D/WifiClientModeImpl[27601:wlan0](  715): updateLinkLayerStatsRssiSpeedFrequencyCapabilities rssi=-50 TxLinkspeed=1 freq=2447 RxLinkSpeed=2
07-05 08:33:52.610 D/WifiDataStall(  715): tx tput in kbps: 11000
07-05 08:33:52.610 D/WifiDataStall(  715): rx tput in kbps: 11000
07-05 08:33:52.610 V/WifiConfigManager(  715): Updating scan detail cache freq=2447 BSSID=00:13:10:85:fe:01 RSSI=-50 for "AndroidWifi"NONE
07-05 08:33:52.611 D/WifiThroughputPredictor(  715):  utilization (LLS) 80 isBluetoothConnected: false final utilization: 80
07-05 08:33:52.611 D/WifiThroughputPredictor(  715):  BW: 0 RSSI: -50 Nss: 1 Mode: 1 symDur: 4000 snrDb 30 bitPerTone: 4500 rate: 54 throughput: 11
07-05 08:33:52.611 D/WifiThroughputPredictor(  715):  utilization (LLS) 80 isBluetoothConnected: false final utilization: 80
07-05 08:33:52.611 D/WifiThroughputPredictor(  715):  BW: 0 RSSI: -50 Nss: 1 Mode: 1 symDur: 4000 snrDb 30 bitPerTone: 4500 rate: 54 throughput: 11
07-05 08:33:52.611 D/WifiThroughputPredictor(  715):  utilization (LLS) 80 isBluetoothConnected: false final utilization: 80
07-05 08:33:52.611 D/WifiThroughputPredictor(  715):  BW: 0 RSSI: -50 Nss: 1 Mode: 1 symDur: 4000 snrDb 30 bitPerTone: 4500 rate: 54 throughput: 11
07-05 08:33:52.611 D/WifiThroughputPredictor(  715):  utilization (LLS) 80 isBluetoothConnected: false final utilization: 80
07-05 08:33:52.611 D/WifiThroughputPredictor(  715):  BW: 0 RSSI: -50 Nss: 1 Mode: 1 symDur: 4000 snrDb 30 bitPerTone: 4500 rate: 54 throughput: 11
07-05 08:33:52.612 D/WifiScoreCard(  715): BSSID update SIGNAL_POLL ID: 1559335064 SSID: "AndroidWifi", BSSID: 00:13:10:85:fe:01, MAC: 02:15:b2:00:00:00, IP: /10.0.2.16, Security type: 0, Supplicant state: COMPLETED, Wi-Fi standard: legacy, RSSI: -50, Link speed: 1Mbps, Tx Link speed: 1Mbps, Max Supported Tx Link speed: 11Mbps, Rx Link speed: 2Mbps, Max Supported Rx Link speed: 11Mbps, Frequency: 2447MHz, Net ID: 0, Metered hint: false, score: 60, isUsable: true, CarrierMerged: false, SubscriptionId: -1, IsPrimary: 1, Trusted: true, Restricted: false, Ephemeral: false, OEM paid: false, OEM private: false, OSU AP: false, FQDN: <none>, Provider friendly name: <none>, Requesting package name: <none>"AndroidWifi"openMLO Information: , Is TID-To-Link negotiation supported by the AP: false, AP MLD Address: <none>, AP MLO Link Id: <none>, AP MLO Affiliated links: <none>, Vendor Data: <none>
07-05 08:33:52.613 D/WifiScoreCard(  715): txRate: 1 txSpeed: 1
07-05 08:33:52.613 D/WifiScoreCard(  715): network update SIGNAL_POLL "AndroidWifi" ID: 1201260005 RSSI -50 txSpeed -1
07-05 08:33:52.613 D/WifiClientModeImpl[27601:wlan0](  715):  ClientModeImpl$L2ConnectedState screen=on 1 0 "AndroidWifi" 00:13:10:85:fe:01 rssi=-50 f=2447 sc=60 link=1 tx=0.2, 0.0, 0.0 rx=0.4 bcn=0 [on:0 tx:0 rx:0 period:3011] from screen [on:0 period:829004773] score=60
07-05 08:33:52.799 I/HuiyiRuntime(18413): dynamic_playbook_cloud_refresh sessionId=9b5b6253-71a3-4908-b116-0679c1de99f5 mode=NEXT_SENTENCE chatKey=com.huiyi.mockchat|Application icon localFallbackReady=true cloudAttempted=true cloudSuccess=true cacheReplaced=true staleRefreshDiscarded=false discardedReason=NONE cloudContractValidation=PASS
07-05 08:33:53.082 I/logd    (    0): logdr: UID=2000 GID=2000 PID=18727 n tail=0 logMask=99 pid=0 start=0ns deadline=0ns
