07-06 00:00:31.758 W/IPCThreadState(  715): Sending oneway calls to frozen process.
07-06 00:00:31.759 W/IPCThreadState(  715): Sending oneway calls to frozen process.
07-06 00:00:31.760 W/IPCThreadState(  715): Sending oneway calls to frozen process.
07-06 00:00:31.761 W/IPCThreadState(  715): Sending oneway calls to frozen process.
07-06 00:00:31.762 W/IPCThreadState(  715): Sending oneway calls to frozen process.
07-06 00:00:31.762 I/DisplayManager(21986): Choreographer implicitly registered for the refresh rate.
07-06 00:00:31.762 W/IPCThreadState(  715): Sending oneway calls to frozen process.
07-06 00:00:31.765 W/IPCThreadState(  715): Sending oneway calls to frozen process.
07-06 00:00:31.765 W/IPCThreadState(  715): Sending oneway calls to frozen process.
07-06 00:00:31.768 W/IPCThreadState(  715): Sending oneway calls to frozen process.
07-06 00:00:31.768 W/IPCThreadState(  715): Sending oneway calls to frozen process.
07-06 00:00:31.768 W/IPCThreadState(  715): Sending oneway calls to frozen process.
07-06 00:00:31.769 W/IPCThreadState(  715): Sending oneway calls to frozen process.
07-06 00:00:31.771 W/IPCThreadState(  715): Sending oneway calls to frozen process.
07-06 00:00:31.775 I/.huiyi.mockchat(21986): AssetManager2(0x79075aad8758) locale list changing from [] to [en-US]
07-06 00:00:31.776 D/AccessibilitySourceService( 1259): a11y source sending 1 issue to sc
07-06 00:00:31.776 D/SafetySourceDataValidat(  715): No cert check requested for package com.google.android.permissioncontroller
07-06 00:00:31.780 D/AccessibilitySourceService( 1259): enabled a11y services count 1
07-06 00:00:31.782 D/AccessibilitySourceService( 1259): a11y source sending 1 issue to sc
07-06 00:00:31.783 D/SafetySourceDataValidat(  715): No cert check requested for package com.google.android.permissioncontroller
07-06 00:00:31.825 I/EGL_emulation(21986): Opening libGLESv1_CM_emulation.so
07-06 00:00:31.828 I/EGL_emulation(21986): Opening libGLESv2_emulation.so
07-06 00:00:31.844 W/HWUI    (21986): Failed to choose config with EGL_SWAP_BEHAVIOR_PRESERVED, retrying without...
07-06 00:00:31.845 W/HWUI    (21986): Failed to initialize 101010-2 format, error = EGL_SUCCESS
07-06 00:00:31.959 E/ashmem  (21986): Pinning is deprecated since Android Q. Please use trim or other methods.
07-06 00:00:31.986 D/CompatChangeReporter(21986): Compat change id reported: 309578419; UID 10217; state: ENABLED
07-06 00:00:31.989 D/DesktopModeFlags(21986): Toggle override initialized to: OVERRIDE_UNSET
07-06 00:00:32.081 D/CompatChangeReporter(21986): Compat change id reported: 352594277; UID 10217; state: ENABLED
07-06 00:00:32.090 D/CompatChangeReporter(21986): Compat change id reported: 349153669; UID 10217; state: ENABLED
--------- beginning of kernel
07-06 00:00:32.070 I/servicemanager(    0): Caller(pid=21986,uid=10217,sid=u:r:untrusted_app:s0:c217,c256,c512,c768) Found android.hardware.graphics.allocator.IAllocator/default in device VINTF manifest.
07-06 00:00:32.096 W/HWUI    (21986): Unknown dataspace 0
07-06 00:00:32.074 I/servicemanager(    0): Caller(pid=21986,uid=10217,sid=u:r:untrusted_app:s0:c217,c256,c512,c768) Found android.hardware.graphics.allocator.IAllocator/default in device VINTF manifest.
07-06 00:00:32.076 I/servicemanager(    0): Caller(pid=21986,uid=10217,sid=u:r:untrusted_app:s0:c217,c256,c512,c768) Found mapper/ranchu in device VINTF manifest.
07-06 00:00:32.124 D/ProfileInstaller(21840): Installing profile for com.huiyi.v4
07-06 00:00:32.732 V/AccessibilityManagerService(  715): onUserStateChangedLocked for userId: 0, forceUpdate: false
07-06 00:00:32.734 D/BackgroundInstallControlService(  715): Package event received: 0
07-06 00:00:32.736 D/BackgroundInstallControlService(  715): Package event received: 0
07-06 00:00:32.741 W/MagnificationConnectionManager(  715): requestConnection duplicated request: connect=false, mConnectionState=DISCONNECTED
07-06 00:00:32.741 D/AccessibilityManagerService(  715): restoreCurrentUserForTestAutomationIfNeededLocked(): ignoring because device doesn't support visible background users
07-06 00:00:32.743 V/AccessibilityManagerService(  715): onUserStateChangedLocked for userId: 0, forceUpdate: false
07-06 00:00:32.744 W/IPCThreadState(21987): call to talkWithDriver in joinThreadPool returned error: -9 (Bad file descriptor), FD: -1
07-06 00:00:32.744 D/AndroidRuntime(21987): Shutting down VM
07-06 00:00:32.744 W/IPCThreadState(21987): call to talkWithDriver in joinThreadPool returned error: -9 (Bad file descriptor), FD: -1
07-06 00:00:32.745 W/MagnificationConnectionManager(  715): requestConnection duplicated request: connect=false, mConnectionState=DISCONNECTED
07-06 00:00:32.745 W/IPCThreadState(21987): call to talkWithDriver in joinThreadPool returned error: -9 (Bad file descriptor), FD: -1
07-06 00:00:32.745 W/IPCThreadState(  715): Sending oneway calls to frozen process.
07-06 00:00:32.746 W/IPCThreadState(  715): Sending oneway calls to frozen process.
07-06 00:00:32.746 W/IPCThreadState(  715): Sending oneway calls to frozen process.
07-06 00:00:32.746 W/IPCThreadState(  715): Sending oneway calls to frozen process.
07-06 00:00:32.746 W/IPCThreadState(  715): Sending oneway calls to frozen process.
07-06 00:00:32.748 W/IPCThreadState(  715): Sending oneway calls to frozen process.
07-06 00:00:32.749 W/IPCThreadState(  715): Sending oneway calls to frozen process.
07-06 00:00:32.750 W/IPCThreadState(  715): Sending oneway calls to frozen process.
07-06 00:00:32.750 W/IPCThreadState(  715): Sending oneway calls to frozen process.
07-06 00:00:32.750 W/IPCThreadState(  715): Sending oneway calls to frozen process.
07-06 00:00:32.750 W/IPCThreadState(  715): Sending oneway calls to frozen process.
07-06 00:00:32.751 W/IPCThreadState(  715): Sending oneway calls to frozen process.
07-06 00:00:32.751 W/IPCThreadState(  715): Sending oneway calls to frozen process.
07-06 00:00:32.751 W/IPCThreadState(  715): Sending oneway calls to frozen process.
07-06 00:00:32.752 W/IPCThreadState(  715): Sending oneway calls to frozen process.
07-06 00:00:32.752 W/IPCThreadState(  715): Sending oneway calls to frozen process.
07-06 00:00:32.752 W/IPCThreadState(  715): Sending oneway calls to frozen process.
07-06 00:00:32.753 W/IPCThreadState(  715): Sending oneway calls to frozen process.
07-06 00:00:32.753 W/IPCThreadState(  715): Sending oneway calls to frozen process.
07-06 00:00:32.753 W/IPCThreadState(  715): Sending oneway calls to frozen process.
07-06 00:00:32.755 I/netd    (  488): tetherGetStats() -> {[]} <1.14ms>
07-06 00:00:32.757 W/IPCThreadState(  715): Sending oneway calls to frozen process.
07-06 00:00:32.758 W/IPCThreadState(  715): Sending oneway calls to frozen process.
07-06 00:00:32.759 W/IPCThreadState(  715): Sending oneway calls to frozen process.
07-06 00:00:32.760 W/IPCThreadState(  715): Sending oneway calls to frozen process.
07-06 00:00:32.760 W/IPCThreadState(  715): Sending oneway calls to frozen process.
07-06 00:00:32.760 W/IPCThreadState(  715): Sending oneway calls to frozen process.
07-06 00:00:32.760 W/IPCThreadState(  715): Sending oneway calls to frozen process.
07-06 00:00:32.772 W/IPCThreadState(  715): Sending oneway calls to frozen process.
07-06 00:00:32.774 D/AccessibilitySourceService( 1259): enabled a11y services count 1
07-06 00:00:32.783 D/AccessibilitySourceService( 1259): a11y source sending 1 issue to sc
07-06 00:00:32.784 D/SafetySourceDataValidat(  715): No cert check requested for package com.google.android.permissioncontroller
07-06 00:00:33.079 W/.huiyi.mockchat(21986): Method boolean androidx.compose.runtime.snapshots.SnapshotStateList.conditionalUpdate(boolean, kotlin.jvm.functions.Function1) failed lock verification and will run slower.
07-06 00:00:33.079 W/.huiyi.mockchat(21986): Common causes for lock verification issues are non-optimized dex code
07-06 00:00:33.079 W/.huiyi.mockchat(21986): and incorrect proguard optimizations.
07-06 00:00:33.079 W/.huiyi.mockchat(21986): Method boolean androidx.compose.runtime.snapshots.SnapshotStateList.conditionalUpdate$default(androidx.compose.runtime.snapshots.SnapshotStateList, boolean, kotlin.jvm.functions.Function1, int, java.lang.Object) failed lock verification and will run slower.
07-06 00:00:33.079 W/.huiyi.mockchat(21986): Method java.lang.Object androidx.compose.runtime.snapshots.SnapshotStateList.mutate(kotlin.jvm.functions.Function1) failed lock verification and will run slower.
07-06 00:00:33.080 W/.huiyi.mockchat(21986): Method void androidx.compose.runtime.snapshots.SnapshotStateList.update(boolean, kotlin.jvm.functions.Function1) failed lock verification and will run slower.
07-06 00:00:33.080 W/.huiyi.mockchat(21986): Method void androidx.compose.runtime.snapshots.SnapshotStateList.update$default(androidx.compose.runtime.snapshots.SnapshotStateList, boolean, kotlin.jvm.functions.Function1, int, java.lang.Object) failed lock verification and will run slower.
07-06 00:00:33.156 D/CoreBackPreview(  715): Window{8862170 u0 com.huiyi.mockchat/com.huiyi.mockchat.MainActivity}: Setting back callback OnBackInvokedCallbackInfo{mCallback=android.window.IOnBackInvokedCallback$Stub$Proxy@6ca6d5d, mPriority=0, mIsAnimationCallback=false, mOverrideBehavior=0}
07-06 00:00:33.183 I/.huiyi.mockchat(21986): Compiler allocated 5042KB to compile void android.view.ViewRootImpl.performTraversals()
07-06 00:00:33.401 I/ActivityTaskManager(  715): Displayed com.huiyi.mockchat/.MainActivity for user 0: +2s488ms
07-06 00:00:33.404 I/Choreographer(21986): Skipped 65 frames!  The application may be doing too much work on its main thread.
07-06 00:00:33.423 I/HWUI    (21986): Davey! duration=1292ms; Flags=1, FrameTimelineVsyncId=977497, IntendedVsync=38353059339665, Vsync=38353059339665, InputEventId=0, HandleInputStart=38353066968040, AnimationStart=38353066985840, PerformTraversalsStart=38353067012540, DrawStart=38354275898840, FrameDeadline=38353076006331, FrameStartTime=38353066939040, FrameInterval=16666666, WorkloadTarget=16666666, SyncQueued=38354306382640, SyncStart=38354307478340, IssueDrawCommandsStart=38354307604840, SwapBuffers=38354345538040, FrameCompleted=38354352777440, DequeueBufferDuration=31400, QueueBufferDuration=244900, GpuCompleted=38354352777440, SwapBuffersCompleted=38354347297640, DisplayPresentTime=0, CommandSubmissionCompleted=38354345538040, 
07-06 00:00:33.429 W/IPCThreadState(  715): Sending oneway calls to frozen process.
07-06 00:00:33.430 W/IPCThreadState(  715): Sending oneway calls to frozen process.
07-06 00:00:33.430 W/IPCThreadState(  715): Sending oneway calls to frozen process.
07-06 00:00:33.430 W/IPCThreadState(  715): Sending oneway calls to frozen process.
07-06 00:00:33.430 W/IPCThreadState(  715): Sending oneway calls to frozen process.
07-06 00:00:33.430 W/IPCThreadState(  715): Sending oneway calls to frozen process.
07-06 00:00:33.431 W/IPCThreadState(  715): Sending oneway calls to frozen process.
07-06 00:00:33.432 D/BaseDepthController( 1124): setSurface:
07-06 00:00:33.432 D/BaseDepthController( 1124): 	mWaitingOnSurfaceValidity: false
07-06 00:00:33.432 D/BaseDepthController( 1124): 	mBaseSurface: null
07-06 00:00:33.432 D/BaseDepthController( 1124): mSurface is null and mCurrentBlur is: 0
07-06 00:00:33.432 W/IPCThreadState(  715): Sending oneway calls to frozen process.
07-06 00:00:33.432 W/IPCThreadState(  715): Sending oneway calls to frozen process.
07-06 00:00:33.432 W/IPCThreadState(  715): Sending oneway calls to frozen process.
07-06 00:00:33.433 W/IPCThreadState(  715): Sending oneway calls to frozen process.
07-06 00:00:33.433 W/IPCThreadState(  715): Sending oneway calls to frozen process.
07-06 00:00:33.433 W/IPCThreadState(  715): Sending oneway calls to frozen process.
07-06 00:00:33.433 W/IPCThreadState(  715): Sending oneway calls to frozen process.
07-06 00:00:33.433 W/IPCThreadState(  715): Sending oneway calls to frozen process.
07-06 00:00:33.434 W/IPCThreadState(  715): Sending oneway calls to frozen process.
07-06 00:00:33.435 W/IPCThreadState(  715): Sending oneway calls to frozen process.
07-06 00:00:33.435 W/IPCThreadState(  715): Sending oneway calls to frozen process.
07-06 00:00:33.435 W/IPCThreadState(  715): Sending oneway calls to frozen process.
07-06 00:00:33.435 W/IPCThreadState(  715): Sending oneway calls to frozen process.
07-06 00:00:33.436 W/IPCThreadState(  715): Sending oneway calls to frozen process.
07-06 00:00:33.436 W/IPCThreadState(  715): Sending oneway calls to frozen process.
07-06 00:00:33.436 W/IPCThreadState(  715): Sending oneway calls to frozen process.
07-06 00:00:33.436 W/IPCThreadState(  715): Sending oneway calls to frozen process.
07-06 00:00:33.436 W/IPCThreadState(  715): Sending oneway calls to frozen process.
07-06 00:00:33.437 W/IPCThreadState(  715): Sending oneway calls to frozen process.
07-06 00:00:33.437 W/IPCThreadState(  715): Sending oneway calls to frozen process.
07-06 00:00:33.437 W/IPCThreadState(  715): Sending oneway calls to frozen process.
07-06 00:00:33.437 W/IPCThreadState(  715): Sending oneway calls to frozen process.
07-06 00:00:33.438 D/StateManager( 1124): goToState - fromState: Normal, toState: Normal, partial trace:
07-06 00:00:33.438 D/StateManager( 1124): 	at com.android.launcher3.statemanager.StateManager.moveToRestState(go/retraceme 43e00d9cd0eb17b3d9dd30fc1741b1c71445c4c0f7c8c9b81300265c86c5b873:4)
07-06 00:00:33.438 D/StateManager( 1124): 	at com.android.launcher3.statemanager.StateManager.moveToRestState(go/retraceme 43e00d9cd0eb17b3d9dd30fc1741b1c71445c4c0f7c8c9b81300265c86c5b873:1)
07-06 00:00:33.438 D/StateManager( 1124): 	at com.android.launcher3.statemanager.StatefulActivity.onStop(go/retraceme 43e00d9cd0eb17b3d9dd30fc1741b1c71445c4c0f7c8c9b81300265c86c5b873:34)
07-06 00:00:33.439 D/StatsLog( 1124): LAUNCHER_ONSTOP
07-06 00:00:33.440 W/IPCThreadState(  715): Sending oneway calls to frozen process.
07-06 00:00:33.440 W/IPCThreadState(  715): Sending oneway calls to frozen process.
07-06 00:00:33.440 W/IPCThreadState(  715): Sending oneway calls to frozen process.
07-06 00:00:33.440 W/IPCThreadState(  715): Sending oneway calls to frozen process.
07-06 00:00:33.441 W/IPCThreadState(  715): Sending oneway calls to frozen process.
07-06 00:00:33.441 W/IPCThreadState(  715): Sending oneway calls to frozen process.
07-06 00:00:33.441 W/IPCThreadState(  715): Sending oneway calls to frozen process.
07-06 00:00:33.442 W/IPCThreadState(  715): Sending oneway calls to frozen process.
07-06 00:00:33.443 W/IPCThreadState(  715): Sending oneway calls to frozen process.
07-06 00:00:33.443 W/IPCThreadState(  715): Sending oneway calls to frozen process.
07-06 00:00:33.450 I/AppWidgetServiceImpl(  715): setAppWidgetHidden() 0
07-06 00:00:33.452 D/StatsLog( 1124): LAUNCHER_GOOGLE_SEARCH_RESTORE_LIST_SIZE_AFTER_ACTIVITY_RESTART
07-06 00:00:33.459 I/FontLog ( 1314): Received query Noto Color Emoji Compat, URI content://com.google.android.gms.fonts [CONTEXT service_id=132 ]
07-06 00:00:33.460 I/FontLog ( 1314): Query [emojicompat-emoji-font] resolved to {Noto Color Emoji Compat, wdth 100.0, wght 400, ital 0.0, bestEffort false}, isVf false} [CONTEXT service_id=132 ]
07-06 00:00:33.473 I/FontLog ( 1314): Fetch {Noto Color Emoji Compat, wdth 100.0, wght 400, ital 0.0, bestEffort false}, isVf false} end status Status{statusCode=SUCCESS, resolution=null} [CONTEXT service_id=132 ]
07-06 00:00:33.477 D/BackgroundInstallControlService(  715): Package event received: 0
07-06 00:00:33.520 I/FontLog ( 1314): Pulling font file for id = 104, cache size = 7 [CONTEXT service_id=132 ]
07-06 00:00:33.524 D/WifiClientModeImpl[27601:wlan0](  715): updateLinkLayerStatsRssiSpeedFrequencyCapabilities rssi=-50 TxLinkspeed=1 freq=2447 RxLinkSpeed=2
07-06 00:00:33.524 D/WifiDataStall(  715): tx tput in kbps: 11000
07-06 00:00:33.525 D/WifiDataStall(  715): rx tput in kbps: 11000
07-06 00:00:33.525 V/WifiConfigManager(  715): Updating scan detail cache freq=2447 BSSID=00:13:10:85:fe:01 RSSI=-50 for "AndroidWifi"NONE
07-06 00:00:33.527 D/WifiThroughputPredictor(  715):  utilization (LLS) 80 isBluetoothConnected: false final utilization: 80
07-06 00:00:33.528 D/WifiThroughputPredictor(  715):  BW: 0 RSSI: -50 Nss: 1 Mode: 1 symDur: 4000 snrDb 30 bitPerTone: 4500 rate: 54 throughput: 11
07-06 00:00:33.528 D/WifiThroughputPredictor(  715):  utilization (LLS) 80 isBluetoothConnected: false final utilization: 80
07-06 00:00:33.528 D/WifiThroughputPredictor(  715):  BW: 0 RSSI: -50 Nss: 1 Mode: 1 symDur: 4000 snrDb 30 bitPerTone: 4500 rate: 54 throughput: 11
07-06 00:00:33.528 D/WifiThroughputPredictor(  715):  utilization (LLS) 80 isBluetoothConnected: false final utilization: 80
07-06 00:00:33.529 D/WifiThroughputPredictor(  715):  BW: 0 RSSI: -50 Nss: 1 Mode: 1 symDur: 4000 snrDb 30 bitPerTone: 4500 rate: 54 throughput: 11
07-06 00:00:33.529 D/WifiThroughputPredictor(  715):  utilization (LLS) 80 isBluetoothConnected: false final utilization: 80
07-06 00:00:33.530 D/WifiThroughputPredictor(  715):  BW: 0 RSSI: -50 Nss: 1 Mode: 1 symDur: 4000 snrDb 30 bitPerTone: 4500 rate: 54 throughput: 11
07-06 00:00:33.533 I/ImeTracker(  715): com.huiyi.mockchat:5241198f: onRequestHide at ORIGIN_SERVER reason HIDE_UNSPECIFIED_WINDOW fromUser false
07-06 00:00:33.542 D/WifiScoreCard(  715): BSSID update SIGNAL_POLL ID: 1559335064 SSID: "AndroidWifi", BSSID: 00:13:10:85:fe:01, MAC: 02:15:b2:00:00:00, IP: /10.0.2.16, Security type: 0, Supplicant state: COMPLETED, Wi-Fi standard: legacy, RSSI: -50, Link speed: 1Mbps, Tx Link speed: 1Mbps, Max Supported Tx Link speed: 11Mbps, Rx Link speed: 2Mbps, Max Supported Rx Link speed: 11Mbps, Frequency: 2447MHz, Net ID: 0, Metered hint: false, score: 60, isUsable: true, CarrierMerged: false, SubscriptionId: -1, IsPrimary: 1, Trusted: true, Restricted: false, Ephemeral: false, OEM paid: false, OEM private: false, OSU AP: false, FQDN: <none>, Provider friendly name: <none>, Requesting package name: <none>"AndroidWifi"openMLO Information: , Is TID-To-Link negotiation supported by the AP: false, AP MLD Address: <none>, AP MLO Link Id: <none>, AP MLO Affiliated links: <none>, Vendor Data: <none>
07-06 00:00:33.542 D/WifiScoreCard(  715): txRate: 1 txSpeed: 1
07-06 00:00:33.544 I/FontLog ( 1314): Pulling font file for id = 104, cache size = 7 [CONTEXT service_id=132 ]
07-06 00:00:33.545 D/WifiScoreCard(  715): network update SIGNAL_POLL "AndroidWifi" ID: 1201260005 RSSI -50 txSpeed -1
07-06 00:00:33.545 D/WifiClientModeImpl[27601:wlan0](  715):  ClientModeImpl$L2ConnectedState screen=on 1 0 "AndroidWifi" 00:13:10:85:fe:01 rssi=-50 f=2447 sc=60 link=1 tx=0.0, 0.0, 0.0 rx=0.0 bcn=0 [on:0 tx:0 rx:0 period:3033] from screen [on:0 period:884605705] score=60
07-06 00:00:33.550 D/InsetsController(21986): hide(ime(), fromIme=false)
07-06 00:00:33.551 I/ImeTracker(21986): com.huiyi.mockchat:5241198f: onCancelled at PHASE_CLIENT_ALREADY_HIDDEN
07-06 00:00:33.560 I/GoogleInputMethodService( 1395): GoogleInputMethodService.onFinishInput():2043 
07-06 00:00:33.565 I/Module  ( 1395): DeviceLockedStatusModuleProvider$Module.updateDeviceLockedStatus():100 repeatCheckTimes = 0, locked = false
07-06 00:00:33.569 I/ImeTracker(  715): system_server:3d661374: onRequestHide at ORIGIN_SERVER reason IME_REQUESTED_CHANGED_LISTENER fromUser false
07-06 00:00:33.573 I/GoogleInputMethodService( 1395): GoogleInputMethodService.onStartInput():1293 onStartInput(EditorInfo{EditorInfo{packageName=com.huiyi.mockchat, inputType=0, inputTypeString=NULL, enableLearning=false, autoCorrection=false, autoComplete=false, imeOptions=0, privateImeOptions=null, actionName=UNSPECIFIED, actionLabel=null, initialSelStart=-1, initialSelEnd=-1, initialCapsMode=0, label=null, fieldId=0, fieldName=null, extras=null, hintText=null, hintLocales=[]}}, false)
07-06 00:00:33.576 I/ImeTracker(  715): system_server:3d661374: onCancelled at PHASE_SERVER_SHOULD_HIDE
07-06 00:00:33.577 W/PackageConfigPersister(  715): App-specific configuration not found for packageName: com.huiyi.mockchat and userId: 0
07-06 00:00:33.586 I/Module  ( 1395): DeviceLockedStatusModuleProvider$Module.updateDeviceLockedStatus():100 repeatCheckTimes = 1, locked = false
07-06 00:00:33.624 W/com.huiyi.v4(21840): Cleared Reference was only reachable from finalizer (only reported once)
07-06 00:00:33.782 W/IPCThreadState(  630): Sending oneway calls to frozen process.
07-06 00:00:33.802 I/netd    (  488): tetherGetStats() -> {[]} <0.71ms>
07-06 00:00:33.804 W/WindowOnBackDispatcher(  972): sendCancelIfRunning: isInProgress=false callback=android.view.ViewRootImpl$$ExternalSyntheticLambda13@58cbe77
07-06 00:00:33.805 D/CoreBackPreview(  715): Window{47f933f u0 Splash Screen com.huiyi.mockchat EXITING}: Setting back callback null
07-06 00:00:34.159 D/BackgroundInstallControlService(  715): Package event received: 0
07-06 00:00:34.184 D/CompatChangeReporter(21840): Compat change id reported: 63938206; UID 10216; state: ENABLED
07-06 00:00:34.209 D/CoreBackPreview(  715): Window{cef00df u0 com.huiyi.v4}: Setting back callback OnBackInvokedCallbackInfo{mCallback=android.window.IOnBackInvokedCallback$Stub$Proxy@d86898a, mPriority=0, mIsAnimationCallback=false, mOverrideBehavior=0}
07-06 00:00:34.228 I/EGL_emulation(21840): Opening libGLESv1_CM_emulation.so
07-06 00:00:34.229 I/EGL_emulation(21840): Opening libGLESv2_emulation.so
07-06 00:00:34.243 W/HWUI    (21840): Failed to choose config with EGL_SWAP_BEHAVIOR_PRESERVED, retrying without...
07-06 00:00:34.243 W/HWUI    (21840): Failed to initialize 101010-2 format, error = EGL_SUCCESS
07-06 00:00:34.249 W/dumpsys (22045): Thread Pool max thread count is 0. Cannot cache binder as linkToDeath cannot be implemented. serviceName: window
07-06 00:00:34.256 I/system_server(  715): AssetManager2(0x79075aba10b8) locale list changing from [] to [en-US]
07-06 00:00:34.259 I/system_server(  715): AssetManager2(0x79075aba2ff8) locale list changing from [] to [en-US]
07-06 00:00:34.283 I/system_server(  715): AssetManager2(0x79075aba0438) locale list changing from [] to [en-US]
07-06 00:00:34.285 I/system_server(  715): AssetManager2(0x79075abcb3b8) locale list changing from [] to [en-US]
07-06 00:00:34.292 I/system_server(  715): AssetManager2(0x79075aba7af8) locale list changing from [] to [en-US]
07-06 00:00:34.294 I/system_server(  715): AssetManager2(0x79075aba5578) locale list changing from [] to [en-US]
07-06 00:00:34.428 E/TaskPersister(  715): File error accessing recents directory (directory doesn't exist?).
07-06 00:00:34.527 W/screencap(22052): Thread Pool max thread count is 0. Cannot cache binder as linkToDeath cannot be implemented. serviceName: SurfaceFlingerAIDL
07-06 00:00:34.528 W/BpBinder(22052): Linking to death on android.gui.ISurfaceComposer but there are no threads (yet?) listening to incoming transactions. See ProcessState::startThreadPool and ProcessState::setThreadPoolMaxThreadCount. Generally you should setup the binder threadpool before other initialization steps.
07-06 00:00:34.528 W/ProcessState(22052): Extra binder thread started, but 0 threads requested. Do not use *startThreadPool when zero threads are requested.
07-06 00:00:34.550 E/HwcComposer(  567): getLuts failed Status(-8, EX_SERVICE_SPECIFIC): '8: '
07-06 00:00:34.551 E/HWComposer(  567): getLuts: getLuts failed for display 4619827259835644672: UNSUPPORTED (8)
07-06 00:00:34.534 I/servicemanager(    0): Caller(pid=22052,uid=2000,sid=u:r:shell:s0) Found android.hardware.graphics.allocator.IAllocator/default in device VINTF manifest.
07-06 00:00:34.536 I/servicemanager(    0): Caller(pid=22052,uid=2000,sid=u:r:shell:s0) Found android.hardware.graphics.allocator.IAllocator/default in device VINTF manifest.
07-06 00:00:34.538 I/servicemanager(    0): Caller(pid=22052,uid=2000,sid=u:r:shell:s0) Found mapper/ranchu in device VINTF manifest.
07-06 00:00:34.605 W/NotificationHistory(  715): Attempted to add notif for locked/gone/disabled user 0
07-06 00:00:34.611 D/BackgroundInstallControlService(  715): Package event received: 0
07-06 00:00:34.613 I/NotificationListener( 1124): received notification posted event - android#UserHandle{0},category=-1
07-06 00:00:34.615 W/AiAiEcho( 1480): LyftNotificationParser Ridesharing ETA not enabled
07-06 00:00:34.615 I/AiAiEcho( 1480): SmartspaceNotificationPredictor no parser can handle this notification or notification is invalid
07-06 00:00:34.628 D/WindowManager(  715): captureDisplay
07-06 00:00:34.681 D/LocalImageResolver(  972): Couldn't use ImageDecoder for drawable, falling back to non-resized load.
07-06 00:00:34.697 D/LocalImageResolver(  972): Couldn't use ImageDecoder for drawable, falling back to non-resized load.
07-06 00:00:34.933 E/NotificationService(  715): Suppressing toast from package com.huiyi.v4 by user request.
07-06 00:00:34.940 I/FloatingBubbleService(21840): next_sentence_click_ack latencyMs=4 ackVisible=true
07-06 00:00:35.147 I/HuiyiRuntime(21840): dynamic_playbook_result sessionId=edf2a28a-3461-4788-ab9a-dc9c2a5e6a6e mode=NEXT_SENTENCE chatKey=com.huiyi.mockchat|mock:49b3c0f5 source=LOCAL_FALLBACK decisionSource=LOCAL_PLAYBOOK_FALLBACK_PASSIVE_NEXT lastSpeaker=OTHER decision=NORMAL_REPLY routeCount=5 latencyMs=51 cacheHit=false localFallbackUsed=true cloudRefreshRecommended=true
07-06 00:00:35.162 D/AndroidRuntime(22059): >>>>>> START com.android.internal.os.RuntimeInit uid 2000 <<<<<<
07-06 00:00:35.170 I/AndroidRuntime(22059): Using default boot image
07-06 00:00:35.170 I/AndroidRuntime(22059): Leaving lock profiling enabled
07-06 00:00:35.175 I/app_process(22059): Core platform API reporting enabled, enforcing=false
07-06 00:00:35.176 I/app_process(22059): Using CollectorTypeCMC GC.
07-06 00:00:35.204 W/AppOps  (  715): Noting op not finished: uid 10216 pkg com.huiyi.v4 code 24 startTime of in progress event=1783296034192
07-06 00:00:35.323 D/CoreBackPreview(  715): Window{f96e2b7 u0 com.huiyi.v4}: Setting back callback OnBackInvokedCallbackInfo{mCallback=android.window.IOnBackInvokedCallback$Stub$Proxy@e8bd742, mPriority=0, mIsAnimationCallback=false, mOverrideBehavior=0}
07-06 00:00:35.390 D/nativeloader(22059): InitDefaultPublicLibraries for_preload=1: libandroid.so:libaaudio.so:libamidi.so:libbinder_ndk.so:libc.so:libcamera2ndk.so:libdl.so:libEGL.so:libGLESv1_CM.so:libGLESv2.so:libGLESv3.so:libicu.so:libicui18n.so:libicuuc.so:libjnigraphics.so:liblog.so:libmediandk.so:libm.so:libnativehelper.so:libnativewindow.so:libOpenMAXAL.so:libOpenSLES.so:libRS.so:libstdc++.so:libsync.so:libvulkan.so:libwebviewchromium_plat_support.so:libz.so
07-06 00:00:35.409 D/nativeloader(22059): Load libicu_jni.so using APEX ns com_android_art for caller /apex/com.android.art/javalib/core-oj.jar: ok
07-06 00:00:35.409 D/app_process(22059): u_setTimeZoneFilesDirectory("/apex/com.android.tzdata/etc/tz/versioned/9/icu") succeeded. 
07-06 00:00:35.409 D/app_process(22059): I18n APEX ICU file found: /apex/com.android.i18n/etc/icu/icudt76l.dat
07-06 00:00:35.412 D/nativeloader(22059): Load libjavacore.so using APEX ns com_android_art for caller /apex/com.android.art/javalib/core-oj.jar: ok
07-06 00:00:35.414 D/nativeloader(22059): Load libopenjdk.so using APEX ns com_android_art for caller /apex/com.android.art/javalib/core-oj.jar: ok
07-06 00:00:35.416 W/app_process(22059): Unexpected CPU variant for x86: x86_64.
07-06 00:00:35.416 W/app_process(22059): Known variants: atom, sandybridge, silvermont, goldmont, goldmont-plus, goldmont-without-sha-xsaves, tremont, kabylake, alderlake, default
07-06 00:00:35.419 W/app_process(22059): ClassLoaderContext shared library size mismatch. Expected=2, found=0 (PCL[]{PCL[/system/framework/android.test.base.jar*2789897741]#PCL[/system/framework/android.test.mock.jar*3361312393]} | PCL[])
07-06 00:00:35.421 W/app_process(22059): ClassLoaderContext classpath size mismatch. expected=0, found=1 (PCL[]{PCL[/system/framework/android.test.runner.jar*895143020]#PCL[/system/framework/android.test.base.jar*2789897741]} | PCL[/system/framework/android.test.runner.jar*895143020])
07-06 00:00:35.453 D/nativeloader(22059): Load libframework-connectivity-tiramisu-jni.so using APEX ns com_android_tethering for caller /apex/com.android.tethering/javalib/framework-connectivity-t.jar: ok
07-06 00:00:35.456 D/AndroidRuntime(22059): Calling main entry com.android.commands.uiautomator.Launcher
07-06 00:00:35.476 I/AconfigPackage(22059): android.media.swcodec.flags is mapped to com.android.media.swcodec
07-06 00:00:35.480 I/AconfigPackage(22059): com.google.android.settings.simplemode.flags is mapped to system_ext
07-06 00:00:35.480 I/AconfigPackage(22059): com.google.android.systemui is mapped to system_ext
07-06 00:00:35.481 I/AconfigPackage(22059): com.google.android.apps.nexuslauncher is mapped to system_ext
07-06 00:00:35.481 I/AconfigPackage(22059): com.android.settings.accessibility is mapped to system_ext
07-06 00:00:35.481 I/AconfigPackage(22059): com.android.settings.flags is mapped to system_ext
07-06 00:00:35.481 I/AconfigPackage(22059): com.google.android.apps.miphone.aiai.matchmaker.overview.ui is mapped to system_ext
07-06 00:00:35.481 I/AconfigPackage(22059): com.google.android.settings.flags is mapped to system_ext
07-06 00:00:35.481 I/AconfigPackage(22059): com.android.launcher3 is mapped to system_ext
07-06 00:00:35.481 I/AconfigPackage(22059): com.android.wallpaper is mapped to system_ext
07-06 00:00:35.482 I/AconfigPackage(22059): com.android.settings.media_drm is mapped to system_ext
07-06 00:00:35.482 I/AconfigPackage(22059): com.android.systemui.accessibility.accessibilitymenu is mapped to system_ext
07-06 00:00:35.482 I/AconfigPackage(22059): com.android.settings.keyboard is mapped to system_ext
07-06 00:00:35.482 I/AconfigPackage(22059): com.android.server.policy.feature.flags is mapped to system_ext
07-06 00:00:35.483 I/AconfigPackage(22059): com.android.settings.factory_reset is mapped to system_ext
07-06 00:00:35.483 I/AconfigPackage(22059): com.google.android.haptics.flags is mapped to system_ext
07-06 00:00:35.483 I/AconfigPackage(22059): com.android.permission.flags is mapped to com.android.permission
07-06 00:00:35.484 I/AconfigPackage(22059): com.android.icu is mapped to com.android.i18n
07-06 00:00:35.484 I/AconfigPackage(22059): com.android.appsearch.flags is mapped to com.android.appsearch
07-06 00:00:35.486 I/AconfigPackage(22059): android.uprobestats.mainline.flags is mapped to com.android.uprobestats
07-06 00:00:35.487 I/AconfigPackage(22059): android.provider.flags is mapped to com.android.configinfrastructure
07-06 00:00:35.487 I/AconfigPackage(22059): com.android.server.deviceconfig is mapped to com.android.configinfrastructure
07-06 00:00:35.487 I/AconfigPackage(22059): com.android.nfc.flags is mapped to system
07-06 00:00:35.487 I/AconfigPackage(22059): android.app.admin.flags is mapped to system
07-06 00:00:35.487 I/AconfigPackage(22059): android.database.sqlite is mapped to system
07-06 00:00:35.487 I/AconfigPackage(22059): com.android.providers.calendar is mapped to system
07-06 00:00:35.487 I/AconfigPackage(22059): com.android.server.power.feature.flags is mapped to system
07-06 00:00:35.488 I/AconfigPackage(22059): com.android.media.performance.flags is mapped to system
07-06 00:00:35.488 I/AconfigPackage(22059): android.app.contextualsearch.flags is mapped to system
07-06 00:00:35.489 I/AconfigPackage(22059): android.app.ondeviceintelligence.flags is mapped to system
07-06 00:00:35.489 I/AconfigPackage(22059): com.android.media.projection.flags is mapped to system
07-06 00:00:35.489 I/AconfigPackage(22059): android.companion is mapped to system
07-06 00:00:35.489 I/AconfigPackage(22059): android.service.controls.flags is mapped to system
07-06 00:00:35.489 I/AconfigPackage(22059): com.android.text.flags is mapped to system
07-06 00:00:35.489 I/AconfigPackage(22059): com.android.providers.contactkeys.flags is mapped to system
07-06 00:00:35.490 I/AconfigPackage(22059): com.android.intentresolver is mapped to system
07-06 00:00:35.490 I/AconfigPackage(22059): android.companion.virtualdevice.flags is mapped to system
07-06 00:00:35.490 I/AconfigPackage(22059): android.uprobestats.flags is mapped to system
07-06 00:00:35.490 I/AconfigPackage(22059): com.android.net.thread.platform.flags is mapped to system
07-06 00:00:35.490 I/AconfigPackage(22059): android.view.contentprotection.flags is mapped to system
07-06 00:00:35.491 I/AconfigPackage(22059): com.android.server.dreams is mapped to system
07-06 00:00:35.491 I/AconfigPackage(22059): com.android.graphics.surfaceflinger.flags is mapped to system
07-06 00:00:35.491 I/AconfigPackage(22059): com.android.hardware.input is mapped to system
07-06 00:00:35.492 I/AconfigPackage(22059): android.sdk is mapped to system
07-06 00:00:35.492 I/AconfigPackage(22059): com.android.input.flags is mapped to system
07-06 00:00:35.492 I/AconfigPackage(22059): android.tracing is mapped to system
07-06 00:00:35.493 I/AconfigPackage(22059): com.android.server.biometrics is mapped to system
07-06 00:00:35.493 I/AconfigPackage(22059): android.view.contentcapture.flags is mapped to system
07-06 00:00:35.493 I/AconfigPackage(22059): android.app.job is mapped to system
07-06 00:00:35.493 I/AconfigPackage(22059): android.content.res is mapped to system
07-06 00:00:35.493 I/AconfigPackage(22059): android.net.platform.flags is mapped to system
07-06 00:00:35.493 I/AconfigPackage(22059): com.android.aconfig.flags is mapped to system
07-06 00:00:35.493 I/AconfigPackage(22059): com.android.graphics.flags is mapped to system
07-06 00:00:35.493 I/AconfigPackage(22059): android.server.app is mapped to system
07-06 00:00:35.493 I/AconfigPackage(22059): android.speech.flags is mapped to system
07-06 00:00:35.493 I/AconfigPackage(22059): com.android.server.stats is mapped to system
07-06 00:00:35.493 I/AconfigPackage(22059): android.hardware.biometrics is mapped to system
07-06 00:00:35.494 I/AconfigPackage(22059): android.car.feature is mapped to system
07-06 00:00:35.495 I/AconfigPackage(22059): android.adpf is mapped to system
07-06 00:00:35.495 I/AconfigPackage(22059): android.location.flags is mapped to system
07-06 00:00:35.495 I/AconfigPackage(22059): com.android.settingslib.flags is mapped to system
07-06 00:00:35.495 W/com.huiyi.v4(21840): Suspending all threads took: 11.218ms
07-06 00:00:35.495 I/AconfigPackage(22059): com.android.managedprovisioning.flags is mapped to system
07-06 00:00:35.499 I/AconfigPackage(22059): android.app.assist.flags is mapped to system
07-06 00:00:35.499 I/AconfigPackage(22059): com.android.server.net is mapped to system
07-06 00:00:35.499 I/AconfigPackage(22059): com.android.settingslib.widget.flags is mapped to system
07-06 00:00:35.500 I/AconfigPackage(22059): com.android.internal.camera.flags is mapped to system
07-06 00:00:35.501 I/AconfigPackage(22059): com.android.hardware.libsensor.flags is mapped to system
07-06 00:00:35.501 I/AconfigPackage(22059): com.android.internal.jank is mapped to system
07-06 00:00:35.501 I/AconfigPackage(22059): com.android.providers.settings is mapped to system
07-06 00:00:35.502 I/AconfigPackage(22059): android.multiuser is mapped to system
07-06 00:00:35.502 I/AconfigPackage(22059): com.android.server.power.optimization is mapped to system
07-06 00:00:35.506 I/AconfigPackage(22059): com.android.calllogbackup is mapped to system
07-06 00:00:35.507 I/AconfigPackage(22059): com.android.media.flags is mapped to system
07-06 00:00:35.507 I/AconfigPackage(22059): com.android.server.flags is mapped to system
07-06 00:00:35.508 I/AconfigPackage(22059): com.android.graphics.libvulkan.flags is mapped to system
07-06 00:00:35.508 I/AconfigPackage(22059): android.app.appfunctions.flags is mapped to system
07-06 00:00:35.508 I/AconfigPackage(22059): android.app.smartspace.flags is mapped to system
07-06 00:00:35.508 I/AconfigPackage(22059): com.android.providers.contacts.flags is mapped to system
07-06 00:00:35.508 I/AconfigPackage(22059): com.android.shell.flags is mapped to system
07-06 00:00:35.508 I/AconfigPackage(22059): com.android.media.aaudio is mapped to system
07-06 00:00:35.508 I/AconfigPackage(22059): android.hardware.radio is mapped to system
07-06 00:00:35.508 I/AconfigPackage(22059): com.google.wear.services.infra.flags is mapped to system
07-06 00:00:35.508 I/AconfigPackage(22059): suspend_service.flags is mapped to system
07-06 00:00:35.509 I/AconfigPackage(22059): android.media.midi is mapped to system
07-06 00:00:35.509 I/AconfigPackage(22059): com.android.libcore.readonly is mapped to system
07-06 00:00:35.509 I/AconfigPackage(22059): com.android.settingslib.widget.selectorwithwidgetpreference.flags is mapped to system
07-06 00:00:35.509 I/AconfigPackage(22059): android.service.notification is mapped to system
07-06 00:00:35.510 I/AconfigPackage(22059): com.android.systemui.shared is mapped to system
07-06 00:00:35.510 I/AconfigPackage(22059): android.app.jank is mapped to system
07-06 00:00:35.510 I/AconfigPackage(22059): android.app.wearable is mapped to system
07-06 00:00:35.511 I/AconfigPackage(22059): com.android.media.audio is mapped to system
07-06 00:00:35.512 I/AconfigPackage(22059): android.service.chooser is mapped to system
07-06 00:00:35.512 I/AconfigPackage(22059): com.android.server.compat is mapped to system
07-06 00:00:35.516 I/AconfigPackage(22059): com.android.server.alarm is mapped to system
07-06 00:00:35.516 I/AconfigPackage(22059): com.android.apex.flags is mapped to system
07-06 00:00:35.516 I/AconfigPackage(22059): android.service.quickaccesswallet is mapped to system
07-06 00:00:35.516 I/AconfigPackage(22059): android.app.usage is mapped to system
07-06 00:00:35.516 I/AconfigPackage(22059): com.android.server.accessibility is mapped to system
07-06 00:00:35.516 I/AconfigPackage(22059): android.app.supervision.flags is mapped to system
07-06 00:00:35.517 I/AconfigPackage(22059): com.android.server.utils is mapped to system
07-06 00:00:35.517 I/AconfigPackage(22059): android.chre.flags is mapped to system
07-06 00:00:35.517 I/AconfigPackage(22059): android.content.flags is mapped to system
07-06 00:00:35.517 I/AconfigPackage(22059): android.media.codec is mapped to system
07-06 00:00:35.517 I/AconfigPackage(22059): com.android.internal.os is mapped to system
07-06 00:00:35.517 I/AconfigPackage(22059): com.android.nfc.nci.flags is mapped to system
07-06 00:00:35.517 I/AconfigPackage(22059): android.app is mapped to system
07-06 00:00:35.518 I/AconfigPackage(22059): android.security.keystore2 is mapped to system
07-06 00:00:35.518 I/AconfigPackage(22059): android.crashrecovery.flags is mapped to system
07-06 00:00:35.519 I/AconfigPackage(22059): com.android.tradeinmode.flags is mapped to system
07-06 00:00:35.519 I/AconfigPackage(22059): android.hardware.flags is mapped to system
07-06 00:00:35.519 I/AconfigPackage(22059): com.android.server.telecom.flags is mapped to system
07-06 00:00:35.519 I/AconfigPackage(22059): com.android.settingslib.media.flags is mapped to system
07-06 00:00:35.519 I/AconfigPackage(22059): com.android.server.policy is mapped to system
07-06 00:00:35.519 I/AconfigPackage(22059): android.media.audiopolicy is mapped to system
07-06 00:00:35.519 I/AconfigPackage(22059): com.android.egg.flags is mapped to system
07-06 00:00:35.519 I/AconfigPackage(22059): com.android.internal.compat.flags is mapped to system
07-06 00:00:35.519 I/AconfigPackage(22059): android.security is mapped to system
07-06 00:00:35.519 I/AconfigPackage(22059): android.service.autofill is mapped to system
07-06 00:00:35.520 I/AconfigPackage(22059): com.example.android.aconfig.demo.flags is mapped to system
07-06 00:00:35.520 I/AconfigPackage(22059): android.view.flags is mapped to system
07-06 00:00:35.520 I/AconfigPackage(22059): android.companion.virtual.flags is mapped to system
07-06 00:00:35.520 I/AconfigPackage(22059): com.android.aconfig_new_storage is mapped to system
07-06 00:00:35.520 I/AconfigPackage(22059): com.android.server.feature.flags is mapped to system
07-06 00:00:35.520 I/AconfigPackage(22059): com.android.systemui is mapped to system
07-06 00:00:35.520 I/AconfigPackage(22059): com.android.server.power.batterysaver is mapped to system
07-06 00:00:35.520 I/AconfigPackage(22059): android.widget.flags is mapped to system
07-06 00:00:35.520 I/AconfigPackage(22059): com.android.media.editing.flags is mapped to system
07-06 00:00:35.520 I/AconfigPackage(22059): com.android.media.codec.flags is mapped to system
07-06 00:00:35.520 I/AconfigPackage(22059): com.android.server.powerstats is mapped to system
07-06 00:00:35.520 I/AconfigPackage(22059): com.android.graphics.egl.flags is mapped to system
07-06 00:00:35.520 I/AconfigPackage(22059): com.android.media.audioserver is mapped to system
07-06 00:00:35.521 I/AconfigPackage(22059): com.android.server.deviceidle is mapped to system
07-06 00:00:35.521 I/AconfigPackage(22059): android.nfc is mapped to system
07-06 00:00:35.521 I/AconfigPackage(22059): android.permission.flags is mapped to system
07-06 00:00:35.521 I/AconfigPackage(22059): android.service.voice.flags is mapped to system
07-06 00:00:35.521 I/AconfigPackage(22059): android.content.pm is mapped to system
07-06 00:00:35.521 I/AconfigPackage(22059): com.android.server.power.hint is mapped to system
07-06 00:00:35.521 I/AconfigPackage(22059): android.os is mapped to system
07-06 00:00:35.521 I/AconfigPackage(22059): android.service.dreams is mapped to system
07-06 00:00:35.521 I/AconfigPackage(22059): com.android.graphics.libgui.flags is mapped to system
07-06 00:00:35.521 I/AconfigPackage(22059): android.hardware.usb.flags is mapped to system
07-06 00:00:35.521 I/AconfigPackage(22059): android.provider is mapped to system
07-06 00:00:35.521 I/AconfigPackage(22059): com.android.server.job is mapped to system
07-06 00:00:35.521 I/AconfigPackage(22059): com.android.internal.foldables.flags is mapped to system
07-06 00:00:35.521 I/AconfigPackage(22059): com.android.internal.telephony.flags is mapped to system
07-06 00:00:35.524 I/AconfigPackage(22059): android.webkit is mapped to system
07-06 00:00:35.526 I/AconfigPackage(22059): android.credentials.flags is mapped to system
07-06 00:00:35.526 I/AconfigPackage(22059): com.android.server.display.feature.flags is mapped to system
07-06 00:00:35.527 I/AconfigPackage(22059): com.android.server.notification is mapped to system
07-06 00:00:35.527 I/AconfigPackage(22059): android.appwidget.flags is mapped to system
07-06 00:00:35.527 I/AconfigPackage(22059): com.android.frameworks.sensorservice.flags is mapped to system
07-06 00:00:35.528 I/AconfigPackage(22059): com.android.printspooler.flags is mapped to system
07-06 00:00:35.528 I/AconfigPackage(22059): com.android.window.flags is mapped to system
07-06 00:00:35.530 I/AconfigPackage(22059): android.adaptiveauth is mapped to system
07-06 00:00:35.530 I/AconfigPackage(22059): android.net.wifi.flags is mapped to system
07-06 00:00:35.531 I/AconfigPackage(22059): android.media.tv.flags is mapped to system
07-06 00:00:35.531 I/AconfigPackage(22059): com.android.server.usb.flags is mapped to system
07-06 00:00:35.531 I/AconfigPackage(22059): android.os.vibrator is mapped to system
07-06 00:00:35.531 I/AconfigPackage(22059): android.hardware.devicestate.feature.flags is mapped to system
07-06 00:00:35.531 I/AconfigPackage(22059): com.android.server.usage is mapped to system
07-06 00:00:35.531 I/AconfigPackage(22059): android.server is mapped to system
07-06 00:00:35.531 I/AconfigPackage(22059): com.android.wm.shell is mapped to system
07-06 00:00:35.531 I/AconfigPackage(22059): android.view.inputmethod is mapped to system
07-06 00:00:35.531 I/AconfigPackage(22059): com.android.graphics.hwui.flags is mapped to system
07-06 00:00:35.531 I/AconfigPackage(22059): com.android.server.backup is mapped to system
07-06 00:00:35.531 I/AconfigPackage(22059): com.android.internal.pm.pkg.component.flags is mapped to system
07-06 00:00:35.531 I/AconfigPackage(22059): android.view.accessibility is mapped to system
07-06 00:00:35.531 I/AconfigPackage(22059): com.google.wear.sdk is mapped to system
07-06 00:00:35.532 I/AconfigPackage(22059): android.media.audio is mapped to system
07-06 00:00:35.532 I/AconfigPackage(22059): com.android.server.am is mapped to system
07-06 00:00:35.532 I/AconfigPackage(22059): com.android.media.playback.flags is mapped to system
07-06 00:00:35.532 I/AconfigPackage(22059): com.android.art.flags is mapped to com.android.art
07-06 00:00:35.532 I/AconfigPackage(22059): com.android.libcore is mapped to com.android.art
07-06 00:00:35.532 I/AconfigPackage(22059): com.android.media.extractor.flags is mapped to com.android.media
07-06 00:00:35.533 I/AconfigPackage(22059): com.android.media.mainline.flags is mapped to com.android.media
07-06 00:00:35.534 I/AconfigPackage(22059): com.android.wifi.flags is mapped to com.android.wifi
07-06 00:00:35.539 I/AconfigPackage(22059): com.android.org.conscrypt.flags is mapped to com.android.conscrypt
07-06 00:00:35.540 I/AconfigPackage(22059): com.android.healthfitness.flags is mapped to com.android.healthfitness
07-06 00:00:35.541 I/AconfigPackage(22059): com.google.android.input.twoshay.flags is mapped to vendor
07-06 00:00:35.541 I/AconfigPackage(22059): libgooglecamerahal.flags is mapped to vendor
07-06 00:00:35.543 I/AconfigPackage(22059): com.android.ipsec.flags is mapped to com.android.ipsec
07-06 00:00:35.543 I/AconfigPackage(22059): com.android.nfc.module.flags is mapped to com.android.nfcservices
07-06 00:00:35.544 I/AconfigPackage(22059): com.android.adservices.ondevicepersonalization.flags is mapped to com.android.ondevicepersonalization
07-06 00:00:35.546 I/AconfigPackage(22059): com.android.bluetooth.flags is mapped to com.android.bt
07-06 00:00:35.547 I/AconfigPackage(22059): com.android.devicelock.flags is mapped to com.android.devicelock
07-06 00:00:35.548 I/AconfigPackage(22059): android.os.profiling is mapped to com.android.profiling
07-06 00:00:35.548 I/AconfigPackage(22059): com.android.os.statsd.flags is mapped to com.android.os.statsd
07-06 00:00:35.549 I/AconfigPackage(22059): com.android.cellbroadcastreceiver.flags is mapped to com.android.cellbroadcast
07-06 00:00:35.551 I/AconfigPackage(22059): com.android.adservices.flags is mapped to com.android.adservices
07-06 00:00:35.551 I/AconfigPackage(22059): com.android.sdksandbox.flags is mapped to com.android.adservices
07-06 00:00:35.553 I/AconfigPackage(22059): com.android.uwb.flags is mapped to com.android.uwb
07-06 00:00:35.555 I/AconfigPackage(22059): com.android.ranging.flags is mapped to com.android.uwb
07-06 00:00:35.556 I/AconfigPackage(22059): android.graphics.pdf.flags is mapped to com.android.mediaprovider
07-06 00:00:35.556 I/AconfigPackage(22059): com.android.providers.media.flags is mapped to com.android.mediaprovider
07-06 00:00:35.556 I/AconfigPackage(22059): android.graphics.pdf.flags.readonly is mapped to com.android.mediaprovider
07-06 00:00:35.557 I/AconfigPackage(22059): com.android.net.ct.flags is mapped to com.android.tethering
07-06 00:00:35.558 I/AconfigPackage(22059): com.android.net.flags is mapped to com.android.tethering
07-06 00:00:35.558 I/AconfigPackage(22059): android.net.vcn is mapped to com.android.tethering
07-06 00:00:35.558 I/AconfigPackage(22059): com.android.nearby.flags is mapped to com.android.tethering
07-06 00:00:35.559 I/AconfigPackage(22059): android.net.http is mapped to com.android.tethering
07-06 00:00:35.559 I/AconfigPackage(22059): com.android.net.thread.flags is mapped to com.android.tethering
07-06 00:00:35.559 I/AconfigPackage(22059): com.android.system.virtualmachine.flags is mapped to com.android.virt
07-06 00:00:35.561 E/FeatureFlagsImplExport(22059): android.os.flagging.AconfigStorageReadException: ERROR_PACKAGE_NOT_FOUND: package android.xr cannot be found on the device
07-06 00:00:35.568 I/resolv  (  488): GetAddrInfoHandler::run: {100 100 100 983140 10216 0}
07-06 00:00:35.572 I/resolv  (  488): res_nmkquery: (QUERY, IN, A)
07-06 00:00:35.572 D/UiAutomationConnection(22059): Created on user UserHandle{0}
07-06 00:00:35.573 I/resolv  (  488): resolv_cache_lookup: FOUND IN CACHE entry=0x7f750ca9b010
07-06 00:00:35.573 I/UiAutomation(22059): Initialized for user 0 on display 0
07-06 00:00:35.574 I/resolv  (  488): doQuery: rcode=0, ancount=2, return value=60
07-06 00:00:35.575 I/resolv  (  488): res_nmkquery: (QUERY, IN, AAAA)
07-06 00:00:35.575 I/resolv  (  488): resolv_cache_lookup: FOUND IN CACHE entry=0x7f740ca9b970
07-06 00:00:35.575 W/UiAutomation(22059): Created with deprecatead constructor, assumes DEFAULT_DISPLAY
07-06 00:00:35.576 I/resolv  (  488): doQuery: rcode=0, ancount=2, return value=84
07-06 00:00:35.577 D/AccessibilityManagerService(  715): changeCurrentUserForTestAutomationIfNeededLocked(0): ignoring because device doesn't support visible background users
07-06 00:00:35.578 I/UiAutomationManager(  715): Registering UiTestAutomationService (id=com.android.server.accessibility/UiAutomation, flags=0x0) when called by user 0
07-06 00:00:35.580 V/AccessibilityManagerService(  715): onUserStateChangedLocked for userId: 0, forceUpdate: false
07-06 00:00:35.591 W/MagnificationConnectionManager(  715): requestConnection duplicated request: connect=false, mConnectionState=DISCONNECTED
07-06 00:00:35.594 W/IPCThreadState(  715): Sending oneway calls to frozen process.
07-06 00:00:35.596 W/IPCThreadState(  715): Sending oneway calls to frozen process.
07-06 00:00:35.597 W/IPCThreadState(  715): Sending oneway calls to frozen process.
07-06 00:00:35.600 V/UiAutomation(22059): Init UiAutomation@324d83[id=624, displayId=0, flags=0]
07-06 00:00:35.600 W/IPCThreadState(  715): Sending oneway calls to frozen process.
07-06 00:00:35.603 D/AccessibilitySourceService( 1259): enabled a11y services count 1
07-06 00:00:35.603 W/IPCThreadState(  715): Sending oneway calls to frozen process.
07-06 00:00:35.603 W/IPCThreadState(  715): Sending oneway calls to frozen process.
