--------- beginning of system
07-05 08:33:32.111 I/ActivityManager(  715): Force stopping com.huiyi.mockchat appid=10217 user=0: from pid 18561
07-05 08:33:32.114 I/AppsFilter(  715): interaction: PackageSetting{82e8969 com.android.microdroid.empty_payload/10212} -> PackageSetting{28c8ff3 com.huiyi.mockchat/10217} BLOCKED
07-05 08:33:32.114 I/AppsFilter(  715): interaction: PackageSetting{79aefed com.huiyi.v4/10216} -> PackageSetting{28c8ff3 com.huiyi.mockchat/10217} BLOCKED
--------- beginning of main
07-05 08:33:32.116 D/CarrierSvcBindHelper( 1112): onHandleForceStop: [com.huiyi.mockchat]
07-05 08:33:32.118 I/AppWidgetServiceImpl(  715): Received broadcast: android.intent.action.PACKAGE_RESTARTED on user 0
07-05 08:33:32.118 I/AppWidgetServiceImpl(  715): Updating package stopped masked state for uid 10217 package com.huiyi.mockchat isStopped true
07-05 08:33:32.121 D/CarrierSvcBindHelper( 1112): No carrier app for: 0
07-05 08:33:32.438 W/ActivityTaskManager(  715): callingPackage for (uid=2000, pid=18566) has no WPC
07-05 08:33:32.440 V/GrammaticalInflectionUtils(  715): AttributionSource: AttributionSource { uid = 10217, packageName = null, attributionTag = null, token = android.os.Binder@2b6457c, deviceId = 0, next = null } does not have READ_SYSTEM_GRAMMATICAL_GENDER permission.
07-05 08:33:32.440 W/OptProp (  715): Cannot read opt property android.window.PROPERTY_COMPAT_ALLOW_USER_ASPECT_RATIO_OVERRIDE
07-05 08:33:32.440 W/OptProp (  715): Cannot read opt property android.window.PROPERTY_COMPAT_ALLOW_USER_ASPECT_RATIO_FULLSCREEN_OVERRIDE
07-05 08:33:32.440 W/OptProp (  715): Cannot read opt property android.window.PROPERTY_COMPAT_ALLOW_RESIZEABLE_ACTIVITY_OVERRIDES
07-05 08:33:32.441 W/OptProp (  715): Cannot read opt property android.window.PROPERTY_COMPAT_ALLOW_MIN_ASPECT_RATIO_OVERRIDE
07-05 08:33:32.444 W/OptProp (  715): Cannot read opt property android.window.PROPERTY_COMPAT_ALLOW_ORIENTATION_OVERRIDE
07-05 08:33:32.445 I/BpBinder(  567): onLastStrongRef automatically unlinking death recipients: 
07-05 08:33:32.446 V/SplashScreenExceptionList(  715): SplashScreen checking exception for package com.huiyi.mockchat (target sdk:35) -> false
07-05 08:33:32.448 I/ndroid.systemui(  972): AssetManager2(0x79075ab2c718) locale list changing from [] to [en-US]
07-05 08:33:32.449 I/ActivityTaskManager(  715): START u0 {flg=0x10000000 xflg=0x5 cmp=com.huiyi.mockchat/.MainActivity (has extras)} with LAUNCH_MULTIPLE from uid 2000 (BAL_ALLOW_PERMISSION) result code=0
07-05 08:33:32.450 D/CompatChangeReporter(  715): Compat change id reported: 309578419; UID 10217; state: ENABLED
07-05 08:33:32.450 V/WindowManagerShell(  972): Transition requested (#171): android.os.BinderProxy@9983db4 TransitionRequestInfo { type = OPEN, triggerTask = TaskInfo{userId=0 taskId=193 effectiveUid=10217 displayId=0 isRunning=true baseIntent=Intent { flg=0x10000000 cmp=com.huiyi.mockchat/.MainActivity } baseActivity=ComponentInfo{com.huiyi.mockchat/com.huiyi.mockchat.MainActivity} topActivity=ComponentInfo{com.huiyi.mockchat/com.huiyi.mockchat.MainActivity} origActivity=null realActivity=ComponentInfo{com.huiyi.mockchat/com.huiyi.mockchat.MainActivity} numActivities=1 lastActiveTime=17005001 supportsMultiWindow=true resizeMode=1 isResizeable=true minWidth=-1 minHeight=-1 defaultMinSize=220 token=WCT{android.window.IWindowContainerToken$Stub$Proxy@5d74ddd} topActivityType=1 pictureInPictureParams=null shouldDockBigOverlays=false launchIntoPipHostTaskId=-1 lastParentTaskIdBeforePip=-1 displayCutoutSafeInsets=Rect(0, 0 - 0, 0) topActivityInfo=ActivityInfo{c53ad52 com.huiyi.mockchat.MainActivity} launchCookies=[] positionInParent=Point(0, 0) parentTaskId=-1 isFocused=false isVisible=false isVisibleRequested=false isTopActivityNoDisplay=false isSleeping=false locusId=null displayAreaFeatureId=1 isTopActivityTransparent=false isActivityStackTransparent=false lastNonFullscreenBounds=Rect(286, 664 - 798, 1748) capturedLink=null capturedLinkTimestamp=0 requestedVisibleTypes=-9 topActivityRequestOpenInBrowserEducationTimestamp=0 appCompatTaskInfo=AppCompatTaskInfo { topActivityInSizeCompat=false eligibleForLetterboxEducation= false isLetterboxEducationEnabled= true isLetterboxDoubleTapEnabled= false eligibleForUserAspectRatioButton= false topActivityBoundsLetterboxed= false isFromLetterboxDoubleTap= false topActivityLetterboxVerticalPosition= -1 topActivityLetterboxHorizontalPosition= -1 topActivityLetterboxWidth=-1 topActivityLetterboxHeight=-1 topActivityAppBounds=Rect(0, 0 - 1084, 2412) isUserFullscreenOverrideEnabled=false isSystemFullscreenOverrideEnabled=false hasMinAspectRatioOverride=false topActivityLetterboxBounds=null cameraCompatTaskInfo=CameraCompatTaskInfo { freeformCameraCompatMode=inactive}} topActivityMainWindowFrame=null}, pipChange = null, remoteTransition = null, displayChange = null, flags = 0, debugId = 171 }
07-05 08:33:32.450 D/ShellSplitScreen(  972): logExit: no-op, mLoggerSessionId is null
07-05 08:33:32.455 W/HWUI    (  972): Image decoding logging dropped!
07-05 08:33:32.455 V/GrammaticalInflectionUtils(  715): AttributionSource: AttributionSource { uid = 10217, packageName = null, attributionTag = null, token = android.os.Binder@2b6457c, deviceId = 0, next = null } does not have READ_SYSTEM_GRAMMATICAL_GENDER permission.
07-05 08:33:32.459 D/SplashScreenView(  972): Build android.window.SplashScreenView{5a07be4 V.E...... ......ID 0,0-0,0}
07-05 08:33:32.459 D/SplashScreenView(  972): Icon: view: android.widget.ImageView{16c684d V.ED..... ......I. 0,0-0,0 #1020542 android:id/splashscreen_icon_view} drawable: com.android.wm.shell.startingsurface.SplashscreenIconDrawableFactory$ImmobileIconDrawable@b7e0f02 size: 395
07-05 08:33:32.459 D/SplashScreenView(  972): Branding: view: android.view.View{acb3013 G.ED..... ......I. 0,0-0,0 #1020541 android:id/splashscreen_branding_view} drawable: null size w: 0 h: 0
07-05 08:33:32.459 W/SplitSelectStateCtor( 1124): Missing session instanceIds
07-05 08:33:32.459 D/StatsLog( 1124): LAUNCHER_SPLIT_SELECTION_EXIT_INTERRUPTED
07-05 08:33:32.462 I/AppsFilter(  715): interaction: PackageSetting{82e8969 com.android.microdroid.empty_payload/10212} -> PackageSetting{f80f036 com.huiyi.mockchat/10217} BLOCKED
07-05 08:33:32.463 I/AppsFilter(  715): interaction: PackageSetting{79aefed com.huiyi.v4/10216} -> PackageSetting{f80f036 com.huiyi.mockchat/10217} BLOCKED
07-05 08:33:32.466 I/BpBinder(  567): onLastStrongRef automatically unlinking death recipients: 
07-05 08:33:32.467 D/BackgroundInstallControlService(  715): Package event received: 0
07-05 08:33:32.469 W/IPCThreadState(  630): Sending oneway calls to frozen process.
07-05 08:33:32.472 D/WindowManagerShell(  972): setLauncherKeepClearAreaHeight: visible=false, height=497
07-05 08:33:32.475 D/CoreBackPreview(  715): Window{d55c76a u0 Splash Screen com.huiyi.mockchat}: Setting back callback OnBackInvokedCallbackInfo{mCallback=android.window.IOnBackInvokedCallback$Stub$Proxy@7f3a60d, mPriority=0, mIsAnimationCallback=false, mOverrideBehavior=0}
07-05 08:33:32.476 D/Zygote  (  491): Forked child process 18569
07-05 08:33:32.480 I/AppWidgetServiceImpl(  715): Received broadcast: android.intent.action.PACKAGE_UNSTOPPED on user 0
07-05 08:33:32.481 I/AppWidgetServiceImpl(  715): Updating package stopped masked state for uid 10217 package com.huiyi.mockchat isStopped false
07-05 08:33:32.481 I/netd    (  488): tetherGetStats() -> {[]} <1.53ms>
07-05 08:33:32.494 I/.huiyi.mockchat(18569): Late-enabling -Xcheck:jni
07-05 08:33:32.503 I/ActivityManager(  715): Start proc 18569:com.huiyi.mockchat/u0a217 for next-top-activity {com.huiyi.mockchat/com.huiyi.mockchat.MainActivity}
07-05 08:33:32.505 I/ActivityManager(  715): ProcessObserver broadcast disabled
07-05 08:33:32.545 I/.huiyi.mockchat(18569): Using CollectorTypeCMC GC.
07-05 08:33:32.546 W/.huiyi.mockchat(18569): Unexpected CPU variant for x86: x86_64.
07-05 08:33:32.546 W/.huiyi.mockchat(18569): Known variants: atom, sandybridge, silvermont, goldmont, goldmont-plus, goldmont-without-sha-xsaves, tremont, kabylake, alderlake, default
07-05 08:33:32.565 V/WindowManager(  715): Sent Transition (#171) createdAt=07-05 08:33:32.441 via request=TransitionRequestInfo { type = OPEN, triggerTask = TaskInfo{userId=0 taskId=193 effectiveUid=10217 displayId=0 isRunning=true baseIntent=Intent { flg=0x10000000 cmp=com.huiyi.mockchat/.MainActivity } baseActivity=ComponentInfo{com.huiyi.mockchat/com.huiyi.mockchat.MainActivity} topActivity=ComponentInfo{com.huiyi.mockchat/com.huiyi.mockchat.MainActivity} origActivity=null realActivity=ComponentInfo{com.huiyi.mockchat/com.huiyi.mockchat.MainActivity} numActivities=1 lastActiveTime=17005001 supportsMultiWindow=true resizeMode=1 isResizeable=true minWidth=-1 minHeight=-1 defaultMinSize=220 token=WCT{RemoteToken{5a31a4b Task{ea3d35e #193 type=standard A=10217:com.huiyi.mockchat}}} topActivityType=1 pictureInPictureParams=null shouldDockBigOverlays=false launchIntoPipHostTaskId=-1 lastParentTaskIdBeforePip=-1 displayCutoutSafeInsets=Rect(0, 0 - 0, 0) topActivityInfo=ActivityInfo{143d2e6 com.huiyi.mockchat.MainActivity} launchCookies=[] positionInParent=Point(0, 0) parentTaskId=-1 isFocused=false isVisible=false isVisibleRequested=false isTopActivityNoDisplay=false isSleeping=false locusId=null displayAreaFeatureId=1 isTopActivityTransparent=false isActivityStackTransparent=false lastNonFullscreenBounds=Rect(286, 664 - 798, 1748) capturedLink=null capturedLinkTimestamp=0 requestedVisibleTypes=-9 topActivityRequestOpenInBrowserEducationTimestamp=0 appCompatTaskInfo=AppCompatTaskInfo { topActivityInSizeCompat=false eligibleForLetterboxEducation= false isLetterboxEducationEnabled= true isLetterboxDoubleTapEnabled= false eligibleForUserAspectRatioButton= false topActivityBoundsLetterboxed= false isFromLetterboxDoubleTap= false topActivityLetterboxVerticalPosition= -1 topActivityLetterboxHorizontalPosition= -1 topActivityLetterboxWidth=-1 topActivityLetterboxHeight=-1 topActivityAppBounds=Rect(0, 0 - 1084, 2412) isUserFullscreenOverrideEnabled=false isSystemFullscreenOverrideEnabled=false hasMinAspectRatioOverride=false topActivityLetterboxBounds=null cameraCompatTaskInfo=CameraCompatTaskInfo { freeformCameraCompatMode=inactive}} topActivityMainWindowFrame=null}, pipChange = null, remoteTransition = null, displayChange = null, flags = 0, debugId = 171 }
07-05 08:33:32.565 V/WindowManager(  715):     startWCT=WindowContainerTransaction { changes= {} hops= [] errorCallbackToken=null taskFragmentOrganizer=null }
07-05 08:33:32.568 V/WindowManager(  715):     info={id=171 t=OPEN f=0x0 trk=0 r=[0@Point(0, 0)] c=[
07-05 08:33:32.568 V/WindowManager(  715):         {WCT{RemoteToken{5a31a4b Task{ea3d35e #193 type=standard A=10217:com.huiyi.mockchat}}} m=OPEN f=NONE leash=Surface(name=Task=193)/@0xd6489c5 sb=Rect(0, 0 - 1084, 2412) eb=Rect(0, 0 - 1084, 2412) epz=Point(1084, 2412) d=0 taskParent=-1},
07-05 08:33:32.568 V/WindowManager(  715):         {WCT{RemoteToken{ba7d2de Task{f5e704d #1 type=home}}} m=TO_BACK f=SHOW_WALLPAPER leash=Surface(name=Task=1)/@0x55c111d sb=Rect(0, 0 - 1084, 2412) eb=Rect(0, 0 - 1084, 2412) epz=Point(1084, 2412) d=0 taskParent=-1},
07-05 08:33:32.568 V/WindowManager(  715):         {m=TO_BACK f=IS_WALLPAPER leash=Surface(name=WallpaperWindowToken{d6cca47 showWhenLocked=false})/@0x17505f4 sb=Rect(0, 0 - 1084, 2412) eb=Rect(0, 0 - 1084, 2412) epz=Point(1084, 2412) d=0}
07-05 08:33:32.568 V/WindowManager(  715):     ]}
07-05 08:33:32.569 V/WindowManagerShell(  972): onTransitionReady(transaction=3070901628996)
07-05 08:33:32.572 V/WindowManagerShell(  972): onTransitionReady (#171) android.os.BinderProxy@9983db4: {id=171 t=OPEN f=0x0 trk=0 r=[0@Point(0, 0)] c=[
07-05 08:33:32.572 V/WindowManagerShell(  972):         {m=OPEN f=NONE leash=Surface(name=Task=193)/@0x10ca614 sb=Rect(0, 0 - 1084, 2412) eb=Rect(0, 0 - 1084, 2412) epz=Point(1084, 2412) d=0 taskParent=-1},
07-05 08:33:32.572 V/WindowManagerShell(  972):         {m=TO_BACK f=SHOW_WALLPAPER leash=Surface(name=Task=1)/@0x474febd sb=Rect(0, 0 - 1084, 2412) eb=Rect(0, 0 - 1084, 2412) epz=Point(1084, 2412) d=0 taskParent=-1},
07-05 08:33:32.572 V/WindowManagerShell(  972):         {m=TO_BACK f=IS_WALLPAPER leash=Surface(name=WallpaperWindowToken{d6cca47 showWhenLocked=false})/@0xe9c3cb2 sb=Rect(0, 0 - 1084, 2412) eb=Rect(0, 0 - 1084, 2412) epz=Point(1084, 2412) d=0}
07-05 08:33:32.572 V/WindowManagerShell(  972):     ]}
07-05 08:33:32.576 V/WindowManagerShell(  972): Playing animation for (#171) android.os.BinderProxy@9983db4@0
07-05 08:33:32.576 V/ShellRecents(  972): RecentsTransitionHandler.startAnimation: no controller found
07-05 08:33:32.576 V/WindowManagerShell(  972): Transition doesn't have explicit remote, search filters for match for {id=171 t=OPEN f=0x0 trk=0 r=[0@Point(0, 0)] c=[{m=OPEN f=NONE leash=Surface(name=Task=193)/@0x10ca614 sb=Rect(0, 0 - 1084, 2412) eb=Rect(0, 0 - 1084, 2412) epz=Point(1084, 2412) d=0 taskParent=-1},{m=TO_BACK f=SHOW_WALLPAPER leash=Surface(name=Task=1)/@0x474febd sb=Rect(0, 0 - 1084, 2412) eb=Rect(0, 0 - 1084, 2412) epz=Point(1084, 2412) d=0 taskParent=-1},{m=TO_BACK f=IS_WALLPAPER leash=Surface(name=WallpaperWindowToken{d6cca47 showWhenLocked=false})/@0xe9c3cb2 sb=Rect(0, 0 - 1084, 2412) eb=Rect(0, 0 - 1084, 2412) epz=Point(1084, 2412) d=0}]}
07-05 08:33:32.591 I/adbd    (  576): jdwp connection from 18569
07-05 08:33:32.594 V/WindowManagerShell(  972):  Checking filter Pair{{types=[] flags=0x0] notFlags=0x0 checks=[{atype=undefined independent=true modes=[CLOSE,TO_BACK] flags=IN_TASK_WITH_EMBEDDED_ACTIVITY mustBeTask=false order=ANY topActivity=null launchCookie=null taskFragmentToken=android.os.BinderProxy@9757ff windowingMode=undefined}]} RemoteTransition { remoteTransition = android.window.IRemoteTransition$Stub$Proxy@b7a59cc, appThread = android.app.IApplicationThread$Stub$Proxy@a3c9415, debugName = overlayBackTransition }}
07-05 08:33:32.594 V/WindowManagerShell(  972):  Checking filter Pair{{types=[] flags=0x0] notFlags=0x0 checks=[{atype=dream independent=true modes=[OPEN,TO_FRONT] flags=NONE mustBeTask=false order=ANY topActivity=null launchCookie=null windowingMode=undefined},{atype=home independent=true modes=[CLOSE,TO_BACK] flags=NONE mustBeTask=false order=ANY topActivity=null launchCookie=null windowingMode=undefined}]} RemoteTransition { remoteTransition = android.window.IRemoteTransition$Stub$Proxy@e27a32a, appThread = android.app.IApplicationThread$Stub$Proxy@713751b, debugName = LauncherToDream }}
07-05 08:33:32.600 D/nativeloader(18569): Load libframework-connectivity-tiramisu-jni.so using APEX ns com_android_tethering for caller /apex/com.android.tethering/javalib/framework-connectivity-t.jar: ok
07-05 08:33:32.612 V/WindowManagerShell(  972):  Checking filter Pair{{types=[] flags=0x0] notFlags=0x100 checks=[{atype=home independent=true modes=[OPEN,TO_FRONT] flags=NONE mustBeTask=false order=TOP topActivity=ComponentInfo{com.google.android.apps.nexuslauncher/com.google.android.apps.nexuslauncher.NexusLauncherActivity} launchCookie=null windowingMode=undefined},{atype=standard independent=true modes=[CLOSE,TO_BACK] flags=NONE mustBeTask=false order=ANY topActivity=null launchCookie=null windowingMode=undefined},{NOT atype=undefined independent=true modes=[] flags=NONE mustBeTask=true order=ANY topActivity=null launchCookie=null customAnim=true windowingMode=undefined}]} RemoteTransition { remoteTransition = android.window.IRemoteTransition$Stub$Proxy@ed946b8, appThread = android.app.IApplicationThread$Stub$Proxy@5f5c91, debugName = QuickstepLaunchHome }}
07-05 08:33:32.613 V/WindowManagerShell(  972):  Delegate animation for (#171) to null
07-05 08:33:32.613 V/WindowManagerShell(  972): start default transition animation, info = {id=171 t=OPEN f=0x0 trk=0 r=[0@Point(0, 0)] c=[{m=OPEN f=NONE leash=Surface(name=Task=193)/@0x10ca614 sb=Rect(0, 0 - 1084, 2412) eb=Rect(0, 0 - 1084, 2412) epz=Point(1084, 2412) d=0 taskParent=-1},{m=TO_BACK f=SHOW_WALLPAPER leash=Surface(name=Task=1)/@0x474febd sb=Rect(0, 0 - 1084, 2412) eb=Rect(0, 0 - 1084, 2412) epz=Point(1084, 2412) d=0 taskParent=-1},{m=TO_BACK f=IS_WALLPAPER leash=Surface(name=WallpaperWindowToken{d6cca47 showWhenLocked=false})/@0xe9c3cb2 sb=Rect(0, 0 - 1084, 2412) eb=Rect(0, 0 - 1084, 2412) epz=Point(1084, 2412) d=0}]}
07-05 08:33:32.613 V/WindowManagerShell(  972): loadAnimation: anim=android.view.animation.AnimationSet@faea3ac animAttr=0x13 type=OPEN isEntrance=false
07-05 08:33:32.614 V/WindowManagerShell(  972): loadAnimation: anim=android.view.animation.AnimationSet@6424875 animAttr=0x12 type=OPEN isEntrance=true
07-05 08:33:32.616 V/WindowManagerShell(  972):  animated by com.android.wm.shell.transition.DefaultTransitionHandler@a9e94ad
07-05 08:33:32.621 D/BackgroundInstallControlService(  715): Package event received: 0
07-05 08:33:32.634 W/Looper  (  972): Slow dispatch took 44ms wmshell.main app=com.android.systemui main=false group=TOP_APP h=android.os.Handler c=com.android.wm.shell.transition.Transitions$TransitionPlayerImpl$$ExternalSyntheticLambda0@bcab00a m=0
07-05 08:33:32.636 W/Looper  (  972): Slow delivery took 63ms wmshell.main app=com.android.systemui main=false group=TOP_APP h=android.os.Handler c=android.window.TaskOrganizer$1$$ExternalSyntheticLambda7@8ac307b m=0
07-05 08:33:32.674 W/Looper  (  972): Drained
07-05 08:33:32.681 W/HWUI    (  715): Image decoding logging dropped!
07-05 08:33:32.742 D/AndroidRuntime(18571): >>>>>> START com.android.internal.os.RuntimeInit uid 2000 <<<<<<
07-05 08:33:32.744 W/HWUI    (  715): Failed to choose config with EGL_SWAP_BEHAVIOR_PRESERVED, retrying without...
07-05 08:33:32.746 W/HWUI    (  715): Failed to initialize 101010-2 format, error = EGL_SUCCESS
07-05 08:33:32.751 I/AndroidRuntime(18571): Using default boot image
07-05 08:33:32.751 I/AndroidRuntime(18571): Leaving lock profiling enabled
07-05 08:33:32.754 I/app_process(18571): Core platform API reporting enabled, enforcing=false
07-05 08:33:32.756 I/app_process(18571): Using CollectorTypeCMC GC.
07-05 08:33:32.847 D/nativeloader(18569): Configuring clns-9 for other apk /data/app/~~kkT4OD1gOHXaEBrFZqA9SA==/com.huiyi.mockchat-PUlU3ziLxOUID27dRwuW6Q==/base.apk. target_sdk_version=35, uses_libraries=, library_path=/data/app/~~kkT4OD1gOHXaEBrFZqA9SA==/com.huiyi.mockchat-PUlU3ziLxOUID27dRwuW6Q==/lib/x86_64:/data/app/~~kkT4OD1gOHXaEBrFZqA9SA==/com.huiyi.mockchat-PUlU3ziLxOUID27dRwuW6Q==/base.apk!/lib/x86_64, permitted_path=/data:/mnt/expand:/data/user/0/com.huiyi.mockchat
07-05 08:33:32.854 D/CompatChangeReporter(18569): Compat change id reported: 202956589; UID 10217; state: ENABLED
07-05 08:33:32.863 I/.huiyi.mockchat(18569): AssetManager2(0x79075aad2fd8) locale list changing from [] to [en-US]
07-05 08:33:32.877 V/GraphicsEnvironment(18569): Currently set values for:
07-05 08:33:32.878 V/GraphicsEnvironment(18569):   angle_gl_driver_selection_pkgs=[]
07-05 08:33:32.878 V/GraphicsEnvironment(18569):   angle_gl_driver_selection_values=[]
07-05 08:33:32.879 V/GraphicsEnvironment(18569): com.huiyi.mockchat is not listed in per-application setting
07-05 08:33:32.879 V/GraphicsEnvironment(18569): ANGLE allowlist from config: com.dreamgames.royalmatch com.dts.freefiremax com.dxx.firenow com.gramgames.mergedragons com.ludo.king com.mojang.minecraftpe com.my.defense com.nintendo.zaka com.os.airforce com.playrix.fishdomdd.gplay io.teslatech.callbreak jp.konami.prospia net.peakgames.toonblast
07-05 08:33:32.880 V/GraphicsEnvironment(18569): com.huiyi.mockchat is not listed in ANGLE allowlist or settings, returning default
07-05 08:33:32.880 V/GraphicsEnvironment(18569): Neither updatable production driver nor prerelease driver is supported.
07-05 08:33:32.925 V/WindowManagerShell(  972): Transition animation finished (aborted=false), notifying core (#171) android.os.BinderProxy@9983db4@0
07-05 08:33:32.929 V/WindowManager(  715): Finish Transition (#171): created at 07-05 08:33:32.441 collect-started=0.058ms request-sent=6.922ms started=11.711ms ready=118.989ms sent=122.7ms commit=53.51ms finished=486.951ms
07-05 08:33:32.934 V/WindowManagerShell(  972): Track 0 became idle
07-05 08:33:32.934 V/WindowManagerShell(  972): All active transition animations finished
07-05 08:33:32.935 D/VRI[NexusLauncherActivity]( 1124): visibilityChanged oldVisibility=true newVisibility=false
07-05 08:33:32.937 D/NexusLauncherModelDelegate( 1124): notifySmartspaceEvent: SmartspaceTargetEvent{mSmartspaceTarget=null, mSmartspaceActionId='null', mEventType=7}
07-05 08:33:32.957 D/CompatChangeReporter(18569): Compat change id reported: 279646685; UID 10217; state: ENABLED
07-05 08:33:32.990 W/OptProp (  715): Cannot read opt property android.window.PROPERTY_COMPAT_ENABLE_FAKE_FOCUS
07-05 08:33:32.991 D/CompatChangeReporter(  715): Compat change id reported: 324203798; UID 10217; state: ENABLED
07-05 08:33:32.995 W/AccessibilityManagerService(  715):  wait for adding window timeout: 614
07-05 08:33:33.003 D/BackgroundInstallControlService(  715): Package event received: 0
07-05 08:33:33.003 D/BackgroundInstallControlService(  715): Package event received: 0
07-05 08:33:33.013 I/.huiyi.mockchat(18569): AssetManager2(0x79075aadacd8) locale list changing from [] to [en-US]
07-05 08:33:33.017 I/DisplayManager(18569): Choreographer implicitly registered for the refresh rate.
07-05 08:33:33.142 I/EGL_emulation(18569): Opening libGLESv1_CM_emulation.so
07-05 08:33:33.144 I/EGL_emulation(18569): Opening libGLESv2_emulation.so
07-05 08:33:33.195 E/ashmem  (18569): Pinning is deprecated since Android Q. Please use trim or other methods.
07-05 08:33:33.204 W/HWUI    (18569): Failed to choose config with EGL_SWAP_BEHAVIOR_PRESERVED, retrying without...
07-05 08:33:33.204 W/HWUI    (18569): Failed to initialize 101010-2 format, error = EGL_SUCCESS
07-05 08:33:33.228 D/CompatChangeReporter(18569): Compat change id reported: 309578419; UID 10217; state: ENABLED
07-05 08:33:33.231 D/DesktopModeFlags(18569): Toggle override initialized to: OVERRIDE_UNSET
07-05 08:33:33.236 D/wpa_supplicant(  960): nl80211: Drv Event 64 (NL80211_CMD_NOTIFY_CQM) received for wlan0
07-05 08:33:33.236 D/wpa_supplicant(  960): nl80211: Beacon loss event
07-05 08:33:33.236 D/wpa_supplicant(  960): wlan0: Event BEACON_LOSS (53) received
07-05 08:33:33.237 I/wpa_supplicant(  960): wlan0: CTRL-EVENT-BEACON-LOSS 
07-05 08:33:33.247 D/nativeloader(18571): InitDefaultPublicLibraries for_preload=1: libandroid.so:libaaudio.so:libamidi.so:libbinder_ndk.so:libc.so:libcamera2ndk.so:libdl.so:libEGL.so:libGLESv1_CM.so:libGLESv2.so:libGLESv3.so:libicu.so:libicui18n.so:libicuuc.so:libjnigraphics.so:liblog.so:libmediandk.so:libm.so:libnativehelper.so:libnativewindow.so:libOpenMAXAL.so:libOpenSLES.so:libRS.so:libstdc++.so:libsync.so:libvulkan.so:libwebviewchromium_plat_support.so:libz.so
07-05 08:33:33.258 D/nativeloader(18571): Load libicu_jni.so using APEX ns com_android_art for caller /apex/com.android.art/javalib/core-oj.jar: ok
07-05 08:33:33.258 D/app_process(18571): u_setTimeZoneFilesDirectory("/apex/com.android.tzdata/etc/tz/versioned/9/icu") succeeded. 
07-05 08:33:33.258 D/app_process(18571): I18n APEX ICU file found: /apex/com.android.i18n/etc/icu/icudt76l.dat
07-05 08:33:33.259 D/nativeloader(18571): Load libjavacore.so using APEX ns com_android_art for caller /apex/com.android.art/javalib/core-oj.jar: ok
07-05 08:33:33.261 D/nativeloader(18571): Load libopenjdk.so using APEX ns com_android_art for caller /apex/com.android.art/javalib/core-oj.jar: ok
07-05 08:33:33.262 W/app_process(18571): Unexpected CPU variant for x86: x86_64.
07-05 08:33:33.262 W/app_process(18571): Known variants: atom, sandybridge, silvermont, goldmont, goldmont-plus, goldmont-without-sha-xsaves, tremont, kabylake, alderlake, default
07-05 08:33:33.264 W/app_process(18571): ClassLoaderContext shared library size mismatch. Expected=2, found=0 (PCL[]{PCL[/system/framework/android.test.base.jar*2789897741]#PCL[/system/framework/android.test.mock.jar*3361312393]} | PCL[])
07-05 08:33:33.265 W/app_process(18571): ClassLoaderContext classpath size mismatch. expected=0, found=1 (PCL[]{PCL[/system/framework/android.test.runner.jar*895143020]#PCL[/system/framework/android.test.base.jar*2789897741]} | PCL[/system/framework/android.test.runner.jar*895143020])
07-05 08:33:33.285 D/nativeloader(18571): Load libframework-connectivity-tiramisu-jni.so using APEX ns com_android_tethering for caller /apex/com.android.tethering/javalib/framework-connectivity-t.jar: ok
07-05 08:33:33.286 D/AndroidRuntime(18571): Calling main entry com.android.commands.uiautomator.Launcher
07-05 08:33:33.290 I/AconfigPackage(18571): android.media.swcodec.flags is mapped to com.android.media.swcodec
07-05 08:33:33.291 I/AconfigPackage(18571): com.google.android.settings.simplemode.flags is mapped to system_ext
07-05 08:33:33.291 I/AconfigPackage(18571): com.google.android.systemui is mapped to system_ext
07-05 08:33:33.291 I/AconfigPackage(18571): com.google.android.apps.nexuslauncher is mapped to system_ext
07-05 08:33:33.291 I/AconfigPackage(18571): com.android.settings.accessibility is mapped to system_ext
07-05 08:33:33.292 I/AconfigPackage(18571): com.android.settings.flags is mapped to system_ext
07-05 08:33:33.292 I/AconfigPackage(18571): com.google.android.apps.miphone.aiai.matchmaker.overview.ui is mapped to system_ext
07-05 08:33:33.292 I/AconfigPackage(18571): com.google.android.settings.flags is mapped to system_ext
07-05 08:33:33.292 I/AconfigPackage(18571): com.android.launcher3 is mapped to system_ext
07-05 08:33:33.292 I/AconfigPackage(18571): com.android.wallpaper is mapped to system_ext
07-05 08:33:33.292 I/AconfigPackage(18571): com.android.settings.media_drm is mapped to system_ext
07-05 08:33:33.292 I/AconfigPackage(18571): com.android.systemui.accessibility.accessibilitymenu is mapped to system_ext
07-05 08:33:33.293 I/AconfigPackage(18571): com.android.settings.keyboard is mapped to system_ext
07-05 08:33:33.293 I/AconfigPackage(18571): com.android.server.policy.feature.flags is mapped to system_ext
07-05 08:33:33.293 I/AconfigPackage(18571): com.android.settings.factory_reset is mapped to system_ext
07-05 08:33:33.293 I/AconfigPackage(18571): com.google.android.haptics.flags is mapped to system_ext
07-05 08:33:33.293 I/AconfigPackage(18571): com.android.permission.flags is mapped to com.android.permission
07-05 08:33:33.293 I/AconfigPackage(18571): com.android.icu is mapped to com.android.i18n
07-05 08:33:33.294 I/AconfigPackage(18571): com.android.appsearch.flags is mapped to com.android.appsearch
07-05 08:33:33.294 I/AconfigPackage(18571): android.uprobestats.mainline.flags is mapped to com.android.uprobestats
07-05 08:33:33.294 I/AconfigPackage(18571): android.provider.flags is mapped to com.android.configinfrastructure
07-05 08:33:33.294 I/AconfigPackage(18571): com.android.server.deviceconfig is mapped to com.android.configinfrastructure
07-05 08:33:33.294 I/AconfigPackage(18571): com.android.nfc.flags is mapped to system
07-05 08:33:33.295 I/AconfigPackage(18571): android.app.admin.flags is mapped to system
07-05 08:33:33.295 I/AconfigPackage(18571): android.database.sqlite is mapped to system
07-05 08:33:33.295 I/AconfigPackage(18571): com.android.providers.calendar is mapped to system
07-05 08:33:33.295 I/AconfigPackage(18571): com.android.server.power.feature.flags is mapped to system
07-05 08:33:33.296 I/AconfigPackage(18571): com.android.media.performance.flags is mapped to system
07-05 08:33:33.296 I/AconfigPackage(18571): android.app.contextualsearch.flags is mapped to system
07-05 08:33:33.296 I/AconfigPackage(18571): android.app.ondeviceintelligence.flags is mapped to system
07-05 08:33:33.297 I/AconfigPackage(18571): com.android.media.projection.flags is mapped to system
07-05 08:33:33.297 I/AconfigPackage(18571): android.companion is mapped to system
07-05 08:33:33.297 I/AconfigPackage(18571): android.service.controls.flags is mapped to system
07-05 08:33:33.297 I/AconfigPackage(18571): com.android.text.flags is mapped to system
07-05 08:33:33.297 I/AconfigPackage(18571): com.android.providers.contactkeys.flags is mapped to system
07-05 08:33:33.297 I/AconfigPackage(18571): com.android.intentresolver is mapped to system
07-05 08:33:33.297 I/AconfigPackage(18571): android.companion.virtualdevice.flags is mapped to system
07-05 08:33:33.297 I/AconfigPackage(18571): android.uprobestats.flags is mapped to system
07-05 08:33:33.297 I/AconfigPackage(18571): com.android.net.thread.platform.flags is mapped to system
07-05 08:33:33.297 I/AconfigPackage(18571): android.view.contentprotection.flags is mapped to system
07-05 08:33:33.298 I/AconfigPackage(18571): com.android.server.dreams is mapped to system
07-05 08:33:33.298 I/AconfigPackage(18571): com.android.graphics.surfaceflinger.flags is mapped to system
07-05 08:33:33.298 I/AconfigPackage(18571): com.android.hardware.input is mapped to system
07-05 08:33:33.298 I/AconfigPackage(18571): android.sdk is mapped to system
07-05 08:33:33.298 I/AconfigPackage(18571): com.android.input.flags is mapped to system
07-05 08:33:33.298 I/AconfigPackage(18571): android.tracing is mapped to system
07-05 08:33:33.298 I/AconfigPackage(18571): com.android.server.biometrics is mapped to system
07-05 08:33:33.299 I/AconfigPackage(18571): android.view.contentcapture.flags is mapped to system
07-05 08:33:33.299 I/AconfigPackage(18571): android.app.job is mapped to system
07-05 08:33:33.299 I/AconfigPackage(18571): android.content.res is mapped to system
07-05 08:33:33.299 I/AconfigPackage(18571): android.net.platform.flags is mapped to system
07-05 08:33:33.300 I/AconfigPackage(18571): com.android.aconfig.flags is mapped to system
07-05 08:33:33.300 I/AconfigPackage(18571): com.android.graphics.flags is mapped to system
07-05 08:33:33.300 I/AconfigPackage(18571): android.server.app is mapped to system
07-05 08:33:33.300 I/AconfigPackage(18571): android.speech.flags is mapped to system
07-05 08:33:33.300 I/AconfigPackage(18571): com.android.server.stats is mapped to system
07-05 08:33:33.300 I/AconfigPackage(18571): android.hardware.biometrics is mapped to system
07-05 08:33:33.300 I/AconfigPackage(18571): android.car.feature is mapped to system
07-05 08:33:33.300 I/AconfigPackage(18571): android.adpf is mapped to system
07-05 08:33:33.301 I/AconfigPackage(18571): android.location.flags is mapped to system
07-05 08:33:33.301 I/AconfigPackage(18571): com.android.settingslib.flags is mapped to system
07-05 08:33:33.301 I/AconfigPackage(18571): com.android.managedprovisioning.flags is mapped to system
07-05 08:33:33.301 I/AconfigPackage(18571): android.app.assist.flags is mapped to system
07-05 08:33:33.301 I/AconfigPackage(18571): com.android.server.net is mapped to system
07-05 08:33:33.301 I/AconfigPackage(18571): com.android.settingslib.widget.flags is mapped to system
07-05 08:33:33.301 I/AconfigPackage(18571): com.android.internal.camera.flags is mapped to system
07-05 08:33:33.301 I/AconfigPackage(18571): com.android.hardware.libsensor.flags is mapped to system
07-05 08:33:33.301 I/AconfigPackage(18571): com.android.internal.jank is mapped to system
07-05 08:33:33.302 I/AconfigPackage(18571): com.android.providers.settings is mapped to system
07-05 08:33:33.302 I/AconfigPackage(18571): android.multiuser is mapped to system
07-05 08:33:33.302 I/AconfigPackage(18571): com.android.server.power.optimization is mapped to system
07-05 08:33:33.304 I/AconfigPackage(18571): com.android.calllogbackup is mapped to system
07-05 08:33:33.304 I/AconfigPackage(18571): com.android.media.flags is mapped to system
07-05 08:33:33.305 I/AconfigPackage(18571): com.android.server.flags is mapped to system
07-05 08:33:33.305 I/AconfigPackage(18571): com.android.graphics.libvulkan.flags is mapped to system
07-05 08:33:33.305 I/AconfigPackage(18571): android.app.appfunctions.flags is mapped to system
07-05 08:33:33.305 I/AconfigPackage(18571): android.app.smartspace.flags is mapped to system
07-05 08:33:33.305 I/AconfigPackage(18571): com.android.providers.contacts.flags is mapped to system
07-05 08:33:33.305 I/AconfigPackage(18571): com.android.shell.flags is mapped to system
07-05 08:33:33.305 I/AconfigPackage(18571): com.android.media.aaudio is mapped to system
07-05 08:33:33.305 I/AconfigPackage(18571): android.hardware.radio is mapped to system
07-05 08:33:33.305 I/AconfigPackage(18571): com.google.wear.services.infra.flags is mapped to system
07-05 08:33:33.305 I/AconfigPackage(18571): suspend_service.flags is mapped to system
07-05 08:33:33.305 I/AconfigPackage(18571): android.media.midi is mapped to system
07-05 08:33:33.305 I/AconfigPackage(18571): com.android.libcore.readonly is mapped to system
07-05 08:33:33.305 I/AconfigPackage(18571): com.android.settingslib.widget.selectorwithwidgetpreference.flags is mapped to system
07-05 08:33:33.306 I/AconfigPackage(18571): android.service.notification is mapped to system
07-05 08:33:33.306 I/AconfigPackage(18571): com.android.systemui.shared is mapped to system
07-05 08:33:33.306 I/AconfigPackage(18571): android.app.jank is mapped to system
07-05 08:33:33.306 I/AconfigPackage(18571): android.app.wearable is mapped to system
07-05 08:33:33.306 I/AconfigPackage(18571): com.android.media.audio is mapped to system
07-05 08:33:33.306 I/AconfigPackage(18571): android.service.chooser is mapped to system
07-05 08:33:33.306 I/AconfigPackage(18571): com.android.server.compat is mapped to system
07-05 08:33:33.306 I/AconfigPackage(18571): com.android.server.alarm is mapped to system
07-05 08:33:33.306 I/AconfigPackage(18571): com.android.apex.flags is mapped to system
07-05 08:33:33.306 I/AconfigPackage(18571): android.service.quickaccesswallet is mapped to system
07-05 08:33:33.307 I/AconfigPackage(18571): android.app.usage is mapped to system
07-05 08:33:33.307 I/AconfigPackage(18571): com.android.server.accessibility is mapped to system
07-05 08:33:33.307 I/AconfigPackage(18571): android.app.supervision.flags is mapped to system
07-05 08:33:33.307 I/AconfigPackage(18571): com.android.server.utils is mapped to system
07-05 08:33:33.307 I/AconfigPackage(18571): android.chre.flags is mapped to system
07-05 08:33:33.307 I/AconfigPackage(18571): android.content.flags is mapped to system
07-05 08:33:33.307 I/AconfigPackage(18571): android.media.codec is mapped to system
07-05 08:33:33.307 I/AconfigPackage(18571): com.android.internal.os is mapped to system
07-05 08:33:33.307 I/AconfigPackage(18571): com.android.nfc.nci.flags is mapped to system
07-05 08:33:33.311 I/AconfigPackage(18571): android.app is mapped to system
07-05 08:33:33.311 I/AconfigPackage(18571): android.security.keystore2 is mapped to system
07-05 08:33:33.311 I/AconfigPackage(18571): android.crashrecovery.flags is mapped to system
07-05 08:33:33.312 I/AconfigPackage(18571): com.android.tradeinmode.flags is mapped to system
07-05 08:33:33.312 I/AconfigPackage(18571): android.hardware.flags is mapped to system
07-05 08:33:33.312 I/AconfigPackage(18571): com.android.server.telecom.flags is mapped to system
07-05 08:33:33.312 I/AconfigPackage(18571): com.android.settingslib.media.flags is mapped to system
07-05 08:33:33.312 I/AconfigPackage(18571): com.android.server.policy is mapped to system
07-05 08:33:33.312 I/AconfigPackage(18571): android.media.audiopolicy is mapped to system
07-05 08:33:33.312 I/AconfigPackage(18571): com.android.egg.flags is mapped to system
07-05 08:33:33.312 I/AconfigPackage(18571): com.android.internal.compat.flags is mapped to system
07-05 08:33:33.312 I/AconfigPackage(18571): android.security is mapped to system
07-05 08:33:33.313 I/AconfigPackage(18571): android.service.autofill is mapped to system
07-05 08:33:33.313 I/AconfigPackage(18571): com.example.android.aconfig.demo.flags is mapped to system
07-05 08:33:33.314 I/AconfigPackage(18571): android.view.flags is mapped to system
07-05 08:33:33.314 I/AconfigPackage(18571): android.companion.virtual.flags is mapped to system
07-05 08:33:33.314 I/AconfigPackage(18571): com.android.aconfig_new_storage is mapped to system
07-05 08:33:33.314 I/AconfigPackage(18571): com.android.server.feature.flags is mapped to system
07-05 08:33:33.314 I/AconfigPackage(18571): com.android.systemui is mapped to system
07-05 08:33:33.315 I/AconfigPackage(18571): com.android.server.power.batterysaver is mapped to system
07-05 08:33:33.315 I/AconfigPackage(18571): android.widget.flags is mapped to system
07-05 08:33:33.315 I/AconfigPackage(18571): com.android.media.editing.flags is mapped to system
07-05 08:33:33.315 I/AconfigPackage(18571): com.android.media.codec.flags is mapped to system
07-05 08:33:33.315 I/AconfigPackage(18571): com.android.server.powerstats is mapped to system
07-05 08:33:33.315 I/AconfigPackage(18571): com.android.graphics.egl.flags is mapped to system
07-05 08:33:33.315 I/AconfigPackage(18571): com.android.media.audioserver is mapped to system
07-05 08:33:33.316 I/AconfigPackage(18571): com.android.server.deviceidle is mapped to system
07-05 08:33:33.316 I/AconfigPackage(18571): android.nfc is mapped to system
07-05 08:33:33.316 I/AconfigPackage(18571): android.permission.flags is mapped to system
07-05 08:33:33.316 I/AconfigPackage(18571): android.service.voice.flags is mapped to system
07-05 08:33:33.317 I/AconfigPackage(18571): android.content.pm is mapped to system
07-05 08:33:33.317 I/AconfigPackage(18571): com.android.server.power.hint is mapped to system
07-05 08:33:33.317 I/AconfigPackage(18571): android.os is mapped to system
07-05 08:33:33.317 I/AconfigPackage(18571): android.service.dreams is mapped to system
07-05 08:33:33.317 I/AconfigPackage(18571): com.android.graphics.libgui.flags is mapped to system
07-05 08:33:33.317 I/AconfigPackage(18571): android.hardware.usb.flags is mapped to system
07-05 08:33:33.317 I/AconfigPackage(18571): android.provider is mapped to system
07-05 08:33:33.317 I/AconfigPackage(18571): com.android.server.job is mapped to system
07-05 08:33:33.317 I/AconfigPackage(18571): com.android.internal.foldables.flags is mapped to system
07-05 08:33:33.317 I/AconfigPackage(18571): com.android.internal.telephony.flags is mapped to system
07-05 08:33:33.318 I/AconfigPackage(18571): android.webkit is mapped to system
07-05 08:33:33.318 I/AconfigPackage(18571): android.credentials.flags is mapped to system
07-05 08:33:33.318 I/AconfigPackage(18571): com.android.server.display.feature.flags is mapped to system
07-05 08:33:33.318 I/AconfigPackage(18571): com.android.server.notification is mapped to system
07-05 08:33:33.318 I/AconfigPackage(18571): android.appwidget.flags is mapped to system
07-05 08:33:33.318 I/AconfigPackage(18571): com.android.frameworks.sensorservice.flags is mapped to system
07-05 08:33:33.318 I/AconfigPackage(18571): com.android.printspooler.flags is mapped to system
07-05 08:33:33.318 I/AconfigPackage(18571): com.android.window.flags is mapped to system
07-05 08:33:33.318 I/AconfigPackage(18571): android.adaptiveauth is mapped to system
07-05 08:33:33.318 I/AconfigPackage(18571): android.net.wifi.flags is mapped to system
07-05 08:33:33.318 I/AconfigPackage(18571): android.media.tv.flags is mapped to system
07-05 08:33:33.318 I/AconfigPackage(18571): com.android.server.usb.flags is mapped to system
07-05 08:33:33.318 I/AconfigPackage(18571): android.os.vibrator is mapped to system
07-05 08:33:33.319 I/AconfigPackage(18571): android.hardware.devicestate.feature.flags is mapped to system
07-05 08:33:33.319 I/AconfigPackage(18571): com.android.server.usage is mapped to system
07-05 08:33:33.319 I/AconfigPackage(18571): android.server is mapped to system
07-05 08:33:33.320 I/AconfigPackage(18571): com.android.wm.shell is mapped to system
07-05 08:33:33.320 I/AconfigPackage(18571): android.view.inputmethod is mapped to system
07-05 08:33:33.320 I/AconfigPackage(18571): com.android.graphics.hwui.flags is mapped to system
07-05 08:33:33.320 I/AconfigPackage(18571): com.android.server.backup is mapped to system
07-05 08:33:33.320 I/AconfigPackage(18571): com.android.internal.pm.pkg.component.flags is mapped to system
07-05 08:33:33.320 I/AconfigPackage(18571): android.view.accessibility is mapped to system
07-05 08:33:33.320 I/AconfigPackage(18571): com.google.wear.sdk is mapped to system
07-05 08:33:33.320 I/AconfigPackage(18571): android.media.audio is mapped to system
07-05 08:33:33.321 I/AconfigPackage(18571): com.android.server.am is mapped to system
07-05 08:33:33.321 I/AconfigPackage(18571): com.android.media.playback.flags is mapped to system
07-05 08:33:33.321 I/AconfigPackage(18571): com.android.art.flags is mapped to com.android.art
07-05 08:33:33.321 I/AconfigPackage(18571): com.android.libcore is mapped to com.android.art
07-05 08:33:33.321 I/AconfigPackage(18571): com.android.media.extractor.flags is mapped to com.android.media
07-05 08:33:33.321 I/AconfigPackage(18571): com.android.media.mainline.flags is mapped to com.android.media
07-05 08:33:33.322 I/AconfigPackage(18571): com.android.wifi.flags is mapped to com.android.wifi
07-05 08:33:33.322 I/AconfigPackage(18571): com.android.org.conscrypt.flags is mapped to com.android.conscrypt
07-05 08:33:33.322 I/AconfigPackage(18571): com.android.healthfitness.flags is mapped to com.android.healthfitness
07-05 08:33:33.322 I/AconfigPackage(18571): com.google.android.input.twoshay.flags is mapped to vendor
07-05 08:33:33.322 I/AconfigPackage(18571): libgooglecamerahal.flags is mapped to vendor
07-05 08:33:33.323 I/AconfigPackage(18571): com.android.ipsec.flags is mapped to com.android.ipsec
07-05 08:33:33.323 I/AconfigPackage(18571): com.android.nfc.module.flags is mapped to com.android.nfcservices
07-05 08:33:33.323 I/AconfigPackage(18571): com.android.adservices.ondevicepersonalization.flags is mapped to com.android.ondevicepersonalization
07-05 08:33:33.323 I/AconfigPackage(18571): com.android.bluetooth.flags is mapped to com.android.bt
07-05 08:33:33.324 I/AconfigPackage(18571): com.android.devicelock.flags is mapped to com.android.devicelock
07-05 08:33:33.324 I/AconfigPackage(18571): android.os.profiling is mapped to com.android.profiling
07-05 08:33:33.325 I/AconfigPackage(18571): com.android.os.statsd.flags is mapped to com.android.os.statsd
07-05 08:33:33.325 I/AconfigPackage(18571): com.android.cellbroadcastreceiver.flags is mapped to com.android.cellbroadcast
07-05 08:33:33.325 I/AconfigPackage(18571): com.android.adservices.flags is mapped to com.android.adservices
07-05 08:33:33.325 I/AconfigPackage(18571): com.android.sdksandbox.flags is mapped to com.android.adservices
07-05 08:33:33.326 I/AconfigPackage(18571): com.android.uwb.flags is mapped to com.android.uwb
07-05 08:33:33.326 D/CompatChangeReporter(18569): Compat change id reported: 352594277; UID 10217; state: ENABLED
07-05 08:33:33.326 I/AconfigPackage(18571): com.android.ranging.flags is mapped to com.android.uwb
07-05 08:33:33.326 I/AconfigPackage(18571): android.graphics.pdf.flags is mapped to com.android.mediaprovider
07-05 08:33:33.326 I/AconfigPackage(18571): com.android.providers.media.flags is mapped to com.android.mediaprovider
07-05 08:33:33.327 I/AconfigPackage(18571): android.graphics.pdf.flags.readonly is mapped to com.android.mediaprovider
07-05 08:33:33.327 I/AconfigPackage(18571): com.android.net.ct.flags is mapped to com.android.tethering
07-05 08:33:33.328 I/AconfigPackage(18571): com.android.net.flags is mapped to com.android.tethering
07-05 08:33:33.328 I/AconfigPackage(18571): android.net.vcn is mapped to com.android.tethering
07-05 08:33:33.328 I/AconfigPackage(18571): com.android.nearby.flags is mapped to com.android.tethering
07-05 08:33:33.328 I/AconfigPackage(18571): android.net.http is mapped to com.android.tethering
07-05 08:33:33.328 I/AconfigPackage(18571): com.android.net.thread.flags is mapped to com.android.tethering
07-05 08:33:33.329 I/AconfigPackage(18571): com.android.system.virtualmachine.flags is mapped to com.android.virt
07-05 08:33:33.329 E/FeatureFlagsImplExport(18571): android.os.flagging.AconfigStorageReadException: ERROR_PACKAGE_NOT_FOUND: package android.xr cannot be found on the device
07-05 08:33:33.332 D/UiAutomationConnection(18571): Created on user UserHandle{0}
07-05 08:33:33.332 I/UiAutomation(18571): Initialized for user 0 on display 0
07-05 08:33:33.332 W/UiAutomation(18571): Created with deprecatead constructor, assumes DEFAULT_DISPLAY
07-05 08:33:33.334 D/AccessibilityManagerService(  715): changeCurrentUserForTestAutomationIfNeededLocked(0): ignoring because device doesn't support visible background users
07-05 08:33:33.334 I/UiAutomationManager(  715): Registering UiTestAutomationService (id=com.android.server.accessibility/UiAutomation, flags=0x0) when called by user 0
07-05 08:33:33.334 V/AccessibilityManagerService(  715): onUserStateChangedLocked for userId: 0, forceUpdate: false
07-05 08:33:33.337 D/CompatChangeReporter(18569): Compat change id reported: 349153669; UID 10217; state: ENABLED
07-05 08:33:33.340 W/MagnificationConnectionManager(  715): requestConnection duplicated request: connect=false, mConnectionState=DISCONNECTED
07-05 08:33:33.342 W/IPCThreadState(  715): Sending oneway calls to frozen process.
07-05 08:33:33.343 W/IPCThreadState(  715): Sending oneway calls to frozen process.
07-05 08:33:33.343 W/IPCThreadState(  715): Sending oneway calls to frozen process.
07-05 08:33:33.345 W/IPCThreadState(  715): Sending oneway calls to frozen process.
07-05 08:33:33.346 W/IPCThreadState(  715): Sending oneway calls to frozen process.
07-05 08:33:33.346 W/IPCThreadState(  715): Sending oneway calls to frozen process.
07-05 08:33:33.346 W/HWUI    (18569): Unknown dataspace 0
07-05 08:33:33.346 V/UiAutomation(18571): Init UiAutomation@24d9f50[id=542, displayId=0, flags=0]
07-05 08:33:33.347 W/IPCThreadState(  715): Sending oneway calls to frozen process.
--------- beginning of kernel
07-05 08:33:33.320 I/servicemanager(    0): Caller(pid=18569,uid=10217,sid=u:r:untrusted_app:s0:c217,c256,c512,c768) Found android.hardware.graphics.allocator.IAllocator/default in device VINTF manifest.
07-05 08:33:33.349 W/IPCThreadState(  715): Sending oneway calls to frozen process.
07-05 08:33:33.349 W/IPCThreadState(  715): Sending oneway calls to frozen process.
07-05 08:33:33.349 W/IPCThreadState(  715): Sending oneway calls to frozen process.
07-05 08:33:33.349 V/AccessibilityManagerService(  715): onUserStateChangedLocked for userId: 0, forceUpdate: false
07-05 08:33:33.351 W/MagnificationConnectionManager(  715): requestConnection duplicated request: connect=false, mConnectionState=DISCONNECTED
07-05 08:33:33.351 W/IPCThreadState(  715): Sending oneway calls to frozen process.
07-05 08:33:33.352 W/IPCThreadState(  715): Sending oneway calls to frozen process.
07-05 08:33:33.353 W/IPCThreadState(  715): Sending oneway calls to frozen process.
07-05 08:33:33.353 D/AccessibilitySourceService( 1259): enabled a11y services count 1
07-05 08:33:33.353 W/IPCThreadState(  715): Sending oneway calls to frozen process.
07-05 08:33:33.354 W/IPCThreadState(  715): Sending oneway calls to frozen process.
07-05 08:33:33.354 W/IPCThreadState(  715): Sending oneway calls to frozen process.
07-05 08:33:33.355 W/IPCThreadState(  715): Sending oneway calls to frozen process.
07-05 08:33:33.355 D/AccessibilitySourceService( 1259): a11y source sending 1 issue to sc
07-05 08:33:33.357 W/IPCThreadState(  715): Sending oneway calls to frozen process.
07-05 08:33:33.357 D/SafetySourceDataValidat(  715): No cert check requested for package com.google.android.permissioncontroller
07-05 08:33:33.334 I/servicemanager(    0): Caller(pid=18569,uid=10217,sid=u:r:untrusted_app:s0:c217,c256,c512,c768) Found android.hardware.graphics.allocator.IAllocator/default in device VINTF manifest.
07-05 08:33:33.360 W/IPCThreadState(  715): Sending oneway calls to frozen process.
07-05 08:33:33.360 W/IPCThreadState(  715): Sending oneway calls to frozen process.
07-05 08:33:33.360 W/IPCThreadState(  715): Sending oneway calls to frozen process.
07-05 08:33:33.361 W/IPCThreadState(  715): Sending oneway calls to frozen process.
07-05 08:33:33.361 W/IPCThreadState(  715): Sending oneway calls to frozen process.
07-05 08:33:33.362 W/IPCThreadState(  715): Sending oneway calls to frozen process.
07-05 08:33:33.365 W/IPCThreadState(  715): Sending oneway calls to frozen process.
07-05 08:33:33.365 W/IPCThreadState(  715): Sending oneway calls to frozen process.
07-05 08:33:33.368 W/IPCThreadState(  715): Sending oneway calls to frozen process.
07-05 08:33:33.368 W/IPCThreadState(  715): Sending oneway calls to frozen process.
07-05 08:33:33.337 I/servicemanager(    0): Caller(pid=18569,uid=10217,sid=u:r:untrusted_app:s0:c217,c256,c512,c768) Found mapper/ranchu in device VINTF manifest.
07-05 08:33:33.375 W/IPCThreadState(  715): Sending oneway calls to frozen process.
07-05 08:33:33.375 W/IPCThreadState(  715): Sending oneway calls to frozen process.
07-05 08:33:33.379 D/AccessibilitySourceService( 1259): enabled a11y services count 1
07-05 08:33:33.382 D/AccessibilitySourceService( 1259): a11y source sending 1 issue to sc
07-05 08:33:33.383 D/SafetySourceDataValidat(  715): No cert check requested for package com.google.android.permissioncontroller
07-05 08:33:34.142 W/.huiyi.mockchat(18569): Method boolean androidx.compose.runtime.snapshots.SnapshotStateList.conditionalUpdate(boolean, kotlin.jvm.functions.Function1) failed lock verification and will run slower.
07-05 08:33:34.142 W/.huiyi.mockchat(18569): Common causes for lock verification issues are non-optimized dex code
07-05 08:33:34.142 W/.huiyi.mockchat(18569): and incorrect proguard optimizations.
