07-05 08:33:34.142 W/.huiyi.mockchat(18569): Method boolean androidx.compose.runtime.snapshots.SnapshotStateList.conditionalUpdate$default(androidx.compose.runtime.snapshots.SnapshotStateList, boolean, kotlin.jvm.functions.Function1, int, java.lang.Object) failed lock verification and will run slower.
07-05 08:33:34.143 W/.huiyi.mockchat(18569): Method java.lang.Object androidx.compose.runtime.snapshots.SnapshotStateList.mutate(kotlin.jvm.functions.Function1) failed lock verification and will run slower.
07-05 08:33:34.143 W/.huiyi.mockchat(18569): Method void androidx.compose.runtime.snapshots.SnapshotStateList.update(boolean, kotlin.jvm.functions.Function1) failed lock verification and will run slower.
07-05 08:33:34.143 W/.huiyi.mockchat(18569): Method void androidx.compose.runtime.snapshots.SnapshotStateList.update$default(androidx.compose.runtime.snapshots.SnapshotStateList, boolean, kotlin.jvm.functions.Function1, int, java.lang.Object) failed lock verification and will run slower.
07-05 08:33:34.206 I/.huiyi.mockchat(18569): Compiler allocated 5042KB to compile void android.view.ViewRootImpl.performTraversals()
07-05 08:33:34.217 D/CoreBackPreview(  715): Window{edbf27a u0 com.huiyi.mockchat/com.huiyi.mockchat.MainActivity}: Setting back callback OnBackInvokedCallbackInfo{mCallback=android.window.IOnBackInvokedCallback$Stub$Proxy@b26bc46, mPriority=0, mIsAnimationCallback=false, mOverrideBehavior=0}
07-05 08:33:34.363 V/AccessibilityManagerService(  715): onUserStateChangedLocked for userId: 0, forceUpdate: false
07-05 08:33:34.366 D/BackgroundInstallControlService(  715): Package event received: 0
07-05 08:33:34.369 D/BackgroundInstallControlService(  715): Package event received: 0
07-05 08:33:34.373 W/MagnificationConnectionManager(  715): requestConnection duplicated request: connect=false, mConnectionState=DISCONNECTED
07-05 08:33:34.374 D/AccessibilityManagerService(  715): restoreCurrentUserForTestAutomationIfNeededLocked(): ignoring because device doesn't support visible background users
07-05 08:33:34.375 W/IPCThreadState(  715): Sending oneway calls to frozen process.
07-05 08:33:34.376 W/IPCThreadState(  715): Sending oneway calls to frozen process.
07-05 08:33:34.376 W/IPCThreadState(  715): Sending oneway calls to frozen process.
07-05 08:33:34.377 W/IPCThreadState(  715): Sending oneway calls to frozen process.
07-05 08:33:34.377 W/IPCThreadState(  715): Sending oneway calls to frozen process.
07-05 08:33:34.379 W/IPCThreadState(  715): Sending oneway calls to frozen process.
07-05 08:33:34.381 W/IPCThreadState(18571): call to talkWithDriver in joinThreadPool returned error: -9 (Bad file descriptor), FD: -1
07-05 08:33:34.381 W/IPCThreadState(  715): Sending oneway calls to frozen process.
07-05 08:33:34.381 W/IPCThreadState(  715): Sending oneway calls to frozen process.
07-05 08:33:34.382 D/AndroidRuntime(18571): Shutting down VM
07-05 08:33:34.383 W/IPCThreadState(  715): Sending oneway calls to frozen process.
07-05 08:33:34.383 W/IPCThreadState(18571): call to talkWithDriver in joinThreadPool returned error: -9 (Bad file descriptor), FD: -1
07-05 08:33:34.384 W/IPCThreadState(  715): Sending oneway calls to frozen process.
07-05 08:33:34.384 W/IPCThreadState(18571): call to talkWithDriver in joinThreadPool returned error: -9 (Bad file descriptor), FD: -1
07-05 08:33:34.388 W/IPCThreadState(  715): Sending oneway calls to frozen process.
07-05 08:33:34.389 W/IPCThreadState(  715): Sending oneway calls to frozen process.
07-05 08:33:34.405 I/netd    (  488): tetherGetStats() -> {[]} <0.48ms>
07-05 08:33:34.413 W/com.huiyi.v4(18413): Cleared Reference was only reachable from finalizer (only reported once)
07-05 08:33:34.435 V/AccessibilityManagerService(  715): onUserStateChangedLocked for userId: 0, forceUpdate: false
07-05 08:33:34.446 W/MagnificationConnectionManager(  715): requestConnection duplicated request: connect=false, mConnectionState=DISCONNECTED
07-05 08:33:34.448 W/IPCThreadState(  715): Sending oneway calls to frozen process.
07-05 08:33:34.449 W/IPCThreadState(  715): Sending oneway calls to frozen process.
07-05 08:33:34.450 W/IPCThreadState(  715): Sending oneway calls to frozen process.
07-05 08:33:34.454 W/IPCThreadState(  715): Sending oneway calls to frozen process.
07-05 08:33:34.455 W/IPCThreadState(  715): Sending oneway calls to frozen process.
07-05 08:33:34.455 W/IPCThreadState(  715): Sending oneway calls to frozen process.
07-05 08:33:34.457 W/IPCThreadState(  715): Sending oneway calls to frozen process.
07-05 08:33:34.457 W/IPCThreadState(  715): Sending oneway calls to frozen process.
07-05 08:33:34.458 W/IPCThreadState(  715): Sending oneway calls to frozen process.
07-05 08:33:34.458 W/IPCThreadState(  715): Sending oneway calls to frozen process.
07-05 08:33:34.458 W/IPCThreadState(  715): Sending oneway calls to frozen process.
07-05 08:33:34.459 W/IPCThreadState(  715): Sending oneway calls to frozen process.
07-05 08:33:34.459 W/IPCThreadState(  715): Sending oneway calls to frozen process.
07-05 08:33:34.460 W/IPCThreadState(  715): Sending oneway calls to frozen process.
07-05 08:33:34.460 W/IPCThreadState(  715): Sending oneway calls to frozen process.
07-05 08:33:34.461 W/IPCThreadState(  715): Sending oneway calls to frozen process.
07-05 08:33:34.461 W/IPCThreadState(  715): Sending oneway calls to frozen process.
07-05 08:33:34.461 W/IPCThreadState(  715): Sending oneway calls to frozen process.
07-05 08:33:34.461 D/AccessibilitySourceService( 1259): enabled a11y services count 1
07-05 08:33:34.465 D/AccessibilitySourceService( 1259): a11y source sending 1 issue to sc
07-05 08:33:34.466 D/SafetySourceDataValidat(  715): No cert check requested for package com.google.android.permissioncontroller
07-05 08:33:34.549 D/WifiClientModeImpl[27601:wlan0](  715): updateLinkLayerStatsRssiSpeedFrequencyCapabilities rssi=-50 TxLinkspeed=1 freq=2447 RxLinkSpeed=2
07-05 08:33:34.550 D/WifiDataStall(  715): tx tput in kbps: 11000
07-05 08:33:34.550 D/WifiDataStall(  715): rx tput in kbps: 11000
07-05 08:33:34.550 V/WifiConfigManager(  715): Updating scan detail cache freq=2447 BSSID=00:13:10:85:fe:01 RSSI=-50 for "AndroidWifi"NONE
07-05 08:33:34.552 D/WifiThroughputPredictor(  715):  utilization (LLS) 80 isBluetoothConnected: false final utilization: 80
07-05 08:33:34.552 D/WifiThroughputPredictor(  715):  BW: 0 RSSI: -50 Nss: 1 Mode: 1 symDur: 4000 snrDb 30 bitPerTone: 4500 rate: 54 throughput: 11
07-05 08:33:34.552 D/WifiThroughputPredictor(  715):  utilization (LLS) 80 isBluetoothConnected: false final utilization: 80
07-05 08:33:34.553 D/WifiThroughputPredictor(  715):  BW: 0 RSSI: -50 Nss: 1 Mode: 1 symDur: 4000 snrDb 30 bitPerTone: 4500 rate: 54 throughput: 11
07-05 08:33:34.553 D/WifiThroughputPredictor(  715):  utilization (LLS) 80 isBluetoothConnected: false final utilization: 80
07-05 08:33:34.553 D/WifiThroughputPredictor(  715):  BW: 0 RSSI: -50 Nss: 1 Mode: 1 symDur: 4000 snrDb 30 bitPerTone: 4500 rate: 54 throughput: 11
07-05 08:33:34.554 D/WifiThroughputPredictor(  715):  utilization (LLS) 80 isBluetoothConnected: false final utilization: 80
07-05 08:33:34.554 D/WifiThroughputPredictor(  715):  BW: 0 RSSI: -50 Nss: 1 Mode: 1 symDur: 4000 snrDb 30 bitPerTone: 4500 rate: 54 throughput: 11
07-05 08:33:34.555 D/WifiScoreCard(  715): BSSID update SIGNAL_POLL ID: 1559335064 SSID: "AndroidWifi", BSSID: 00:13:10:85:fe:01, MAC: 02:15:b2:00:00:00, IP: /10.0.2.16, Security type: 0, Supplicant state: COMPLETED, Wi-Fi standard: legacy, RSSI: -50, Link speed: 1Mbps, Tx Link speed: 1Mbps, Max Supported Tx Link speed: 11Mbps, Rx Link speed: 2Mbps, Max Supported Rx Link speed: 11Mbps, Frequency: 2447MHz, Net ID: 0, Metered hint: false, score: 60, isUsable: true, CarrierMerged: false, SubscriptionId: -1, IsPrimary: 1, Trusted: true, Restricted: false, Ephemeral: false, OEM paid: false, OEM private: false, OSU AP: false, FQDN: <none>, Provider friendly name: <none>, Requesting package name: <none>"AndroidWifi"openMLO Information: , Is TID-To-Link negotiation supported by the AP: false, AP MLD Address: <none>, AP MLO Link Id: <none>, AP MLO Affiliated links: <none>, Vendor Data: <none>
07-05 08:33:34.555 D/WifiScoreCard(  715): txRate: 1 txSpeed: 1
07-05 08:33:34.557 D/WifiScoreCard(  715): network update SIGNAL_POLL "AndroidWifi" ID: 1201260005 RSSI -50 txSpeed -1
07-05 08:33:34.557 D/WifiClientModeImpl[27601:wlan0](  715):  ClientModeImpl$L2ConnectedState screen=on 1 0 "AndroidWifi" 00:13:10:85:fe:01 rssi=-50 f=2447 sc=60 link=1 tx=0.0, 0.0, 0.0 rx=0.0 bcn=0 [on:0 tx:0 rx:0 period:3011] from screen [on:0 period:828986717] score=60
07-05 08:33:34.579 I/ActivityTaskManager(  715): Displayed com.huiyi.mockchat/.MainActivity for user 0: +2s136ms
07-05 08:33:34.581 I/Choreographer(18569): Skipped 61 frames!  The application may be doing too much work on its main thread.
07-05 08:33:34.589 I/HWUI    (18569): Davey! duration=1225ms; Flags=1, FrameTimelineVsyncId=533083, IntendedVsync=17005910193551, Vsync=17005926860217, InputEventId=0, HandleInputStart=17005928334600, AnimationStart=17005928438600, PerformTraversalsStart=17005928480300, DrawStart=17006962531100, FrameDeadline=17005926860217, FrameStartTime=17005928256800, FrameInterval=16666666, WorkloadTarget=16666666, SyncQueued=17007031881400, SyncStart=17007033463500, IssueDrawCommandsStart=17007033753700, SwapBuffers=17007120105800, FrameCompleted=17007137094900, DequeueBufferDuration=28600, QueueBufferDuration=362400, GpuCompleted=17007137094900, SwapBuffersCompleted=17007122444600, DisplayPresentTime=0, CommandSubmissionCompleted=17007120105800, 
07-05 08:33:34.633 I/FontLog ( 1314): Received query Noto Color Emoji Compat, URI content://com.google.android.gms.fonts [CONTEXT service_id=132 ]
07-05 08:33:34.634 I/FontLog ( 1314): Query [emojicompat-emoji-font] resolved to {Noto Color Emoji Compat, wdth 100.0, wght 400, ital 0.0, bestEffort false}, isVf false} [CONTEXT service_id=132 ]
07-05 08:33:34.636 I/FontLog ( 1314): Fetch {Noto Color Emoji Compat, wdth 100.0, wght 400, ital 0.0, bestEffort false}, isVf false} end status Status{statusCode=SUCCESS, resolution=null} [CONTEXT service_id=132 ]
07-05 08:33:34.657 I/ImeTracker(  715): com.huiyi.mockchat:5f66a540: onRequestHide at ORIGIN_SERVER reason HIDE_UNSPECIFIED_WINDOW fromUser false
07-05 08:33:34.669 I/FontLog ( 1314): Pulling font file for id = 91, cache size = 6 [CONTEXT service_id=132 ]
07-05 08:33:34.674 D/InsetsController(18569): hide(ime(), fromIme=false)
07-05 08:33:34.674 I/ImeTracker(18569): com.huiyi.mockchat:5f66a540: onCancelled at PHASE_CLIENT_ALREADY_HIDDEN
07-05 08:33:34.676 I/GoogleInputMethodService( 1395): GoogleInputMethodService.onFinishInput():2043 
07-05 08:33:34.677 I/Module  ( 1395): DeviceLockedStatusModuleProvider$Module.updateDeviceLockedStatus():100 repeatCheckTimes = 0, locked = false
07-05 08:33:34.680 I/FontLog ( 1314): Pulling font file for id = 91, cache size = 6 [CONTEXT service_id=132 ]
07-05 08:33:34.682 I/ImeTracker(  715): system_server:8e4287c2: onRequestHide at ORIGIN_SERVER reason IME_REQUESTED_CHANGED_LISTENER fromUser false
07-05 08:33:34.682 I/GoogleInputMethodService( 1395): GoogleInputMethodService.onStartInput():1293 onStartInput(EditorInfo{EditorInfo{packageName=com.huiyi.mockchat, inputType=0, inputTypeString=NULL, enableLearning=false, autoCorrection=false, autoComplete=false, imeOptions=0, privateImeOptions=null, actionName=UNSPECIFIED, actionLabel=null, initialSelStart=-1, initialSelEnd=-1, initialCapsMode=0, label=null, fieldId=0, fieldName=null, extras=null, hintText=null, hintLocales=[]}}, false)
07-05 08:33:34.683 W/IPCThreadState(  715): Sending oneway calls to frozen process.
07-05 08:33:34.684 W/IPCThreadState(  715): Sending oneway calls to frozen process.
07-05 08:33:34.684 W/IPCThreadState(  715): Sending oneway calls to frozen process.
07-05 08:33:34.685 W/IPCThreadState(  715): Sending oneway calls to frozen process.
07-05 08:33:34.685 W/IPCThreadState(  715): Sending oneway calls to frozen process.
07-05 08:33:34.686 W/IPCThreadState(  715): Sending oneway calls to frozen process.
07-05 08:33:34.686 W/IPCThreadState(  715): Sending oneway calls to frozen process.
07-05 08:33:34.686 D/BaseDepthController( 1124): setSurface:
07-05 08:33:34.686 D/BaseDepthController( 1124): 	mWaitingOnSurfaceValidity: false
07-05 08:33:34.686 D/BaseDepthController( 1124): 	mBaseSurface: null
07-05 08:33:34.687 D/BaseDepthController( 1124): mSurface is null and mCurrentBlur is: 0
07-05 08:33:34.689 W/IPCThreadState(  715): Sending oneway calls to frozen process.
07-05 08:33:34.689 D/StateManager( 1124): goToState - fromState: Normal, toState: Normal, partial trace:
07-05 08:33:34.689 D/StateManager( 1124): 	at com.android.launcher3.statemanager.StateManager.moveToRestState(go/retraceme 43e00d9cd0eb17b3d9dd30fc1741b1c71445c4c0f7c8c9b81300265c86c5b873:4)
07-05 08:33:34.689 D/StateManager( 1124): 	at com.android.launcher3.statemanager.StateManager.moveToRestState(go/retraceme 43e00d9cd0eb17b3d9dd30fc1741b1c71445c4c0f7c8c9b81300265c86c5b873:1)
07-05 08:33:34.689 D/StateManager( 1124): 	at com.android.launcher3.statemanager.StatefulActivity.onStop(go/retraceme 43e00d9cd0eb17b3d9dd30fc1741b1c71445c4c0f7c8c9b81300265c86c5b873:34)
07-05 08:33:34.689 W/IPCThreadState(  715): Sending oneway calls to frozen process.
07-05 08:33:34.689 W/IPCThreadState(  715): Sending oneway calls to frozen process.
07-05 08:33:34.689 W/IPCThreadState(  715): Sending oneway calls to frozen process.
07-05 08:33:34.691 D/StatsLog( 1124): LAUNCHER_ONSTOP
07-05 08:33:34.692 W/IPCThreadState(  715): Sending oneway calls to frozen process.
07-05 08:33:34.692 W/IPCThreadState(  715): Sending oneway calls to frozen process.
07-05 08:33:34.692 W/IPCThreadState(  715): Sending oneway calls to frozen process.
07-05 08:33:34.692 W/IPCThreadState(  715): Sending oneway calls to frozen process.
07-05 08:33:34.693 W/IPCThreadState(  715): Sending oneway calls to frozen process.
07-05 08:33:34.693 W/IPCThreadState(  715): Sending oneway calls to frozen process.
07-05 08:33:34.693 W/IPCThreadState(  715): Sending oneway calls to frozen process.
07-05 08:33:34.693 W/IPCThreadState(  715): Sending oneway calls to frozen process.
07-05 08:33:34.693 W/IPCThreadState(  715): Sending oneway calls to frozen process.
07-05 08:33:34.694 W/IPCThreadState(  715): Sending oneway calls to frozen process.
07-05 08:33:34.694 W/IPCThreadState(  715): Sending oneway calls to frozen process.
07-05 08:33:34.694 W/IPCThreadState(  715): Sending oneway calls to frozen process.
07-05 08:33:34.694 W/IPCThreadState(  715): Sending oneway calls to frozen process.
07-05 08:33:34.694 W/IPCThreadState(  715): Sending oneway calls to frozen process.
07-05 08:33:34.694 W/IPCThreadState(  715): Sending oneway calls to frozen process.
07-05 08:33:34.696 D/StatsLog( 1124): LAUNCHER_GOOGLE_SEARCH_RESTORE_LIST_SIZE_AFTER_ACTIVITY_RESTART
07-05 08:33:34.696 I/AppWidgetServiceImpl(  715): setAppWidgetHidden() 0
07-05 08:33:34.696 W/IPCThreadState(  715): Sending oneway calls to frozen process.
07-05 08:33:34.697 W/IPCThreadState(  715): Sending oneway calls to frozen process.
07-05 08:33:34.697 W/IPCThreadState(  715): Sending oneway calls to frozen process.
07-05 08:33:34.698 W/IPCThreadState(  715): Sending oneway calls to frozen process.
07-05 08:33:34.698 W/IPCThreadState(  715): Sending oneway calls to frozen process.
07-05 08:33:34.699 W/IPCThreadState(  715): Sending oneway calls to frozen process.
07-05 08:33:34.700 W/IPCThreadState(  715): Sending oneway calls to frozen process.
07-05 08:33:34.701 W/IPCThreadState(  715): Sending oneway calls to frozen process.
07-05 08:33:34.701 W/IPCThreadState(  715): Sending oneway calls to frozen process.
07-05 08:33:34.702 W/IPCThreadState(  715): Sending oneway calls to frozen process.
07-05 08:33:34.703 W/IPCThreadState(  715): Sending oneway calls to frozen process.
07-05 08:33:34.704 W/IPCThreadState(  715): Sending oneway calls to frozen process.
07-05 08:33:34.705 W/IPCThreadState(  715): Sending oneway calls to frozen process.
07-05 08:33:34.706 W/ProcessStats(  715): Tracking association SourceState{1e7700f system/1000 ImpFg #10038} whose proc state 5 is better than process ProcessState{39e83aa com.google.android.permissioncontroller/10196 pkg=com.google.android.permissioncontroller} proc state 15 (350 skipped)
07-05 08:33:34.707 W/PackageConfigPersister(  715): App-specific configuration not found for packageName: com.huiyi.mockchat and userId: 0
07-05 08:33:34.707 I/ImeTracker(  715): system_server:8e4287c2: onCancelled at PHASE_SERVER_SHOULD_HIDE
07-05 08:33:34.713 W/NotificationCenter( 1395): NotificationCenter$NotificationQueue.notifyPendingNotificationsOnExecutor():877 Heavy notify work detected on UI thread: [kig->jjs] takes 27ms
07-05 08:33:34.713 D/BackgroundInstallControlService(  715): Package event received: 0
07-05 08:33:34.714 I/Module  ( 1395): DeviceLockedStatusModuleProvider$Module.updateDeviceLockedStatus():100 repeatCheckTimes = 1, locked = false
07-05 08:33:34.939 W/IPCThreadState(  630): Sending oneway calls to frozen process.
07-05 08:33:34.939 W/System  ( 1124): A resource failed to call release. 
07-05 08:33:34.939 W/System  ( 1124): A resource failed to call release. 
07-05 08:33:34.940 W/System  ( 1124): A resource failed to call release. 
07-05 08:33:34.944 W/System  ( 1124): A resource failed to call release. 
07-05 08:33:34.944 W/System  ( 1124): A resource failed to call release. 
07-05 08:33:34.944 W/System  ( 1124): A resource failed to call release. 
07-05 08:33:34.956 W/WindowOnBackDispatcher(  972): sendCancelIfRunning: isInProgress=false callback=android.view.ViewRootImpl$$ExternalSyntheticLambda13@28d637c
07-05 08:33:34.957 D/CoreBackPreview(  715): Window{d55c76a u0 Splash Screen com.huiyi.mockchat EXITING}: Setting back callback null
07-05 08:33:35.652 D/WindowManager(  715): captureDisplay
07-05 08:33:35.665 I/netd    (  488): tetherGetStats() -> {[]} <1.02ms>
07-05 08:33:35.689 I/EGL_emulation(18413): Opening libGLESv1_CM_emulation.so
07-05 08:33:35.692 I/EGL_emulation(18413): Opening libGLESv2_emulation.so
07-05 08:33:35.700 W/HWUI    (18413): Failed to choose config with EGL_SWAP_BEHAVIOR_PRESERVED, retrying without...
07-05 08:33:35.700 W/HWUI    (18413): Failed to initialize 101010-2 format, error = EGL_SUCCESS
07-05 08:33:35.786 D/AndroidRuntime(18618): >>>>>> START com.android.internal.os.RuntimeInit uid 2000 <<<<<<
07-05 08:33:35.791 I/AndroidRuntime(18618): Using default boot image
07-05 08:33:35.792 I/AndroidRuntime(18618): Leaving lock profiling enabled
07-05 08:33:35.794 I/app_process(18618): Core platform API reporting enabled, enforcing=false
07-05 08:33:35.794 I/app_process(18618): Using CollectorTypeCMC GC.
07-05 08:33:35.957 D/ActivityManager(  715): freezing 1695 com.google.android.googlequicksearchbox:search
07-05 08:33:35.966 D/nativeloader(18618): InitDefaultPublicLibraries for_preload=1: libandroid.so:libaaudio.so:libamidi.so:libbinder_ndk.so:libc.so:libcamera2ndk.so:libdl.so:libEGL.so:libGLESv1_CM.so:libGLESv2.so:libGLESv3.so:libicu.so:libicui18n.so:libicuuc.so:libjnigraphics.so:liblog.so:libmediandk.so:libm.so:libnativehelper.so:libnativewindow.so:libOpenMAXAL.so:libOpenSLES.so:libRS.so:libstdc++.so:libsync.so:libvulkan.so:libwebviewchromium_plat_support.so:libz.so
07-05 08:33:35.976 D/nativeloader(18618): Load libicu_jni.so using APEX ns com_android_art for caller /apex/com.android.art/javalib/core-oj.jar: ok
07-05 08:33:35.977 D/app_process(18618): u_setTimeZoneFilesDirectory("/apex/com.android.tzdata/etc/tz/versioned/9/icu") succeeded. 
07-05 08:33:35.977 D/app_process(18618): I18n APEX ICU file found: /apex/com.android.i18n/etc/icu/icudt76l.dat
07-05 08:33:35.978 D/nativeloader(18618): Load libjavacore.so using APEX ns com_android_art for caller /apex/com.android.art/javalib/core-oj.jar: ok
07-05 08:33:35.979 D/nativeloader(18618): Load libopenjdk.so using APEX ns com_android_art for caller /apex/com.android.art/javalib/core-oj.jar: ok
07-05 08:33:35.981 W/app_process(18618): Unexpected CPU variant for x86: x86_64.
07-05 08:33:35.981 W/app_process(18618): Known variants: atom, sandybridge, silvermont, goldmont, goldmont-plus, goldmont-without-sha-xsaves, tremont, kabylake, alderlake, default
07-05 08:33:35.982 W/app_process(18618): ClassLoaderContext shared library size mismatch. Expected=2, found=0 (PCL[]{PCL[/system/framework/android.test.base.jar*2789897741]#PCL[/system/framework/android.test.mock.jar*3361312393]} | PCL[])
07-05 08:33:35.984 W/app_process(18618): ClassLoaderContext classpath size mismatch. expected=0, found=1 (PCL[]{PCL[/system/framework/android.test.runner.jar*895143020]#PCL[/system/framework/android.test.base.jar*2789897741]} | PCL[/system/framework/android.test.runner.jar*895143020])
07-05 08:33:35.986 E/TaskPersister(  715): File error accessing recents directory (directory doesn't exist?).
07-05 08:33:36.002 D/nativeloader(18618): Load libframework-connectivity-tiramisu-jni.so using APEX ns com_android_tethering for caller /apex/com.android.tethering/javalib/framework-connectivity-t.jar: ok
07-05 08:33:36.002 D/AndroidRuntime(18618): Calling main entry com.android.commands.uiautomator.Launcher
07-05 08:33:36.008 I/AconfigPackage(18618): android.media.swcodec.flags is mapped to com.android.media.swcodec
07-05 08:33:36.008 I/AconfigPackage(18618): com.google.android.settings.simplemode.flags is mapped to system_ext
07-05 08:33:36.008 I/AconfigPackage(18618): com.google.android.systemui is mapped to system_ext
07-05 08:33:36.009 I/AconfigPackage(18618): com.google.android.apps.nexuslauncher is mapped to system_ext
07-05 08:33:36.009 I/AconfigPackage(18618): com.android.settings.accessibility is mapped to system_ext
07-05 08:33:36.009 I/AconfigPackage(18618): com.android.settings.flags is mapped to system_ext
07-05 08:33:36.009 I/AconfigPackage(18618): com.google.android.apps.miphone.aiai.matchmaker.overview.ui is mapped to system_ext
07-05 08:33:36.009 I/AconfigPackage(18618): com.google.android.settings.flags is mapped to system_ext
07-05 08:33:36.009 I/AconfigPackage(18618): com.android.launcher3 is mapped to system_ext
07-05 08:33:36.009 I/AconfigPackage(18618): com.android.wallpaper is mapped to system_ext
07-05 08:33:36.009 I/AconfigPackage(18618): com.android.settings.media_drm is mapped to system_ext
07-05 08:33:36.009 I/AconfigPackage(18618): com.android.systemui.accessibility.accessibilitymenu is mapped to system_ext
07-05 08:33:36.009 I/AconfigPackage(18618): com.android.settings.keyboard is mapped to system_ext
07-05 08:33:36.009 I/AconfigPackage(18618): com.android.server.policy.feature.flags is mapped to system_ext
07-05 08:33:36.009 I/AconfigPackage(18618): com.android.settings.factory_reset is mapped to system_ext
07-05 08:33:36.009 I/AconfigPackage(18618): com.google.android.haptics.flags is mapped to system_ext
07-05 08:33:36.010 I/AconfigPackage(18618): com.android.permission.flags is mapped to com.android.permission
07-05 08:33:36.010 I/AconfigPackage(18618): com.android.icu is mapped to com.android.i18n
07-05 08:33:36.010 I/AconfigPackage(18618): com.android.appsearch.flags is mapped to com.android.appsearch
07-05 08:33:36.010 I/AconfigPackage(18618): android.uprobestats.mainline.flags is mapped to com.android.uprobestats
07-05 08:33:36.010 I/AconfigPackage(18618): android.provider.flags is mapped to com.android.configinfrastructure
07-05 08:33:36.010 I/AconfigPackage(18618): com.android.server.deviceconfig is mapped to com.android.configinfrastructure
07-05 08:33:36.011 I/AconfigPackage(18618): com.android.nfc.flags is mapped to system
07-05 08:33:36.011 I/AconfigPackage(18618): android.app.admin.flags is mapped to system
07-05 08:33:36.011 I/AconfigPackage(18618): android.database.sqlite is mapped to system
07-05 08:33:36.011 I/AconfigPackage(18618): com.android.providers.calendar is mapped to system
07-05 08:33:36.011 I/AconfigPackage(18618): com.android.server.power.feature.flags is mapped to system
07-05 08:33:36.011 I/AconfigPackage(18618): com.android.media.performance.flags is mapped to system
07-05 08:33:36.011 I/AconfigPackage(18618): android.app.contextualsearch.flags is mapped to system
07-05 08:33:36.011 I/AconfigPackage(18618): android.app.ondeviceintelligence.flags is mapped to system
07-05 08:33:36.011 I/AconfigPackage(18618): com.android.media.projection.flags is mapped to system
07-05 08:33:36.011 I/AconfigPackage(18618): android.companion is mapped to system
07-05 08:33:36.011 I/AconfigPackage(18618): android.service.controls.flags is mapped to system
07-05 08:33:36.011 I/AconfigPackage(18618): com.android.text.flags is mapped to system
07-05 08:33:36.011 I/AconfigPackage(18618): com.android.providers.contactkeys.flags is mapped to system
07-05 08:33:36.011 I/AconfigPackage(18618): com.android.intentresolver is mapped to system
07-05 08:33:36.011 I/AconfigPackage(18618): android.companion.virtualdevice.flags is mapped to system
07-05 08:33:36.011 I/AconfigPackage(18618): android.uprobestats.flags is mapped to system
07-05 08:33:36.012 I/AconfigPackage(18618): com.android.net.thread.platform.flags is mapped to system
07-05 08:33:36.012 I/AconfigPackage(18618): android.view.contentprotection.flags is mapped to system
07-05 08:33:36.012 I/AconfigPackage(18618): com.android.server.dreams is mapped to system
07-05 08:33:36.012 I/AconfigPackage(18618): com.android.graphics.surfaceflinger.flags is mapped to system
07-05 08:33:36.013 I/AconfigPackage(18618): com.android.hardware.input is mapped to system
07-05 08:33:36.013 I/AconfigPackage(18618): android.sdk is mapped to system
07-05 08:33:36.013 I/AconfigPackage(18618): com.android.input.flags is mapped to system
07-05 08:33:36.013 I/AconfigPackage(18618): android.tracing is mapped to system
07-05 08:33:36.013 I/AconfigPackage(18618): com.android.server.biometrics is mapped to system
07-05 08:33:36.013 I/AconfigPackage(18618): android.view.contentcapture.flags is mapped to system
07-05 08:33:36.013 I/AconfigPackage(18618): android.app.job is mapped to system
07-05 08:33:36.013 I/AconfigPackage(18618): android.content.res is mapped to system
07-05 08:33:36.013 I/AconfigPackage(18618): android.net.platform.flags is mapped to system
07-05 08:33:36.013 I/AconfigPackage(18618): com.android.aconfig.flags is mapped to system
07-05 08:33:36.014 I/AconfigPackage(18618): com.android.graphics.flags is mapped to system
07-05 08:33:36.014 I/AconfigPackage(18618): android.server.app is mapped to system
07-05 08:33:36.014 I/AconfigPackage(18618): android.speech.flags is mapped to system
07-05 08:33:36.014 I/AconfigPackage(18618): com.android.server.stats is mapped to system
07-05 08:33:36.014 I/AconfigPackage(18618): android.hardware.biometrics is mapped to system
07-05 08:33:36.014 I/AconfigPackage(18618): android.car.feature is mapped to system
07-05 08:33:36.014 I/AconfigPackage(18618): android.adpf is mapped to system
07-05 08:33:36.015 I/AconfigPackage(18618): android.location.flags is mapped to system
07-05 08:33:36.015 I/AconfigPackage(18618): com.android.settingslib.flags is mapped to system
07-05 08:33:36.015 I/AconfigPackage(18618): com.android.managedprovisioning.flags is mapped to system
07-05 08:33:36.015 I/AconfigPackage(18618): android.app.assist.flags is mapped to system
07-05 08:33:36.015 I/AconfigPackage(18618): com.android.server.net is mapped to system
07-05 08:33:36.015 I/AconfigPackage(18618): com.android.settingslib.widget.flags is mapped to system
07-05 08:33:36.015 I/AconfigPackage(18618): com.android.internal.camera.flags is mapped to system
07-05 08:33:36.015 I/AconfigPackage(18618): com.android.hardware.libsensor.flags is mapped to system
07-05 08:33:36.016 I/AconfigPackage(18618): com.android.internal.jank is mapped to system
07-05 08:33:36.016 I/AconfigPackage(18618): com.android.providers.settings is mapped to system
07-05 08:33:36.016 I/AconfigPackage(18618): android.multiuser is mapped to system
07-05 08:33:36.016 I/AconfigPackage(18618): com.android.server.power.optimization is mapped to system
07-05 08:33:36.017 I/AconfigPackage(18618): com.android.calllogbackup is mapped to system
07-05 08:33:36.017 I/AconfigPackage(18618): com.android.media.flags is mapped to system
07-05 08:33:36.017 I/AconfigPackage(18618): com.android.server.flags is mapped to system
07-05 08:33:36.017 I/AconfigPackage(18618): com.android.graphics.libvulkan.flags is mapped to system
07-05 08:33:36.017 I/AconfigPackage(18618): android.app.appfunctions.flags is mapped to system
07-05 08:33:36.017 I/AconfigPackage(18618): android.app.smartspace.flags is mapped to system
07-05 08:33:36.017 I/AconfigPackage(18618): com.android.providers.contacts.flags is mapped to system
07-05 08:33:36.017 I/AconfigPackage(18618): com.android.shell.flags is mapped to system
07-05 08:33:36.017 I/AconfigPackage(18618): com.android.media.aaudio is mapped to system
07-05 08:33:36.017 I/AconfigPackage(18618): android.hardware.radio is mapped to system
07-05 08:33:36.017 I/AconfigPackage(18618): com.google.wear.services.infra.flags is mapped to system
07-05 08:33:36.017 I/AconfigPackage(18618): suspend_service.flags is mapped to system
07-05 08:33:36.017 I/AconfigPackage(18618): android.media.midi is mapped to system
07-05 08:33:36.017 I/AconfigPackage(18618): com.android.libcore.readonly is mapped to system
07-05 08:33:36.018 I/AconfigPackage(18618): com.android.settingslib.widget.selectorwithwidgetpreference.flags is mapped to system
07-05 08:33:36.018 I/AconfigPackage(18618): android.service.notification is mapped to system
07-05 08:33:36.018 I/AconfigPackage(18618): com.android.systemui.shared is mapped to system
07-05 08:33:36.018 I/AconfigPackage(18618): android.app.jank is mapped to system
07-05 08:33:36.018 I/AconfigPackage(18618): android.app.wearable is mapped to system
07-05 08:33:36.018 I/AconfigPackage(18618): com.android.media.audio is mapped to system
07-05 08:33:36.018 I/AconfigPackage(18618): android.service.chooser is mapped to system
07-05 08:33:36.018 I/AconfigPackage(18618): com.android.server.compat is mapped to system
07-05 08:33:36.018 I/AconfigPackage(18618): com.android.server.alarm is mapped to system
07-05 08:33:36.018 I/AconfigPackage(18618): com.android.apex.flags is mapped to system
07-05 08:33:36.018 I/AconfigPackage(18618): android.service.quickaccesswallet is mapped to system
07-05 08:33:36.018 I/AconfigPackage(18618): android.app.usage is mapped to system
07-05 08:33:36.018 I/AconfigPackage(18618): com.android.server.accessibility is mapped to system
07-05 08:33:36.018 I/AconfigPackage(18618): android.app.supervision.flags is mapped to system
07-05 08:33:36.018 I/AconfigPackage(18618): com.android.server.utils is mapped to system
07-05 08:33:36.018 I/AconfigPackage(18618): android.chre.flags is mapped to system
07-05 08:33:36.019 I/AconfigPackage(18618): android.content.flags is mapped to system
07-05 08:33:36.019 I/AconfigPackage(18618): android.media.codec is mapped to system
07-05 08:33:36.019 I/AconfigPackage(18618): com.android.internal.os is mapped to system
07-05 08:33:36.019 I/AconfigPackage(18618): com.android.nfc.nci.flags is mapped to system
07-05 08:33:36.019 I/AconfigPackage(18618): android.app is mapped to system
07-05 08:33:36.019 I/AconfigPackage(18618): android.security.keystore2 is mapped to system
07-05 08:33:36.019 I/AconfigPackage(18618): android.crashrecovery.flags is mapped to system
07-05 08:33:36.019 I/AconfigPackage(18618): com.android.tradeinmode.flags is mapped to system
07-05 08:33:36.019 I/AconfigPackage(18618): android.hardware.flags is mapped to system
07-05 08:33:36.019 I/AconfigPackage(18618): com.android.server.telecom.flags is mapped to system
07-05 08:33:36.019 I/AconfigPackage(18618): com.android.settingslib.media.flags is mapped to system
07-05 08:33:36.019 I/AconfigPackage(18618): com.android.server.policy is mapped to system
07-05 08:33:36.019 I/AconfigPackage(18618): android.media.audiopolicy is mapped to system
07-05 08:33:36.019 I/AconfigPackage(18618): com.android.egg.flags is mapped to system
07-05 08:33:36.019 I/AconfigPackage(18618): com.android.internal.compat.flags is mapped to system
07-05 08:33:36.019 I/AconfigPackage(18618): android.security is mapped to system
07-05 08:33:36.019 I/AconfigPackage(18618): android.service.autofill is mapped to system
07-05 08:33:36.020 I/AconfigPackage(18618): com.example.android.aconfig.demo.flags is mapped to system
07-05 08:33:36.020 I/AconfigPackage(18618): android.view.flags is mapped to system
07-05 08:33:36.021 I/AconfigPackage(18618): android.companion.virtual.flags is mapped to system
07-05 08:33:36.021 I/AconfigPackage(18618): com.android.aconfig_new_storage is mapped to system
07-05 08:33:36.021 I/AconfigPackage(18618): com.android.server.feature.flags is mapped to system
07-05 08:33:36.021 I/AconfigPackage(18618): com.android.systemui is mapped to system
07-05 08:33:36.021 I/AconfigPackage(18618): com.android.server.power.batterysaver is mapped to system
07-05 08:33:36.021 I/AconfigPackage(18618): android.widget.flags is mapped to system
07-05 08:33:36.021 I/AconfigPackage(18618): com.android.media.editing.flags is mapped to system
07-05 08:33:36.021 I/AconfigPackage(18618): com.android.media.codec.flags is mapped to system
07-05 08:33:36.021 I/AconfigPackage(18618): com.android.server.powerstats is mapped to system
07-05 08:33:36.021 I/AconfigPackage(18618): com.android.graphics.egl.flags is mapped to system
07-05 08:33:36.021 I/AconfigPackage(18618): com.android.media.audioserver is mapped to system
07-05 08:33:36.021 I/AconfigPackage(18618): com.android.server.deviceidle is mapped to system
07-05 08:33:36.022 I/AconfigPackage(18618): android.nfc is mapped to system
07-05 08:33:36.022 I/AconfigPackage(18618): android.permission.flags is mapped to system
07-05 08:33:36.022 I/AconfigPackage(18618): android.service.voice.flags is mapped to system
07-05 08:33:36.022 I/AconfigPackage(18618): android.content.pm is mapped to system
07-05 08:33:36.022 I/AconfigPackage(18618): com.android.server.power.hint is mapped to system
07-05 08:33:36.022 I/AconfigPackage(18618): android.os is mapped to system
07-05 08:33:36.022 I/AconfigPackage(18618): android.service.dreams is mapped to system
07-05 08:33:36.022 I/AconfigPackage(18618): com.android.graphics.libgui.flags is mapped to system
07-05 08:33:36.022 I/AconfigPackage(18618): android.hardware.usb.flags is mapped to system
07-05 08:33:36.022 I/AconfigPackage(18618): android.provider is mapped to system
07-05 08:33:36.022 I/AconfigPackage(18618): com.android.server.job is mapped to system
07-05 08:33:36.023 I/AconfigPackage(18618): com.android.internal.foldables.flags is mapped to system
07-05 08:33:36.023 I/AconfigPackage(18618): com.android.internal.telephony.flags is mapped to system
07-05 08:33:36.023 I/AconfigPackage(18618): android.webkit is mapped to system
07-05 08:33:36.023 I/AconfigPackage(18618): android.credentials.flags is mapped to system
07-05 08:33:36.023 I/AconfigPackage(18618): com.android.server.display.feature.flags is mapped to system
07-05 08:33:36.023 I/AconfigPackage(18618): com.android.server.notification is mapped to system
07-05 08:33:36.023 I/AconfigPackage(18618): android.appwidget.flags is mapped to system
07-05 08:33:36.023 I/AconfigPackage(18618): com.android.frameworks.sensorservice.flags is mapped to system
07-05 08:33:36.024 I/AconfigPackage(18618): com.android.printspooler.flags is mapped to system
07-05 08:33:36.024 I/AconfigPackage(18618): com.android.window.flags is mapped to system
07-05 08:33:36.024 I/AconfigPackage(18618): android.adaptiveauth is mapped to system
07-05 08:33:36.024 I/AconfigPackage(18618): android.net.wifi.flags is mapped to system
07-05 08:33:36.024 I/AconfigPackage(18618): android.media.tv.flags is mapped to system
07-05 08:33:36.025 I/AconfigPackage(18618): com.android.server.usb.flags is mapped to system
07-05 08:33:36.025 I/AconfigPackage(18618): android.os.vibrator is mapped to system
07-05 08:33:36.025 I/AconfigPackage(18618): android.hardware.devicestate.feature.flags is mapped to system
07-05 08:33:36.025 I/AconfigPackage(18618): com.android.server.usage is mapped to system
07-05 08:33:36.025 I/AconfigPackage(18618): android.server is mapped to system
07-05 08:33:36.026 I/AconfigPackage(18618): com.android.wm.shell is mapped to system
07-05 08:33:36.026 I/AconfigPackage(18618): android.view.inputmethod is mapped to system
07-05 08:33:36.026 I/AconfigPackage(18618): com.android.graphics.hwui.flags is mapped to system
07-05 08:33:36.026 I/AconfigPackage(18618): com.android.server.backup is mapped to system
07-05 08:33:36.026 I/AconfigPackage(18618): com.android.internal.pm.pkg.component.flags is mapped to system
07-05 08:33:36.026 I/AconfigPackage(18618): android.view.accessibility is mapped to system
07-05 08:33:36.026 I/AconfigPackage(18618): com.google.wear.sdk is mapped to system
07-05 08:33:36.026 I/AconfigPackage(18618): android.media.audio is mapped to system
07-05 08:33:36.026 I/AconfigPackage(18618): com.android.server.am is mapped to system
07-05 08:33:36.026 I/AconfigPackage(18618): com.android.media.playback.flags is mapped to system
07-05 08:33:36.027 I/AconfigPackage(18618): com.android.art.flags is mapped to com.android.art
07-05 08:33:36.027 I/AconfigPackage(18618): com.android.libcore is mapped to com.android.art
07-05 08:33:36.027 I/AconfigPackage(18618): com.android.media.extractor.flags is mapped to com.android.media
07-05 08:33:36.027 I/AconfigPackage(18618): com.android.media.mainline.flags is mapped to com.android.media
07-05 08:33:36.027 I/AconfigPackage(18618): com.android.wifi.flags is mapped to com.android.wifi
07-05 08:33:36.027 I/AconfigPackage(18618): com.android.org.conscrypt.flags is mapped to com.android.conscrypt
07-05 08:33:36.028 I/AconfigPackage(18618): com.android.healthfitness.flags is mapped to com.android.healthfitness
07-05 08:33:36.028 I/AconfigPackage(18618): com.google.android.input.twoshay.flags is mapped to vendor
07-05 08:33:36.028 I/AconfigPackage(18618): libgooglecamerahal.flags is mapped to vendor
07-05 08:33:36.028 I/AconfigPackage(18618): com.android.ipsec.flags is mapped to com.android.ipsec
07-05 08:33:36.029 I/AconfigPackage(18618): com.android.nfc.module.flags is mapped to com.android.nfcservices
07-05 08:33:36.029 I/AconfigPackage(18618): com.android.adservices.ondevicepersonalization.flags is mapped to com.android.ondevicepersonalization
07-05 08:33:36.029 I/AconfigPackage(18618): com.android.bluetooth.flags is mapped to com.android.bt
07-05 08:33:36.029 I/AconfigPackage(18618): com.android.devicelock.flags is mapped to com.android.devicelock
07-05 08:33:36.029 I/AconfigPackage(18618): android.os.profiling is mapped to com.android.profiling
07-05 08:33:36.030 I/AconfigPackage(18618): com.android.os.statsd.flags is mapped to com.android.os.statsd
07-05 08:33:36.030 I/AconfigPackage(18618): com.android.cellbroadcastreceiver.flags is mapped to com.android.cellbroadcast
07-05 08:33:36.030 I/AconfigPackage(18618): com.android.adservices.flags is mapped to com.android.adservices
07-05 08:33:36.030 I/AconfigPackage(18618): com.android.sdksandbox.flags is mapped to com.android.adservices
07-05 08:33:36.030 I/AconfigPackage(18618): com.android.uwb.flags is mapped to com.android.uwb
07-05 08:33:36.031 I/AconfigPackage(18618): com.android.ranging.flags is mapped to com.android.uwb
07-05 08:33:36.031 I/AconfigPackage(18618): android.graphics.pdf.flags is mapped to com.android.mediaprovider
07-05 08:33:36.031 I/AconfigPackage(18618): com.android.providers.media.flags is mapped to com.android.mediaprovider
07-05 08:33:36.031 I/AconfigPackage(18618): android.graphics.pdf.flags.readonly is mapped to com.android.mediaprovider
07-05 08:33:36.031 I/AconfigPackage(18618): com.android.net.ct.flags is mapped to com.android.tethering
07-05 08:33:36.031 I/AconfigPackage(18618): com.android.net.flags is mapped to com.android.tethering
07-05 08:33:36.031 I/AconfigPackage(18618): android.net.vcn is mapped to com.android.tethering
07-05 08:33:36.032 I/AconfigPackage(18618): com.android.nearby.flags is mapped to com.android.tethering
07-05 08:33:36.032 I/AconfigPackage(18618): android.net.http is mapped to com.android.tethering
07-05 08:33:36.032 I/AconfigPackage(18618): com.android.net.thread.flags is mapped to com.android.tethering
07-05 08:33:36.033 I/AconfigPackage(18618): com.android.system.virtualmachine.flags is mapped to com.android.virt
07-05 08:33:36.033 E/FeatureFlagsImplExport(18618): android.os.flagging.AconfigStorageReadException: ERROR_PACKAGE_NOT_FOUND: package android.xr cannot be found on the device
07-05 08:33:36.037 D/UiAutomationConnection(18618): Created on user UserHandle{0}
07-05 08:33:36.037 I/UiAutomation(18618): Initialized for user 0 on display 0
07-05 08:33:36.037 W/UiAutomation(18618): Created with deprecatead constructor, assumes DEFAULT_DISPLAY
07-05 08:33:36.038 D/AccessibilityManagerService(  715): changeCurrentUserForTestAutomationIfNeededLocked(0): ignoring because device doesn't support visible background users
07-05 08:33:36.038 I/UiAutomationManager(  715): Registering UiTestAutomationService (id=com.android.server.accessibility/UiAutomation, flags=0x0) when called by user 0
07-05 08:33:36.039 V/AccessibilityManagerService(  715): onUserStateChangedLocked for userId: 0, forceUpdate: false
07-05 08:33:36.043 W/MagnificationConnectionManager(  715): requestConnection duplicated request: connect=false, mConnectionState=DISCONNECTED
07-05 08:33:36.045 W/IPCThreadState(  715): Sending oneway calls to frozen process.
07-05 08:33:36.045 W/IPCThreadState(  715): Sending oneway calls to frozen process.
07-05 08:33:36.045 W/IPCThreadState(  715): Sending oneway calls to frozen process.
07-05 08:33:36.046 W/IPCThreadState(  715): Sending oneway calls to frozen process.
07-05 08:33:36.046 W/IPCThreadState(  715): Sending oneway calls to frozen process.
07-05 08:33:36.046 W/IPCThreadState(  715): Sending oneway calls to frozen process.
07-05 08:33:36.046 W/IPCThreadState(  715): Sending oneway calls to frozen process.
07-05 08:33:36.047 V/UiAutomation(18618): Init UiAutomation@4f98c6f[id=544, displayId=0, flags=0]
07-05 08:33:36.048 W/IPCThreadState(  715): Sending oneway calls to frozen process.
07-05 08:33:36.048 W/IPCThreadState(  715): Sending oneway calls to frozen process.
07-05 08:33:36.048 V/AccessibilityManagerService(  715): onUserStateChangedLocked for userId: 0, forceUpdate: false
07-05 08:33:36.049 W/MagnificationConnectionManager(  715): requestConnection duplicated request: connect=false, mConnectionState=DISCONNECTED
07-05 08:33:36.049 W/IPCThreadState(  715): Sending oneway calls to frozen process.
07-05 08:33:36.049 W/IPCThreadState(  715): Sending oneway calls to frozen process.
07-05 08:33:36.050 W/IPCThreadState(  715): Sending oneway calls to frozen process.
07-05 08:33:36.051 W/IPCThreadState(  715): Sending oneway calls to frozen process.
07-05 08:33:36.051 W/IPCThreadState(  715): Sending oneway calls to frozen process.
07-05 08:33:36.053 D/AccessibilitySourceService( 1259): enabled a11y services count 1
07-05 08:33:36.055 W/IPCThreadState(  715): Sending oneway calls to frozen process.
07-05 08:33:36.055 W/IPCThreadState(  715): Sending oneway calls to frozen process.
07-05 08:33:36.056 W/IPCThreadState(  715): Sending oneway calls to frozen process.
07-05 08:33:36.057 W/IPCThreadState(  715): Sending oneway calls to frozen process.
07-05 08:33:36.057 W/IPCThreadState(  715): Sending oneway calls to frozen process.
07-05 08:33:36.058 W/IPCThreadState(  715): Sending oneway calls to frozen process.
07-05 08:33:36.058 W/IPCThreadState(  715): Sending oneway calls to frozen process.
07-05 08:33:36.059 W/IPCThreadState(  715): Sending oneway calls to frozen process.
07-05 08:33:36.060 W/IPCThreadState(  715): Sending oneway calls to frozen process.
07-05 08:33:36.060 W/IPCThreadState(  715): Sending oneway calls to frozen process.
07-05 08:33:36.060 W/IPCThreadState(  715): Sending oneway calls to frozen process.
07-05 08:33:36.060 W/IPCThreadState(  715): Sending oneway calls to frozen process.
07-05 08:33:36.061 W/IPCThreadState(  715): Sending oneway calls to frozen process.
07-05 08:33:36.061 W/IPCThreadState(  715): Sending oneway calls to frozen process.
07-05 08:33:36.062 W/IPCThreadState(  715): Sending oneway calls to frozen process.
07-05 08:33:36.063 W/IPCThreadState(  715): Sending oneway calls to frozen process.
07-05 08:33:36.063 W/IPCThreadState(  715): Sending oneway calls to frozen process.
07-05 08:33:36.063 W/IPCThreadState(  715): Sending oneway calls to frozen process.
07-05 08:33:36.063 D/AccessibilitySourceService( 1259): a11y source sending 1 issue to sc
07-05 08:33:36.064 W/IPCThreadState(  715): Sending oneway calls to frozen process.
07-05 08:33:36.064 D/SafetySourceDataValidat(  715): No cert check requested for package com.google.android.permissioncontroller
07-05 08:33:36.064 W/IPCThreadState(  715): Sending oneway calls to frozen process.
07-05 08:33:36.064 W/IPCThreadState(  715): Sending oneway calls to frozen process.
07-05 08:33:36.066 D/AccessibilitySourceService( 1259): enabled a11y services count 1
07-05 08:33:36.071 D/AccessibilitySourceService( 1259): a11y source sending 1 issue to sc
07-05 08:33:36.072 D/SafetySourceDataValidat(  715): No cert check requested for package com.google.android.permissioncontroller
07-05 08:33:37.068 W/AccessibilityNodeInfoDumper(18618): Fetch time: 5ms
07-05 08:33:37.070 V/AccessibilityManagerService(  715): onUserStateChangedLocked for userId: 0, forceUpdate: false
07-05 08:33:37.072 D/BackgroundInstallControlService(  715): Package event received: 0
07-05 08:33:37.073 D/BackgroundInstallControlService(  715): Package event received: 0
07-05 08:33:37.078 W/MagnificationConnectionManager(  715): requestConnection duplicated request: connect=false, mConnectionState=DISCONNECTED
07-05 08:33:37.078 D/AccessibilityManagerService(  715): restoreCurrentUserForTestAutomationIfNeededLocked(): ignoring because device doesn't support visible background users
07-05 08:33:37.080 W/IPCThreadState(  715): Sending oneway calls to frozen process.
07-05 08:33:37.081 W/IPCThreadState(  715): Sending oneway calls to frozen process.
07-05 08:33:37.084 W/IPCThreadState(  715): Sending oneway calls to frozen process.
07-05 08:33:37.084 W/IPCThreadState(  715): Sending oneway calls to frozen process.
07-05 08:33:37.085 W/IPCThreadState(  715): Sending oneway calls to frozen process.
07-05 08:33:37.085 D/AndroidRuntime(18618): Shutting down VM
07-05 08:33:37.085 W/IPCThreadState(18618): call to talkWithDriver in joinThreadPool returned error: -9 (Bad file descriptor), FD: -1
07-05 08:33:37.085 W/IPCThreadState(  715): Sending oneway calls to frozen process.
07-05 08:33:37.085 W/IPCThreadState(18618): call to talkWithDriver in joinThreadPool returned error: -9 (Bad file descriptor), FD: -1
07-05 08:33:37.085 W/IPCThreadState(  715): Sending oneway calls to frozen process.
07-05 08:33:37.088 W/IPCThreadState(18618): call to talkWithDriver in joinThreadPool returned error: -9 (Bad file descriptor), FD: -1
07-05 08:33:37.089 W/IPCThreadState(  715): Sending oneway calls to frozen process.
07-05 08:33:37.090 W/IPCThreadState(  715): Sending oneway calls to frozen process.
07-05 08:33:37.090 I/netd    (  488): tetherGetStats() -> {[]} <2.03ms>
07-05 08:33:37.091 W/IPCThreadState(  715): Sending oneway calls to frozen process.
07-05 08:33:37.091 W/IPCThreadState(  715): Sending oneway calls to frozen process.
07-05 08:33:37.095 W/IPCThreadState(  715): Sending oneway calls to frozen process.
07-05 08:33:37.097 W/IPCThreadState(  715): Sending oneway calls to frozen process.
07-05 08:33:37.097 W/IPCThreadState(  715): Sending oneway calls to frozen process.
07-05 08:33:37.098 V/AccessibilityManagerService(  715): onUserStateChangedLocked for userId: 0, forceUpdate: false
07-05 08:33:37.101 W/MagnificationConnectionManager(  715): requestConnection duplicated request: connect=false, mConnectionState=DISCONNECTED
07-05 08:33:37.102 W/IPCThreadState(  715): Sending oneway calls to frozen process.
07-05 08:33:37.102 W/IPCThreadState(  715): Sending oneway calls to frozen process.
07-05 08:33:37.102 W/IPCThreadState(  715): Sending oneway calls to frozen process.
07-05 08:33:37.103 W/IPCThreadState(  715): Sending oneway calls to frozen process.
07-05 08:33:37.103 W/IPCThreadState(  715): Sending oneway calls to frozen process.
07-05 08:33:37.104 W/IPCThreadState(  715): Sending oneway calls to frozen process.
07-05 08:33:37.105 W/IPCThreadState(  715): Sending oneway calls to frozen process.
07-05 08:33:37.105 W/IPCThreadState(  715): Sending oneway calls to frozen process.
07-05 08:33:37.105 W/IPCThreadState(  715): Sending oneway calls to frozen process.
07-05 08:33:37.105 W/IPCThreadState(  715): Sending oneway calls to frozen process.
07-05 08:33:37.106 W/IPCThreadState(  715): Sending oneway calls to frozen process.
07-05 08:33:37.106 W/IPCThreadState(  715): Sending oneway calls to frozen process.
07-05 08:33:37.107 W/IPCThreadState(  715): Sending oneway calls to frozen process.
07-05 08:33:37.107 W/IPCThreadState(  715): Sending oneway calls to frozen process.
07-05 08:33:37.108 W/IPCThreadState(  715): Sending oneway calls to frozen process.
07-05 08:33:37.108 W/IPCThreadState(  715): Sending oneway calls to frozen process.
07-05 08:33:37.108 D/AccessibilitySourceService( 1259): enabled a11y services count 1
07-05 08:33:37.109 W/IPCThreadState(  715): Sending oneway calls to frozen process.
07-05 08:33:37.110 W/IPCThreadState(  715): Sending oneway calls to frozen process.
07-05 08:33:37.110 W/IPCThreadState(  715): Sending oneway calls to frozen process.
07-05 08:33:37.111 W/IPCThreadState(  715): Sending oneway calls to frozen process.
07-05 08:33:37.111 W/IPCThreadState(  715): Sending oneway calls to frozen process.
