07-06 00:00:35.604 W/IPCThreadState(  715): Sending oneway calls to frozen process.
07-06 00:00:35.612 I/netd    (  488): tetherGetStats() -> {[]} <4.03ms>
07-06 00:00:35.613 W/IPCThreadState(  715): Sending oneway calls to frozen process.
07-06 00:00:35.616 W/IPCThreadState(  715): Sending oneway calls to frozen process.
07-06 00:00:35.616 W/IPCThreadState(  715): Sending oneway calls to frozen process.
07-06 00:00:35.618 W/IPCThreadState(  715): Sending oneway calls to frozen process.
07-06 00:00:35.619 D/ActivityManager(  715): freezing 1695 com.google.android.googlequicksearchbox:search
07-06 00:00:35.620 W/IPCThreadState(  715): Sending oneway calls to frozen process.
07-06 00:00:35.620 D/AccessibilitySourceService( 1259): a11y source sending 1 issue to sc
07-06 00:00:35.621 D/SafetySourceDataValidat(  715): No cert check requested for package com.google.android.permissioncontroller
07-06 00:00:35.624 W/IPCThreadState(  715): Sending oneway calls to frozen process.
07-06 00:00:35.624 W/IPCThreadState(  715): Sending oneway calls to frozen process.
07-06 00:00:35.624 W/IPCThreadState(  715): Sending oneway calls to frozen process.
07-06 00:00:35.627 W/IPCThreadState(  715): Sending oneway calls to frozen process.
07-06 00:00:35.627 W/IPCThreadState(  715): Sending oneway calls to frozen process.
07-06 00:00:35.627 W/IPCThreadState(  715): Sending oneway calls to frozen process.
07-06 00:00:35.628 W/IPCThreadState(  715): Sending oneway calls to frozen process.
07-06 00:00:35.629 D/ActivityManager(  715): Reschedule freeze for process 1695 com.google.android.googlequicksearchbox:search (new pending txns), timeout=2048
07-06 00:00:35.629 W/IPCThreadState(  715): Sending oneway calls to frozen process.
07-06 00:00:35.632 V/AccessibilityManagerService(  715): onUserStateChangedLocked for userId: 0, forceUpdate: false
07-06 00:00:35.640 D/ActivityManager(  715): sync unfroze 1695 com.google.android.googlequicksearchbox:search for 18
07-06 00:00:35.643 W/IPCThreadState(  715): Sending oneway calls to frozen process.
07-06 00:00:35.644 W/MagnificationConnectionManager(  715): requestConnection duplicated request: connect=false, mConnectionState=DISCONNECTED
07-06 00:00:35.644 W/IPCThreadState(  715): Sending oneway calls to frozen process.
07-06 00:00:35.645 W/IPCThreadState(  715): Sending oneway calls to frozen process.
07-06 00:00:35.647 W/IPCThreadState(  715): Sending oneway calls to frozen process.
07-06 00:00:35.647 W/IPCThreadState(  715): Sending oneway calls to frozen process.
07-06 00:00:35.647 W/IPCThreadState(  715): Sending oneway calls to frozen process.
07-06 00:00:35.648 W/IPCThreadState(  715): Sending oneway calls to frozen process.
07-06 00:00:35.648 W/IPCThreadState(  715): Sending oneway calls to frozen process.
07-06 00:00:35.649 W/IPCThreadState(  715): Sending oneway calls to frozen process.
07-06 00:00:35.650 W/IPCThreadState(  715): Sending oneway calls to frozen process.
07-06 00:00:35.651 W/IPCThreadState(  715): Sending oneway calls to frozen process.
07-06 00:00:35.652 W/IPCThreadState(  715): Sending oneway calls to frozen process.
07-06 00:00:35.653 W/IPCThreadState(  715): Sending oneway calls to frozen process.
07-06 00:00:35.654 W/IPCThreadState(  715): Sending oneway calls to frozen process.
07-06 00:00:35.654 W/IPCThreadState(  715): Sending oneway calls to frozen process.
07-06 00:00:35.657 W/IPCThreadState(  715): Sending oneway calls to frozen process.
07-06 00:00:35.663 D/AccessibilitySourceService( 1259): enabled a11y services count 1
07-06 00:00:35.669 D/AccessibilitySourceService( 1259): a11y source sending 1 issue to sc
07-06 00:00:35.670 D/SafetySourceDataValidat(  715): No cert check requested for package com.google.android.permissioncontroller
07-06 00:00:35.850 W/AccessibilityManagerService(  715):  wait for adding window timeout: 701
07-06 00:00:36.551 D/WifiClientModeImpl[27601:wlan0](  715): updateLinkLayerStatsRssiSpeedFrequencyCapabilities rssi=-50 TxLinkspeed=2 freq=2447 RxLinkSpeed=2
07-06 00:00:36.552 D/WifiDataStall(  715): tx tput in kbps: 11000
07-06 00:00:36.552 D/WifiDataStall(  715): rx tput in kbps: 11000
07-06 00:00:36.552 V/WifiConfigManager(  715): Updating scan detail cache freq=2447 BSSID=00:13:10:85:fe:01 RSSI=-50 for "AndroidWifi"NONE
07-06 00:00:36.553 D/WifiThroughputPredictor(  715):  utilization (LLS) 80 isBluetoothConnected: false final utilization: 80
07-06 00:00:36.553 D/WifiThroughputPredictor(  715):  BW: 0 RSSI: -50 Nss: 1 Mode: 1 symDur: 4000 snrDb 30 bitPerTone: 4500 rate: 54 throughput: 11
07-06 00:00:36.554 D/WifiThroughputPredictor(  715):  utilization (LLS) 80 isBluetoothConnected: false final utilization: 80
07-06 00:00:36.554 D/WifiThroughputPredictor(  715):  BW: 0 RSSI: -50 Nss: 1 Mode: 1 symDur: 4000 snrDb 30 bitPerTone: 4500 rate: 54 throughput: 11
07-06 00:00:36.554 D/WifiThroughputPredictor(  715):  utilization (LLS) 80 isBluetoothConnected: false final utilization: 80
07-06 00:00:36.554 D/WifiThroughputPredictor(  715):  BW: 0 RSSI: -50 Nss: 1 Mode: 1 symDur: 4000 snrDb 30 bitPerTone: 4500 rate: 54 throughput: 11
07-06 00:00:36.555 D/WifiThroughputPredictor(  715):  utilization (LLS) 80 isBluetoothConnected: false final utilization: 80
07-06 00:00:36.555 D/WifiThroughputPredictor(  715):  BW: 0 RSSI: -50 Nss: 1 Mode: 1 symDur: 4000 snrDb 30 bitPerTone: 4500 rate: 54 throughput: 11
07-06 00:00:36.556 D/WifiScoreCard(  715): BSSID update SIGNAL_POLL ID: 1559335064 SSID: "AndroidWifi", BSSID: 00:13:10:85:fe:01, MAC: 02:15:b2:00:00:00, IP: /10.0.2.16, Security type: 0, Supplicant state: COMPLETED, Wi-Fi standard: legacy, RSSI: -50, Link speed: 2Mbps, Tx Link speed: 2Mbps, Max Supported Tx Link speed: 11Mbps, Rx Link speed: 2Mbps, Max Supported Rx Link speed: 11Mbps, Frequency: 2447MHz, Net ID: 0, Metered hint: false, score: 60, isUsable: true, CarrierMerged: false, SubscriptionId: -1, IsPrimary: 1, Trusted: true, Restricted: false, Ephemeral: false, OEM paid: false, OEM private: false, OSU AP: false, FQDN: <none>, Provider friendly name: <none>, Requesting package name: <none>"AndroidWifi"openMLO Information: , Is TID-To-Link negotiation supported by the AP: false, AP MLD Address: <none>, AP MLO Link Id: <none>, AP MLO Affiliated links: <none>, Vendor Data: <none>
07-06 00:00:36.556 D/WifiScoreCard(  715): txRate: 3 txSpeed: 2
07-06 00:00:36.556 D/WifiScoreCard(  715): network update SIGNAL_POLL "AndroidWifi" ID: 1201260005 RSSI -50 txSpeed -1
07-06 00:00:36.557 D/WifiClientModeImpl[27601:wlan0](  715):  ClientModeImpl$L2ConnectedState screen=on 1 0 "AndroidWifi" 00:13:10:85:fe:01 rssi=-50 f=2447 sc=60 link=2 tx=2.5, 0.0, 0.0 rx=2.3 bcn=0 [on:0 tx:0 rx:0 period:3011] from screen [on:0 period:884608717] score=60
07-06 00:00:36.677 W/AccessibilityNodeInfoDumper(22059): Fetch time: 21ms
07-06 00:00:36.680 V/AccessibilityManagerService(  715): onUserStateChangedLocked for userId: 0, forceUpdate: false
07-06 00:00:36.682 D/BackgroundInstallControlService(  715): Package event received: 0
07-06 00:00:36.685 W/MagnificationConnectionManager(  715): requestConnection duplicated request: connect=false, mConnectionState=DISCONNECTED
07-06 00:00:36.685 D/AccessibilityManagerService(  715): restoreCurrentUserForTestAutomationIfNeededLocked(): ignoring because device doesn't support visible background users
07-06 00:00:36.686 W/IPCThreadState(  715): Sending oneway calls to frozen process.
07-06 00:00:36.687 W/IPCThreadState(  715): Sending oneway calls to frozen process.
07-06 00:00:36.687 W/IPCThreadState(  715): Sending oneway calls to frozen process.
07-06 00:00:36.687 W/IPCThreadState(  715): Sending oneway calls to frozen process.
07-06 00:00:36.688 W/IPCThreadState(  715): Sending oneway calls to frozen process.
07-06 00:00:36.688 W/IPCThreadState(  715): Sending oneway calls to frozen process.
07-06 00:00:36.689 D/AndroidRuntime(22059): Shutting down VM
07-06 00:00:36.689 W/IPCThreadState(22059): call to talkWithDriver in joinThreadPool returned error: -9 (Bad file descriptor), FD: -1
07-06 00:00:36.690 W/IPCThreadState(  715): Sending oneway calls to frozen process.
07-06 00:00:36.692 W/IPCThreadState(  715): Sending oneway calls to frozen process.
07-06 00:00:36.690 W/IPCThreadState(22059): call to talkWithDriver in joinThreadPool returned error: -9 (Bad file descriptor), FD: -1
07-06 00:00:36.693 W/IPCThreadState(22059): call to talkWithDriver in joinThreadPool returned error: -9 (Bad file descriptor), FD: -1
07-06 00:00:36.693 W/IPCThreadState(  715): Sending oneway calls to frozen process.
07-06 00:00:36.694 W/IPCThreadState(  715): Sending oneway calls to frozen process.
07-06 00:00:36.694 W/IPCThreadState(  715): Sending oneway calls to frozen process.
07-06 00:00:36.694 W/IPCThreadState(  715): Sending oneway calls to frozen process.
07-06 00:00:36.695 W/IPCThreadState(  715): Sending oneway calls to frozen process.
07-06 00:00:36.695 W/IPCThreadState(  715): Sending oneway calls to frozen process.
07-06 00:00:36.697 V/AccessibilityManagerService(  715): onUserStateChangedLocked for userId: 0, forceUpdate: false
07-06 00:00:36.699 W/MagnificationConnectionManager(  715): requestConnection duplicated request: connect=false, mConnectionState=DISCONNECTED
07-06 00:00:36.700 W/IPCThreadState(  715): Sending oneway calls to frozen process.
07-06 00:00:36.701 W/IPCThreadState(  715): Sending oneway calls to frozen process.
07-06 00:00:36.702 W/IPCThreadState(  715): Sending oneway calls to frozen process.
07-06 00:00:36.702 W/IPCThreadState(  715): Sending oneway calls to frozen process.
07-06 00:00:36.702 D/AccessibilitySourceService( 1259): enabled a11y services count 1
07-06 00:00:36.704 W/IPCThreadState(  715): Sending oneway calls to frozen process.
07-06 00:00:36.704 W/IPCThreadState(  715): Sending oneway calls to frozen process.
07-06 00:00:36.705 W/IPCThreadState(  715): Sending oneway calls to frozen process.
07-06 00:00:36.706 W/IPCThreadState(  715): Sending oneway calls to frozen process.
07-06 00:00:36.706 W/IPCThreadState(  715): Sending oneway calls to frozen process.
07-06 00:00:36.706 W/IPCThreadState(  715): Sending oneway calls to frozen process.
07-06 00:00:36.707 W/IPCThreadState(  715): Sending oneway calls to frozen process.
07-06 00:00:36.708 D/AccessibilitySourceService( 1259): a11y source sending 1 issue to sc
07-06 00:00:36.709 W/IPCThreadState(  715): Sending oneway calls to frozen process.
07-06 00:00:36.709 I/netd    (  488): tetherGetStats() -> {[]} <0.71ms>
07-06 00:00:36.711 W/IPCThreadState(  715): Sending oneway calls to frozen process.
07-06 00:00:36.711 W/IPCThreadState(  715): Sending oneway calls to frozen process.
07-06 00:00:36.711 W/IPCThreadState(  715): Sending oneway calls to frozen process.
07-06 00:00:36.712 W/IPCThreadState(  715): Sending oneway calls to frozen process.
07-06 00:00:36.712 W/IPCThreadState(  715): Sending oneway calls to frozen process.
07-06 00:00:36.713 W/IPCThreadState(  715): Sending oneway calls to frozen process.
07-06 00:00:36.714 W/IPCThreadState(  715): Sending oneway calls to frozen process.
07-06 00:00:36.716 W/IPCThreadState(  715): Sending oneway calls to frozen process.
07-06 00:00:36.716 W/IPCThreadState(  715): Sending oneway calls to frozen process.
07-06 00:00:36.717 D/SafetySourceDataValidat(  715): No cert check requested for package com.google.android.permissioncontroller
07-06 00:00:37.555 D/ProfileInstaller(21986): Installing profile for com.huiyi.mockchat
07-06 00:00:37.702 D/ActivityManager(  715): freezing 1695 com.google.android.googlequicksearchbox:search
07-06 00:00:38.052 D/wpa_supplicant(  960): nl80211: Drv Event 64 (NL80211_CMD_NOTIFY_CQM) received for wlan0
07-06 00:00:38.052 D/wpa_supplicant(  960): nl80211: Beacon loss event
07-06 00:00:38.052 D/wpa_supplicant(  960): wlan0: Event BEACON_LOSS (53) received
07-06 00:00:38.052 I/wpa_supplicant(  960): wlan0: CTRL-EVENT-BEACON-LOSS 
07-06 00:00:38.148 W/screencap(22089): Thread Pool max thread count is 0. Cannot cache binder as linkToDeath cannot be implemented. serviceName: SurfaceFlingerAIDL
07-06 00:00:38.149 W/BpBinder(22089): Linking to death on android.gui.ISurfaceComposer but there are no threads (yet?) listening to incoming transactions. See ProcessState::startThreadPool and ProcessState::setThreadPoolMaxThreadCount. Generally you should setup the binder threadpool before other initialization steps.
07-06 00:00:38.149 W/ProcessState(22089): Extra binder thread started, but 0 threads requested. Do not use *startThreadPool when zero threads are requested.
07-06 00:00:38.187 E/HwcComposer(  567): getLuts failed Status(-8, EX_SERVICE_SPECIFIC): '8: '
07-06 00:00:38.188 E/HWComposer(  567): getLuts: getLuts failed for display 4619827259835644672: UNSUPPORTED (8)
07-06 00:00:38.189 I/keystore2(  275): system/security/keystore2/watchdog/src/lib.rs:377 - Watchdog thread idle -> terminating. Have a great day.
07-06 00:00:38.168 I/servicemanager(    0): Caller(pid=22089,uid=2000,sid=u:r:shell:s0) Found android.hardware.graphics.allocator.IAllocator/default in device VINTF manifest.
07-06 00:00:38.171 I/servicemanager(    0): Caller(pid=22089,uid=2000,sid=u:r:shell:s0) Found android.hardware.graphics.allocator.IAllocator/default in device VINTF manifest.
07-06 00:00:38.173 I/servicemanager(    0): Caller(pid=22089,uid=2000,sid=u:r:shell:s0) Found mapper/ranchu in device VINTF manifest.
07-06 00:00:38.414 I/logd    (    0): logdr: UID=2000 GID=2000 PID=22092 n tail=0 logMask=99 pid=0 start=0ns deadline=0ns
