07-05 08:33:37.112 D/AccessibilitySourceService( 1259): a11y source sending 1 issue to sc
07-05 08:33:37.113 D/SafetySourceDataValidat(  715): No cert check requested for package com.google.android.permissioncontroller
07-05 08:33:37.560 D/WifiClientModeImpl[27601:wlan0](  715): updateLinkLayerStatsRssiSpeedFrequencyCapabilities rssi=-50 TxLinkspeed=1 freq=2447 RxLinkSpeed=2
07-05 08:33:37.560 D/WifiDataStall(  715): tx tput in kbps: 11000
07-05 08:33:37.560 D/WifiDataStall(  715): rx tput in kbps: 11000
07-05 08:33:37.560 V/WifiConfigManager(  715): Updating scan detail cache freq=2447 BSSID=00:13:10:85:fe:01 RSSI=-50 for "AndroidWifi"NONE
07-05 08:33:37.560 D/WifiThroughputPredictor(  715):  utilization (LLS) 80 isBluetoothConnected: false final utilization: 80
07-05 08:33:37.560 D/WifiThroughputPredictor(  715):  BW: 0 RSSI: -50 Nss: 1 Mode: 1 symDur: 4000 snrDb 30 bitPerTone: 4500 rate: 54 throughput: 11
07-05 08:33:37.560 D/WifiThroughputPredictor(  715):  utilization (LLS) 80 isBluetoothConnected: false final utilization: 80
07-05 08:33:37.560 D/WifiThroughputPredictor(  715):  BW: 0 RSSI: -50 Nss: 1 Mode: 1 symDur: 4000 snrDb 30 bitPerTone: 4500 rate: 54 throughput: 11
07-05 08:33:37.561 D/WifiThroughputPredictor(  715):  utilization (LLS) 80 isBluetoothConnected: false final utilization: 80
07-05 08:33:37.561 D/WifiThroughputPredictor(  715):  BW: 0 RSSI: -50 Nss: 1 Mode: 1 symDur: 4000 snrDb 30 bitPerTone: 4500 rate: 54 throughput: 11
07-05 08:33:37.561 D/WifiThroughputPredictor(  715):  utilization (LLS) 80 isBluetoothConnected: false final utilization: 80
07-05 08:33:37.561 D/WifiThroughputPredictor(  715):  BW: 0 RSSI: -50 Nss: 1 Mode: 1 symDur: 4000 snrDb 30 bitPerTone: 4500 rate: 54 throughput: 11
07-05 08:33:37.562 D/WifiScoreCard(  715): BSSID update SIGNAL_POLL ID: 1559335064 SSID: "AndroidWifi", BSSID: 00:13:10:85:fe:01, MAC: 02:15:b2:00:00:00, IP: /10.0.2.16, Security type: 0, Supplicant state: COMPLETED, Wi-Fi standard: legacy, RSSI: -50, Link speed: 1Mbps, Tx Link speed: 1Mbps, Max Supported Tx Link speed: 11Mbps, Rx Link speed: 2Mbps, Max Supported Rx Link speed: 11Mbps, Frequency: 2447MHz, Net ID: 0, Metered hint: false, score: 60, isUsable: true, CarrierMerged: false, SubscriptionId: -1, IsPrimary: 1, Trusted: true, Restricted: false, Ephemeral: false, OEM paid: false, OEM private: false, OSU AP: false, FQDN: <none>, Provider friendly name: <none>, Requesting package name: <none>"AndroidWifi"openMLO Information: , Is TID-To-Link negotiation supported by the AP: false, AP MLD Address: <none>, AP MLO Link Id: <none>, AP MLO Affiliated links: <none>, Vendor Data: <none>
07-05 08:33:37.562 D/WifiScoreCard(  715): txRate: 1 txSpeed: 1
07-05 08:33:37.562 D/WifiScoreCard(  715): network update SIGNAL_POLL "AndroidWifi" ID: 1201260005 RSSI -50 txSpeed -1
07-05 08:33:37.562 D/WifiClientModeImpl[27601:wlan0](  715):  ClientModeImpl$L2ConnectedState screen=on 1 0 "AndroidWifi" 00:13:10:85:fe:01 rssi=-50 f=2447 sc=60 link=1 tx=0.0, 0.0, 0.0 rx=0.0 bcn=0 [on:0 tx:0 rx:0 period:3005] from screen [on:0 period:828989722] score=60
07-05 08:33:37.998 I/keystore2(  275): system/security/keystore2/watchdog/src/lib.rs:377 - Watchdog thread idle -> terminating. Have a great day.
07-05 08:33:38.274 D/ProfileInstaller(18569): Installing profile for com.huiyi.mockchat
07-05 08:33:38.337 D/BackgroundInstallControlService(  715): Package event received: 0
07-05 08:33:38.352 D/CompatChangeReporter(18413): Compat change id reported: 63938206; UID 10216; state: ENABLED
07-05 08:33:38.371 D/CoreBackPreview(  715): Window{a85a93a u0 com.huiyi.v4}: Setting back callback OnBackInvokedCallbackInfo{mCallback=android.window.IOnBackInvokedCallback$Stub$Proxy@11d65e1, mPriority=0, mIsAnimationCallback=false, mOverrideBehavior=0}
07-05 08:33:38.377 I/EGL_emulation(18413): Opening libGLESv1_CM_emulation.so
07-05 08:33:38.380 I/EGL_emulation(18413): Opening libGLESv2_emulation.so
07-05 08:33:38.389 W/HWUI    (18413): Failed to choose config with EGL_SWAP_BEHAVIOR_PRESERVED, retrying without...
07-05 08:33:38.390 W/HWUI    (18413): Failed to initialize 101010-2 format, error = EGL_SUCCESS
07-05 08:33:38.403 W/dumpsys (18646): Thread Pool max thread count is 0. Cannot cache binder as linkToDeath cannot be implemented. serviceName: window
07-05 08:33:38.407 I/system_server(  715): AssetManager2(0x79075ab2c3f8) locale list changing from [] to [en-US]
07-05 08:33:38.408 I/system_server(  715): AssetManager2(0x79075ab2b778) locale list changing from [] to [en-US]
07-05 08:33:38.410 I/system_server(  715): AssetManager2(0x79075ab3b178) locale list changing from [] to [en-US]
07-05 08:33:38.413 I/system_server(  715): AssetManager2(0x79075ab29838) locale list changing from [] to [en-US]
07-05 08:33:38.602 W/screencap(18653): Thread Pool max thread count is 0. Cannot cache binder as linkToDeath cannot be implemented. serviceName: SurfaceFlingerAIDL
07-05 08:33:38.603 W/BpBinder(18653): Linking to death on android.gui.ISurfaceComposer but there are no threads (yet?) listening to incoming transactions. See ProcessState::startThreadPool and ProcessState::setThreadPoolMaxThreadCount. Generally you should setup the binder threadpool before other initialization steps.
07-05 08:33:38.604 W/ProcessState(18653): Extra binder thread started, but 0 threads requested. Do not use *startThreadPool when zero threads are requested.
07-05 08:33:38.617 I/WifiService(  715): isFeatureSupported uid=1000 returns [WIFI_FEATURE_INFRA, WIFI_FEATURE_P2P, WIFI_FEATURE_MOBILE_HOTSPOT, WIFI_FEATURE_WPA3_SAE, WIFI_FEATURE_WPA3_SUITE_B, WIFI_FEATURE_OWE, WIFI_FEATURE_DPP, WIFI_FEATURE_AP_RAND_MAC, WIFI_FEATURE_MBO, WIFI_FEATURE_FILS_SHA256, WIFI_FEATURE_FILS_SHA384, WIFI_FEATURE_SAE_PK, WIFI_FEATURE_DPP_ENROLLEE_RESPONDER, WIFI_FEATURE_PASSPOINT_TERMS_AND_CONDITIONS, WIFI_FEATURE_WFD_R2, WIFI_FEATURE_DECORATED_IDENTITY, WIFI_FEATURE_TRUST_ON_FIRST_USE, WIFI_FEATURE_SET_TLS_MINIMUM_VERSION, WIFI_FEATURE_TLS_V1_3, WIFI_FEATURE_WEP, WIFI_FEATURE_WPA_PERSONAL]
07-05 08:33:38.622 E/HwcComposer(  567): getLuts failed Status(-8, EX_SERVICE_SPECIFIC): '8: '
07-05 08:33:38.623 E/HWComposer(  567): getLuts: getLuts failed for display 4619827259835644672: UNSUPPORTED (8)
07-05 08:33:38.625 I/system_server(  715): Background concurrent mark compact GC freed 26MB AllocSpace bytes, 87(2344KB) LOS objects, 41% free, 33MB/57MB, paused 3.024ms,2.510ms total 164.567ms
07-05 08:33:38.604 I/servicemanager(    0): Caller(pid=18653,uid=2000,sid=u:r:shell:s0) Found android.hardware.graphics.allocator.IAllocator/default in device VINTF manifest.
07-05 08:33:38.608 I/servicemanager(    0): Caller(pid=18653,uid=2000,sid=u:r:shell:s0) Found android.hardware.graphics.allocator.IAllocator/default in device VINTF manifest.
07-05 08:33:38.611 I/servicemanager(    0): Caller(pid=18653,uid=2000,sid=u:r:shell:s0) Found mapper/ranchu in device VINTF manifest.
07-05 08:33:38.682 W/NotificationHistory(  715): Attempted to add notif for locked/gone/disabled user 0
07-05 08:33:38.683 D/BackgroundInstallControlService(  715): Package event received: 0
07-05 08:33:38.688 I/NotificationListener( 1124): received notification posted event - android#UserHandle{0},category=-1
07-05 08:33:38.690 W/AiAiEcho( 1480): LyftNotificationParser Ridesharing ETA not enabled
07-05 08:33:38.690 I/AiAiEcho( 1480): SmartspaceNotificationPredictor no parser can handle this notification or notification is invalid
07-05 08:33:38.717 D/LocalImageResolver(  972): Couldn't use ImageDecoder for drawable, falling back to non-resized load.
07-05 08:33:38.726 D/LocalImageResolver(  972): Couldn't use ImageDecoder for drawable, falling back to non-resized load.
07-05 08:33:38.897 E/NotificationService(  715): Suppressing toast from package com.huiyi.v4 by user request.
07-05 08:33:38.900 I/FloatingBubbleService(18413): next_sentence_click_ack latencyMs=4 ackVisible=true
07-05 08:33:39.030 I/HuiyiRuntime(18413): dynamic_playbook_result sessionId=9b5b6253-71a3-4908-b116-0679c1de99f5 mode=NEXT_SENTENCE chatKey=com.huiyi.mockchat|mock:49b3c0f5 source=LOCAL_FALLBACK decisionSource=LOCAL_PLAYBOOK_FALLBACK_PASSIVE_NEXT lastSpeaker=OTHER decision=NORMAL_REPLY routeCount=5 latencyMs=36 cacheHit=false localFallbackUsed=true cloudRefreshRecommended=true
07-05 08:33:39.067 W/AppOps  (  715): Noting op not finished: uid 10216 pkg com.huiyi.v4 code 24 startTime of in progress event=1783240418357
07-05 08:33:39.078 D/AndroidRuntime(18661): >>>>>> START com.android.internal.os.RuntimeInit uid 2000 <<<<<<
07-05 08:33:39.083 I/AndroidRuntime(18661): Using default boot image
07-05 08:33:39.083 I/AndroidRuntime(18661): Leaving lock profiling enabled
07-05 08:33:39.091 I/app_process(18661): Core platform API reporting enabled, enforcing=false
07-05 08:33:39.091 I/app_process(18661): Using CollectorTypeCMC GC.
07-05 08:33:39.149 D/CoreBackPreview(  715): Window{c355718 u0 com.huiyi.v4}: Setting back callback OnBackInvokedCallbackInfo{mCallback=android.window.IOnBackInvokedCallback$Stub$Proxy@b685bd7, mPriority=0, mIsAnimationCallback=false, mOverrideBehavior=0}
07-05 08:33:39.265 D/nativeloader(18661): InitDefaultPublicLibraries for_preload=1: libandroid.so:libaaudio.so:libamidi.so:libbinder_ndk.so:libc.so:libcamera2ndk.so:libdl.so:libEGL.so:libGLESv1_CM.so:libGLESv2.so:libGLESv3.so:libicu.so:libicui18n.so:libicuuc.so:libjnigraphics.so:liblog.so:libmediandk.so:libm.so:libnativehelper.so:libnativewindow.so:libOpenMAXAL.so:libOpenSLES.so:libRS.so:libstdc++.so:libsync.so:libvulkan.so:libwebviewchromium_plat_support.so:libz.so
07-05 08:33:39.295 D/nativeloader(18661): Load libicu_jni.so using APEX ns com_android_art for caller /apex/com.android.art/javalib/core-oj.jar: ok
07-05 08:33:39.295 D/app_process(18661): u_setTimeZoneFilesDirectory("/apex/com.android.tzdata/etc/tz/versioned/9/icu") succeeded. 
07-05 08:33:39.296 D/app_process(18661): I18n APEX ICU file found: /apex/com.android.i18n/etc/icu/icudt76l.dat
07-05 08:33:39.297 D/nativeloader(18661): Load libjavacore.so using APEX ns com_android_art for caller /apex/com.android.art/javalib/core-oj.jar: ok
07-05 08:33:39.299 D/nativeloader(18661): Load libopenjdk.so using APEX ns com_android_art for caller /apex/com.android.art/javalib/core-oj.jar: ok
07-05 08:33:39.303 W/app_process(18661): Unexpected CPU variant for x86: x86_64.
07-05 08:33:39.303 W/app_process(18661): Known variants: atom, sandybridge, silvermont, goldmont, goldmont-plus, goldmont-without-sha-xsaves, tremont, kabylake, alderlake, default
07-05 08:33:39.307 W/app_process(18661): ClassLoaderContext shared library size mismatch. Expected=2, found=0 (PCL[]{PCL[/system/framework/android.test.base.jar*2789897741]#PCL[/system/framework/android.test.mock.jar*3361312393]} | PCL[])
07-05 08:33:39.309 W/app_process(18661): ClassLoaderContext classpath size mismatch. expected=0, found=1 (PCL[]{PCL[/system/framework/android.test.runner.jar*895143020]#PCL[/system/framework/android.test.base.jar*2789897741]} | PCL[/system/framework/android.test.runner.jar*895143020])
07-05 08:33:39.311 I/resolv  (  488): GetAddrInfoHandler::run: {100 100 100 983140 10216 0}
07-05 08:33:39.314 I/resolv  (  488): res_nmkquery: (QUERY, IN, A)
07-05 08:33:39.314 I/resolv  (  488): resolv_cache_lookup: FOUND IN CACHE entry=0x7f750ca9b010
07-05 08:33:39.314 I/resolv  (  488): doQuery: rcode=0, ancount=2, return value=60
07-05 08:33:39.317 I/resolv  (  488): res_nmkquery: (QUERY, IN, AAAA)
07-05 08:33:39.318 I/resolv  (  488): resolv_cache_lookup: FOUND IN CACHE entry=0x7f740ca9b970
07-05 08:33:39.319 I/resolv  (  488): doQuery: rcode=0, ancount=2, return value=84
07-05 08:33:39.352 I/WifiService(  715): isFeatureSupported uid=1000 returns [WIFI_FEATURE_INFRA, WIFI_FEATURE_P2P, WIFI_FEATURE_MOBILE_HOTSPOT, WIFI_FEATURE_WPA3_SAE, WIFI_FEATURE_WPA3_SUITE_B, WIFI_FEATURE_OWE, WIFI_FEATURE_DPP, WIFI_FEATURE_AP_RAND_MAC, WIFI_FEATURE_MBO, WIFI_FEATURE_FILS_SHA256, WIFI_FEATURE_FILS_SHA384, WIFI_FEATURE_SAE_PK, WIFI_FEATURE_DPP_ENROLLEE_RESPONDER, WIFI_FEATURE_PASSPOINT_TERMS_AND_CONDITIONS, WIFI_FEATURE_WFD_R2, WIFI_FEATURE_DECORATED_IDENTITY, WIFI_FEATURE_TRUST_ON_FIRST_USE, WIFI_FEATURE_SET_TLS_MINIMUM_VERSION, WIFI_FEATURE_TLS_V1_3, WIFI_FEATURE_WEP, WIFI_FEATURE_WPA_PERSONAL]
07-05 08:33:39.359 D/nativeloader(18661): Load libframework-connectivity-tiramisu-jni.so using APEX ns com_android_tethering for caller /apex/com.android.tethering/javalib/framework-connectivity-t.jar: ok
07-05 08:33:39.359 D/AndroidRuntime(18661): Calling main entry com.android.commands.uiautomator.Launcher
07-05 08:33:39.367 I/AconfigPackage(18661): android.media.swcodec.flags is mapped to com.android.media.swcodec
07-05 08:33:39.367 I/AconfigPackage(18661): com.google.android.settings.simplemode.flags is mapped to system_ext
07-05 08:33:39.367 I/AconfigPackage(18661): com.google.android.systemui is mapped to system_ext
07-05 08:33:39.367 I/AconfigPackage(18661): com.google.android.apps.nexuslauncher is mapped to system_ext
07-05 08:33:39.367 I/AconfigPackage(18661): com.android.settings.accessibility is mapped to system_ext
07-05 08:33:39.368 I/AconfigPackage(18661): com.android.settings.flags is mapped to system_ext
07-05 08:33:39.368 I/AconfigPackage(18661): com.google.android.apps.miphone.aiai.matchmaker.overview.ui is mapped to system_ext
07-05 08:33:39.368 I/AconfigPackage(18661): com.google.android.settings.flags is mapped to system_ext
07-05 08:33:39.368 I/AconfigPackage(18661): com.android.launcher3 is mapped to system_ext
07-05 08:33:39.368 I/AconfigPackage(18661): com.android.wallpaper is mapped to system_ext
07-05 08:33:39.368 I/AconfigPackage(18661): com.android.settings.media_drm is mapped to system_ext
07-05 08:33:39.370 I/AconfigPackage(18661): com.android.systemui.accessibility.accessibilitymenu is mapped to system_ext
07-05 08:33:39.370 I/AconfigPackage(18661): com.android.settings.keyboard is mapped to system_ext
07-05 08:33:39.370 I/AconfigPackage(18661): com.android.server.policy.feature.flags is mapped to system_ext
07-05 08:33:39.370 I/AconfigPackage(18661): com.android.settings.factory_reset is mapped to system_ext
07-05 08:33:39.371 I/AconfigPackage(18661): com.google.android.haptics.flags is mapped to system_ext
07-05 08:33:39.371 I/AconfigPackage(18661): com.android.permission.flags is mapped to com.android.permission
07-05 08:33:39.372 I/AconfigPackage(18661): com.android.icu is mapped to com.android.i18n
07-05 08:33:39.373 I/AconfigPackage(18661): com.android.appsearch.flags is mapped to com.android.appsearch
07-05 08:33:39.373 I/AconfigPackage(18661): android.uprobestats.mainline.flags is mapped to com.android.uprobestats
07-05 08:33:39.374 I/AconfigPackage(18661): android.provider.flags is mapped to com.android.configinfrastructure
07-05 08:33:39.374 I/AconfigPackage(18661): com.android.server.deviceconfig is mapped to com.android.configinfrastructure
07-05 08:33:39.375 I/AconfigPackage(18661): com.android.nfc.flags is mapped to system
07-05 08:33:39.375 I/AconfigPackage(18661): android.app.admin.flags is mapped to system
07-05 08:33:39.376 I/AconfigPackage(18661): android.database.sqlite is mapped to system
07-05 08:33:39.376 I/AconfigPackage(18661): com.android.providers.calendar is mapped to system
07-05 08:33:39.376 I/AconfigPackage(18661): com.android.server.power.feature.flags is mapped to system
07-05 08:33:39.376 I/AconfigPackage(18661): com.android.media.performance.flags is mapped to system
07-05 08:33:39.376 I/AconfigPackage(18661): android.app.contextualsearch.flags is mapped to system
07-05 08:33:39.376 I/AconfigPackage(18661): android.app.ondeviceintelligence.flags is mapped to system
07-05 08:33:39.377 I/AconfigPackage(18661): com.android.media.projection.flags is mapped to system
07-05 08:33:39.377 I/AconfigPackage(18661): android.companion is mapped to system
07-05 08:33:39.377 I/AconfigPackage(18661): android.service.controls.flags is mapped to system
07-05 08:33:39.377 I/AconfigPackage(18661): com.android.text.flags is mapped to system
07-05 08:33:39.377 I/AconfigPackage(18661): com.android.providers.contactkeys.flags is mapped to system
07-05 08:33:39.378 I/AconfigPackage(18661): com.android.intentresolver is mapped to system
07-05 08:33:39.378 I/AconfigPackage(18661): android.companion.virtualdevice.flags is mapped to system
07-05 08:33:39.378 I/AconfigPackage(18661): android.uprobestats.flags is mapped to system
07-05 08:33:39.378 I/AconfigPackage(18661): com.android.net.thread.platform.flags is mapped to system
07-05 08:33:39.378 I/AconfigPackage(18661): android.view.contentprotection.flags is mapped to system
07-05 08:33:39.378 I/AconfigPackage(18661): com.android.server.dreams is mapped to system
07-05 08:33:39.379 I/AconfigPackage(18661): com.android.graphics.surfaceflinger.flags is mapped to system
07-05 08:33:39.379 I/AconfigPackage(18661): com.android.hardware.input is mapped to system
07-05 08:33:39.379 I/AconfigPackage(18661): android.sdk is mapped to system
07-05 08:33:39.379 I/AconfigPackage(18661): com.android.input.flags is mapped to system
07-05 08:33:39.379 I/AconfigPackage(18661): android.tracing is mapped to system
07-05 08:33:39.379 I/AconfigPackage(18661): com.android.server.biometrics is mapped to system
07-05 08:33:39.381 I/AconfigPackage(18661): android.view.contentcapture.flags is mapped to system
07-05 08:33:39.381 I/AconfigPackage(18661): android.app.job is mapped to system
07-05 08:33:39.381 I/AconfigPackage(18661): android.content.res is mapped to system
07-05 08:33:39.382 I/AconfigPackage(18661): android.net.platform.flags is mapped to system
07-05 08:33:39.382 I/AconfigPackage(18661): com.android.aconfig.flags is mapped to system
07-05 08:33:39.382 I/AconfigPackage(18661): com.android.graphics.flags is mapped to system
07-05 08:33:39.382 I/AconfigPackage(18661): android.server.app is mapped to system
07-05 08:33:39.383 I/AconfigPackage(18661): android.speech.flags is mapped to system
07-05 08:33:39.383 I/AconfigPackage(18661): com.android.server.stats is mapped to system
07-05 08:33:39.384 I/AconfigPackage(18661): android.hardware.biometrics is mapped to system
07-05 08:33:39.384 I/AconfigPackage(18661): android.car.feature is mapped to system
07-05 08:33:39.384 I/AconfigPackage(18661): android.adpf is mapped to system
07-05 08:33:39.384 I/AconfigPackage(18661): android.location.flags is mapped to system
07-05 08:33:39.384 I/AconfigPackage(18661): com.android.settingslib.flags is mapped to system
07-05 08:33:39.385 I/AconfigPackage(18661): com.android.managedprovisioning.flags is mapped to system
07-05 08:33:39.385 I/AconfigPackage(18661): android.app.assist.flags is mapped to system
07-05 08:33:39.385 I/AconfigPackage(18661): com.android.server.net is mapped to system
07-05 08:33:39.385 I/AconfigPackage(18661): com.android.settingslib.widget.flags is mapped to system
07-05 08:33:39.385 I/AconfigPackage(18661): com.android.internal.camera.flags is mapped to system
07-05 08:33:39.385 I/AconfigPackage(18661): com.android.hardware.libsensor.flags is mapped to system
07-05 08:33:39.385 I/AconfigPackage(18661): com.android.internal.jank is mapped to system
07-05 08:33:39.385 I/AconfigPackage(18661): com.android.providers.settings is mapped to system
07-05 08:33:39.385 I/AconfigPackage(18661): android.multiuser is mapped to system
07-05 08:33:39.385 I/AconfigPackage(18661): com.android.server.power.optimization is mapped to system
07-05 08:33:39.385 I/AconfigPackage(18661): com.android.calllogbackup is mapped to system
07-05 08:33:39.385 I/AconfigPackage(18661): com.android.media.flags is mapped to system
07-05 08:33:39.386 I/AconfigPackage(18661): com.android.server.flags is mapped to system
07-05 08:33:39.386 I/AconfigPackage(18661): com.android.graphics.libvulkan.flags is mapped to system
07-05 08:33:39.386 I/AconfigPackage(18661): android.app.appfunctions.flags is mapped to system
07-05 08:33:39.386 I/AconfigPackage(18661): android.app.smartspace.flags is mapped to system
07-05 08:33:39.386 I/AconfigPackage(18661): com.android.providers.contacts.flags is mapped to system
07-05 08:33:39.386 I/AconfigPackage(18661): com.android.shell.flags is mapped to system
07-05 08:33:39.386 I/AconfigPackage(18661): com.android.media.aaudio is mapped to system
07-05 08:33:39.386 I/AconfigPackage(18661): android.hardware.radio is mapped to system
07-05 08:33:39.386 I/AconfigPackage(18661): com.google.wear.services.infra.flags is mapped to system
07-05 08:33:39.386 I/AconfigPackage(18661): suspend_service.flags is mapped to system
07-05 08:33:39.386 I/AconfigPackage(18661): android.media.midi is mapped to system
07-05 08:33:39.386 I/AconfigPackage(18661): com.android.libcore.readonly is mapped to system
07-05 08:33:39.386 I/AconfigPackage(18661): com.android.settingslib.widget.selectorwithwidgetpreference.flags is mapped to system
07-05 08:33:39.386 I/AconfigPackage(18661): android.service.notification is mapped to system
07-05 08:33:39.386 I/AconfigPackage(18661): com.android.systemui.shared is mapped to system
07-05 08:33:39.387 I/AconfigPackage(18661): android.app.jank is mapped to system
07-05 08:33:39.387 I/AconfigPackage(18661): android.app.wearable is mapped to system
07-05 08:33:39.387 I/AconfigPackage(18661): com.android.media.audio is mapped to system
07-05 08:33:39.388 I/AconfigPackage(18661): android.service.chooser is mapped to system
07-05 08:33:39.388 I/AconfigPackage(18661): com.android.server.compat is mapped to system
07-05 08:33:39.388 I/AconfigPackage(18661): com.android.server.alarm is mapped to system
07-05 08:33:39.388 I/AconfigPackage(18661): com.android.apex.flags is mapped to system
07-05 08:33:39.388 I/AconfigPackage(18661): android.service.quickaccesswallet is mapped to system
07-05 08:33:39.388 I/AconfigPackage(18661): android.app.usage is mapped to system
07-05 08:33:39.389 I/AconfigPackage(18661): com.android.server.accessibility is mapped to system
07-05 08:33:39.389 I/AconfigPackage(18661): android.app.supervision.flags is mapped to system
07-05 08:33:39.389 I/AconfigPackage(18661): com.android.server.utils is mapped to system
07-05 08:33:39.389 I/AconfigPackage(18661): android.chre.flags is mapped to system
07-05 08:33:39.389 I/AconfigPackage(18661): android.content.flags is mapped to system
07-05 08:33:39.389 I/AconfigPackage(18661): android.media.codec is mapped to system
07-05 08:33:39.389 I/AconfigPackage(18661): com.android.internal.os is mapped to system
07-05 08:33:39.389 I/AconfigPackage(18661): com.android.nfc.nci.flags is mapped to system
07-05 08:33:39.389 I/AconfigPackage(18661): android.app is mapped to system
07-05 08:33:39.389 I/AconfigPackage(18661): android.security.keystore2 is mapped to system
07-05 08:33:39.390 I/AconfigPackage(18661): android.crashrecovery.flags is mapped to system
07-05 08:33:39.390 I/AconfigPackage(18661): com.android.tradeinmode.flags is mapped to system
07-05 08:33:39.390 I/AconfigPackage(18661): android.hardware.flags is mapped to system
07-05 08:33:39.390 I/AconfigPackage(18661): com.android.server.telecom.flags is mapped to system
07-05 08:33:39.390 I/AconfigPackage(18661): com.android.settingslib.media.flags is mapped to system
07-05 08:33:39.390 I/AconfigPackage(18661): com.android.server.policy is mapped to system
07-05 08:33:39.391 I/AconfigPackage(18661): android.media.audiopolicy is mapped to system
07-05 08:33:39.391 I/AconfigPackage(18661): com.android.egg.flags is mapped to system
07-05 08:33:39.391 I/AconfigPackage(18661): com.android.internal.compat.flags is mapped to system
07-05 08:33:39.391 I/AconfigPackage(18661): android.security is mapped to system
07-05 08:33:39.391 I/AconfigPackage(18661): android.service.autofill is mapped to system
07-05 08:33:39.391 I/AconfigPackage(18661): com.example.android.aconfig.demo.flags is mapped to system
07-05 08:33:39.391 I/AconfigPackage(18661): android.view.flags is mapped to system
07-05 08:33:39.391 I/AconfigPackage(18661): android.companion.virtual.flags is mapped to system
07-05 08:33:39.392 I/AconfigPackage(18661): com.android.aconfig_new_storage is mapped to system
07-05 08:33:39.392 I/AconfigPackage(18661): com.android.server.feature.flags is mapped to system
07-05 08:33:39.392 I/AconfigPackage(18661): com.android.systemui is mapped to system
07-05 08:33:39.392 I/AconfigPackage(18661): com.android.server.power.batterysaver is mapped to system
07-05 08:33:39.393 I/AconfigPackage(18661): android.widget.flags is mapped to system
07-05 08:33:39.393 I/AconfigPackage(18661): com.android.media.editing.flags is mapped to system
07-05 08:33:39.393 I/AconfigPackage(18661): com.android.media.codec.flags is mapped to system
07-05 08:33:39.393 I/AconfigPackage(18661): com.android.server.powerstats is mapped to system
07-05 08:33:39.393 I/AconfigPackage(18661): com.android.graphics.egl.flags is mapped to system
07-05 08:33:39.394 I/AconfigPackage(18661): com.android.media.audioserver is mapped to system
07-05 08:33:39.394 I/AconfigPackage(18661): com.android.server.deviceidle is mapped to system
07-05 08:33:39.394 I/AconfigPackage(18661): android.nfc is mapped to system
07-05 08:33:39.394 I/AconfigPackage(18661): android.permission.flags is mapped to system
07-05 08:33:39.394 I/AconfigPackage(18661): android.service.voice.flags is mapped to system
07-05 08:33:39.394 I/AconfigPackage(18661): android.content.pm is mapped to system
07-05 08:33:39.394 I/AconfigPackage(18661): com.android.server.power.hint is mapped to system
07-05 08:33:39.395 I/AconfigPackage(18661): android.os is mapped to system
07-05 08:33:39.395 I/AconfigPackage(18661): android.service.dreams is mapped to system
07-05 08:33:39.395 I/AconfigPackage(18661): com.android.graphics.libgui.flags is mapped to system
07-05 08:33:39.395 I/AconfigPackage(18661): android.hardware.usb.flags is mapped to system
07-05 08:33:39.395 I/AconfigPackage(18661): android.provider is mapped to system
07-05 08:33:39.395 I/AconfigPackage(18661): com.android.server.job is mapped to system
07-05 08:33:39.395 I/AconfigPackage(18661): com.android.internal.foldables.flags is mapped to system
07-05 08:33:39.395 I/AconfigPackage(18661): com.android.internal.telephony.flags is mapped to system
07-05 08:33:39.395 I/AconfigPackage(18661): android.webkit is mapped to system
07-05 08:33:39.396 I/AconfigPackage(18661): android.credentials.flags is mapped to system
07-05 08:33:39.396 I/AconfigPackage(18661): com.android.server.display.feature.flags is mapped to system
07-05 08:33:39.396 I/AconfigPackage(18661): com.android.server.notification is mapped to system
07-05 08:33:39.397 I/AconfigPackage(18661): android.appwidget.flags is mapped to system
07-05 08:33:39.397 I/AconfigPackage(18661): com.android.frameworks.sensorservice.flags is mapped to system
07-05 08:33:39.397 I/AconfigPackage(18661): com.android.printspooler.flags is mapped to system
07-05 08:33:39.397 I/AconfigPackage(18661): com.android.window.flags is mapped to system
07-05 08:33:39.397 I/AconfigPackage(18661): android.adaptiveauth is mapped to system
07-05 08:33:39.397 I/AconfigPackage(18661): android.net.wifi.flags is mapped to system
07-05 08:33:39.397 I/AconfigPackage(18661): android.media.tv.flags is mapped to system
07-05 08:33:39.397 I/AconfigPackage(18661): com.android.server.usb.flags is mapped to system
07-05 08:33:39.397 I/AconfigPackage(18661): android.os.vibrator is mapped to system
07-05 08:33:39.398 I/AconfigPackage(18661): android.hardware.devicestate.feature.flags is mapped to system
07-05 08:33:39.398 I/AconfigPackage(18661): com.android.server.usage is mapped to system
07-05 08:33:39.398 I/AconfigPackage(18661): android.server is mapped to system
07-05 08:33:39.398 I/AconfigPackage(18661): com.android.wm.shell is mapped to system
07-05 08:33:39.398 I/AconfigPackage(18661): android.view.inputmethod is mapped to system
07-05 08:33:39.398 I/AconfigPackage(18661): com.android.graphics.hwui.flags is mapped to system
07-05 08:33:39.398 I/AconfigPackage(18661): com.android.server.backup is mapped to system
07-05 08:33:39.399 I/AconfigPackage(18661): com.android.internal.pm.pkg.component.flags is mapped to system
07-05 08:33:39.399 I/AconfigPackage(18661): android.view.accessibility is mapped to system
07-05 08:33:39.399 I/AconfigPackage(18661): com.google.wear.sdk is mapped to system
07-05 08:33:39.399 I/AconfigPackage(18661): android.media.audio is mapped to system
07-05 08:33:39.399 I/AconfigPackage(18661): com.android.server.am is mapped to system
07-05 08:33:39.399 I/AconfigPackage(18661): com.android.media.playback.flags is mapped to system
07-05 08:33:39.399 I/AconfigPackage(18661): com.android.art.flags is mapped to com.android.art
07-05 08:33:39.400 I/AconfigPackage(18661): com.android.libcore is mapped to com.android.art
07-05 08:33:39.400 I/AconfigPackage(18661): com.android.media.extractor.flags is mapped to com.android.media
07-05 08:33:39.401 I/AconfigPackage(18661): com.android.media.mainline.flags is mapped to com.android.media
07-05 08:33:39.401 I/AconfigPackage(18661): com.android.wifi.flags is mapped to com.android.wifi
07-05 08:33:39.401 I/AconfigPackage(18661): com.android.org.conscrypt.flags is mapped to com.android.conscrypt
07-05 08:33:39.401 I/AconfigPackage(18661): com.android.healthfitness.flags is mapped to com.android.healthfitness
07-05 08:33:39.401 I/AconfigPackage(18661): com.google.android.input.twoshay.flags is mapped to vendor
07-05 08:33:39.402 I/AconfigPackage(18661): libgooglecamerahal.flags is mapped to vendor
07-05 08:33:39.402 I/AconfigPackage(18661): com.android.ipsec.flags is mapped to com.android.ipsec
07-05 08:33:39.402 I/AconfigPackage(18661): com.android.nfc.module.flags is mapped to com.android.nfcservices
07-05 08:33:39.402 I/AconfigPackage(18661): com.android.adservices.ondevicepersonalization.flags is mapped to com.android.ondevicepersonalization
07-05 08:33:39.403 I/AconfigPackage(18661): com.android.bluetooth.flags is mapped to com.android.bt
07-05 08:33:39.403 I/AconfigPackage(18661): com.android.devicelock.flags is mapped to com.android.devicelock
07-05 08:33:39.403 I/AconfigPackage(18661): android.os.profiling is mapped to com.android.profiling
07-05 08:33:39.404 I/AconfigPackage(18661): com.android.os.statsd.flags is mapped to com.android.os.statsd
07-05 08:33:39.405 I/AconfigPackage(18661): com.android.cellbroadcastreceiver.flags is mapped to com.android.cellbroadcast
07-05 08:33:39.405 I/AconfigPackage(18661): com.android.adservices.flags is mapped to com.android.adservices
07-05 08:33:39.405 I/AconfigPackage(18661): com.android.sdksandbox.flags is mapped to com.android.adservices
07-05 08:33:39.405 I/AconfigPackage(18661): com.android.uwb.flags is mapped to com.android.uwb
07-05 08:33:39.406 I/AconfigPackage(18661): com.android.ranging.flags is mapped to com.android.uwb
07-05 08:33:39.406 I/AconfigPackage(18661): android.graphics.pdf.flags is mapped to com.android.mediaprovider
07-05 08:33:39.406 I/AconfigPackage(18661): com.android.providers.media.flags is mapped to com.android.mediaprovider
07-05 08:33:39.406 I/AconfigPackage(18661): android.graphics.pdf.flags.readonly is mapped to com.android.mediaprovider
07-05 08:33:39.406 I/AconfigPackage(18661): com.android.net.ct.flags is mapped to com.android.tethering
07-05 08:33:39.407 I/AconfigPackage(18661): com.android.net.flags is mapped to com.android.tethering
07-05 08:33:39.407 I/AconfigPackage(18661): android.net.vcn is mapped to com.android.tethering
07-05 08:33:39.407 I/AconfigPackage(18661): com.android.nearby.flags is mapped to com.android.tethering
07-05 08:33:39.407 I/AconfigPackage(18661): android.net.http is mapped to com.android.tethering
07-05 08:33:39.407 I/AconfigPackage(18661): com.android.net.thread.flags is mapped to com.android.tethering
07-05 08:33:39.408 I/AconfigPackage(18661): com.android.system.virtualmachine.flags is mapped to com.android.virt
07-05 08:33:39.408 E/FeatureFlagsImplExport(18661): android.os.flagging.AconfigStorageReadException: ERROR_PACKAGE_NOT_FOUND: package android.xr cannot be found on the device
07-05 08:33:39.412 D/UiAutomationConnection(18661): Created on user UserHandle{0}
07-05 08:33:39.412 I/UiAutomation(18661): Initialized for user 0 on display 0
07-05 08:33:39.412 W/UiAutomation(18661): Created with deprecatead constructor, assumes DEFAULT_DISPLAY
07-05 08:33:39.414 D/AccessibilityManagerService(  715): changeCurrentUserForTestAutomationIfNeededLocked(0): ignoring because device doesn't support visible background users
07-05 08:33:39.414 I/UiAutomationManager(  715): Registering UiTestAutomationService (id=com.android.server.accessibility/UiAutomation, flags=0x0) when called by user 0
07-05 08:33:39.414 V/AccessibilityManagerService(  715): onUserStateChangedLocked for userId: 0, forceUpdate: false
07-05 08:33:39.421 W/MagnificationConnectionManager(  715): requestConnection duplicated request: connect=false, mConnectionState=DISCONNECTED
07-05 08:33:39.423 W/IPCThreadState(  715): Sending oneway calls to frozen process.
07-05 08:33:39.424 W/IPCThreadState(  715): Sending oneway calls to frozen process.
07-05 08:33:39.424 W/IPCThreadState(  715): Sending oneway calls to frozen process.
07-05 08:33:39.425 W/IPCThreadState(  715): Sending oneway calls to frozen process.
07-05 08:33:39.425 W/IPCThreadState(  715): Sending oneway calls to frozen process.
07-05 08:33:39.425 W/IPCThreadState(  715): Sending oneway calls to frozen process.
07-05 08:33:39.425 W/IPCThreadState(  715): Sending oneway calls to frozen process.
07-05 08:33:39.427 V/UiAutomation(18661): Init UiAutomation@8897343[id=546, displayId=0, flags=0]
07-05 08:33:39.427 V/AccessibilityManagerService(  715): onUserStateChangedLocked for userId: 0, forceUpdate: false
07-05 08:33:39.428 D/AccessibilitySourceService( 1259): enabled a11y services count 1
07-05 08:33:39.429 W/MagnificationConnectionManager(  715): requestConnection duplicated request: connect=false, mConnectionState=DISCONNECTED
07-05 08:33:39.429 W/IPCThreadState(  715): Sending oneway calls to frozen process.
07-05 08:33:39.430 W/IPCThreadState(  715): Sending oneway calls to frozen process.
07-05 08:33:39.430 W/IPCThreadState(  715): Sending oneway calls to frozen process.
07-05 08:33:39.431 W/IPCThreadState(  715): Sending oneway calls to frozen process.
07-05 08:33:39.431 W/IPCThreadState(  715): Sending oneway calls to frozen process.
07-05 08:33:39.432 W/IPCThreadState(  715): Sending oneway calls to frozen process.
07-05 08:33:39.433 W/IPCThreadState(  715): Sending oneway calls to frozen process.
07-05 08:33:39.433 W/IPCThreadState(  715): Sending oneway calls to frozen process.
07-05 08:33:39.433 W/IPCThreadState(  715): Sending oneway calls to frozen process.
07-05 08:33:39.433 W/IPCThreadState(  715): Sending oneway calls to frozen process.
07-05 08:33:39.434 W/IPCThreadState(  715): Sending oneway calls to frozen process.
07-05 08:33:39.434 W/IPCThreadState(  715): Sending oneway calls to frozen process.
07-05 08:33:39.435 W/IPCThreadState(  715): Sending oneway calls to frozen process.
07-05 08:33:39.435 W/IPCThreadState(  715): Sending oneway calls to frozen process.
07-05 08:33:39.437 D/AccessibilitySourceService( 1259): a11y source sending 1 issue to sc
07-05 08:33:39.438 D/SafetySourceDataValidat(  715): No cert check requested for package com.google.android.permissioncontroller
07-05 08:33:39.440 W/IPCThreadState(  715): Sending oneway calls to frozen process.
07-05 08:33:39.441 W/IPCThreadState(  715): Sending oneway calls to frozen process.
07-05 08:33:39.441 I/netd    (  488): tetherGetStats() -> {[]} <1.26ms>
07-05 08:33:39.442 W/IPCThreadState(  715): Sending oneway calls to frozen process.
07-05 08:33:39.442 W/IPCThreadState(  715): Sending oneway calls to frozen process.
07-05 08:33:39.442 W/IPCThreadState(  715): Sending oneway calls to frozen process.
07-05 08:33:39.443 W/IPCThreadState(  715): Sending oneway calls to frozen process.
07-05 08:33:39.443 W/IPCThreadState(  715): Sending oneway calls to frozen process.
07-05 08:33:39.445 W/IPCThreadState(  715): Sending oneway calls to frozen process.
07-05 08:33:39.445 W/IPCThreadState(  715): Sending oneway calls to frozen process.
07-05 08:33:39.445 W/IPCThreadState(  715): Sending oneway calls to frozen process.
07-05 08:33:39.445 W/IPCThreadState(  715): Sending oneway calls to frozen process.
07-05 08:33:39.446 W/IPCThreadState(  715): Sending oneway calls to frozen process.
07-05 08:33:39.446 W/IPCThreadState(  715): Sending oneway calls to frozen process.
07-05 08:33:39.446 W/IPCThreadState(  715): Sending oneway calls to frozen process.
07-05 08:33:39.447 D/AccessibilitySourceService( 1259): enabled a11y services count 1
07-05 08:33:39.452 D/AccessibilitySourceService( 1259): a11y source sending 1 issue to sc
07-05 08:33:39.453 D/SafetySourceDataValidat(  715): No cert check requested for package com.google.android.permissioncontroller
07-05 08:33:40.452 W/AccessibilityNodeInfoDumper(18661): Fetch time: 14ms
07-05 08:33:40.454 V/AccessibilityManagerService(  715): onUserStateChangedLocked for userId: 0, forceUpdate: false
07-05 08:33:40.455 D/BackgroundInstallControlService(  715): Package event received: 0
07-05 08:33:40.457 W/MagnificationConnectionManager(  715): requestConnection duplicated request: connect=false, mConnectionState=DISCONNECTED
07-05 08:33:40.457 D/AccessibilityManagerService(  715): restoreCurrentUserForTestAutomationIfNeededLocked(): ignoring because device doesn't support visible background users
07-05 08:33:40.457 W/IPCThreadState(  715): Sending oneway calls to frozen process.
07-05 08:33:40.458 W/IPCThreadState(  715): Sending oneway calls to frozen process.
07-05 08:33:40.458 W/IPCThreadState(  715): Sending oneway calls to frozen process.
07-05 08:33:40.458 W/IPCThreadState(  715): Sending oneway calls to frozen process.
07-05 08:33:40.458 W/IPCThreadState(  715): Sending oneway calls to frozen process.
07-05 08:33:40.459 W/IPCThreadState(  715): Sending oneway calls to frozen process.
07-05 08:33:40.459 W/IPCThreadState(  715): Sending oneway calls to frozen process.
07-05 08:33:40.459 W/IPCThreadState(  715): Sending oneway calls to frozen process.
07-05 08:33:40.459 W/IPCThreadState(  715): Sending oneway calls to frozen process.
07-05 08:33:40.460 W/IPCThreadState(18661): call to talkWithDriver in joinThreadPool returned error: -9 (Bad file descriptor), FD: -1
07-05 08:33:40.460 W/IPCThreadState(  715): Sending oneway calls to frozen process.
07-05 08:33:40.460 D/AndroidRuntime(18661): Shutting down VM
07-05 08:33:40.460 W/IPCThreadState(  715): Sending oneway calls to frozen process.
07-05 08:33:40.460 W/IPCThreadState(18661): call to talkWithDriver in joinThreadPool returned error: -9 (Bad file descriptor), FD: -1
07-05 08:33:40.460 W/IPCThreadState(  715): Sending oneway calls to frozen process.
07-05 08:33:40.460 W/IPCThreadState(  715): Sending oneway calls to frozen process.
07-05 08:33:40.460 W/IPCThreadState(  715): Sending oneway calls to frozen process.
07-05 08:33:40.462 W/IPCThreadState(18661): call to talkWithDriver in joinThreadPool returned error: -9 (Bad file descriptor), FD: -1
07-05 08:33:40.462 V/AccessibilityManagerService(  715): onUserStateChangedLocked for userId: 0, forceUpdate: false
07-05 08:33:40.464 W/MagnificationConnectionManager(  715): requestConnection duplicated request: connect=false, mConnectionState=DISCONNECTED
07-05 08:33:40.465 W/IPCThreadState(  715): Sending oneway calls to frozen process.
07-05 08:33:40.465 W/IPCThreadState(  715): Sending oneway calls to frozen process.
07-05 08:33:40.465 W/IPCThreadState(  715): Sending oneway calls to frozen process.
07-05 08:33:40.465 W/IPCThreadState(  715): Sending oneway calls to frozen process.
07-05 08:33:40.465 W/IPCThreadState(  715): Sending oneway calls to frozen process.
07-05 08:33:40.466 W/IPCThreadState(  715): Sending oneway calls to frozen process.
07-05 08:33:40.466 W/IPCThreadState(  715): Sending oneway calls to frozen process.
07-05 08:33:40.466 W/IPCThreadState(  715): Sending oneway calls to frozen process.
07-05 08:33:40.466 W/IPCThreadState(  715): Sending oneway calls to frozen process.
07-05 08:33:40.467 W/IPCThreadState(  715): Sending oneway calls to frozen process.
07-05 08:33:40.467 W/IPCThreadState(  715): Sending oneway calls to frozen process.
07-05 08:33:40.467 W/IPCThreadState(  715): Sending oneway calls to frozen process.
07-05 08:33:40.467 W/IPCThreadState(  715): Sending oneway calls to frozen process.
07-05 08:33:40.467 W/IPCThreadState(  715): Sending oneway calls to frozen process.
07-05 08:33:40.467 W/IPCThreadState(  715): Sending oneway calls to frozen process.
07-05 08:33:40.468 D/AccessibilitySourceService( 1259): enabled a11y services count 1
07-05 08:33:40.468 W/IPCThreadState(  715): Sending oneway calls to frozen process.
07-05 08:33:40.468 W/IPCThreadState(  715): Sending oneway calls to frozen process.
07-05 08:33:40.468 W/IPCThreadState(  715): Sending oneway calls to frozen process.
07-05 08:33:40.469 W/IPCThreadState(  715): Sending oneway calls to frozen process.
07-05 08:33:40.469 W/IPCThreadState(  715): Sending oneway calls to frozen process.
07-05 08:33:40.469 W/IPCThreadState(  715): Sending oneway calls to frozen process.
07-05 08:33:40.470 D/AccessibilitySourceService( 1259): a11y source sending 1 issue to sc
07-05 08:33:40.470 D/SafetySourceDataValidat(  715): No cert check requested for package com.google.android.permissioncontroller
07-05 08:33:40.481 I/netd    (  488): tetherGetStats() -> {[]} <0.80ms>
07-05 08:33:40.567 D/WifiClientModeImpl[27601:wlan0](  715): updateLinkLayerStatsRssiSpeedFrequencyCapabilities rssi=-50 TxLinkspeed=2 freq=2447 RxLinkSpeed=2
07-05 08:33:40.567 D/WifiDataStall(  715): tx tput in kbps: 11000
07-05 08:33:40.568 D/WifiDataStall(  715): rx tput in kbps: 11000
07-05 08:33:40.568 V/WifiConfigManager(  715): Updating scan detail cache freq=2447 BSSID=00:13:10:85:fe:01 RSSI=-50 for "AndroidWifi"NONE
07-05 08:33:40.568 D/WifiThroughputPredictor(  715):  utilization (LLS) 80 isBluetoothConnected: false final utilization: 80
07-05 08:33:40.568 D/WifiThroughputPredictor(  715):  BW: 0 RSSI: -50 Nss: 1 Mode: 1 symDur: 4000 snrDb 30 bitPerTone: 4500 rate: 54 throughput: 11
07-05 08:33:40.568 D/WifiThroughputPredictor(  715):  utilization (LLS) 80 isBluetoothConnected: false final utilization: 80
07-05 08:33:40.568 D/WifiThroughputPredictor(  715):  BW: 0 RSSI: -50 Nss: 1 Mode: 1 symDur: 4000 snrDb 30 bitPerTone: 4500 rate: 54 throughput: 11
07-05 08:33:40.569 D/WifiThroughputPredictor(  715):  utilization (LLS) 80 isBluetoothConnected: false final utilization: 80
07-05 08:33:40.569 D/WifiThroughputPredictor(  715):  BW: 0 RSSI: -50 Nss: 1 Mode: 1 symDur: 4000 snrDb 30 bitPerTone: 4500 rate: 54 throughput: 11
07-05 08:33:40.569 D/WifiThroughputPredictor(  715):  utilization (LLS) 80 isBluetoothConnected: false final utilization: 80
07-05 08:33:40.569 D/WifiThroughputPredictor(  715):  BW: 0 RSSI: -50 Nss: 1 Mode: 1 symDur: 4000 snrDb 30 bitPerTone: 4500 rate: 54 throughput: 11
07-05 08:33:40.569 D/WifiScoreCard(  715): BSSID update SIGNAL_POLL ID: 1559335064 SSID: "AndroidWifi", BSSID: 00:13:10:85:fe:01, MAC: 02:15:b2:00:00:00, IP: /10.0.2.16, Security type: 0, Supplicant state: COMPLETED, Wi-Fi standard: legacy, RSSI: -50, Link speed: 2Mbps, Tx Link speed: 2Mbps, Max Supported Tx Link speed: 11Mbps, Rx Link speed: 2Mbps, Max Supported Rx Link speed: 11Mbps, Frequency: 2447MHz, Net ID: 0, Metered hint: false, score: 60, isUsable: true, CarrierMerged: false, SubscriptionId: -1, IsPrimary: 1, Trusted: true, Restricted: false, Ephemeral: false, OEM paid: false, OEM private: false, OSU AP: false, FQDN: <none>, Provider friendly name: <none>, Requesting package name: <none>"AndroidWifi"openMLO Information: , Is TID-To-Link negotiation supported by the AP: false, AP MLD Address: <none>, AP MLO Link Id: <none>, AP MLO Affiliated links: <none>, Vendor Data: <none>
07-05 08:33:40.570 D/WifiScoreCard(  715): txRate: 3 txSpeed: 2
07-05 08:33:40.570 D/WifiScoreCard(  715): network update SIGNAL_POLL "AndroidWifi" ID: 1201260005 RSSI -50 txSpeed -1
07-05 08:33:40.570 D/WifiClientModeImpl[27601:wlan0](  715):  ClientModeImpl$L2ConnectedState screen=on 1 0 "AndroidWifi" 00:13:10:85:fe:01 rssi=-50 f=2447 sc=60 link=2 tx=2.7, 0.0, 0.0 rx=2.5 bcn=0 [on:0 tx:0 rx:0 period:3008] from screen [on:0 period:828992730] score=60
07-05 08:33:41.076 D/BoundBrokerSvc( 1661): onUnbind: Intent { act=com.google.android.gms.feedback.internal.IFeedbackService dat=chimera-action:/... xflg=0x4 cmp=com.google.android.gms/.chimera.GmsBoundBrokerService }
07-05 08:33:41.428 D/wpa_supplicant(  960): nl80211: Drv Event 64 (NL80211_CMD_NOTIFY_CQM) received for wlan0
07-05 08:33:41.428 D/wpa_supplicant(  960): nl80211: Beacon loss event
07-05 08:33:41.428 D/wpa_supplicant(  960): wlan0: Event BEACON_LOSS (53) received
07-05 08:33:41.428 I/wpa_supplicant(  960): wlan0: CTRL-EVENT-BEACON-LOSS 
07-05 08:33:41.458 D/SatelliteController( 1112): iisInCarrierRoamingNbIotNtn: satellite is disabled
07-05 08:33:41.884 W/screencap(18690): Thread Pool max thread count is 0. Cannot cache binder as linkToDeath cannot be implemented. serviceName: SurfaceFlingerAIDL
07-05 08:33:41.884 W/BpBinder(18690): Linking to death on android.gui.ISurfaceComposer but there are no threads (yet?) listening to incoming transactions. See ProcessState::startThreadPool and ProcessState::setThreadPoolMaxThreadCount. Generally you should setup the binder threadpool before other initialization steps.
07-05 08:33:41.885 W/ProcessState(18690): Extra binder thread started, but 0 threads requested. Do not use *startThreadPool when zero threads are requested.
07-05 08:33:41.901 E/HwcComposer(  567): getLuts failed Status(-8, EX_SERVICE_SPECIFIC): '8: '
07-05 08:33:41.901 E/HWComposer(  567): getLuts: getLuts failed for display 4619827259835644672: UNSUPPORTED (8)
07-05 08:33:41.881 I/servicemanager(    0): Caller(pid=18690,uid=2000,sid=u:r:shell:s0) Found android.hardware.graphics.allocator.IAllocator/default in device VINTF manifest.
07-05 08:33:41.883 I/servicemanager(    0): Caller(pid=18690,uid=2000,sid=u:r:shell:s0) Found android.hardware.graphics.allocator.IAllocator/default in device VINTF manifest.
07-05 08:33:41.885 I/servicemanager(    0): Caller(pid=18690,uid=2000,sid=u:r:shell:s0) Found mapper/ranchu in device VINTF manifest.
07-05 08:33:42.102 I/logd    (    0): logdr: UID=2000 GID=2000 PID=18692 n tail=0 logMask=99 pid=0 start=0ns deadline=0ns
07-05 08:33:42.208 I/logd    (    0): logdr: UID=2000 GID=2000 PID=18695 n tail=0 logMask=99 pid=0 start=0ns deadline=0ns
07-05 08:33:43.298 I/logd    (    0): logdr: UID=2000 GID=2000 PID=18698 n tail=0 logMask=99 pid=0 start=0ns deadline=0ns
07-05 08:33:43.575 D/WifiClientModeImpl[27601:wlan0](  715): updateLinkLayerStatsRssiSpeedFrequencyCapabilities rssi=-50 TxLinkspeed=1 freq=2447 RxLinkSpeed=2
07-05 08:33:43.576 D/WifiDataStall(  715): tx tput in kbps: 11000
07-05 08:33:43.576 D/WifiDataStall(  715): rx tput in kbps: 11000
07-05 08:33:43.576 V/WifiConfigManager(  715): Updating scan detail cache freq=2447 BSSID=00:13:10:85:fe:01 RSSI=-50 for "AndroidWifi"NONE
07-05 08:33:43.576 D/WifiThroughputPredictor(  715):  utilization (LLS) 80 isBluetoothConnected: false final utilization: 80
07-05 08:33:43.576 D/WifiThroughputPredictor(  715):  BW: 0 RSSI: -50 Nss: 1 Mode: 1 symDur: 4000 snrDb 30 bitPerTone: 4500 rate: 54 throughput: 11
07-05 08:33:43.576 D/WifiThroughputPredictor(  715):  utilization (LLS) 80 isBluetoothConnected: false final utilization: 80
07-05 08:33:43.576 D/WifiThroughputPredictor(  715):  BW: 0 RSSI: -50 Nss: 1 Mode: 1 symDur: 4000 snrDb 30 bitPerTone: 4500 rate: 54 throughput: 11
07-05 08:33:43.577 D/WifiThroughputPredictor(  715):  utilization (LLS) 80 isBluetoothConnected: false final utilization: 80
07-05 08:33:43.577 D/WifiThroughputPredictor(  715):  BW: 0 RSSI: -50 Nss: 1 Mode: 1 symDur: 4000 snrDb 30 bitPerTone: 4500 rate: 54 throughput: 11
07-05 08:33:43.577 D/WifiThroughputPredictor(  715):  utilization (LLS) 80 isBluetoothConnected: false final utilization: 80
07-05 08:33:43.577 D/WifiThroughputPredictor(  715):  BW: 0 RSSI: -50 Nss: 1 Mode: 1 symDur: 4000 snrDb 30 bitPerTone: 4500 rate: 54 throughput: 11
07-05 08:33:43.577 D/WifiScoreCard(  715): BSSID update SIGNAL_POLL ID: 1559335064 SSID: "AndroidWifi", BSSID: 00:13:10:85:fe:01, MAC: 02:15:b2:00:00:00, IP: /10.0.2.16, Security type: 0, Supplicant state: COMPLETED, Wi-Fi standard: legacy, RSSI: -50, Link speed: 1Mbps, Tx Link speed: 1Mbps, Max Supported Tx Link speed: 11Mbps, Rx Link speed: 2Mbps, Max Supported Rx Link speed: 11Mbps, Frequency: 2447MHz, Net ID: 0, Metered hint: false, score: 60, isUsable: true, CarrierMerged: false, SubscriptionId: -1, IsPrimary: 1, Trusted: true, Restricted: false, Ephemeral: false, OEM paid: false, OEM private: false, OSU AP: false, FQDN: <none>, Provider friendly name: <none>, Requesting package name: <none>"AndroidWifi"openMLO Information: , Is TID-To-Link negotiation supported by the AP: false, AP MLD Address: <none>, AP MLO Link Id: <none>, AP MLO Affiliated links: <none>, Vendor Data: <none>
07-05 08:33:43.577 D/WifiScoreCard(  715): txRate: 2 txSpeed: 1
07-05 08:33:43.577 D/WifiScoreCard(  715): network update SIGNAL_POLL "AndroidWifi" ID: 1201260005 RSSI -50 txSpeed -1
07-05 08:33:43.578 D/WifiClientModeImpl[27601:wlan0](  715):  ClientModeImpl$L2ConnectedState screen=on 1 0 "AndroidWifi" 00:13:10:85:fe:01 rssi=-50 f=2447 sc=60 link=1 tx=1.0, 0.0, 0.0 rx=1.1 bcn=0 [on:0 tx:0 rx:0 period:3008] from screen [on:0 period:828995738] score=60
07-05 08:33:44.378 I/logd    (    0): logdr: UID=2000 GID=2000 PID=18701 n tail=0 logMask=99 pid=0 start=0ns deadline=0ns
07-05 08:33:45.471 I/logd    (    0): logdr: UID=2000 GID=2000 PID=18704 n tail=0 logMask=99 pid=0 start=0ns deadline=0ns
07-05 08:33:45.647 D/ActivityManager(  715): freezing 1259 com.google.android.permissioncontroller
07-05 08:33:45.649 D/InetDiagMessage(  715): Destroyed 0 sockets, proto=IPPROTO_TCP, family=AF_INET, states=14
