07-06 03:13:53.460 W/IPCThreadState(  715): Sending oneway calls to frozen process.
07-06 03:13:53.461 W/IPCThreadState(  715): Sending oneway calls to frozen process.
07-06 03:13:53.461 W/IPCThreadState(  715): Sending oneway calls to frozen process.
07-06 03:13:53.464 D/AccessibilitySourceService( 1259): a11y source sending 1 issue to sc
07-06 03:13:53.465 W/IPCThreadState(  715): Sending oneway calls to frozen process.
07-06 03:13:53.465 D/SafetySourceDataValidat(  715): No cert check requested for package com.google.android.permissioncontroller
07-06 03:13:53.466 D/CoreBackPreview(  715): Window{6cb725f u0 com.huiyi.v4}: Setting back callback OnBackInvokedCallbackInfo{mCallback=android.window.IOnBackInvokedCallback$Stub$Proxy@9666bd6, mPriority=0, mIsAnimationCallback=false, mOverrideBehavior=0}
07-06 03:13:53.468 W/IPCThreadState(  715): Sending oneway calls to frozen process.
07-06 03:13:53.471 W/IPCThreadState(  715): Sending oneway calls to frozen process.
07-06 03:13:53.471 W/IPCThreadState(  715): Sending oneway calls to frozen process.
07-06 03:13:53.471 W/IPCThreadState(  715): Sending oneway calls to frozen process.
07-06 03:13:53.471 W/IPCThreadState(  715): Sending oneway calls to frozen process.
07-06 03:13:53.471 W/IPCThreadState(  715): Sending oneway calls to frozen process.
07-06 03:13:53.472 W/IPCThreadState(  715): Sending oneway calls to frozen process.
07-06 03:13:53.472 W/IPCThreadState(  715): Sending oneway calls to frozen process.
07-06 03:13:53.484 D/AccessibilitySourceService( 1259): enabled a11y services count 1
07-06 03:13:53.496 D/AccessibilitySourceService( 1259): a11y source sending 1 issue to sc
07-06 03:13:53.497 D/SafetySourceDataValidat(  715): No cert check requested for package com.google.android.permissioncontroller
07-06 03:13:53.553 D/WifiClientModeImpl[27601:wlan0](  715): updateLinkLayerStatsRssiSpeedFrequencyCapabilities rssi=-50 TxLinkspeed=1 freq=2447 RxLinkSpeed=2
07-06 03:13:53.555 D/WifiDataStall(  715): tx tput in kbps: 11000
07-06 03:13:53.555 D/WifiDataStall(  715): rx tput in kbps: 11000
07-06 03:13:53.556 V/WifiConfigManager(  715): Updating scan detail cache freq=2447 BSSID=00:13:10:85:fe:01 RSSI=-50 for "AndroidWifi"NONE
07-06 03:13:53.556 D/WifiThroughputPredictor(  715):  utilization (LLS) 80 isBluetoothConnected: false final utilization: 80
07-06 03:13:53.556 D/WifiThroughputPredictor(  715):  BW: 0 RSSI: -50 Nss: 1 Mode: 1 symDur: 4000 snrDb 30 bitPerTone: 4500 rate: 54 throughput: 11
07-06 03:13:53.556 D/WifiThroughputPredictor(  715):  utilization (LLS) 80 isBluetoothConnected: false final utilization: 80
07-06 03:13:53.556 D/WifiThroughputPredictor(  715):  BW: 0 RSSI: -50 Nss: 1 Mode: 1 symDur: 4000 snrDb 30 bitPerTone: 4500 rate: 54 throughput: 11
07-06 03:13:53.557 D/WifiThroughputPredictor(  715):  utilization (LLS) 80 isBluetoothConnected: false final utilization: 80
07-06 03:13:53.557 D/WifiThroughputPredictor(  715):  BW: 0 RSSI: -50 Nss: 1 Mode: 1 symDur: 4000 snrDb 30 bitPerTone: 4500 rate: 54 throughput: 11
07-06 03:13:53.557 D/WifiThroughputPredictor(  715):  utilization (LLS) 80 isBluetoothConnected: false final utilization: 80
07-06 03:13:53.557 D/WifiThroughputPredictor(  715):  BW: 0 RSSI: -50 Nss: 1 Mode: 1 symDur: 4000 snrDb 30 bitPerTone: 4500 rate: 54 throughput: 11
07-06 03:13:53.557 D/WifiScoreCard(  715): BSSID update SIGNAL_POLL ID: 1559335064 SSID: "AndroidWifi", BSSID: 00:13:10:85:fe:01, MAC: 02:15:b2:00:00:00, IP: /10.0.2.16, Security type: 0, Supplicant state: COMPLETED, Wi-Fi standard: legacy, RSSI: -50, Link speed: 1Mbps, Tx Link speed: 1Mbps, Max Supported Tx Link speed: 11Mbps, Rx Link speed: 2Mbps, Max Supported Rx Link speed: 11Mbps, Frequency: 2447MHz, Net ID: 0, Metered hint: false, score: 60, isUsable: true, CarrierMerged: false, SubscriptionId: -1, IsPrimary: 1, Trusted: true, Restricted: false, Ephemeral: false, OEM paid: false, OEM private: false, OSU AP: false, FQDN: <none>, Provider friendly name: <none>, Requesting package name: <none>"AndroidWifi"openMLO Information: , Is TID-To-Link negotiation supported by the AP: false, AP MLD Address: <none>, AP MLO Link Id: <none>, AP MLO Affiliated links: <none>, Vendor Data: <none>
07-06 03:13:53.559 D/WifiScoreCard(  715): txRate: 1 txSpeed: 1
07-06 03:13:53.560 D/WifiScoreCard(  715): network update SIGNAL_POLL "AndroidWifi" ID: 1201260005 RSSI -50 txSpeed -1
07-06 03:13:53.560 D/WifiClientModeImpl[27601:wlan0](  715):  ClientModeImpl$L2ConnectedState screen=on 1 0 "AndroidWifi" 00:13:10:85:fe:01 rssi=-50 f=2447 sc=60 link=1 tx=0.2, 0.0, 0.0 rx=0.0 bcn=0 [on:0 tx:0 rx:0 period:3009] from screen [on:0 period:896205720] score=60
07-06 03:13:53.773 D/ActivityManager(  715): freezing 1695 com.google.android.googlequicksearchbox:search
07-06 03:13:54.516 W/AccessibilityNodeInfoDumper(  705): Fetch time: 20ms
07-06 03:13:54.520 V/AccessibilityManagerService(  715): onUserStateChangedLocked for userId: 0, forceUpdate: false
07-06 03:13:54.524 D/BackgroundInstallControlService(  715): Package event received: 0
07-06 03:13:54.527 W/MagnificationConnectionManager(  715): requestConnection duplicated request: connect=false, mConnectionState=DISCONNECTED
07-06 03:13:54.528 D/AccessibilityManagerService(  715): restoreCurrentUserForTestAutomationIfNeededLocked(): ignoring because device doesn't support visible background users
07-06 03:13:54.528 W/IPCThreadState(  715): Sending oneway calls to frozen process.
07-06 03:13:54.529 D/AndroidRuntime(  705): Shutting down VM
07-06 03:13:54.529 W/IPCThreadState(  715): Sending oneway calls to frozen process.
07-06 03:13:54.529 W/IPCThreadState(  715): Sending oneway calls to frozen process.
07-06 03:13:54.531 W/IPCThreadState(  705): call to talkWithDriver in joinThreadPool returned error: -9 (Bad file descriptor), FD: -1
07-06 03:13:54.531 W/IPCThreadState(  715): Sending oneway calls to frozen process.
07-06 03:13:54.535 W/IPCThreadState(  705): call to talkWithDriver in joinThreadPool returned error: -9 (Bad file descriptor), FD: -1
07-06 03:13:54.535 W/IPCThreadState(  705): call to talkWithDriver in joinThreadPool returned error: -9 (Bad file descriptor), FD: -1
07-06 03:13:54.539 W/IPCThreadState(  715): Sending oneway calls to frozen process.
07-06 03:13:54.541 W/IPCThreadState(  715): Sending oneway calls to frozen process.
07-06 03:13:54.541 W/IPCThreadState(  715): Sending oneway calls to frozen process.
07-06 03:13:54.542 W/IPCThreadState(  715): Sending oneway calls to frozen process.
07-06 03:13:54.548 V/AccessibilityManagerService(  715): onUserStateChangedLocked for userId: 0, forceUpdate: false
07-06 03:13:54.548 I/netd    (  488): tetherGetStats() -> {[]} <0.67ms>
07-06 03:13:54.552 W/MagnificationConnectionManager(  715): requestConnection duplicated request: connect=false, mConnectionState=DISCONNECTED
07-06 03:13:54.553 W/IPCThreadState(  715): Sending oneway calls to frozen process.
07-06 03:13:54.553 W/IPCThreadState(  715): Sending oneway calls to frozen process.
07-06 03:13:54.553 W/IPCThreadState(  715): Sending oneway calls to frozen process.
07-06 03:13:54.553 W/IPCThreadState(  715): Sending oneway calls to frozen process.
07-06 03:13:54.555 W/IPCThreadState(  715): Sending oneway calls to frozen process.
07-06 03:13:54.555 W/IPCThreadState(  715): Sending oneway calls to frozen process.
07-06 03:13:54.557 W/IPCThreadState(  715): Sending oneway calls to frozen process.
07-06 03:13:54.560 W/IPCThreadState(  715): Sending oneway calls to frozen process.
07-06 03:13:54.561 W/IPCThreadState(  715): Sending oneway calls to frozen process.
07-06 03:13:54.563 W/IPCThreadState(  715): Sending oneway calls to frozen process.
07-06 03:13:54.563 W/IPCThreadState(  715): Sending oneway calls to frozen process.
07-06 03:13:54.563 W/IPCThreadState(  715): Sending oneway calls to frozen process.
07-06 03:13:54.564 W/IPCThreadState(  715): Sending oneway calls to frozen process.
07-06 03:13:54.564 W/IPCThreadState(  715): Sending oneway calls to frozen process.
07-06 03:13:54.564 W/IPCThreadState(  715): Sending oneway calls to frozen process.
07-06 03:13:54.564 W/IPCThreadState(  715): Sending oneway calls to frozen process.
07-06 03:13:54.565 W/IPCThreadState(  715): Sending oneway calls to frozen process.
07-06 03:13:54.567 W/IPCThreadState(  715): Sending oneway calls to frozen process.
07-06 03:13:54.568 W/IPCThreadState(  715): Sending oneway calls to frozen process.
07-06 03:13:54.568 W/IPCThreadState(  715): Sending oneway calls to frozen process.
07-06 03:13:54.568 D/AccessibilitySourceService( 1259): enabled a11y services count 1
07-06 03:13:54.568 W/IPCThreadState(  715): Sending oneway calls to frozen process.
07-06 03:13:54.569 W/IPCThreadState(  715): Sending oneway calls to frozen process.
07-06 03:13:54.569 W/IPCThreadState(  715): Sending oneway calls to frozen process.
07-06 03:13:54.569 W/IPCThreadState(  715): Sending oneway calls to frozen process.
07-06 03:13:54.570 W/IPCThreadState(  715): Sending oneway calls to frozen process.
07-06 03:13:54.570 W/IPCThreadState(  715): Sending oneway calls to frozen process.
07-06 03:13:54.570 W/IPCThreadState(  715): Sending oneway calls to frozen process.
07-06 03:13:54.572 W/IPCThreadState(  715): Sending oneway calls to frozen process.
07-06 03:13:54.572 W/IPCThreadState(  715): Sending oneway calls to frozen process.
07-06 03:13:54.572 W/IPCThreadState(  715): Sending oneway calls to frozen process.
07-06 03:13:54.573 W/IPCThreadState(  715): Sending oneway calls to frozen process.
07-06 03:13:54.573 W/IPCThreadState(  715): Sending oneway calls to frozen process.
07-06 03:13:54.575 D/AccessibilitySourceService( 1259): a11y source sending 1 issue to sc
07-06 03:13:54.575 D/SafetySourceDataValidat(  715): No cert check requested for package com.google.android.permissioncontroller
07-06 03:13:55.693 D/ProfileInstaller(  420): Installing profile for com.huiyi.mockchat
07-06 03:13:55.989 W/screencap(  793): Thread Pool max thread count is 0. Cannot cache binder as linkToDeath cannot be implemented. serviceName: SurfaceFlingerAIDL
07-06 03:13:55.990 W/BpBinder(  793): Linking to death on android.gui.ISurfaceComposer but there are no threads (yet?) listening to incoming transactions. See ProcessState::startThreadPool and ProcessState::setThreadPoolMaxThreadCount. Generally you should setup the binder threadpool before other initialization steps.
07-06 03:13:55.990 W/ProcessState(  793): Extra binder thread started, but 0 threads requested. Do not use *startThreadPool when zero threads are requested.
07-06 03:13:56.007 E/HwcComposer(  567): getLuts failed Status(-8, EX_SERVICE_SPECIFIC): '8: '
07-06 03:13:56.007 E/HWComposer(  567): getLuts: getLuts failed for display 4619827259835644672: UNSUPPORTED (8)
07-06 03:13:55.987 I/servicemanager(    0): Caller(pid=793,uid=2000,sid=u:r:shell:s0) Found android.hardware.graphics.allocator.IAllocator/default in device VINTF manifest.
07-06 03:13:55.989 I/servicemanager(    0): Caller(pid=793,uid=2000,sid=u:r:shell:s0) Found android.hardware.graphics.allocator.IAllocator/default in device VINTF manifest.
07-06 03:13:55.994 I/servicemanager(    0): Caller(pid=793,uid=2000,sid=u:r:shell:s0) Found mapper/ranchu in device VINTF manifest.
07-06 03:13:56.241 I/logd    (    0): logdr: UID=2000 GID=2000 PID=799 n tail=0 logMask=99 pid=0 start=0ns deadline=0ns
