--------- beginning of system
07-06 03:13:48.644 I/ActivityManager(  715): Force stopping com.huiyi.mockchat appid=10217 user=0: from pid 371
07-06 03:13:48.648 I/AppsFilter(  715): interaction: PackageSetting{82e8969 com.android.microdroid.empty_payload/10212} -> PackageSetting{8b9803a com.huiyi.mockchat/10217} BLOCKED
07-06 03:13:48.648 I/AppsFilter(  715): interaction: PackageSetting{2dc8c76 com.huiyi.v4/10216} -> PackageSetting{8b9803a com.huiyi.mockchat/10217} BLOCKED
07-06 03:13:48.657 I/AppWidgetServiceImpl(  715): Received broadcast: android.intent.action.PACKAGE_RESTARTED on user 0
07-06 03:13:48.659 I/AppWidgetServiceImpl(  715): Updating package stopped masked state for uid 10217 package com.huiyi.mockchat isStopped true
--------- beginning of main
07-06 03:13:48.662 D/CarrierSvcBindHelper( 1112): onHandleForceStop: [com.huiyi.mockchat]
07-06 03:13:48.664 D/CarrierSvcBindHelper( 1112): No carrier app for: 0
07-06 03:13:48.976 W/ActivityTaskManager(  715): callingPackage for (uid=2000, pid=393) has no WPC
07-06 03:13:48.980 V/GrammaticalInflectionUtils(  715): AttributionSource: AttributionSource { uid = 10217, packageName = null, attributionTag = null, token = android.os.Binder@2b6457c, deviceId = 0, next = null } does not have READ_SYSTEM_GRAMMATICAL_GENDER permission.
07-06 03:13:48.980 W/OptProp (  715): Cannot read opt property android.window.PROPERTY_COMPAT_ALLOW_USER_ASPECT_RATIO_OVERRIDE
07-06 03:13:48.981 W/OptProp (  715): Cannot read opt property android.window.PROPERTY_COMPAT_ALLOW_USER_ASPECT_RATIO_FULLSCREEN_OVERRIDE
07-06 03:13:48.981 W/OptProp (  715): Cannot read opt property android.window.PROPERTY_COMPAT_ALLOW_RESIZEABLE_ACTIVITY_OVERRIDES
07-06 03:13:48.981 W/OptProp (  715): Cannot read opt property android.window.PROPERTY_COMPAT_ALLOW_MIN_ASPECT_RATIO_OVERRIDE
07-06 03:13:48.988 W/OptProp (  715): Cannot read opt property android.window.PROPERTY_COMPAT_ALLOW_ORIENTATION_OVERRIDE
07-06 03:13:48.989 I/BpBinder(  567): onLastStrongRef automatically unlinking death recipients: 
07-06 03:13:48.991 V/SplashScreenExceptionList(  715): SplashScreen checking exception for package com.huiyi.mockchat (target sdk:35) -> false
07-06 03:13:48.997 I/ndroid.systemui(  972): AssetManager2(0x79075ab240b8) locale list changing from [] to [en-US]
07-06 03:13:48.997 I/ActivityTaskManager(  715): START u0 {flg=0x10000000 xflg=0x5 cmp=com.huiyi.mockchat/.MainActivity (has extras)} with LAUNCH_MULTIPLE from uid 2000 (BAL_ALLOW_PERMISSION) result code=0
07-06 03:13:48.999 D/CompatChangeReporter(  715): Compat change id reported: 309578419; UID 10217; state: ENABLED
07-06 03:13:49.000 W/SplitSelectStateCtor( 1124): Missing session instanceIds
07-06 03:13:49.000 D/StatsLog( 1124): LAUNCHER_SPLIT_SELECTION_EXIT_INTERRUPTED
07-06 03:13:49.004 I/AppsFilter(  715): interaction: PackageSetting{82e8969 com.android.microdroid.empty_payload/10212} -> PackageSetting{af85c8d com.huiyi.mockchat/10217} BLOCKED
07-06 03:13:49.005 I/AppsFilter(  715): interaction: PackageSetting{2dc8c76 com.huiyi.v4/10216} -> PackageSetting{af85c8d com.huiyi.mockchat/10217} BLOCKED
07-06 03:13:49.005 W/HWUI    (  972): Image decoding logging dropped!
07-06 03:13:49.007 V/WindowManagerShell(  972): Transition requested (#313): android.os.BinderProxy@edbc7fa TransitionRequestInfo { type = OPEN, triggerTask = TaskInfo{userId=0 taskId=272 effectiveUid=10217 displayId=0 isRunning=true baseIntent=Intent { flg=0x10000000 cmp=com.huiyi.mockchat/.MainActivity } baseActivity=ComponentInfo{com.huiyi.mockchat/com.huiyi.mockchat.MainActivity} topActivity=ComponentInfo{com.huiyi.mockchat/com.huiyi.mockchat.MainActivity} origActivity=null realActivity=ComponentInfo{com.huiyi.mockchat/com.huiyi.mockchat.MainActivity} numActivities=1 lastActiveTime=49949949 supportsMultiWindow=true resizeMode=1 isResizeable=true minWidth=-1 minHeight=-1 defaultMinSize=220 token=WCT{android.window.IWindowContainerToken$Stub$Proxy@fde81ab} topActivityType=1 pictureInPictureParams=null shouldDockBigOverlays=false launchIntoPipHostTaskId=-1 lastParentTaskIdBeforePip=-1 displayCutoutSafeInsets=Rect(0, 0 - 0, 0) topActivityInfo=ActivityInfo{70e69c6 com.huiyi.mockchat.MainActivity} launchCookies=[] positionInParent=Point(0, 0) parentTaskId=-1 isFocused=false isVisible=false isVisibleRequested=false isTopActivityNoDisplay=false isSleeping=false locusId=null displayAreaFeatureId=1 isTopActivityTransparent=false isActivityStackTransparent=false lastNonFullscreenBounds=Rect(286, 664 - 798, 1748) capturedLink=null capturedLinkTimestamp=0 requestedVisibleTypes=-9 topActivityRequestOpenInBrowserEducationTimestamp=0 appCompatTaskInfo=AppCompatTaskInfo { topActivityInSizeCompat=false eligibleForLetterboxEducation= false isLetterboxEducationEnabled= true isLetterboxDoubleTapEnabled= false eligibleForUserAspectRatioButton= false topActivityBoundsLetterboxed= false isFromLetterboxDoubleTap= false topActivityLetterboxVerticalPosition= -1 topActivityLetterboxHorizontalPosition= -1 topActivityLetterboxWidth=-1 topActivityLetterboxHeight=-1 topActivityAppBounds=Rect(0, 0 - 1084, 2412) isUserFullscreenOverrideEnabled=false isSystemFullscreenOverrideEnabled=false hasMinAspectRatioOverride=false topActivityLetterboxBounds=null cameraCompatTaskInfo=CameraCompatTaskInfo { freeformCameraCompatMode=inactive}} topActivityMainWindowFrame=null}, pipChange = null, remoteTransition = null, displayChange = null, flags = 0, debugId = 313 }
07-06 03:13:49.007 D/ShellSplitScreen(  972): logExit: no-op, mLoggerSessionId is null
07-06 03:13:49.009 D/SplashScreenView(  972): Build android.window.SplashScreenView{d3e4820 V.E...... ......ID 0,0-0,0}
07-06 03:13:49.009 D/SplashScreenView(  972): Icon: view: android.widget.ImageView{63ea5d9 V.ED..... ......I. 0,0-0,0 #1020542 android:id/splashscreen_icon_view} drawable: com.android.wm.shell.startingsurface.SplashscreenIconDrawableFactory$ImmobileIconDrawable@e0aeb9e size: 395
07-06 03:13:49.009 D/SplashScreenView(  972): Branding: view: android.view.View{8a4a67f G.ED..... ......I. 0,0-0,0 #1020541 android:id/splashscreen_branding_view} drawable: null size w: 0 h: 0
07-06 03:13:49.013 V/GrammaticalInflectionUtils(  715): AttributionSource: AttributionSource { uid = 10217, packageName = null, attributionTag = null, token = android.os.Binder@2b6457c, deviceId = 0, next = null } does not have READ_SYSTEM_GRAMMATICAL_GENDER permission.
07-06 03:13:49.021 D/BackgroundInstallControlService(  715): Package event received: 0
07-06 03:13:49.025 I/netd    (  488): tetherGetStats() -> {[]} <1.15ms>
07-06 03:13:49.033 I/AppWidgetServiceImpl(  715): Received broadcast: android.intent.action.PACKAGE_UNSTOPPED on user 0
07-06 03:13:49.033 I/AppWidgetServiceImpl(  715): Updating package stopped masked state for uid 10217 package com.huiyi.mockchat isStopped false
07-06 03:13:49.037 D/Zygote  (  491): Forked child process 420
07-06 03:13:49.037 W/IPCThreadState(  630): Sending oneway calls to frozen process.
07-06 03:13:49.047 W/Looper  (  972): Slow dispatch took 45ms wmshell.main app=com.android.systemui main=false group=TOP_APP h=android.os.Handler c=com.android.wm.shell.transition.Transitions$ShellTransitionImpl$$ExternalSyntheticLambda1@92ad076 m=0
07-06 03:13:49.047 W/Looper  (  972): Slow delivery took 47ms wmshell.main app=com.android.systemui main=false group=TOP_APP h=android.os.Handler c=null m=10
07-06 03:13:49.048 D/WindowManagerShell(  972): setLauncherKeepClearAreaHeight: visible=false, height=497
07-06 03:13:49.053 D/CoreBackPreview(  715): Window{d6e2390 u0 Splash Screen com.huiyi.mockchat}: Setting back callback OnBackInvokedCallbackInfo{mCallback=android.window.IOnBackInvokedCallback$Stub$Proxy@c9ad4a8, mPriority=0, mIsAnimationCallback=false, mOverrideBehavior=0}
07-06 03:13:49.056 I/BpBinder(  567): onLastStrongRef automatically unlinking death recipients: 
07-06 03:13:49.093 W/ActivityManager(  715): Slow operation: 78ms so far, now at startProcess: done updating battery stats
07-06 03:13:49.097 W/ActivityManager(  715): Slow operation: 82ms so far, now at startProcess: building log message
07-06 03:13:49.098 I/ActivityManager(  715): Start proc 420:com.huiyi.mockchat/u0a217 for next-top-activity {com.huiyi.mockchat/com.huiyi.mockchat.MainActivity}
07-06 03:13:49.098 W/ActivityManager(  715): Slow operation: 82ms so far, now at startProcess: starting to update pids map
07-06 03:13:49.098 I/ActivityManager(  715): ProcessObserver broadcast disabled
07-06 03:13:49.098 W/ActivityManager(  715): Slow operation: 83ms so far, now at startProcess: done updating pids map
07-06 03:13:49.109 I/.huiyi.mockchat(  420): Late-enabling -Xcheck:jni
07-06 03:13:49.111 W/Looper  (  972): Drained
07-06 03:13:49.160 I/.huiyi.mockchat(  420): Using CollectorTypeCMC GC.
07-06 03:13:49.163 W/.huiyi.mockchat(  420): Unexpected CPU variant for x86: x86_64.
07-06 03:13:49.163 W/.huiyi.mockchat(  420): Known variants: atom, sandybridge, silvermont, goldmont, goldmont-plus, goldmont-without-sha-xsaves, tremont, kabylake, alderlake, default
07-06 03:13:49.177 I/adbd    (  576): jdwp connection from 420
07-06 03:13:49.199 V/WindowManagerShell(  972): onTransitionReady(transaction=3070901641293)
07-06 03:13:49.200 V/WindowManagerShell(  972): onTransitionReady (#313) android.os.BinderProxy@edbc7fa: {id=313 t=OPEN f=0x0 trk=0 r=[0@Point(0, 0)] c=[
07-06 03:13:49.200 V/WindowManagerShell(  972):         {m=OPEN f=NONE leash=Surface(name=Task=272)/@0x5fa2d6f sb=Rect(0, 0 - 1084, 2412) eb=Rect(0, 0 - 1084, 2412) epz=Point(1084, 2412) d=0 taskParent=-1},
07-06 03:13:49.200 V/WindowManagerShell(  972):         {m=TO_BACK f=SHOW_WALLPAPER leash=Surface(name=Task=1)/@0x8375a7c sb=Rect(0, 0 - 1084, 2412) eb=Rect(0, 0 - 1084, 2412) epz=Point(1084, 2412) d=0 taskParent=-1},
07-06 03:13:49.200 V/WindowManagerShell(  972):         {m=TO_BACK f=IS_WALLPAPER leash=Surface(name=WallpaperWindowToken{d6cca47 showWhenLocked=false})/@0x50b7f05 sb=Rect(0, 0 - 1084, 2412) eb=Rect(0, 0 - 1084, 2412) epz=Point(1084, 2412) d=0}
07-06 03:13:49.200 V/WindowManagerShell(  972):     ]}
07-06 03:13:49.201 V/WindowManager(  715): Sent Transition (#313) createdAt=07-06 03:13:48.983 via request=TransitionRequestInfo { type = OPEN, triggerTask = TaskInfo{userId=0 taskId=272 effectiveUid=10217 displayId=0 isRunning=true baseIntent=Intent { flg=0x10000000 cmp=com.huiyi.mockchat/.MainActivity } baseActivity=ComponentInfo{com.huiyi.mockchat/com.huiyi.mockchat.MainActivity} topActivity=ComponentInfo{com.huiyi.mockchat/com.huiyi.mockchat.MainActivity} origActivity=null realActivity=ComponentInfo{com.huiyi.mockchat/com.huiyi.mockchat.MainActivity} numActivities=1 lastActiveTime=49949949 supportsMultiWindow=true resizeMode=1 isResizeable=true minWidth=-1 minHeight=-1 defaultMinSize=220 token=WCT{RemoteToken{b5d0bf2 Task{20c4c51 #272 type=standard A=10217:com.huiyi.mockchat}}} topActivityType=1 pictureInPictureParams=null shouldDockBigOverlays=false launchIntoPipHostTaskId=-1 lastParentTaskIdBeforePip=-1 displayCutoutSafeInsets=Rect(0, 0 - 0, 0) topActivityInfo=ActivityInfo{f6e0243 com.huiyi.mockchat.MainActivity} launchCookies=[] positionInParent=Point(0, 0) parentTaskId=-1 isFocused=false isVisible=false isVisibleRequested=false isTopActivityNoDisplay=false isSleeping=false locusId=null displayAreaFeatureId=1 isTopActivityTransparent=false isActivityStackTransparent=false lastNonFullscreenBounds=Rect(286, 664 - 798, 1748) capturedLink=null capturedLinkTimestamp=0 requestedVisibleTypes=-9 topActivityRequestOpenInBrowserEducationTimestamp=0 appCompatTaskInfo=AppCompatTaskInfo { topActivityInSizeCompat=false eligibleForLetterboxEducation= false isLetterboxEducationEnabled= true isLetterboxDoubleTapEnabled= false eligibleForUserAspectRatioButton= false topActivityBoundsLetterboxed= false isFromLetterboxDoubleTap= false topActivityLetterboxVerticalPosition= -1 topActivityLetterboxHorizontalPosition= -1 topActivityLetterboxWidth=-1 topActivityLetterboxHeight=-1 topActivityAppBounds=Rect(0, 0 - 1084, 2412) isUserFullscreenOverrideEnabled=false isSystemFullscreenOverrideEnabled=false hasMinAspectRatioOverride=false topActivityLetterboxBounds=null cameraCompatTaskInfo=CameraCompatTaskInfo { freeformCameraCompatMode=inactive}} topActivityMainWindowFrame=null}, pipChange = null, remoteTransition = null, displayChange = null, flags = 0, debugId = 313 }
07-06 03:13:49.201 V/WindowManager(  715):     startWCT=WindowContainerTransaction { changes= {} hops= [] errorCallbackToken=null taskFragmentOrganizer=null }
07-06 03:13:49.202 V/WindowManager(  715):     info={id=313 t=OPEN f=0x0 trk=0 r=[0@Point(0, 0)] c=[
07-06 03:13:49.202 V/WindowManager(  715):         {WCT{RemoteToken{b5d0bf2 Task{20c4c51 #272 type=standard A=10217:com.huiyi.mockchat}}} m=OPEN f=NONE leash=Surface(name=Task=272)/@0x81c9354 sb=Rect(0, 0 - 1084, 2412) eb=Rect(0, 0 - 1084, 2412) epz=Point(1084, 2412) d=0 taskParent=-1},
07-06 03:13:49.202 V/WindowManager(  715):         {WCT{RemoteToken{ba7d2de Task{f5e704d #1 type=home}}} m=TO_BACK f=SHOW_WALLPAPER leash=Surface(name=Task=1)/@0x55c111d sb=Rect(0, 0 - 1084, 2412) eb=Rect(0, 0 - 1084, 2412) epz=Point(1084, 2412) d=0 taskParent=-1},
07-06 03:13:49.202 V/WindowManager(  715):         {m=TO_BACK f=IS_WALLPAPER leash=Surface(name=WallpaperWindowToken{d6cca47 showWhenLocked=false})/@0x17505f4 sb=Rect(0, 0 - 1084, 2412) eb=Rect(0, 0 - 1084, 2412) epz=Point(1084, 2412) d=0}
07-06 03:13:49.202 V/WindowManager(  715):     ]}
07-06 03:13:49.204 V/WindowManagerShell(  972): Playing animation for (#313) android.os.BinderProxy@edbc7fa@0
07-06 03:13:49.217 V/ShellRecents(  972): RecentsTransitionHandler.startAnimation: no controller found
07-06 03:13:49.220 V/WindowManagerShell(  972): Transition doesn't have explicit remote, search filters for match for {id=313 t=OPEN f=0x0 trk=0 r=[0@Point(0, 0)] c=[{m=OPEN f=NONE leash=Surface(name=Task=272)/@0x5fa2d6f sb=Rect(0, 0 - 1084, 2412) eb=Rect(0, 0 - 1084, 2412) epz=Point(1084, 2412) d=0 taskParent=-1},{m=TO_BACK f=SHOW_WALLPAPER leash=Surface(name=Task=1)/@0x8375a7c sb=Rect(0, 0 - 1084, 2412) eb=Rect(0, 0 - 1084, 2412) epz=Point(1084, 2412) d=0 taskParent=-1},{m=TO_BACK f=IS_WALLPAPER leash=Surface(name=WallpaperWindowToken{d6cca47 showWhenLocked=false})/@0x50b7f05 sb=Rect(0, 0 - 1084, 2412) eb=Rect(0, 0 - 1084, 2412) epz=Point(1084, 2412) d=0}]}
07-06 03:13:49.221 V/WindowManagerShell(  972):  Checking filter Pair{{types=[] flags=0x0] notFlags=0x0 checks=[{atype=undefined independent=true modes=[CLOSE,TO_BACK] flags=IN_TASK_WITH_EMBEDDED_ACTIVITY mustBeTask=false order=ANY topActivity=null launchCookie=null taskFragmentToken=android.os.BinderProxy@9757ff windowingMode=undefined}]} RemoteTransition { remoteTransition = android.window.IRemoteTransition$Stub$Proxy@b7a59cc, appThread = android.app.IApplicationThread$Stub$Proxy@a3c9415, debugName = overlayBackTransition }}
07-06 03:13:49.221 V/WindowManagerShell(  972):  Checking filter Pair{{types=[] flags=0x0] notFlags=0x0 checks=[{atype=dream independent=true modes=[OPEN,TO_FRONT] flags=NONE mustBeTask=false order=ANY topActivity=null launchCookie=null windowingMode=undefined},{atype=home independent=true modes=[CLOSE,TO_BACK] flags=NONE mustBeTask=false order=ANY topActivity=null launchCookie=null windowingMode=undefined}]} RemoteTransition { remoteTransition = android.window.IRemoteTransition$Stub$Proxy@e27a32a, appThread = android.app.IApplicationThread$Stub$Proxy@713751b, debugName = LauncherToDream }}
07-06 03:13:49.221 V/WindowManagerShell(  972):  Checking filter Pair{{types=[] flags=0x0] notFlags=0x100 checks=[{atype=home independent=true modes=[OPEN,TO_FRONT] flags=NONE mustBeTask=false order=TOP topActivity=ComponentInfo{com.google.android.apps.nexuslauncher/com.google.android.apps.nexuslauncher.NexusLauncherActivity} launchCookie=null windowingMode=undefined},{atype=standard independent=true modes=[CLOSE,TO_BACK] flags=NONE mustBeTask=false order=ANY topActivity=null launchCookie=null windowingMode=undefined},{NOT atype=undefined independent=true modes=[] flags=NONE mustBeTask=true order=ANY topActivity=null launchCookie=null customAnim=true windowingMode=undefined}]} RemoteTransition { remoteTransition = android.window.IRemoteTransition$Stub$Proxy@ed946b8, appThread = android.app.IApplicationThread$Stub$Proxy@5f5c91, debugName = QuickstepLaunchHome }}
07-06 03:13:49.221 V/WindowManagerShell(  972):  Delegate animation for (#313) to null
07-06 03:13:49.239 W/HWUI    (  715): Image decoding logging dropped!
07-06 03:13:49.250 D/nativeloader(  420): Load libframework-connectivity-tiramisu-jni.so using APEX ns com_android_tethering for caller /apex/com.android.tethering/javalib/framework-connectivity-t.jar: ok
07-06 03:13:49.253 V/WindowManagerShell(  972): start default transition animation, info = {id=313 t=OPEN f=0x0 trk=0 r=[0@Point(0, 0)] c=[{m=OPEN f=NONE leash=Surface(name=Task=272)/@0x5fa2d6f sb=Rect(0, 0 - 1084, 2412) eb=Rect(0, 0 - 1084, 2412) epz=Point(1084, 2412) d=0 taskParent=-1},{m=TO_BACK f=SHOW_WALLPAPER leash=Surface(name=Task=1)/@0x8375a7c sb=Rect(0, 0 - 1084, 2412) eb=Rect(0, 0 - 1084, 2412) epz=Point(1084, 2412) d=0 taskParent=-1},{m=TO_BACK f=IS_WALLPAPER leash=Surface(name=WallpaperWindowToken{d6cca47 showWhenLocked=false})/@0x50b7f05 sb=Rect(0, 0 - 1084, 2412) eb=Rect(0, 0 - 1084, 2412) epz=Point(1084, 2412) d=0}]}
07-06 03:13:49.255 V/WindowManagerShell(  972): loadAnimation: anim=android.view.animation.AnimationSet@4a0681 animAttr=0x13 type=OPEN isEntrance=false
07-06 03:13:49.267 V/WindowManagerShell(  972): loadAnimation: anim=android.view.animation.AnimationSet@6464326 animAttr=0x12 type=OPEN isEntrance=true
07-06 03:13:49.274 V/WindowManagerShell(  972):  animated by com.android.wm.shell.transition.DefaultTransitionHandler@a9e94ad
07-06 03:13:49.276 W/Looper  (  972): Slow dispatch took 76ms wmshell.main app=com.android.systemui main=false group=TOP_APP h=android.os.Handler c=com.android.wm.shell.transition.Transitions$TransitionPlayerImpl$$ExternalSyntheticLambda0@9c45b67 m=0
07-06 03:13:49.281 W/Looper  (  972): Slow delivery took 41ms wmshell.main app=com.android.systemui main=false group=TOP_APP h=android.os.Handler c=android.window.TaskOrganizer$1$$ExternalSyntheticLambda7@3436bb2 m=0
07-06 03:13:49.286 D/AndroidRuntime(  429): >>>>>> START com.android.internal.os.RuntimeInit uid 2000 <<<<<<
07-06 03:13:49.286 W/HWUI    (  715): Failed to choose config with EGL_SWAP_BEHAVIOR_PRESERVED, retrying without...
07-06 03:13:49.287 W/HWUI    (  715): Failed to initialize 101010-2 format, error = EGL_SUCCESS
07-06 03:13:49.299 I/AndroidRuntime(  429): Using default boot image
07-06 03:13:49.299 I/AndroidRuntime(  429): Leaving lock profiling enabled
07-06 03:13:49.308 I/app_process(  429): Core platform API reporting enabled, enforcing=false
07-06 03:13:49.308 I/app_process(  429): Using CollectorTypeCMC GC.
07-06 03:13:49.460 D/BackgroundInstallControlService(  715): Package event received: 0
07-06 03:13:49.496 I/system_server(  715): Background concurrent mark compact GC freed 24MB AllocSpace bytes, 72(2056KB) LOS objects, 41% free, 34MB/58MB, paused 9.487ms,4.122ms total 415.932ms
07-06 03:13:49.516 D/nativeloader(  429): InitDefaultPublicLibraries for_preload=1: libandroid.so:libaaudio.so:libamidi.so:libbinder_ndk.so:libc.so:libcamera2ndk.so:libdl.so:libEGL.so:libGLESv1_CM.so:libGLESv2.so:libGLESv3.so:libicu.so:libicui18n.so:libicuuc.so:libjnigraphics.so:liblog.so:libmediandk.so:libm.so:libnativehelper.so:libnativewindow.so:libOpenMAXAL.so:libOpenSLES.so:libRS.so:libstdc++.so:libsync.so:libvulkan.so:libwebviewchromium_plat_support.so:libz.so
07-06 03:13:49.537 D/nativeloader(  429): Load libicu_jni.so using APEX ns com_android_art for caller /apex/com.android.art/javalib/core-oj.jar: ok
07-06 03:13:49.537 D/app_process(  429): u_setTimeZoneFilesDirectory("/apex/com.android.tzdata/etc/tz/versioned/9/icu") succeeded. 
07-06 03:13:49.539 D/app_process(  429): I18n APEX ICU file found: /apex/com.android.i18n/etc/icu/icudt76l.dat
07-06 03:13:49.541 D/nativeloader(  429): Load libjavacore.so using APEX ns com_android_art for caller /apex/com.android.art/javalib/core-oj.jar: ok
07-06 03:13:49.544 D/nativeloader(  429): Load libopenjdk.so using APEX ns com_android_art for caller /apex/com.android.art/javalib/core-oj.jar: ok
07-06 03:13:49.549 W/app_process(  429): Unexpected CPU variant for x86: x86_64.
07-06 03:13:49.549 W/app_process(  429): Known variants: atom, sandybridge, silvermont, goldmont, goldmont-plus, goldmont-without-sha-xsaves, tremont, kabylake, alderlake, default
07-06 03:13:49.552 W/app_process(  429): ClassLoaderContext shared library size mismatch. Expected=2, found=0 (PCL[]{PCL[/system/framework/android.test.base.jar*2789897741]#PCL[/system/framework/android.test.mock.jar*3361312393]} | PCL[])
07-06 03:13:49.553 W/app_process(  429): ClassLoaderContext classpath size mismatch. expected=0, found=1 (PCL[]{PCL[/system/framework/android.test.runner.jar*895143020]#PCL[/system/framework/android.test.base.jar*2789897741]} | PCL[/system/framework/android.test.runner.jar*895143020])
07-06 03:13:49.577 W/Looper  (  972): Drained
07-06 03:13:49.577 V/WindowManagerShell(  972): Transition animation finished (aborted=false), notifying core (#313) android.os.BinderProxy@edbc7fa@0
07-06 03:13:49.579 D/nativeloader(  429): Load libframework-connectivity-tiramisu-jni.so using APEX ns com_android_tethering for caller /apex/com.android.tethering/javalib/framework-connectivity-t.jar: ok
07-06 03:13:49.579 D/AndroidRuntime(  429): Calling main entry com.android.commands.uiautomator.Launcher
07-06 03:13:49.588 I/AconfigPackage(  429): android.media.swcodec.flags is mapped to com.android.media.swcodec
07-06 03:13:49.589 I/AconfigPackage(  429): com.google.android.settings.simplemode.flags is mapped to system_ext
07-06 03:13:49.589 I/AconfigPackage(  429): com.google.android.systemui is mapped to system_ext
07-06 03:13:49.589 I/AconfigPackage(  429): com.google.android.apps.nexuslauncher is mapped to system_ext
07-06 03:13:49.589 I/AconfigPackage(  429): com.android.settings.accessibility is mapped to system_ext
07-06 03:13:49.590 I/AconfigPackage(  429): com.android.settings.flags is mapped to system_ext
07-06 03:13:49.590 I/AconfigPackage(  429): com.google.android.apps.miphone.aiai.matchmaker.overview.ui is mapped to system_ext
07-06 03:13:49.590 I/AconfigPackage(  429): com.google.android.settings.flags is mapped to system_ext
07-06 03:13:49.590 I/AconfigPackage(  429): com.android.launcher3 is mapped to system_ext
07-06 03:13:49.590 I/AconfigPackage(  429): com.android.wallpaper is mapped to system_ext
07-06 03:13:49.590 I/AconfigPackage(  429): com.android.settings.media_drm is mapped to system_ext
07-06 03:13:49.590 I/AconfigPackage(  429): com.android.systemui.accessibility.accessibilitymenu is mapped to system_ext
07-06 03:13:49.591 I/AconfigPackage(  429): com.android.settings.keyboard is mapped to system_ext
07-06 03:13:49.591 I/AconfigPackage(  429): com.android.server.policy.feature.flags is mapped to system_ext
07-06 03:13:49.591 I/AconfigPackage(  429): com.android.settings.factory_reset is mapped to system_ext
07-06 03:13:49.591 V/WindowManagerShell(  972): Track 0 became idle
07-06 03:13:49.592 I/AconfigPackage(  429): com.google.android.haptics.flags is mapped to system_ext
07-06 03:13:49.592 I/AconfigPackage(  429): com.android.permission.flags is mapped to com.android.permission
07-06 03:13:49.592 V/WindowManagerShell(  972): All active transition animations finished
07-06 03:13:49.595 I/AconfigPackage(  429): com.android.icu is mapped to com.android.i18n
07-06 03:13:49.595 W/AccessibilityManagerService(  715):  wait for adding window timeout: 1476
07-06 03:13:49.596 I/AconfigPackage(  429): com.android.appsearch.flags is mapped to com.android.appsearch
07-06 03:13:49.596 I/AconfigPackage(  429): android.uprobestats.mainline.flags is mapped to com.android.uprobestats
07-06 03:13:49.596 I/AconfigPackage(  429): android.provider.flags is mapped to com.android.configinfrastructure
07-06 03:13:49.596 I/AconfigPackage(  429): com.android.server.deviceconfig is mapped to com.android.configinfrastructure
07-06 03:13:49.597 I/AconfigPackage(  429): com.android.nfc.flags is mapped to system
07-06 03:13:49.597 I/AconfigPackage(  429): android.app.admin.flags is mapped to system
07-06 03:13:49.597 I/AconfigPackage(  429): android.database.sqlite is mapped to system
07-06 03:13:49.597 I/AconfigPackage(  429): com.android.providers.calendar is mapped to system
07-06 03:13:49.599 I/AconfigPackage(  429): com.android.server.power.feature.flags is mapped to system
07-06 03:13:49.599 I/AconfigPackage(  429): com.android.media.performance.flags is mapped to system
07-06 03:13:49.599 I/AconfigPackage(  429): android.app.contextualsearch.flags is mapped to system
07-06 03:13:49.599 I/AconfigPackage(  429): android.app.ondeviceintelligence.flags is mapped to system
07-06 03:13:49.599 I/AconfigPackage(  429): com.android.media.projection.flags is mapped to system
07-06 03:13:49.599 I/AconfigPackage(  429): android.companion is mapped to system
07-06 03:13:49.599 I/AconfigPackage(  429): android.service.controls.flags is mapped to system
07-06 03:13:49.600 I/AconfigPackage(  429): com.android.text.flags is mapped to system
07-06 03:13:49.600 I/AconfigPackage(  429): com.android.providers.contactkeys.flags is mapped to system
07-06 03:13:49.600 I/AconfigPackage(  429): com.android.intentresolver is mapped to system
07-06 03:13:49.600 I/AconfigPackage(  429): android.companion.virtualdevice.flags is mapped to system
07-06 03:13:49.600 I/AconfigPackage(  429): android.uprobestats.flags is mapped to system
07-06 03:13:49.600 I/AconfigPackage(  429): com.android.net.thread.platform.flags is mapped to system
07-06 03:13:49.601 I/AconfigPackage(  429): android.view.contentprotection.flags is mapped to system
07-06 03:13:49.601 I/AconfigPackage(  429): com.android.server.dreams is mapped to system
07-06 03:13:49.601 I/AconfigPackage(  429): com.android.graphics.surfaceflinger.flags is mapped to system
07-06 03:13:49.601 I/AconfigPackage(  429): com.android.hardware.input is mapped to system
07-06 03:13:49.601 I/AconfigPackage(  429): android.sdk is mapped to system
07-06 03:13:49.601 I/AconfigPackage(  429): com.android.input.flags is mapped to system
07-06 03:13:49.601 I/AconfigPackage(  429): android.tracing is mapped to system
07-06 03:13:49.602 I/AconfigPackage(  429): com.android.server.biometrics is mapped to system
07-06 03:13:49.602 I/AconfigPackage(  429): android.view.contentcapture.flags is mapped to system
07-06 03:13:49.603 I/AconfigPackage(  429): android.app.job is mapped to system
07-06 03:13:49.602 V/WindowManager(  715): Finish Transition (#313): created at 07-06 03:13:48.983 collect-started=0.083ms request-sent=13.41ms started=58.997ms ready=182.454ms sent=214.821ms commit=74.713ms finished=601.876ms
07-06 03:13:49.604 I/AconfigPackage(  429): android.content.res is mapped to system
07-06 03:13:49.604 I/AconfigPackage(  429): android.net.platform.flags is mapped to system
07-06 03:13:49.604 I/AconfigPackage(  429): com.android.aconfig.flags is mapped to system
07-06 03:13:49.604 I/AconfigPackage(  429): com.android.graphics.flags is mapped to system
07-06 03:13:49.604 I/AconfigPackage(  429): android.server.app is mapped to system
07-06 03:13:49.604 I/AconfigPackage(  429): android.speech.flags is mapped to system
07-06 03:13:49.604 I/AconfigPackage(  429): com.android.server.stats is mapped to system
07-06 03:13:49.604 I/AconfigPackage(  429): android.hardware.biometrics is mapped to system
07-06 03:13:49.605 I/AconfigPackage(  429): android.car.feature is mapped to system
07-06 03:13:49.605 I/AconfigPackage(  429): android.adpf is mapped to system
07-06 03:13:49.605 I/AconfigPackage(  429): android.location.flags is mapped to system
07-06 03:13:49.605 I/AconfigPackage(  429): com.android.settingslib.flags is mapped to system
07-06 03:13:49.605 I/AconfigPackage(  429): com.android.managedprovisioning.flags is mapped to system
07-06 03:13:49.606 I/AconfigPackage(  429): android.app.assist.flags is mapped to system
07-06 03:13:49.606 I/AconfigPackage(  429): com.android.server.net is mapped to system
07-06 03:13:49.606 I/AconfigPackage(  429): com.android.settingslib.widget.flags is mapped to system
07-06 03:13:49.606 I/AconfigPackage(  429): com.android.internal.camera.flags is mapped to system
07-06 03:13:49.606 I/AconfigPackage(  429): com.android.hardware.libsensor.flags is mapped to system
07-06 03:13:49.606 I/AconfigPackage(  429): com.android.internal.jank is mapped to system
07-06 03:13:49.607 I/AconfigPackage(  429): com.android.providers.settings is mapped to system
07-06 03:13:49.607 I/AconfigPackage(  429): android.multiuser is mapped to system
07-06 03:13:49.607 I/AconfigPackage(  429): com.android.server.power.optimization is mapped to system
07-06 03:13:49.607 I/AconfigPackage(  429): com.android.calllogbackup is mapped to system
07-06 03:13:49.607 I/AconfigPackage(  429): com.android.media.flags is mapped to system
07-06 03:13:49.607 D/VRI[NexusLauncherActivity]( 1124): visibilityChanged oldVisibility=true newVisibility=false
07-06 03:13:49.607 I/AconfigPackage(  429): com.android.server.flags is mapped to system
07-06 03:13:49.607 I/AconfigPackage(  429): com.android.graphics.libvulkan.flags is mapped to system
07-06 03:13:49.607 I/AconfigPackage(  429): android.app.appfunctions.flags is mapped to system
07-06 03:13:49.607 I/AconfigPackage(  429): android.app.smartspace.flags is mapped to system
07-06 03:13:49.607 I/AconfigPackage(  429): com.android.providers.contacts.flags is mapped to system
07-06 03:13:49.611 I/AconfigPackage(  429): com.android.shell.flags is mapped to system
07-06 03:13:49.611 I/AconfigPackage(  429): com.android.media.aaudio is mapped to system
07-06 03:13:49.611 I/AconfigPackage(  429): android.hardware.radio is mapped to system
07-06 03:13:49.611 D/NexusLauncherModelDelegate( 1124): notifySmartspaceEvent: SmartspaceTargetEvent{mSmartspaceTarget=null, mSmartspaceActionId='null', mEventType=7}
07-06 03:13:49.612 I/AconfigPackage(  429): com.google.wear.services.infra.flags is mapped to system
07-06 03:13:49.612 I/AconfigPackage(  429): suspend_service.flags is mapped to system
07-06 03:13:49.612 I/AconfigPackage(  429): android.media.midi is mapped to system
07-06 03:13:49.612 I/AconfigPackage(  429): com.android.libcore.readonly is mapped to system
07-06 03:13:49.612 I/AconfigPackage(  429): com.android.settingslib.widget.selectorwithwidgetpreference.flags is mapped to system
07-06 03:13:49.612 I/AconfigPackage(  429): android.service.notification is mapped to system
07-06 03:13:49.613 I/AconfigPackage(  429): com.android.systemui.shared is mapped to system
07-06 03:13:49.613 I/AconfigPackage(  429): android.app.jank is mapped to system
07-06 03:13:49.613 I/AconfigPackage(  429): android.app.wearable is mapped to system
07-06 03:13:49.613 I/AconfigPackage(  429): com.android.media.audio is mapped to system
07-06 03:13:49.613 I/AconfigPackage(  429): android.service.chooser is mapped to system
07-06 03:13:49.615 I/AconfigPackage(  429): com.android.server.compat is mapped to system
07-06 03:13:49.615 I/AconfigPackage(  429): com.android.server.alarm is mapped to system
07-06 03:13:49.615 I/AconfigPackage(  429): com.android.apex.flags is mapped to system
07-06 03:13:49.615 I/AconfigPackage(  429): android.service.quickaccesswallet is mapped to system
07-06 03:13:49.616 I/AconfigPackage(  429): android.app.usage is mapped to system
07-06 03:13:49.617 I/AconfigPackage(  429): com.android.server.accessibility is mapped to system
07-06 03:13:49.617 I/AconfigPackage(  429): android.app.supervision.flags is mapped to system
07-06 03:13:49.618 I/AconfigPackage(  429): com.android.server.utils is mapped to system
07-06 03:13:49.618 I/AconfigPackage(  429): android.chre.flags is mapped to system
07-06 03:13:49.618 I/AconfigPackage(  429): android.content.flags is mapped to system
07-06 03:13:49.618 I/AconfigPackage(  429): android.media.codec is mapped to system
07-06 03:13:49.618 I/AconfigPackage(  429): com.android.internal.os is mapped to system
07-06 03:13:49.618 I/AconfigPackage(  429): com.android.nfc.nci.flags is mapped to system
07-06 03:13:49.618 I/AconfigPackage(  429): android.app is mapped to system
07-06 03:13:49.618 I/AconfigPackage(  429): android.security.keystore2 is mapped to system
07-06 03:13:49.618 I/AconfigPackage(  429): android.crashrecovery.flags is mapped to system
07-06 03:13:49.618 I/AconfigPackage(  429): com.android.tradeinmode.flags is mapped to system
07-06 03:13:49.618 I/AconfigPackage(  429): android.hardware.flags is mapped to system
07-06 03:13:49.619 I/AconfigPackage(  429): com.android.server.telecom.flags is mapped to system
07-06 03:13:49.619 I/AconfigPackage(  429): com.android.settingslib.media.flags is mapped to system
07-06 03:13:49.620 I/AconfigPackage(  429): com.android.server.policy is mapped to system
07-06 03:13:49.620 I/AconfigPackage(  429): android.media.audiopolicy is mapped to system
07-06 03:13:49.621 I/AconfigPackage(  429): com.android.egg.flags is mapped to system
07-06 03:13:49.621 I/AconfigPackage(  429): com.android.internal.compat.flags is mapped to system
07-06 03:13:49.621 I/AconfigPackage(  429): android.security is mapped to system
07-06 03:13:49.621 I/AconfigPackage(  429): android.service.autofill is mapped to system
07-06 03:13:49.621 I/AconfigPackage(  429): com.example.android.aconfig.demo.flags is mapped to system
07-06 03:13:49.621 I/AconfigPackage(  429): android.view.flags is mapped to system
07-06 03:13:49.622 I/AconfigPackage(  429): android.companion.virtual.flags is mapped to system
07-06 03:13:49.623 I/AconfigPackage(  429): com.android.aconfig_new_storage is mapped to system
07-06 03:13:49.623 I/AconfigPackage(  429): com.android.server.feature.flags is mapped to system
07-06 03:13:49.623 I/AconfigPackage(  429): com.android.systemui is mapped to system
07-06 03:13:49.623 I/AconfigPackage(  429): com.android.server.power.batterysaver is mapped to system
07-06 03:13:49.623 I/AconfigPackage(  429): android.widget.flags is mapped to system
07-06 03:13:49.623 I/AconfigPackage(  429): com.android.media.editing.flags is mapped to system
07-06 03:13:49.624 I/AconfigPackage(  429): com.android.media.codec.flags is mapped to system
07-06 03:13:49.624 I/AconfigPackage(  429): com.android.server.powerstats is mapped to system
07-06 03:13:49.624 I/AconfigPackage(  429): com.android.graphics.egl.flags is mapped to system
07-06 03:13:49.624 I/AconfigPackage(  429): com.android.media.audioserver is mapped to system
07-06 03:13:49.624 I/AconfigPackage(  429): com.android.server.deviceidle is mapped to system
07-06 03:13:49.624 I/AconfigPackage(  429): android.nfc is mapped to system
07-06 03:13:49.625 I/AconfigPackage(  429): android.permission.flags is mapped to system
07-06 03:13:49.625 I/AconfigPackage(  429): android.service.voice.flags is mapped to system
07-06 03:13:49.625 I/AconfigPackage(  429): android.content.pm is mapped to system
07-06 03:13:49.625 I/AconfigPackage(  429): com.android.server.power.hint is mapped to system
07-06 03:13:49.625 I/AconfigPackage(  429): android.os is mapped to system
07-06 03:13:49.625 I/AconfigPackage(  429): android.service.dreams is mapped to system
07-06 03:13:49.625 I/AconfigPackage(  429): com.android.graphics.libgui.flags is mapped to system
07-06 03:13:49.627 I/AconfigPackage(  429): android.hardware.usb.flags is mapped to system
07-06 03:13:49.628 I/AconfigPackage(  429): android.provider is mapped to system
07-06 03:13:49.629 I/AconfigPackage(  429): com.android.server.job is mapped to system
07-06 03:13:49.629 I/AconfigPackage(  429): com.android.internal.foldables.flags is mapped to system
07-06 03:13:49.629 I/AconfigPackage(  429): com.android.internal.telephony.flags is mapped to system
07-06 03:13:49.629 I/AconfigPackage(  429): android.webkit is mapped to system
07-06 03:13:49.629 I/AconfigPackage(  429): android.credentials.flags is mapped to system
07-06 03:13:49.629 I/AconfigPackage(  429): com.android.server.display.feature.flags is mapped to system
07-06 03:13:49.629 I/AconfigPackage(  429): com.android.server.notification is mapped to system
07-06 03:13:49.629 I/AconfigPackage(  429): android.appwidget.flags is mapped to system
07-06 03:13:49.629 I/AconfigPackage(  429): com.android.frameworks.sensorservice.flags is mapped to system
07-06 03:13:49.631 I/AconfigPackage(  429): com.android.printspooler.flags is mapped to system
07-06 03:13:49.631 I/AconfigPackage(  429): com.android.window.flags is mapped to system
07-06 03:13:49.631 I/AconfigPackage(  429): android.adaptiveauth is mapped to system
07-06 03:13:49.631 I/AconfigPackage(  429): android.net.wifi.flags is mapped to system
07-06 03:13:49.631 I/AconfigPackage(  429): android.media.tv.flags is mapped to system
07-06 03:13:49.631 I/AconfigPackage(  429): com.android.server.usb.flags is mapped to system
07-06 03:13:49.632 I/AconfigPackage(  429): android.os.vibrator is mapped to system
07-06 03:13:49.632 I/AconfigPackage(  429): android.hardware.devicestate.feature.flags is mapped to system
07-06 03:13:49.632 I/AconfigPackage(  429): com.android.server.usage is mapped to system
07-06 03:13:49.632 I/AconfigPackage(  429): android.server is mapped to system
07-06 03:13:49.632 I/AconfigPackage(  429): com.android.wm.shell is mapped to system
07-06 03:13:49.633 I/AconfigPackage(  429): android.view.inputmethod is mapped to system
07-06 03:13:49.634 I/AconfigPackage(  429): com.android.graphics.hwui.flags is mapped to system
07-06 03:13:49.634 I/AconfigPackage(  429): com.android.server.backup is mapped to system
07-06 03:13:49.634 I/AconfigPackage(  429): com.android.internal.pm.pkg.component.flags is mapped to system
07-06 03:13:49.635 I/AconfigPackage(  429): android.view.accessibility is mapped to system
07-06 03:13:49.635 I/AconfigPackage(  429): com.google.wear.sdk is mapped to system
07-06 03:13:49.635 I/AconfigPackage(  429): android.media.audio is mapped to system
07-06 03:13:49.635 I/AconfigPackage(  429): com.android.server.am is mapped to system
07-06 03:13:49.635 I/AconfigPackage(  429): com.android.media.playback.flags is mapped to system
07-06 03:13:49.636 I/AconfigPackage(  429): com.android.art.flags is mapped to com.android.art
07-06 03:13:49.636 I/AconfigPackage(  429): com.android.libcore is mapped to com.android.art
07-06 03:13:49.636 I/AconfigPackage(  429): com.android.media.extractor.flags is mapped to com.android.media
07-06 03:13:49.636 I/AconfigPackage(  429): com.android.media.mainline.flags is mapped to com.android.media
07-06 03:13:49.637 I/AconfigPackage(  429): com.android.wifi.flags is mapped to com.android.wifi
07-06 03:13:49.637 I/AconfigPackage(  429): com.android.org.conscrypt.flags is mapped to com.android.conscrypt
07-06 03:13:49.637 I/AconfigPackage(  429): com.android.healthfitness.flags is mapped to com.android.healthfitness
07-06 03:13:49.638 I/AconfigPackage(  429): com.google.android.input.twoshay.flags is mapped to vendor
07-06 03:13:49.638 I/AconfigPackage(  429): libgooglecamerahal.flags is mapped to vendor
07-06 03:13:49.638 I/AconfigPackage(  429): com.android.ipsec.flags is mapped to com.android.ipsec
07-06 03:13:49.638 I/AconfigPackage(  429): com.android.nfc.module.flags is mapped to com.android.nfcservices
07-06 03:13:49.640 I/AconfigPackage(  429): com.android.adservices.ondevicepersonalization.flags is mapped to com.android.ondevicepersonalization
07-06 03:13:49.641 I/AconfigPackage(  429): com.android.bluetooth.flags is mapped to com.android.bt
07-06 03:13:49.642 I/AconfigPackage(  429): com.android.devicelock.flags is mapped to com.android.devicelock
07-06 03:13:49.644 I/AconfigPackage(  429): android.os.profiling is mapped to com.android.profiling
07-06 03:13:49.644 I/AconfigPackage(  429): com.android.os.statsd.flags is mapped to com.android.os.statsd
07-06 03:13:49.647 I/AconfigPackage(  429): com.android.cellbroadcastreceiver.flags is mapped to com.android.cellbroadcast
07-06 03:13:49.647 I/AconfigPackage(  429): com.android.adservices.flags is mapped to com.android.adservices
07-06 03:13:49.647 I/AconfigPackage(  429): com.android.sdksandbox.flags is mapped to com.android.adservices
07-06 03:13:49.649 I/AconfigPackage(  429): com.android.uwb.flags is mapped to com.android.uwb
07-06 03:13:49.651 I/AconfigPackage(  429): com.android.ranging.flags is mapped to com.android.uwb
07-06 03:13:49.651 I/AconfigPackage(  429): android.graphics.pdf.flags is mapped to com.android.mediaprovider
07-06 03:13:49.651 I/AconfigPackage(  429): com.android.providers.media.flags is mapped to com.android.mediaprovider
07-06 03:13:49.651 I/AconfigPackage(  429): android.graphics.pdf.flags.readonly is mapped to com.android.mediaprovider
07-06 03:13:49.652 I/AconfigPackage(  429): com.android.net.ct.flags is mapped to com.android.tethering
07-06 03:13:49.652 I/AconfigPackage(  429): com.android.net.flags is mapped to com.android.tethering
07-06 03:13:49.652 I/AconfigPackage(  429): android.net.vcn is mapped to com.android.tethering
07-06 03:13:49.652 I/AconfigPackage(  429): com.android.nearby.flags is mapped to com.android.tethering
07-06 03:13:49.652 I/AconfigPackage(  429): android.net.http is mapped to com.android.tethering
07-06 03:13:49.652 I/AconfigPackage(  429): com.android.net.thread.flags is mapped to com.android.tethering
07-06 03:13:49.652 I/AconfigPackage(  429): com.android.system.virtualmachine.flags is mapped to com.android.virt
07-06 03:13:49.652 E/FeatureFlagsImplExport(  429): android.os.flagging.AconfigStorageReadException: ERROR_PACKAGE_NOT_FOUND: package android.xr cannot be found on the device
07-06 03:13:49.656 D/UiAutomationConnection(  429): Created on user UserHandle{0}
07-06 03:13:49.657 I/UiAutomation(  429): Initialized for user 0 on display 0
07-06 03:13:49.657 W/UiAutomation(  429): Created with deprecatead constructor, assumes DEFAULT_DISPLAY
07-06 03:13:49.660 D/AccessibilityManagerService(  715): changeCurrentUserForTestAutomationIfNeededLocked(0): ignoring because device doesn't support visible background users
07-06 03:13:49.660 I/UiAutomationManager(  715): Registering UiTestAutomationService (id=com.android.server.accessibility/UiAutomation, flags=0x0) when called by user 0
07-06 03:13:49.661 V/AccessibilityManagerService(  715): onUserStateChangedLocked for userId: 0, forceUpdate: false
07-06 03:13:49.681 W/MagnificationConnectionManager(  715): requestConnection duplicated request: connect=false, mConnectionState=DISCONNECTED
07-06 03:13:49.688 W/IPCThreadState(  715): Sending oneway calls to frozen process.
07-06 03:13:49.689 W/IPCThreadState(  715): Sending oneway calls to frozen process.
07-06 03:13:49.689 W/IPCThreadState(  715): Sending oneway calls to frozen process.
07-06 03:13:49.690 V/UiAutomation(  429): Init UiAutomation@4fd4cd5[id=935, displayId=0, flags=0]
07-06 03:13:49.691 W/IPCThreadState(  715): Sending oneway calls to frozen process.
07-06 03:13:49.698 D/AccessibilitySourceService( 1259): enabled a11y services count 1
07-06 03:13:49.698 W/IPCThreadState(  715): Sending oneway calls to frozen process.
07-06 03:13:49.698 W/IPCThreadState(  715): Sending oneway calls to frozen process.
07-06 03:13:49.701 V/AccessibilityManagerService(  715): onUserStateChangedLocked for userId: 0, forceUpdate: false
07-06 03:13:49.703 W/MagnificationConnectionManager(  715): requestConnection duplicated request: connect=false, mConnectionState=DISCONNECTED
07-06 03:13:49.704 W/IPCThreadState(  715): Sending oneway calls to frozen process.
07-06 03:13:49.711 D/AccessibilitySourceService( 1259): a11y source sending 1 issue to sc
07-06 03:13:49.712 W/IPCThreadState(  715): Sending oneway calls to frozen process.
07-06 03:13:49.712 W/IPCThreadState(  715): Sending oneway calls to frozen process.
07-06 03:13:49.712 D/SafetySourceDataValidat(  715): No cert check requested for package com.google.android.permissioncontroller
07-06 03:13:49.712 W/IPCThreadState(  715): Sending oneway calls to frozen process.
07-06 03:13:49.713 W/IPCThreadState(  715): Sending oneway calls to frozen process.
07-06 03:13:49.718 W/IPCThreadState(  715): Sending oneway calls to frozen process.
07-06 03:13:49.719 W/IPCThreadState(  715): Sending oneway calls to frozen process.
07-06 03:13:49.719 W/IPCThreadState(  715): Sending oneway calls to frozen process.
07-06 03:13:49.719 W/IPCThreadState(  715): Sending oneway calls to frozen process.
07-06 03:13:49.720 W/IPCThreadState(  715): Sending oneway calls to frozen process.
07-06 03:13:49.720 W/IPCThreadState(  715): Sending oneway calls to frozen process.
07-06 03:13:49.720 W/IPCThreadState(  715): Sending oneway calls to frozen process.
07-06 03:13:49.721 W/IPCThreadState(  715): Sending oneway calls to frozen process.
07-06 03:13:49.722 W/IPCThreadState(  715): Sending oneway calls to frozen process.
07-06 03:13:49.723 W/IPCThreadState(  715): Sending oneway calls to frozen process.
07-06 03:13:49.725 W/IPCThreadState(  715): Sending oneway calls to frozen process.
07-06 03:13:49.725 W/IPCThreadState(  715): Sending oneway calls to frozen process.
07-06 03:13:49.725 W/IPCThreadState(  715): Sending oneway calls to frozen process.
07-06 03:13:49.725 D/nativeloader(  420): Configuring clns-9 for other apk /data/app/~~NgF5YAtgVSQMlq8t3OROog==/com.huiyi.mockchat-zMJndqPS78lp29BfsKLgcg==/base.apk. target_sdk_version=35, uses_libraries=, library_path=/data/app/~~NgF5YAtgVSQMlq8t3OROog==/com.huiyi.mockchat-zMJndqPS78lp29BfsKLgcg==/lib/x86_64:/data/app/~~NgF5YAtgVSQMlq8t3OROog==/com.huiyi.mockchat-zMJndqPS78lp29BfsKLgcg==/base.apk!/lib/x86_64, permitted_path=/data:/mnt/expand:/data/user/0/com.huiyi.mockchat
07-06 03:13:49.725 W/IPCThreadState(  715): Sending oneway calls to frozen process.
07-06 03:13:49.728 W/IPCThreadState(  715): Sending oneway calls to frozen process.
07-06 03:13:49.729 W/IPCThreadState(  715): Sending oneway calls to frozen process.
07-06 03:13:49.729 W/IPCThreadState(  715): Sending oneway calls to frozen process.
07-06 03:13:49.729 W/IPCThreadState(  715): Sending oneway calls to frozen process.
07-06 03:13:49.730 W/IPCThreadState(  715): Sending oneway calls to frozen process.
07-06 03:13:49.730 W/IPCThreadState(  715): Sending oneway calls to frozen process.
07-06 03:13:49.731 W/IPCThreadState(  715): Sending oneway calls to frozen process.
07-06 03:13:49.732 W/IPCThreadState(  715): Sending oneway calls to frozen process.
07-06 03:13:49.732 W/IPCThreadState(  715): Sending oneway calls to frozen process.
07-06 03:13:49.733 W/IPCThreadState(  715): Sending oneway calls to frozen process.
07-06 03:13:49.733 D/AccessibilitySourceService( 1259): enabled a11y services count 1
07-06 03:13:49.736 D/CompatChangeReporter(  420): Compat change id reported: 202956589; UID 10217; state: ENABLED
07-06 03:13:49.737 D/AccessibilitySourceService( 1259): a11y source sending 1 issue to sc
07-06 03:13:49.739 D/SafetySourceDataValidat(  715): No cert check requested for package com.google.android.permissioncontroller
07-06 03:13:49.742 I/.huiyi.mockchat(  420): AssetManager2(0x79075aad2fd8) locale list changing from [] to [en-US]
07-06 03:13:49.752 V/GraphicsEnvironment(  420): Currently set values for:
07-06 03:13:49.753 V/GraphicsEnvironment(  420):   angle_gl_driver_selection_pkgs=[]
07-06 03:13:49.753 V/GraphicsEnvironment(  420):   angle_gl_driver_selection_values=[]
07-06 03:13:49.753 V/GraphicsEnvironment(  420): com.huiyi.mockchat is not listed in per-application setting
07-06 03:13:49.755 V/GraphicsEnvironment(  420): ANGLE allowlist from config: com.dreamgames.royalmatch com.dts.freefiremax com.dxx.firenow com.gramgames.mergedragons com.ludo.king com.mojang.minecraftpe com.my.defense com.nintendo.zaka com.os.airforce com.playrix.fishdomdd.gplay io.teslatech.callbreak jp.konami.prospia net.peakgames.toonblast
07-06 03:13:49.755 V/GraphicsEnvironment(  420): com.huiyi.mockchat is not listed in ANGLE allowlist or settings, returning default
07-06 03:13:49.756 V/GraphicsEnvironment(  420): Neither updatable production driver nor prerelease driver is supported.
07-06 03:13:49.803 D/CompatChangeReporter(  420): Compat change id reported: 279646685; UID 10217; state: ENABLED
07-06 03:13:49.823 W/OptProp (  715): Cannot read opt property android.window.PROPERTY_COMPAT_ENABLE_FAKE_FOCUS
07-06 03:13:49.824 D/CompatChangeReporter(  715): Compat change id reported: 324203798; UID 10217; state: ENABLED
07-06 03:13:49.827 D/BackgroundInstallControlService(  715): Package event received: 0
07-06 03:13:49.828 D/BackgroundInstallControlService(  715): Package event received: 0
07-06 03:13:49.835 I/DisplayManager(  420): Choreographer implicitly registered for the refresh rate.
07-06 03:13:49.839 I/.huiyi.mockchat(  420): AssetManager2(0x79075aadd258) locale list changing from [] to [en-US]
07-06 03:13:49.886 I/EGL_emulation(  420): Opening libGLESv1_CM_emulation.so
07-06 03:13:49.888 I/EGL_emulation(  420): Opening libGLESv2_emulation.so
07-06 03:13:49.899 W/HWUI    (  420): Failed to choose config with EGL_SWAP_BEHAVIOR_PRESERVED, retrying without...
07-06 03:13:49.899 W/HWUI    (  420): Failed to initialize 101010-2 format, error = EGL_SUCCESS
07-06 03:13:49.988 E/ashmem  (  420): Pinning is deprecated since Android Q. Please use trim or other methods.
07-06 03:13:49.992 D/wpa_supplicant(  960): nl80211: Drv Event 64 (NL80211_CMD_NOTIFY_CQM) received for wlan0
07-06 03:13:49.993 D/wpa_supplicant(  960): nl80211: Beacon loss event
07-06 03:13:49.993 D/wpa_supplicant(  960): wlan0: Event BEACON_LOSS (53) received
07-06 03:13:49.993 I/wpa_supplicant(  960): wlan0: CTRL-EVENT-BEACON-LOSS 
07-06 03:13:50.017 D/CompatChangeReporter(  420): Compat change id reported: 309578419; UID 10217; state: ENABLED
07-06 03:13:50.020 D/DesktopModeFlags(  420): Toggle override initialized to: OVERRIDE_UNSET
