07-06 00:01:25.652 I/AconfigPackage(22471): com.android.settings.factory_reset is mapped to system_ext
07-06 00:01:25.652 I/AconfigPackage(22471): com.google.android.haptics.flags is mapped to system_ext
07-06 00:01:25.652 I/AconfigPackage(22471): com.android.permission.flags is mapped to com.android.permission
07-06 00:01:25.652 I/AconfigPackage(22471): com.android.icu is mapped to com.android.i18n
07-06 00:01:25.653 I/AconfigPackage(22471): com.android.appsearch.flags is mapped to com.android.appsearch
07-06 00:01:25.653 I/AconfigPackage(22471): android.uprobestats.mainline.flags is mapped to com.android.uprobestats
07-06 00:01:25.653 I/AconfigPackage(22471): android.provider.flags is mapped to com.android.configinfrastructure
07-06 00:01:25.654 I/AconfigPackage(22471): com.android.server.deviceconfig is mapped to com.android.configinfrastructure
07-06 00:01:25.655 I/AconfigPackage(22471): com.android.nfc.flags is mapped to system
07-06 00:01:25.655 I/AconfigPackage(22471): android.app.admin.flags is mapped to system
07-06 00:01:25.655 I/AconfigPackage(22471): android.database.sqlite is mapped to system
07-06 00:01:25.656 V/WindowManagerShell(  972): Transition animation finished (aborted=false), notifying core (#199) android.os.BinderProxy@db2262f@0
07-06 00:01:25.656 I/AconfigPackage(22471): com.android.providers.calendar is mapped to system
07-06 00:01:25.656 I/AconfigPackage(22471): com.android.server.power.feature.flags is mapped to system
07-06 00:01:25.657 I/AconfigPackage(22471): com.android.media.performance.flags is mapped to system
07-06 00:01:25.657 I/AconfigPackage(22471): android.app.contextualsearch.flags is mapped to system
07-06 00:01:25.657 I/AconfigPackage(22471): android.app.ondeviceintelligence.flags is mapped to system
07-06 00:01:25.657 I/AconfigPackage(22471): com.android.media.projection.flags is mapped to system
07-06 00:01:25.657 I/AconfigPackage(22471): android.companion is mapped to system
07-06 00:01:25.657 I/AconfigPackage(22471): android.service.controls.flags is mapped to system
07-06 00:01:25.658 I/AconfigPackage(22471): com.android.text.flags is mapped to system
07-06 00:01:25.658 I/AconfigPackage(22471): com.android.providers.contactkeys.flags is mapped to system
07-06 00:01:25.658 I/AconfigPackage(22471): com.android.intentresolver is mapped to system
07-06 00:01:25.658 I/AconfigPackage(22471): android.companion.virtualdevice.flags is mapped to system
07-06 00:01:25.658 I/AconfigPackage(22471): android.uprobestats.flags is mapped to system
07-06 00:01:25.658 I/AconfigPackage(22471): com.android.net.thread.platform.flags is mapped to system
07-06 00:01:25.658 I/AconfigPackage(22471): android.view.contentprotection.flags is mapped to system
07-06 00:01:25.658 I/AconfigPackage(22471): com.android.server.dreams is mapped to system
07-06 00:01:25.658 I/AconfigPackage(22471): com.android.graphics.surfaceflinger.flags is mapped to system
07-06 00:01:25.659 I/AconfigPackage(22471): com.android.hardware.input is mapped to system
07-06 00:01:25.659 I/AconfigPackage(22471): android.sdk is mapped to system
07-06 00:01:25.660 I/AconfigPackage(22471): com.android.input.flags is mapped to system
07-06 00:01:25.660 I/AconfigPackage(22471): android.tracing is mapped to system
07-06 00:01:25.660 I/AconfigPackage(22471): com.android.server.biometrics is mapped to system
07-06 00:01:25.660 I/AconfigPackage(22471): android.view.contentcapture.flags is mapped to system
07-06 00:01:25.660 I/AconfigPackage(22471): android.app.job is mapped to system
07-06 00:01:25.660 I/AconfigPackage(22471): android.content.res is mapped to system
07-06 00:01:25.660 I/AconfigPackage(22471): android.net.platform.flags is mapped to system
07-06 00:01:25.660 I/AconfigPackage(22471): com.android.aconfig.flags is mapped to system
07-06 00:01:25.660 I/AconfigPackage(22471): com.android.graphics.flags is mapped to system
07-06 00:01:25.660 I/AconfigPackage(22471): android.server.app is mapped to system
07-06 00:01:25.661 I/AconfigPackage(22471): android.speech.flags is mapped to system
07-06 00:01:25.661 I/AconfigPackage(22471): com.android.server.stats is mapped to system
07-06 00:01:25.661 I/AconfigPackage(22471): android.hardware.biometrics is mapped to system
07-06 00:01:25.661 I/AconfigPackage(22471): android.car.feature is mapped to system
07-06 00:01:25.661 I/AconfigPackage(22471): android.adpf is mapped to system
07-06 00:01:25.662 I/AconfigPackage(22471): android.location.flags is mapped to system
07-06 00:01:25.662 I/AconfigPackage(22471): com.android.settingslib.flags is mapped to system
07-06 00:01:25.663 I/AconfigPackage(22471): com.android.managedprovisioning.flags is mapped to system
07-06 00:01:25.663 I/AconfigPackage(22471): android.app.assist.flags is mapped to system
07-06 00:01:25.663 I/AconfigPackage(22471): com.android.server.net is mapped to system
07-06 00:01:25.663 I/AconfigPackage(22471): com.android.settingslib.widget.flags is mapped to system
07-06 00:01:25.663 I/AconfigPackage(22471): com.android.internal.camera.flags is mapped to system
07-06 00:01:25.663 I/AconfigPackage(22471): com.android.hardware.libsensor.flags is mapped to system
07-06 00:01:25.663 I/AconfigPackage(22471): com.android.internal.jank is mapped to system
07-06 00:01:25.664 I/AconfigPackage(22471): com.android.providers.settings is mapped to system
07-06 00:01:25.664 I/AconfigPackage(22471): android.multiuser is mapped to system
07-06 00:01:25.664 I/AconfigPackage(22471): com.android.server.power.optimization is mapped to system
07-06 00:01:25.666 I/AconfigPackage(22471): com.android.calllogbackup is mapped to system
07-06 00:01:25.666 I/AconfigPackage(22471): com.android.media.flags is mapped to system
07-06 00:01:25.667 I/AconfigPackage(22471): com.android.server.flags is mapped to system
07-06 00:01:25.667 I/AconfigPackage(22471): com.android.graphics.libvulkan.flags is mapped to system
07-06 00:01:25.667 I/AconfigPackage(22471): android.app.appfunctions.flags is mapped to system
07-06 00:01:25.667 I/AconfigPackage(22471): android.app.smartspace.flags is mapped to system
07-06 00:01:25.668 I/AconfigPackage(22471): com.android.providers.contacts.flags is mapped to system
07-06 00:01:25.668 I/AconfigPackage(22471): com.android.shell.flags is mapped to system
07-06 00:01:25.668 I/AconfigPackage(22471): com.android.media.aaudio is mapped to system
07-06 00:01:25.668 I/AconfigPackage(22471): android.hardware.radio is mapped to system
07-06 00:01:25.668 V/WindowManager(  715): Finish Transition (#199): created at 07-06 00:01:25.116 collect-started=0.059ms request-sent=9.957ms started=12.575ms ready=141.712ms sent=146.873ms commit=101.853ms finished=550.732ms
07-06 00:01:25.668 I/AconfigPackage(22471): com.google.wear.services.infra.flags is mapped to system
07-06 00:01:25.668 I/AconfigPackage(22471): suspend_service.flags is mapped to system
07-06 00:01:25.668 I/AconfigPackage(22471): android.media.midi is mapped to system
07-06 00:01:25.668 I/AconfigPackage(22471): com.android.libcore.readonly is mapped to system
07-06 00:01:25.668 I/AconfigPackage(22471): com.android.settingslib.widget.selectorwithwidgetpreference.flags is mapped to system
07-06 00:01:25.669 I/AconfigPackage(22471): android.service.notification is mapped to system
07-06 00:01:25.669 I/AconfigPackage(22471): com.android.systemui.shared is mapped to system
07-06 00:01:25.669 I/AconfigPackage(22471): android.app.jank is mapped to system
07-06 00:01:25.669 I/AconfigPackage(22471): android.app.wearable is mapped to system
07-06 00:01:25.669 I/AconfigPackage(22471): com.android.media.audio is mapped to system
07-06 00:01:25.669 I/AconfigPackage(22471): android.service.chooser is mapped to system
07-06 00:01:25.670 I/AconfigPackage(22471): com.android.server.compat is mapped to system
07-06 00:01:25.670 I/AconfigPackage(22471): com.android.server.alarm is mapped to system
07-06 00:01:25.670 I/AconfigPackage(22471): com.android.apex.flags is mapped to system
07-06 00:01:25.670 I/AconfigPackage(22471): android.service.quickaccesswallet is mapped to system
07-06 00:01:25.670 I/AconfigPackage(22471): android.app.usage is mapped to system
07-06 00:01:25.670 I/AconfigPackage(22471): com.android.server.accessibility is mapped to system
07-06 00:01:25.670 I/AconfigPackage(22471): android.app.supervision.flags is mapped to system
07-06 00:01:25.670 I/AconfigPackage(22471): com.android.server.utils is mapped to system
07-06 00:01:25.673 V/WindowManagerShell(  972): Track 0 became idle
07-06 00:01:25.673 V/WindowManagerShell(  972): All active transition animations finished
07-06 00:01:25.674 I/AconfigPackage(22471): android.chre.flags is mapped to system
07-06 00:01:25.674 I/AconfigPackage(22471): android.content.flags is mapped to system
07-06 00:01:25.674 I/AconfigPackage(22471): android.media.codec is mapped to system
07-06 00:01:25.675 I/AconfigPackage(22471): com.android.internal.os is mapped to system
07-06 00:01:25.675 I/AconfigPackage(22471): com.android.nfc.nci.flags is mapped to system
07-06 00:01:25.675 I/AconfigPackage(22471): android.app is mapped to system
07-06 00:01:25.675 I/AconfigPackage(22471): android.security.keystore2 is mapped to system
07-06 00:01:25.675 I/AconfigPackage(22471): android.crashrecovery.flags is mapped to system
07-06 00:01:25.675 I/AconfigPackage(22471): com.android.tradeinmode.flags is mapped to system
07-06 00:01:25.675 I/AconfigPackage(22471): android.hardware.flags is mapped to system
07-06 00:01:25.675 I/AconfigPackage(22471): com.android.server.telecom.flags is mapped to system
07-06 00:01:25.675 I/AconfigPackage(22471): com.android.settingslib.media.flags is mapped to system
07-06 00:01:25.676 I/AconfigPackage(22471): com.android.server.policy is mapped to system
07-06 00:01:25.676 I/AconfigPackage(22471): android.media.audiopolicy is mapped to system
07-06 00:01:25.676 I/AconfigPackage(22471): com.android.egg.flags is mapped to system
07-06 00:01:25.676 I/AconfigPackage(22471): com.android.internal.compat.flags is mapped to system
07-06 00:01:25.676 I/AconfigPackage(22471): android.security is mapped to system
07-06 00:01:25.676 I/AconfigPackage(22471): android.service.autofill is mapped to system
07-06 00:01:25.676 I/AconfigPackage(22471): com.example.android.aconfig.demo.flags is mapped to system
07-06 00:01:25.676 I/AconfigPackage(22471): android.view.flags is mapped to system
07-06 00:01:25.676 I/AconfigPackage(22471): android.companion.virtual.flags is mapped to system
07-06 00:01:25.676 I/AconfigPackage(22471): com.android.aconfig_new_storage is mapped to system
07-06 00:01:25.676 I/AconfigPackage(22471): com.android.server.feature.flags is mapped to system
07-06 00:01:25.676 I/AconfigPackage(22471): com.android.systemui is mapped to system
07-06 00:01:25.676 I/AconfigPackage(22471): com.android.server.power.batterysaver is mapped to system
07-06 00:01:25.677 I/AconfigPackage(22471): android.widget.flags is mapped to system
07-06 00:01:25.677 I/AconfigPackage(22471): com.android.media.editing.flags is mapped to system
07-06 00:01:25.677 I/AconfigPackage(22471): com.android.media.codec.flags is mapped to system
07-06 00:01:25.677 I/AconfigPackage(22471): com.android.server.powerstats is mapped to system
07-06 00:01:25.677 I/AconfigPackage(22471): com.android.graphics.egl.flags is mapped to system
07-06 00:01:25.677 I/AconfigPackage(22471): com.android.media.audioserver is mapped to system
07-06 00:01:25.677 I/AconfigPackage(22471): com.android.server.deviceidle is mapped to system
07-06 00:01:25.677 I/AconfigPackage(22471): android.nfc is mapped to system
07-06 00:01:25.678 I/AconfigPackage(22471): android.permission.flags is mapped to system
07-06 00:01:25.678 I/AconfigPackage(22471): android.service.voice.flags is mapped to system
07-06 00:01:25.678 I/AconfigPackage(22471): android.content.pm is mapped to system
07-06 00:01:25.678 I/AconfigPackage(22471): com.android.server.power.hint is mapped to system
07-06 00:01:25.680 I/AconfigPackage(22471): android.os is mapped to system
07-06 00:01:25.681 I/AconfigPackage(22471): android.service.dreams is mapped to system
07-06 00:01:25.681 I/AconfigPackage(22471): com.android.graphics.libgui.flags is mapped to system
07-06 00:01:25.682 I/AconfigPackage(22471): android.hardware.usb.flags is mapped to system
07-06 00:01:25.682 I/AconfigPackage(22471): android.provider is mapped to system
07-06 00:01:25.682 I/AconfigPackage(22471): com.android.server.job is mapped to system
07-06 00:01:25.682 I/AconfigPackage(22471): com.android.internal.foldables.flags is mapped to system
07-06 00:01:25.682 I/AconfigPackage(22471): com.android.internal.telephony.flags is mapped to system
07-06 00:01:25.682 I/AconfigPackage(22471): android.webkit is mapped to system
07-06 00:01:25.682 I/AconfigPackage(22471): android.credentials.flags is mapped to system
07-06 00:01:25.683 I/AconfigPackage(22471): com.android.server.display.feature.flags is mapped to system
07-06 00:01:25.683 I/AconfigPackage(22471): com.android.server.notification is mapped to system
07-06 00:01:25.683 I/AconfigPackage(22471): android.appwidget.flags is mapped to system
07-06 00:01:25.683 I/AconfigPackage(22471): com.android.frameworks.sensorservice.flags is mapped to system
07-06 00:01:25.683 I/AconfigPackage(22471): com.android.printspooler.flags is mapped to system
07-06 00:01:25.683 I/AconfigPackage(22471): com.android.window.flags is mapped to system
07-06 00:01:25.683 I/AconfigPackage(22471): android.adaptiveauth is mapped to system
07-06 00:01:25.683 I/AconfigPackage(22471): android.net.wifi.flags is mapped to system
07-06 00:01:25.683 I/AconfigPackage(22471): android.media.tv.flags is mapped to system
07-06 00:01:25.684 I/AconfigPackage(22471): com.android.server.usb.flags is mapped to system
07-06 00:01:25.684 I/AconfigPackage(22471): android.os.vibrator is mapped to system
07-06 00:01:25.684 I/AconfigPackage(22471): android.hardware.devicestate.feature.flags is mapped to system
07-06 00:01:25.684 I/AconfigPackage(22471): com.android.server.usage is mapped to system
07-06 00:01:25.684 I/AconfigPackage(22471): android.server is mapped to system
07-06 00:01:25.684 I/AconfigPackage(22471): com.android.wm.shell is mapped to system
07-06 00:01:25.684 I/AconfigPackage(22471): android.view.inputmethod is mapped to system
07-06 00:01:25.685 I/AconfigPackage(22471): com.android.graphics.hwui.flags is mapped to system
07-06 00:01:25.685 I/AconfigPackage(22471): com.android.server.backup is mapped to system
07-06 00:01:25.685 I/AconfigPackage(22471): com.android.internal.pm.pkg.component.flags is mapped to system
07-06 00:01:25.685 I/AconfigPackage(22471): android.view.accessibility is mapped to system
07-06 00:01:25.685 I/AconfigPackage(22471): com.google.wear.sdk is mapped to system
07-06 00:01:25.685 I/AconfigPackage(22471): android.media.audio is mapped to system
07-06 00:01:25.685 I/AconfigPackage(22471): com.android.server.am is mapped to system
07-06 00:01:25.685 I/AconfigPackage(22471): com.android.media.playback.flags is mapped to system
07-06 00:01:25.686 I/AconfigPackage(22471): com.android.art.flags is mapped to com.android.art
07-06 00:01:25.686 I/AconfigPackage(22471): com.android.libcore is mapped to com.android.art
07-06 00:01:25.688 I/AconfigPackage(22471): com.android.media.extractor.flags is mapped to com.android.media
07-06 00:01:25.688 I/AconfigPackage(22471): com.android.media.mainline.flags is mapped to com.android.media
07-06 00:01:25.688 I/AconfigPackage(22471): com.android.wifi.flags is mapped to com.android.wifi
07-06 00:01:25.690 I/AconfigPackage(22471): com.android.org.conscrypt.flags is mapped to com.android.conscrypt
07-06 00:01:25.691 I/AconfigPackage(22471): com.android.healthfitness.flags is mapped to com.android.healthfitness
07-06 00:01:25.691 I/AconfigPackage(22471): com.google.android.input.twoshay.flags is mapped to vendor
07-06 00:01:25.691 I/AconfigPackage(22471): libgooglecamerahal.flags is mapped to vendor
07-06 00:01:25.691 I/AconfigPackage(22471): com.android.ipsec.flags is mapped to com.android.ipsec
07-06 00:01:25.691 I/AconfigPackage(22471): com.android.nfc.module.flags is mapped to com.android.nfcservices
07-06 00:01:25.692 I/AconfigPackage(22471): com.android.adservices.ondevicepersonalization.flags is mapped to com.android.ondevicepersonalization
07-06 00:01:25.692 I/AconfigPackage(22471): com.android.bluetooth.flags is mapped to com.android.bt
07-06 00:01:25.692 I/AconfigPackage(22471): com.android.devicelock.flags is mapped to com.android.devicelock
07-06 00:01:25.692 I/AconfigPackage(22471): android.os.profiling is mapped to com.android.profiling
07-06 00:01:25.692 I/AconfigPackage(22471): com.android.os.statsd.flags is mapped to com.android.os.statsd
07-06 00:01:25.692 I/AconfigPackage(22471): com.android.cellbroadcastreceiver.flags is mapped to com.android.cellbroadcast
07-06 00:01:25.693 I/AconfigPackage(22471): com.android.adservices.flags is mapped to com.android.adservices
07-06 00:01:25.693 I/AconfigPackage(22471): com.android.sdksandbox.flags is mapped to com.android.adservices
07-06 00:01:25.693 D/VRI[NexusLauncherActivity]( 1124): visibilityChanged oldVisibility=true newVisibility=false
07-06 00:01:25.694 I/AconfigPackage(22471): com.android.uwb.flags is mapped to com.android.uwb
07-06 00:01:25.694 I/AconfigPackage(22471): com.android.ranging.flags is mapped to com.android.uwb
07-06 00:01:25.696 I/AconfigPackage(22471): android.graphics.pdf.flags is mapped to com.android.mediaprovider
07-06 00:01:25.696 I/AconfigPackage(22471): com.android.providers.media.flags is mapped to com.android.mediaprovider
07-06 00:01:25.696 D/NexusLauncherModelDelegate( 1124): notifySmartspaceEvent: SmartspaceTargetEvent{mSmartspaceTarget=null, mSmartspaceActionId='null', mEventType=7}
07-06 00:01:25.696 I/AconfigPackage(22471): android.graphics.pdf.flags.readonly is mapped to com.android.mediaprovider
07-06 00:01:25.696 I/AconfigPackage(22471): com.android.net.ct.flags is mapped to com.android.tethering
07-06 00:01:25.698 I/AconfigPackage(22471): com.android.net.flags is mapped to com.android.tethering
07-06 00:01:25.698 I/AconfigPackage(22471): android.net.vcn is mapped to com.android.tethering
07-06 00:01:25.698 I/AconfigPackage(22471): com.android.nearby.flags is mapped to com.android.tethering
07-06 00:01:25.698 I/AconfigPackage(22471): android.net.http is mapped to com.android.tethering
07-06 00:01:25.699 I/AconfigPackage(22471): com.android.net.thread.flags is mapped to com.android.tethering
07-06 00:01:25.699 I/AconfigPackage(22471): com.android.system.virtualmachine.flags is mapped to com.android.virt
07-06 00:01:25.699 E/FeatureFlagsImplExport(22471): android.os.flagging.AconfigStorageReadException: ERROR_PACKAGE_NOT_FOUND: package android.xr cannot be found on the device
07-06 00:01:25.706 D/UiAutomationConnection(22471): Created on user UserHandle{0}
07-06 00:01:25.706 I/UiAutomation(22471): Initialized for user 0 on display 0
07-06 00:01:25.706 W/UiAutomation(22471): Created with deprecatead constructor, assumes DEFAULT_DISPLAY
07-06 00:01:25.713 D/AccessibilityManagerService(  715): changeCurrentUserForTestAutomationIfNeededLocked(0): ignoring because device doesn't support visible background users
07-06 00:01:25.715 I/UiAutomationManager(  715): Registering UiTestAutomationService (id=com.android.server.accessibility/UiAutomation, flags=0x0) when called by user 0
07-06 00:01:25.716 V/AccessibilityManagerService(  715): onUserStateChangedLocked for userId: 0, forceUpdate: false
07-06 00:01:25.719 D/nativeloader(22470): Configuring clns-9 for other apk /data/app/~~Fl5F1LsE_v39Or_Zo7C-QQ==/com.huiyi.mockchat-DnhKqqzO2ScSL_g4XCgczg==/base.apk. target_sdk_version=35, uses_libraries=, library_path=/data/app/~~Fl5F1LsE_v39Or_Zo7C-QQ==/com.huiyi.mockchat-DnhKqqzO2ScSL_g4XCgczg==/lib/x86_64:/data/app/~~Fl5F1LsE_v39Or_Zo7C-QQ==/com.huiyi.mockchat-DnhKqqzO2ScSL_g4XCgczg==/base.apk!/lib/x86_64, permitted_path=/data:/mnt/expand:/data/user/0/com.huiyi.mockchat
07-06 00:01:25.723 D/CompatChangeReporter(22470): Compat change id reported: 202956589; UID 10217; state: ENABLED
07-06 00:01:25.727 I/.huiyi.mockchat(22470): AssetManager2(0x79075aad2fd8) locale list changing from [] to [en-US]
07-06 00:01:25.745 W/MagnificationConnectionManager(  715): requestConnection duplicated request: connect=false, mConnectionState=DISCONNECTED
07-06 00:01:25.756 I/netd    (  488): tetherGetStats() -> {[]} <0.72ms>
07-06 00:01:25.756 V/UiAutomation(22471): Init UiAutomation@cb912dd[id=638, displayId=0, flags=0]
07-06 00:01:25.756 W/AccessibilityManagerService(  715):  wait for adding window timeout: 712
07-06 00:01:25.760 V/GraphicsEnvironment(22470): Currently set values for:
07-06 00:01:25.760 V/GraphicsEnvironment(22470):   angle_gl_driver_selection_pkgs=[]
07-06 00:01:25.761 V/GraphicsEnvironment(22470):   angle_gl_driver_selection_values=[]
07-06 00:01:25.761 V/GraphicsEnvironment(22470): com.huiyi.mockchat is not listed in per-application setting
07-06 00:01:25.761 W/IPCThreadState(  715): Sending oneway calls to frozen process.
07-06 00:01:25.761 W/IPCThreadState(  715): Sending oneway calls to frozen process.
07-06 00:01:25.762 W/IPCThreadState(  715): Sending oneway calls to frozen process.
07-06 00:01:25.762 V/GraphicsEnvironment(22470): ANGLE allowlist from config: com.dreamgames.royalmatch com.dts.freefiremax com.dxx.firenow com.gramgames.mergedragons com.ludo.king com.mojang.minecraftpe com.my.defense com.nintendo.zaka com.os.airforce com.playrix.fishdomdd.gplay io.teslatech.callbreak jp.konami.prospia net.peakgames.toonblast
07-06 00:01:25.762 W/IPCThreadState(  715): Sending oneway calls to frozen process.
07-06 00:01:25.762 V/GraphicsEnvironment(22470): com.huiyi.mockchat is not listed in ANGLE allowlist or settings, returning default
07-06 00:01:25.762 W/IPCThreadState(  715): Sending oneway calls to frozen process.
07-06 00:01:25.762 V/GraphicsEnvironment(22470): Neither updatable production driver nor prerelease driver is supported.
07-06 00:01:25.764 W/IPCThreadState(  715): Sending oneway calls to frozen process.
07-06 00:01:25.767 V/AccessibilityManagerService(  715): onUserStateChangedLocked for userId: 0, forceUpdate: false
07-06 00:01:25.767 W/IPCThreadState(  715): Sending oneway calls to frozen process.
07-06 00:01:25.767 W/IPCThreadState(  715): Sending oneway calls to frozen process.
07-06 00:01:25.767 W/IPCThreadState(  715): Sending oneway calls to frozen process.
07-06 00:01:25.768 W/IPCThreadState(  715): Sending oneway calls to frozen process.
07-06 00:01:25.768 W/MagnificationConnectionManager(  715): requestConnection duplicated request: connect=false, mConnectionState=DISCONNECTED
07-06 00:01:25.773 W/IPCThreadState(  715): Sending oneway calls to frozen process.
07-06 00:01:25.775 W/IPCThreadState(  715): Sending oneway calls to frozen process.
07-06 00:01:25.775 W/IPCThreadState(  715): Sending oneway calls to frozen process.
07-06 00:01:25.775 W/IPCThreadState(  715): Sending oneway calls to frozen process.
07-06 00:01:25.775 W/IPCThreadState(  715): Sending oneway calls to frozen process.
07-06 00:01:25.776 W/IPCThreadState(  715): Sending oneway calls to frozen process.
07-06 00:01:25.776 W/IPCThreadState(  715): Sending oneway calls to frozen process.
07-06 00:01:25.776 W/IPCThreadState(  715): Sending oneway calls to frozen process.
07-06 00:01:25.777 W/IPCThreadState(  715): Sending oneway calls to frozen process.
07-06 00:01:25.777 W/IPCThreadState(  715): Sending oneway calls to frozen process.
07-06 00:01:25.777 W/IPCThreadState(  715): Sending oneway calls to frozen process.
07-06 00:01:25.777 W/IPCThreadState(  715): Sending oneway calls to frozen process.
07-06 00:01:25.777 W/IPCThreadState(  715): Sending oneway calls to frozen process.
07-06 00:01:25.778 W/IPCThreadState(  715): Sending oneway calls to frozen process.
07-06 00:01:25.779 W/IPCThreadState(  715): Sending oneway calls to frozen process.
07-06 00:01:25.780 W/IPCThreadState(  715): Sending oneway calls to frozen process.
07-06 00:01:25.780 W/IPCThreadState(  715): Sending oneway calls to frozen process.
07-06 00:01:25.781 W/IPCThreadState(  715): Sending oneway calls to frozen process.
07-06 00:01:25.782 W/IPCThreadState(  715): Sending oneway calls to frozen process.
07-06 00:01:25.782 W/IPCThreadState(  715): Sending oneway calls to frozen process.
07-06 00:01:25.786 W/IPCThreadState(  715): Sending oneway calls to frozen process.
07-06 00:01:25.786 W/IPCThreadState(  715): Sending oneway calls to frozen process.
07-06 00:01:25.786 W/IPCThreadState(  715): Sending oneway calls to frozen process.
07-06 00:01:25.787 W/IPCThreadState(  715): Sending oneway calls to frozen process.
07-06 00:01:25.788 W/IPCThreadState(  715): Sending oneway calls to frozen process.
07-06 00:01:25.789 W/IPCThreadState(  715): Sending oneway calls to frozen process.
07-06 00:01:25.789 W/IPCThreadState(  715): Sending oneway calls to frozen process.
07-06 00:01:25.789 W/IPCThreadState(  715): Sending oneway calls to frozen process.
07-06 00:01:25.790 W/IPCThreadState(  715): Sending oneway calls to frozen process.
07-06 00:01:25.790 W/IPCThreadState(  715): Sending oneway calls to frozen process.
07-06 00:01:25.791 W/IPCThreadState(  715): Sending oneway calls to frozen process.
07-06 00:01:25.792 W/IPCThreadState(  715): Sending oneway calls to frozen process.
07-06 00:01:25.792 W/IPCThreadState(  715): Sending oneway calls to frozen process.
07-06 00:01:25.792 W/IPCThreadState(  715): Sending oneway calls to frozen process.
07-06 00:01:25.792 W/IPCThreadState(  715): Sending oneway calls to frozen process.
07-06 00:01:25.792 W/IPCThreadState(  715): Sending oneway calls to frozen process.
07-06 00:01:25.793 W/IPCThreadState(  715): Sending oneway calls to frozen process.
07-06 00:01:25.794 W/IPCThreadState(  715): Sending oneway calls to frozen process.
07-06 00:01:25.794 W/IPCThreadState(  715): Sending oneway calls to frozen process.
07-06 00:01:25.794 W/IPCThreadState(  715): Sending oneway calls to frozen process.
07-06 00:01:25.819 D/ScalingWorkspaceRevealAnim( 1124): alpha of workspace at the end of animation: 1.0
07-06 00:01:25.837 D/CompatChangeReporter(22470): Compat change id reported: 279646685; UID 10217; state: ENABLED
07-06 00:01:25.854 W/droid.bluetooth( 1071): Reducing the number of considered missed Gc histogram windows from 2219 to 100
07-06 00:01:25.860 W/OptProp (  715): Cannot read opt property android.window.PROPERTY_COMPAT_ENABLE_FAKE_FOCUS
07-06 00:01:25.861 D/CompatChangeReporter(  715): Compat change id reported: 324203798; UID 10217; state: ENABLED
07-06 00:01:25.871 D/BackgroundInstallControlService(  715): Package event received: 0
07-06 00:01:25.871 D/BackgroundInstallControlService(  715): Package event received: 0
07-06 00:01:25.873 I/DisplayManager(22470): Choreographer implicitly registered for the refresh rate.
07-06 00:01:25.880 I/.huiyi.mockchat(22470): AssetManager2(0x79075aadacd8) locale list changing from [] to [en-US]
07-06 00:01:25.925 I/EGL_emulation(22470): Opening libGLESv1_CM_emulation.so
07-06 00:01:25.927 D/wpa_supplicant(  960): nl80211: Drv Event 64 (NL80211_CMD_NOTIFY_CQM) received for wlan0
07-06 00:01:25.927 D/wpa_supplicant(  960): nl80211: Beacon loss event
07-06 00:01:25.927 D/wpa_supplicant(  960): wlan0: Event BEACON_LOSS (53) received
07-06 00:01:25.927 I/wpa_supplicant(  960): wlan0: CTRL-EVENT-BEACON-LOSS 
07-06 00:01:25.928 I/EGL_emulation(22470): Opening libGLESv2_emulation.so
07-06 00:01:25.949 W/HWUI    (22470): Failed to choose config with EGL_SWAP_BEHAVIOR_PRESERVED, retrying without...
07-06 00:01:25.949 W/HWUI    (22470): Failed to initialize 101010-2 format, error = EGL_SUCCESS
07-06 00:01:26.005 E/ashmem  (22470): Pinning is deprecated since Android Q. Please use trim or other methods.
07-06 00:01:26.026 D/CompatChangeReporter(22470): Compat change id reported: 309578419; UID 10217; state: ENABLED
07-06 00:01:26.028 D/DesktopModeFlags(22470): Toggle override initialized to: OVERRIDE_UNSET
07-06 00:01:26.097 D/CompatChangeReporter(22470): Compat change id reported: 352594277; UID 10217; state: ENABLED
07-06 00:01:26.103 D/CompatChangeReporter(22470): Compat change id reported: 349153669; UID 10217; state: ENABLED
07-06 00:01:26.107 W/HWUI    (22470): Unknown dataspace 0
07-06 00:01:26.083 I/servicemanager(    0): Caller(pid=22470,uid=10217,sid=u:r:untrusted_app:s0:c217,c256,c512,c768) Found android.hardware.graphics.allocator.IAllocator/default in device VINTF manifest.
07-06 00:01:26.086 I/servicemanager(    0): Caller(pid=22470,uid=10217,sid=u:r:untrusted_app:s0:c217,c256,c512,c768) Found android.hardware.graphics.allocator.IAllocator/default in device VINTF manifest.
07-06 00:01:26.087 I/servicemanager(    0): Caller(pid=22470,uid=10217,sid=u:r:untrusted_app:s0:c217,c256,c512,c768) Found mapper/ranchu in device VINTF manifest.
07-06 00:01:26.867 V/AccessibilityManagerService(  715): onUserStateChangedLocked for userId: 0, forceUpdate: false
07-06 00:01:26.869 D/BackgroundInstallControlService(  715): Package event received: 0
07-06 00:01:26.873 W/MagnificationConnectionManager(  715): requestConnection duplicated request: connect=false, mConnectionState=DISCONNECTED
07-06 00:01:26.873 D/AccessibilityManagerService(  715): restoreCurrentUserForTestAutomationIfNeededLocked(): ignoring because device doesn't support visible background users
07-06 00:01:26.875 W/IPCThreadState(  715): Sending oneway calls to frozen process.
07-06 00:01:26.875 W/IPCThreadState(  715): Sending oneway calls to frozen process.
07-06 00:01:26.876 W/IPCThreadState(22471): call to talkWithDriver in joinThreadPool returned error: -9 (Bad file descriptor), FD: -1
07-06 00:01:26.876 W/IPCThreadState(22471): call to talkWithDriver in joinThreadPool returned error: -9 (Bad file descriptor), FD: -1
07-06 00:01:26.876 W/IPCThreadState(22471): call to talkWithDriver in joinThreadPool returned error: -9 (Bad file descriptor), FD: -1
07-06 00:01:26.876 W/IPCThreadState(22471): call to talkWithDriver in joinThreadPool returned error: -9 (Bad file descriptor), FD: -1
07-06 00:01:26.876 W/IPCThreadState(22471): call to talkWithDriver in joinThreadPool returned error: -9 (Bad file descriptor), FD: -1
07-06 00:01:26.876 D/AndroidRuntime(22471): Shutting down VM
07-06 00:01:26.877 W/IPCThreadState(  715): Sending oneway calls to frozen process.
07-06 00:01:26.877 W/IPCThreadState(  715): Sending oneway calls to frozen process.
07-06 00:01:26.877 W/IPCThreadState(  715): Sending oneway calls to frozen process.
07-06 00:01:26.877 W/IPCThreadState(  715): Sending oneway calls to frozen process.
07-06 00:01:26.877 W/IPCThreadState(  715): Sending oneway calls to frozen process.
07-06 00:01:26.878 W/IPCThreadState(  715): Sending oneway calls to frozen process.
07-06 00:01:26.878 W/IPCThreadState(  715): Sending oneway calls to frozen process.
07-06 00:01:26.879 W/IPCThreadState(  715): Sending oneway calls to frozen process.
07-06 00:01:26.879 W/IPCThreadState(  715): Sending oneway calls to frozen process.
07-06 00:01:26.879 W/IPCThreadState(  715): Sending oneway calls to frozen process.
07-06 00:01:26.879 W/IPCThreadState(  715): Sending oneway calls to frozen process.
07-06 00:01:26.879 W/IPCThreadState(  715): Sending oneway calls to frozen process.
07-06 00:01:26.879 W/IPCThreadState(  715): Sending oneway calls to frozen process.
07-06 00:01:26.879 W/IPCThreadState(  715): Sending oneway calls to frozen process.
07-06 00:01:26.880 W/IPCThreadState(  715): Sending oneway calls to frozen process.
07-06 00:01:26.880 W/IPCThreadState(  715): Sending oneway calls to frozen process.
07-06 00:01:26.881 W/IPCThreadState(  715): Sending oneway calls to frozen process.
07-06 00:01:26.881 W/IPCThreadState(  715): Sending oneway calls to frozen process.
07-06 00:01:26.882 V/AccessibilityManagerService(  715): onUserStateChangedLocked for userId: 0, forceUpdate: false
07-06 00:01:26.884 W/MagnificationConnectionManager(  715): requestConnection duplicated request: connect=false, mConnectionState=DISCONNECTED
07-06 00:01:26.885 W/IPCThreadState(  715): Sending oneway calls to frozen process.
07-06 00:01:26.885 W/IPCThreadState(  715): Sending oneway calls to frozen process.
07-06 00:01:26.885 W/IPCThreadState(  715): Sending oneway calls to frozen process.
07-06 00:01:26.886 W/IPCThreadState(  715): Sending oneway calls to frozen process.
07-06 00:01:26.886 W/IPCThreadState(  715): Sending oneway calls to frozen process.
07-06 00:01:26.886 W/IPCThreadState(  715): Sending oneway calls to frozen process.
07-06 00:01:26.887 W/IPCThreadState(  715): Sending oneway calls to frozen process.
07-06 00:01:26.887 W/IPCThreadState(  715): Sending oneway calls to frozen process.
07-06 00:01:26.887 W/IPCThreadState(  715): Sending oneway calls to frozen process.
07-06 00:01:26.887 W/IPCThreadState(  715): Sending oneway calls to frozen process.
07-06 00:01:26.887 W/IPCThreadState(  715): Sending oneway calls to frozen process.
07-06 00:01:26.888 W/IPCThreadState(  715): Sending oneway calls to frozen process.
07-06 00:01:26.888 W/IPCThreadState(  715): Sending oneway calls to frozen process.
07-06 00:01:26.888 W/IPCThreadState(  715): Sending oneway calls to frozen process.
07-06 00:01:26.888 W/IPCThreadState(  715): Sending oneway calls to frozen process.
07-06 00:01:26.888 W/IPCThreadState(  715): Sending oneway calls to frozen process.
07-06 00:01:26.889 W/IPCThreadState(  715): Sending oneway calls to frozen process.
07-06 00:01:26.889 W/IPCThreadState(  715): Sending oneway calls to frozen process.
07-06 00:01:26.895 I/netd    (  488): tetherGetStats() -> {[]} <2.50ms>
07-06 00:01:26.896 W/IPCThreadState(  715): Sending oneway calls to frozen process.
07-06 00:01:26.898 W/IPCThreadState(  715): Sending oneway calls to frozen process.
07-06 00:01:26.900 W/IPCThreadState(  715): Sending oneway calls to frozen process.
07-06 00:01:26.900 W/IPCThreadState(  715): Sending oneway calls to frozen process.
07-06 00:01:26.900 W/IPCThreadState(  715): Sending oneway calls to frozen process.
07-06 00:01:26.901 W/IPCThreadState(  715): Sending oneway calls to frozen process.
07-06 00:01:26.903 W/IPCThreadState(  715): Sending oneway calls to frozen process.
07-06 00:01:26.904 W/IPCThreadState(  715): Sending oneway calls to frozen process.
07-06 00:01:26.904 W/IPCThreadState(  715): Sending oneway calls to frozen process.
07-06 00:01:26.904 W/IPCThreadState(  715): Sending oneway calls to frozen process.
07-06 00:01:26.905 W/IPCThreadState(  715): Sending oneway calls to frozen process.
07-06 00:01:26.905 W/IPCThreadState(  715): Sending oneway calls to frozen process.
07-06 00:01:26.948 W/.huiyi.mockchat(22470): Method boolean androidx.compose.runtime.snapshots.SnapshotStateList.conditionalUpdate(boolean, kotlin.jvm.functions.Function1) failed lock verification and will run slower.
07-06 00:01:26.948 W/.huiyi.mockchat(22470): Common causes for lock verification issues are non-optimized dex code
07-06 00:01:26.948 W/.huiyi.mockchat(22470): and incorrect proguard optimizations.
07-06 00:01:26.948 W/.huiyi.mockchat(22470): Method boolean androidx.compose.runtime.snapshots.SnapshotStateList.conditionalUpdate$default(androidx.compose.runtime.snapshots.SnapshotStateList, boolean, kotlin.jvm.functions.Function1, int, java.lang.Object) failed lock verification and will run slower.
07-06 00:01:26.948 W/.huiyi.mockchat(22470): Method java.lang.Object androidx.compose.runtime.snapshots.SnapshotStateList.mutate(kotlin.jvm.functions.Function1) failed lock verification and will run slower.
07-06 00:01:26.948 W/.huiyi.mockchat(22470): Method void androidx.compose.runtime.snapshots.SnapshotStateList.update(boolean, kotlin.jvm.functions.Function1) failed lock verification and will run slower.
07-06 00:01:26.948 W/.huiyi.mockchat(22470): Method void androidx.compose.runtime.snapshots.SnapshotStateList.update$default(androidx.compose.runtime.snapshots.SnapshotStateList, boolean, kotlin.jvm.functions.Function1, int, java.lang.Object) failed lock verification and will run slower.
07-06 00:01:26.951 I/.huiyi.mockchat(22470): Compiler allocated 5042KB to compile void android.view.ViewRootImpl.performTraversals()
07-06 00:01:27.034 D/CoreBackPreview(  715): Window{70f301a u0 com.huiyi.mockchat/com.huiyi.mockchat.MainActivity}: Setting back callback OnBackInvokedCallbackInfo{mCallback=android.window.IOnBackInvokedCallback$Stub$Proxy@1c7d9be, mPriority=0, mIsAnimationCallback=false, mOverrideBehavior=0}
07-06 00:01:27.299 I/ActivityTaskManager(  715): Displayed com.huiyi.mockchat/.MainActivity for user 0: +2s186ms
07-06 00:01:27.300 I/Choreographer(22470): Skipped 60 frames!  The application may be doing too much work on its main thread.
07-06 00:01:27.314 I/HWUI    (22470): Davey! duration=1175ms; Flags=1, FrameTimelineVsyncId=985108, IntendedVsync=38407084337504, Vsync=38407084337504, InputEventId=0, HandleInputStart=38407087176340, AnimationStart=38407087235540, PerformTraversalsStart=38407087274740, DrawStart=38408175167240, FrameDeadline=38407101004170, FrameStartTime=38407087141840, FrameInterval=16666666, WorkloadTarget=16666666, SyncQueued=38408202765640, SyncStart=38408203865140, IssueDrawCommandsStart=38408203969940, SwapBuffers=38408243354240, FrameCompleted=38408261122640, DequeueBufferDuration=20400, QueueBufferDuration=365900, GpuCompleted=38408261122640, SwapBuffersCompleted=38408245938940, DisplayPresentTime=0, CommandSubmissionCompleted=38408243354240, 
07-06 00:01:27.348 I/FontLog ( 1314): Received query Noto Color Emoji Compat, URI content://com.google.android.gms.fonts [CONTEXT service_id=132 ]
07-06 00:01:27.348 I/FontLog ( 1314): Query [emojicompat-emoji-font] resolved to {Noto Color Emoji Compat, wdth 100.0, wght 400, ital 0.0, bestEffort false}, isVf false} [CONTEXT service_id=132 ]
07-06 00:01:27.354 I/FontLog ( 1314): Fetch {Noto Color Emoji Compat, wdth 100.0, wght 400, ital 0.0, bestEffort false}, isVf false} end status Status{statusCode=SUCCESS, resolution=null} [CONTEXT service_id=132 ]
07-06 00:01:27.400 I/FontLog ( 1314): Pulling font file for id = 107, cache size = 10 [CONTEXT service_id=132 ]
07-06 00:01:27.409 I/ImeTracker(  715): com.huiyi.mockchat:11747723: onRequestHide at ORIGIN_SERVER reason HIDE_UNSPECIFIED_WINDOW fromUser false
07-06 00:01:27.412 I/FontLog ( 1314): Pulling font file for id = 107, cache size = 10 [CONTEXT service_id=132 ]
07-06 00:01:27.416 D/BaseDepthController( 1124): setSurface:
07-06 00:01:27.416 D/BaseDepthController( 1124): 	mWaitingOnSurfaceValidity: false
07-06 00:01:27.416 D/BaseDepthController( 1124): 	mBaseSurface: null
07-06 00:01:27.417 D/InsetsController(22470): hide(ime(), fromIme=false)
07-06 00:01:27.418 I/ImeTracker(22470): com.huiyi.mockchat:11747723: onCancelled at PHASE_CLIENT_ALREADY_HIDDEN
07-06 00:01:27.419 D/BaseDepthController( 1124): mSurface is null and mCurrentBlur is: 0
07-06 00:01:27.419 D/StateManager( 1124): goToState - fromState: Normal, toState: Normal, partial trace:
07-06 00:01:27.419 D/StateManager( 1124): 	at com.android.launcher3.statemanager.StateManager.moveToRestState(go/retraceme 43e00d9cd0eb17b3d9dd30fc1741b1c71445c4c0f7c8c9b81300265c86c5b873:4)
07-06 00:01:27.419 D/StateManager( 1124): 	at com.android.launcher3.statemanager.StateManager.moveToRestState(go/retraceme 43e00d9cd0eb17b3d9dd30fc1741b1c71445c4c0f7c8c9b81300265c86c5b873:1)
07-06 00:01:27.419 D/StateManager( 1124): 	at com.android.launcher3.statemanager.StatefulActivity.onStop(go/retraceme 43e00d9cd0eb17b3d9dd30fc1741b1c71445c4c0f7c8c9b81300265c86c5b873:34)
07-06 00:01:27.420 D/StatsLog( 1124): LAUNCHER_ONSTOP
07-06 00:01:27.421 D/StatsLog( 1124): LAUNCHER_GOOGLE_SEARCH_RESTORE_LIST_SIZE_AFTER_ACTIVITY_RESTART
07-06 00:01:27.424 I/AppWidgetServiceImpl(  715): setAppWidgetHidden() 0
07-06 00:01:27.429 I/GoogleInputMethodService( 1395): GoogleInputMethodService.onFinishInput():2043 
07-06 00:01:27.437 I/ImeTracker(  715): system_server:208c2378: onRequestHide at ORIGIN_SERVER reason IME_REQUESTED_CHANGED_LISTENER fromUser false
07-06 00:01:27.437 I/ImeTracker(  715): system_server:208c2378: onCancelled at PHASE_SERVER_SHOULD_HIDE
07-06 00:01:27.440 D/BackgroundInstallControlService(  715): Package event received: 0
07-06 00:01:27.448 I/Module  ( 1395): DeviceLockedStatusModuleProvider$Module.updateDeviceLockedStatus():100 repeatCheckTimes = 0, locked = false
07-06 00:01:27.452 I/GoogleInputMethodService( 1395): GoogleInputMethodService.onStartInput():1293 onStartInput(EditorInfo{EditorInfo{packageName=com.huiyi.mockchat, inputType=0, inputTypeString=NULL, enableLearning=false, autoCorrection=false, autoComplete=false, imeOptions=0, privateImeOptions=null, actionName=UNSPECIFIED, actionLabel=null, initialSelStart=-1, initialSelEnd=-1, initialCapsMode=0, label=null, fieldId=0, fieldName=null, extras=null, hintText=null, hintLocales=[]}}, false)
07-06 00:01:27.460 W/PackageConfigPersister(  715): App-specific configuration not found for packageName: com.huiyi.mockchat and userId: 0
07-06 00:01:27.464 I/Module  ( 1395): DeviceLockedStatusModuleProvider$Module.updateDeviceLockedStatus():100 repeatCheckTimes = 1, locked = false
07-06 00:01:27.685 W/IPCThreadState(  630): Sending oneway calls to frozen process.
07-06 00:01:27.686 W/IPCThreadState(  630): Sending oneway calls to frozen process.
07-06 00:01:27.712 W/WindowOnBackDispatcher(  972): sendCancelIfRunning: isInProgress=false callback=android.view.ViewRootImpl$$ExternalSyntheticLambda13@4fef91f
07-06 00:01:27.713 D/CoreBackPreview(  715): Window{5e9480 u0 Splash Screen com.huiyi.mockchat EXITING}: Setting back callback null
07-06 00:01:27.737 D/WifiClientModeImpl[27601:wlan0](  715): updateLinkLayerStatsRssiSpeedFrequencyCapabilities rssi=-50 TxLinkspeed=1 freq=2447 RxLinkSpeed=2
07-06 00:01:27.737 D/WifiDataStall(  715): tx tput in kbps: 11000
07-06 00:01:27.737 D/WifiDataStall(  715): rx tput in kbps: 11000
07-06 00:01:27.741 V/WifiConfigManager(  715): Updating scan detail cache freq=2447 BSSID=00:13:10:85:fe:01 RSSI=-50 for "AndroidWifi"NONE
07-06 00:01:27.744 D/WifiThroughputPredictor(  715):  utilization (LLS) 80 isBluetoothConnected: false final utilization: 80
07-06 00:01:27.744 D/WifiThroughputPredictor(  715):  BW: 0 RSSI: -50 Nss: 1 Mode: 1 symDur: 4000 snrDb 30 bitPerTone: 4500 rate: 54 throughput: 11
07-06 00:01:27.744 D/WifiThroughputPredictor(  715):  utilization (LLS) 80 isBluetoothConnected: false final utilization: 80
07-06 00:01:27.744 D/WifiThroughputPredictor(  715):  BW: 0 RSSI: -50 Nss: 1 Mode: 1 symDur: 4000 snrDb 30 bitPerTone: 4500 rate: 54 throughput: 11
07-06 00:01:27.745 D/WifiThroughputPredictor(  715):  utilization (LLS) 80 isBluetoothConnected: false final utilization: 80
07-06 00:01:27.745 D/WifiThroughputPredictor(  715):  BW: 0 RSSI: -50 Nss: 1 Mode: 1 symDur: 4000 snrDb 30 bitPerTone: 4500 rate: 54 throughput: 11
07-06 00:01:27.745 D/WifiThroughputPredictor(  715):  utilization (LLS) 80 isBluetoothConnected: false final utilization: 80
07-06 00:01:27.745 D/WifiThroughputPredictor(  715):  BW: 0 RSSI: -50 Nss: 1 Mode: 1 symDur: 4000 snrDb 30 bitPerTone: 4500 rate: 54 throughput: 11
07-06 00:01:27.747 D/WifiScoreCard(  715): BSSID update SIGNAL_POLL ID: 1559335064 SSID: "AndroidWifi", BSSID: 00:13:10:85:fe:01, MAC: 02:15:b2:00:00:00, IP: /10.0.2.16, Security type: 0, Supplicant state: COMPLETED, Wi-Fi standard: legacy, RSSI: -50, Link speed: 1Mbps, Tx Link speed: 1Mbps, Max Supported Tx Link speed: 11Mbps, Rx Link speed: 2Mbps, Max Supported Rx Link speed: 11Mbps, Frequency: 2447MHz, Net ID: 0, Metered hint: false, score: 60, isUsable: true, CarrierMerged: false, SubscriptionId: -1, IsPrimary: 1, Trusted: true, Restricted: false, Ephemeral: false, OEM paid: false, OEM private: false, OSU AP: false, FQDN: <none>, Provider friendly name: <none>, Requesting package name: <none>"AndroidWifi"openMLO Information: , Is TID-To-Link negotiation supported by the AP: false, AP MLD Address: <none>, AP MLO Link Id: <none>, AP MLO Affiliated links: <none>, Vendor Data: <none>
07-06 00:01:27.747 D/WifiScoreCard(  715): txRate: 1 txSpeed: 1
07-06 00:01:27.748 D/WifiScoreCard(  715): network update SIGNAL_POLL "AndroidWifi" ID: 1201260005 RSSI -50 txSpeed -1
07-06 00:01:27.748 D/WifiClientModeImpl[27601:wlan0](  715):  ClientModeImpl$L2ConnectedState screen=on 1 0 "AndroidWifi" 00:13:10:85:fe:01 rssi=-50 f=2447 sc=60 link=1 tx=0.3, 0.0, 0.0 rx=0.3 bcn=0 [on:0 tx:0 rx:0 period:3011] from screen [on:0 period:884659908] score=60
07-06 00:01:27.956 W/WindowOnBackDispatcher(21840): sendCancelIfRunning: isInProgress=false callback=android.view.ViewRootImpl$$ExternalSyntheticLambda13@ea7118a
07-06 00:01:27.956 D/CoreBackPreview(  715): Window{c6a71ba u0 com.huiyi.v4}: Setting back callback null
07-06 00:01:27.967 W/WindowOnBackDispatcher(21840): sendCancelIfRunning: isInProgress=false callback=android.view.ViewRootImpl$$ExternalSyntheticLambda13@a20c5d9
07-06 00:01:27.970 D/CoreBackPreview(  715): Window{7f4e60e u0 com.huiyi.v4}: Setting back callback null
07-06 00:01:27.975 W/NotificationHistory(  715): Attempted to remove channel for locked/gone/disabled user 0
07-06 00:01:27.985 I/NotificationListener( 1124): received notification removed event - android#UserHandle{0},category=-1
07-06 00:01:28.266 D/BackgroundInstallControlService(  715): Package event received: 0
07-06 00:01:28.288 D/CoreBackPreview(  715): Window{e769264 u0 com.huiyi.v4}: Setting back callback OnBackInvokedCallbackInfo{mCallback=android.window.IOnBackInvokedCallback$Stub$Proxy@f2f1893, mPriority=0, mIsAnimationCallback=false, mOverrideBehavior=0}
07-06 00:01:28.332 W/dumpsys (22525): Thread Pool max thread count is 0. Cannot cache binder as linkToDeath cannot be implemented. serviceName: window
07-06 00:01:28.360 D/WindowManager(  715): captureDisplay
07-06 00:01:28.547 W/screencap(22531): Thread Pool max thread count is 0. Cannot cache binder as linkToDeath cannot be implemented. serviceName: SurfaceFlingerAIDL
07-06 00:01:28.548 W/BpBinder(22531): Linking to death on android.gui.ISurfaceComposer but there are no threads (yet?) listening to incoming transactions. See ProcessState::startThreadPool and ProcessState::setThreadPoolMaxThreadCount. Generally you should setup the binder threadpool before other initialization steps.
07-06 00:01:28.548 W/ProcessState(22531): Extra binder thread started, but 0 threads requested. Do not use *startThreadPool when zero threads are requested.
07-06 00:01:28.568 E/HwcComposer(  567): getLuts failed Status(-8, EX_SERVICE_SPECIFIC): '8: '
07-06 00:01:28.568 E/HWComposer(  567): getLuts: getLuts failed for display 4619827259835644672: UNSUPPORTED (8)
07-06 00:01:28.548 I/servicemanager(    0): Caller(pid=22531,uid=2000,sid=u:r:shell:s0) Found android.hardware.graphics.allocator.IAllocator/default in device VINTF manifest.
07-06 00:01:28.553 I/servicemanager(    0): Caller(pid=22531,uid=2000,sid=u:r:shell:s0) Found android.hardware.graphics.allocator.IAllocator/default in device VINTF manifest.
07-06 00:01:28.555 I/servicemanager(    0): Caller(pid=22531,uid=2000,sid=u:r:shell:s0) Found mapper/ranchu in device VINTF manifest.
07-06 00:01:28.621 W/NotificationHistory(  715): Attempted to add notif for locked/gone/disabled user 0
07-06 00:01:28.625 D/BackgroundInstallControlService(  715): Package event received: 0
07-06 00:01:28.627 I/NotificationListener( 1124): received notification posted event - android#UserHandle{0},category=-1
07-06 00:01:28.631 W/AiAiEcho( 1480): LyftNotificationParser Ridesharing ETA not enabled
07-06 00:01:28.631 I/AiAiEcho( 1480): SmartspaceNotificationPredictor no parser can handle this notification or notification is invalid
07-06 00:01:28.661 D/LocalImageResolver(  972): Couldn't use ImageDecoder for drawable, falling back to non-resized load.
07-06 00:01:28.676 D/LocalImageResolver(  972): Couldn't use ImageDecoder for drawable, falling back to non-resized load.
07-06 00:01:28.809 E/NotificationService(  715): Suppressing toast from package com.huiyi.v4 by user request.
07-06 00:01:28.811 I/FloatingBubbleService(21840): next_sentence_click_ack latencyMs=2 ackVisible=true
07-06 00:01:28.894 I/HuiyiRuntime(21840): dynamic_playbook_result sessionId=cef6ae91-aa5e-4e9f-b822-34880128baeb mode=NEXT_SENTENCE chatKey=com.huiyi.mockchat|mock:26bc86ad source=LOCAL_FALLBACK decisionSource=LOCAL_WAIT lastSpeaker=ME decision=WAIT routeCount=0 latencyMs=8 cacheHit=false localFallbackUsed=false cloudRefreshRecommended=false
07-06 00:01:28.908 W/AppOps  (  715): Noting op not finished: uid 10216 pkg com.huiyi.v4 code 24 startTime of in progress event=1783296088279
07-06 00:01:28.926 D/CoreBackPreview(  715): Window{e1bf9d7 u0 com.huiyi.v4}: Setting back callback OnBackInvokedCallbackInfo{mCallback=android.window.IOnBackInvokedCallback$Stub$Proxy@a40b0e2, mPriority=0, mIsAnimationCallback=false, mOverrideBehavior=0}
07-06 00:01:29.011 D/AndroidRuntime(22538): >>>>>> START com.android.internal.os.RuntimeInit uid 2000 <<<<<<
07-06 00:01:29.020 I/AndroidRuntime(22538): Using default boot image
07-06 00:01:29.020 I/AndroidRuntime(22538): Leaving lock profiling enabled
07-06 00:01:29.023 I/app_process(22538): Core platform API reporting enabled, enforcing=false
07-06 00:01:29.023 I/app_process(22538): Using CollectorTypeCMC GC.
07-06 00:01:29.130 D/nativeloader(22538): InitDefaultPublicLibraries for_preload=1: libandroid.so:libaaudio.so:libamidi.so:libbinder_ndk.so:libc.so:libcamera2ndk.so:libdl.so:libEGL.so:libGLESv1_CM.so:libGLESv2.so:libGLESv3.so:libicu.so:libicui18n.so:libicuuc.so:libjnigraphics.so:liblog.so:libmediandk.so:libm.so:libnativehelper.so:libnativewindow.so:libOpenMAXAL.so:libOpenSLES.so:libRS.so:libstdc++.so:libsync.so:libvulkan.so:libwebviewchromium_plat_support.so:libz.so
07-06 00:01:29.144 D/nativeloader(22538): Load libicu_jni.so using APEX ns com_android_art for caller /apex/com.android.art/javalib/core-oj.jar: ok
