07-05 08:34:22.596 W/app_process(19114): Unexpected CPU variant for x86: x86_64.
07-05 08:34:22.596 W/app_process(19114): Known variants: atom, sandybridge, silvermont, goldmont, goldmont-plus, goldmont-without-sha-xsaves, tremont, kabylake, alderlake, default
07-05 08:34:22.598 W/app_process(19114): ClassLoaderContext shared library size mismatch. Expected=2, found=0 (PCL[]{PCL[/system/framework/android.test.base.jar*2789897741]#PCL[/system/framework/android.test.mock.jar*3361312393]} | PCL[])
07-05 08:34:22.600 W/app_process(19114): ClassLoaderContext classpath size mismatch. expected=0, found=1 (PCL[]{PCL[/system/framework/android.test.runner.jar*895143020]#PCL[/system/framework/android.test.base.jar*2789897741]} | PCL[/system/framework/android.test.runner.jar*895143020])
07-05 08:34:22.624 D/nativeloader(19114): Load libframework-connectivity-tiramisu-jni.so using APEX ns com_android_tethering for caller /apex/com.android.tethering/javalib/framework-connectivity-t.jar: ok
07-05 08:34:22.626 D/AndroidRuntime(19114): Calling main entry com.android.commands.uiautomator.Launcher
07-05 08:34:22.633 I/AconfigPackage(19114): android.media.swcodec.flags is mapped to com.android.media.swcodec
07-05 08:34:22.633 I/AconfigPackage(19114): com.google.android.settings.simplemode.flags is mapped to system_ext
07-05 08:34:22.634 I/AconfigPackage(19114): com.google.android.systemui is mapped to system_ext
07-05 08:34:22.634 I/AconfigPackage(19114): com.google.android.apps.nexuslauncher is mapped to system_ext
07-05 08:34:22.634 I/AconfigPackage(19114): com.android.settings.accessibility is mapped to system_ext
07-05 08:34:22.634 I/AconfigPackage(19114): com.android.settings.flags is mapped to system_ext
07-05 08:34:22.634 I/AconfigPackage(19114): com.google.android.apps.miphone.aiai.matchmaker.overview.ui is mapped to system_ext
07-05 08:34:22.634 I/AconfigPackage(19114): com.google.android.settings.flags is mapped to system_ext
07-05 08:34:22.634 I/AconfigPackage(19114): com.android.launcher3 is mapped to system_ext
07-05 08:34:22.634 I/AconfigPackage(19114): com.android.wallpaper is mapped to system_ext
07-05 08:34:22.634 I/AconfigPackage(19114): com.android.settings.media_drm is mapped to system_ext
07-05 08:34:22.634 I/AconfigPackage(19114): com.android.systemui.accessibility.accessibilitymenu is mapped to system_ext
07-05 08:34:22.634 I/AconfigPackage(19114): com.android.settings.keyboard is mapped to system_ext
07-05 08:34:22.635 I/AconfigPackage(19114): com.android.server.policy.feature.flags is mapped to system_ext
07-05 08:34:22.635 I/AconfigPackage(19114): com.android.settings.factory_reset is mapped to system_ext
07-05 08:34:22.635 I/AconfigPackage(19114): com.google.android.haptics.flags is mapped to system_ext
07-05 08:34:22.635 I/AconfigPackage(19114): com.android.permission.flags is mapped to com.android.permission
07-05 08:34:22.636 I/AconfigPackage(19114): com.android.icu is mapped to com.android.i18n
07-05 08:34:22.636 I/AconfigPackage(19114): com.android.appsearch.flags is mapped to com.android.appsearch
07-05 08:34:22.637 I/AconfigPackage(19114): android.uprobestats.mainline.flags is mapped to com.android.uprobestats
07-05 08:34:22.637 I/AconfigPackage(19114): android.provider.flags is mapped to com.android.configinfrastructure
07-05 08:34:22.637 I/AconfigPackage(19114): com.android.server.deviceconfig is mapped to com.android.configinfrastructure
07-05 08:34:22.637 I/AconfigPackage(19114): com.android.nfc.flags is mapped to system
07-05 08:34:22.637 I/AconfigPackage(19114): android.app.admin.flags is mapped to system
07-05 08:34:22.637 I/AconfigPackage(19114): android.database.sqlite is mapped to system
07-05 08:34:22.637 I/AconfigPackage(19114): com.android.providers.calendar is mapped to system
07-05 08:34:22.637 I/AconfigPackage(19114): com.android.server.power.feature.flags is mapped to system
07-05 08:34:22.637 I/AconfigPackage(19114): com.android.media.performance.flags is mapped to system
07-05 08:34:22.637 I/AconfigPackage(19114): android.app.contextualsearch.flags is mapped to system
07-05 08:34:22.638 I/AconfigPackage(19114): android.app.ondeviceintelligence.flags is mapped to system
07-05 08:34:22.638 I/AconfigPackage(19114): com.android.media.projection.flags is mapped to system
07-05 08:34:22.638 I/AconfigPackage(19114): android.companion is mapped to system
07-05 08:34:22.638 I/AconfigPackage(19114): android.service.controls.flags is mapped to system
07-05 08:34:22.638 I/AconfigPackage(19114): com.android.text.flags is mapped to system
07-05 08:34:22.638 I/AconfigPackage(19114): com.android.providers.contactkeys.flags is mapped to system
07-05 08:34:22.638 I/AconfigPackage(19114): com.android.intentresolver is mapped to system
07-05 08:34:22.638 I/AconfigPackage(19114): android.companion.virtualdevice.flags is mapped to system
07-05 08:34:22.638 I/AconfigPackage(19114): android.uprobestats.flags is mapped to system
07-05 08:34:22.638 I/AconfigPackage(19114): com.android.net.thread.platform.flags is mapped to system
07-05 08:34:22.638 I/AconfigPackage(19114): android.view.contentprotection.flags is mapped to system
07-05 08:34:22.638 I/AconfigPackage(19114): com.android.server.dreams is mapped to system
07-05 08:34:22.638 I/AconfigPackage(19114): com.android.graphics.surfaceflinger.flags is mapped to system
07-05 08:34:22.638 I/AconfigPackage(19114): com.android.hardware.input is mapped to system
07-05 08:34:22.638 I/AconfigPackage(19114): android.sdk is mapped to system
07-05 08:34:22.639 I/AconfigPackage(19114): com.android.input.flags is mapped to system
07-05 08:34:22.639 I/AconfigPackage(19114): android.tracing is mapped to system
07-05 08:34:22.639 I/AconfigPackage(19114): com.android.server.biometrics is mapped to system
07-05 08:34:22.639 I/AconfigPackage(19114): android.view.contentcapture.flags is mapped to system
07-05 08:34:22.639 I/AconfigPackage(19114): android.app.job is mapped to system
07-05 08:34:22.639 I/AconfigPackage(19114): android.content.res is mapped to system
07-05 08:34:22.639 I/AconfigPackage(19114): android.net.platform.flags is mapped to system
07-05 08:34:22.639 I/AconfigPackage(19114): com.android.aconfig.flags is mapped to system
07-05 08:34:22.639 I/AconfigPackage(19114): com.android.graphics.flags is mapped to system
07-05 08:34:22.639 I/AconfigPackage(19114): android.server.app is mapped to system
07-05 08:34:22.639 I/AconfigPackage(19114): android.speech.flags is mapped to system
07-05 08:34:22.639 I/AconfigPackage(19114): com.android.server.stats is mapped to system
07-05 08:34:22.640 I/AconfigPackage(19114): android.hardware.biometrics is mapped to system
07-05 08:34:22.640 I/AconfigPackage(19114): android.car.feature is mapped to system
07-05 08:34:22.640 I/AconfigPackage(19114): android.adpf is mapped to system
07-05 08:34:22.641 I/AconfigPackage(19114): android.location.flags is mapped to system
07-05 08:34:22.641 I/AconfigPackage(19114): com.android.settingslib.flags is mapped to system
07-05 08:34:22.641 I/AconfigPackage(19114): com.android.managedprovisioning.flags is mapped to system
07-05 08:34:22.641 I/AconfigPackage(19114): android.app.assist.flags is mapped to system
07-05 08:34:22.641 I/AconfigPackage(19114): com.android.server.net is mapped to system
07-05 08:34:22.641 I/AconfigPackage(19114): com.android.settingslib.widget.flags is mapped to system
07-05 08:34:22.642 I/AconfigPackage(19114): com.android.internal.camera.flags is mapped to system
07-05 08:34:22.642 I/AconfigPackage(19114): com.android.hardware.libsensor.flags is mapped to system
07-05 08:34:22.642 I/AconfigPackage(19114): com.android.internal.jank is mapped to system
07-05 08:34:22.642 I/AconfigPackage(19114): com.android.providers.settings is mapped to system
07-05 08:34:22.642 I/AconfigPackage(19114): android.multiuser is mapped to system
07-05 08:34:22.642 I/AconfigPackage(19114): com.android.server.power.optimization is mapped to system
07-05 08:34:22.642 I/AconfigPackage(19114): com.android.calllogbackup is mapped to system
07-05 08:34:22.643 I/AconfigPackage(19114): com.android.media.flags is mapped to system
07-05 08:34:22.643 I/AconfigPackage(19114): com.android.server.flags is mapped to system
07-05 08:34:22.643 I/AconfigPackage(19114): com.android.graphics.libvulkan.flags is mapped to system
07-05 08:34:22.643 I/AconfigPackage(19114): android.app.appfunctions.flags is mapped to system
07-05 08:34:22.643 I/AconfigPackage(19114): android.app.smartspace.flags is mapped to system
07-05 08:34:22.643 I/AconfigPackage(19114): com.android.providers.contacts.flags is mapped to system
07-05 08:34:22.643 I/AconfigPackage(19114): com.android.shell.flags is mapped to system
07-05 08:34:22.643 I/AconfigPackage(19114): com.android.media.aaudio is mapped to system
07-05 08:34:22.645 I/AconfigPackage(19114): android.hardware.radio is mapped to system
07-05 08:34:22.646 I/AconfigPackage(19114): com.google.wear.services.infra.flags is mapped to system
07-05 08:34:22.646 I/AconfigPackage(19114): suspend_service.flags is mapped to system
07-05 08:34:22.646 I/AconfigPackage(19114): android.media.midi is mapped to system
07-05 08:34:22.646 I/AconfigPackage(19114): com.android.libcore.readonly is mapped to system
07-05 08:34:22.646 I/AconfigPackage(19114): com.android.settingslib.widget.selectorwithwidgetpreference.flags is mapped to system
07-05 08:34:22.646 I/AconfigPackage(19114): android.service.notification is mapped to system
07-05 08:34:22.646 I/AconfigPackage(19114): com.android.systemui.shared is mapped to system
07-05 08:34:22.646 I/AconfigPackage(19114): android.app.jank is mapped to system
07-05 08:34:22.647 I/AconfigPackage(19114): android.app.wearable is mapped to system
07-05 08:34:22.647 I/AconfigPackage(19114): com.android.media.audio is mapped to system
07-05 08:34:22.647 I/AconfigPackage(19114): android.service.chooser is mapped to system
07-05 08:34:22.647 I/AconfigPackage(19114): com.android.server.compat is mapped to system
07-05 08:34:22.647 I/AconfigPackage(19114): com.android.server.alarm is mapped to system
07-05 08:34:22.647 I/AconfigPackage(19114): com.android.apex.flags is mapped to system
07-05 08:34:22.648 I/AconfigPackage(19114): android.service.quickaccesswallet is mapped to system
07-05 08:34:22.648 I/AconfigPackage(19114): android.app.usage is mapped to system
07-05 08:34:22.648 I/AconfigPackage(19114): com.android.server.accessibility is mapped to system
07-05 08:34:22.648 I/AconfigPackage(19114): android.app.supervision.flags is mapped to system
07-05 08:34:22.649 I/AconfigPackage(19114): com.android.server.utils is mapped to system
07-05 08:34:22.650 I/AconfigPackage(19114): android.chre.flags is mapped to system
07-05 08:34:22.650 I/AconfigPackage(19114): android.content.flags is mapped to system
07-05 08:34:22.650 I/AconfigPackage(19114): android.media.codec is mapped to system
07-05 08:34:22.650 I/AconfigPackage(19114): com.android.internal.os is mapped to system
07-05 08:34:22.650 I/AconfigPackage(19114): com.android.nfc.nci.flags is mapped to system
07-05 08:34:22.650 I/AconfigPackage(19114): android.app is mapped to system
07-05 08:34:22.650 I/AconfigPackage(19114): android.security.keystore2 is mapped to system
07-05 08:34:22.651 I/AconfigPackage(19114): android.crashrecovery.flags is mapped to system
07-05 08:34:22.651 I/AconfigPackage(19114): com.android.tradeinmode.flags is mapped to system
07-05 08:34:22.651 I/AconfigPackage(19114): android.hardware.flags is mapped to system
07-05 08:34:22.652 I/AconfigPackage(19114): com.android.server.telecom.flags is mapped to system
07-05 08:34:22.652 I/AconfigPackage(19114): com.android.settingslib.media.flags is mapped to system
07-05 08:34:22.652 I/AconfigPackage(19114): com.android.server.policy is mapped to system
07-05 08:34:22.652 I/AconfigPackage(19114): android.media.audiopolicy is mapped to system
07-05 08:34:22.652 I/AconfigPackage(19114): com.android.egg.flags is mapped to system
07-05 08:34:22.652 I/AconfigPackage(19114): com.android.internal.compat.flags is mapped to system
07-05 08:34:22.652 I/AconfigPackage(19114): android.security is mapped to system
07-05 08:34:22.653 I/AconfigPackage(19114): android.service.autofill is mapped to system
07-05 08:34:22.653 I/AconfigPackage(19114): com.example.android.aconfig.demo.flags is mapped to system
07-05 08:34:22.653 I/AconfigPackage(19114): android.view.flags is mapped to system
07-05 08:34:22.653 I/AconfigPackage(19114): android.companion.virtual.flags is mapped to system
07-05 08:34:22.653 I/AconfigPackage(19114): com.android.aconfig_new_storage is mapped to system
07-05 08:34:22.653 I/AconfigPackage(19114): com.android.server.feature.flags is mapped to system
07-05 08:34:22.654 I/AconfigPackage(19114): com.android.systemui is mapped to system
07-05 08:34:22.654 I/AconfigPackage(19114): com.android.server.power.batterysaver is mapped to system
07-05 08:34:22.654 I/AconfigPackage(19114): android.widget.flags is mapped to system
07-05 08:34:22.654 I/AconfigPackage(19114): com.android.media.editing.flags is mapped to system
07-05 08:34:22.654 I/AconfigPackage(19114): com.android.media.codec.flags is mapped to system
07-05 08:34:22.654 I/AconfigPackage(19114): com.android.server.powerstats is mapped to system
07-05 08:34:22.655 I/AconfigPackage(19114): com.android.graphics.egl.flags is mapped to system
07-05 08:34:22.655 I/AconfigPackage(19114): com.android.media.audioserver is mapped to system
07-05 08:34:22.655 I/AconfigPackage(19114): com.android.server.deviceidle is mapped to system
07-05 08:34:22.655 I/AconfigPackage(19114): android.nfc is mapped to system
07-05 08:34:22.656 I/AconfigPackage(19114): android.permission.flags is mapped to system
07-05 08:34:22.656 I/AconfigPackage(19114): android.service.voice.flags is mapped to system
07-05 08:34:22.656 I/AconfigPackage(19114): android.content.pm is mapped to system
07-05 08:34:22.656 I/AconfigPackage(19114): com.android.server.power.hint is mapped to system
07-05 08:34:22.656 I/AconfigPackage(19114): android.os is mapped to system
07-05 08:34:22.656 I/AconfigPackage(19114): android.service.dreams is mapped to system
07-05 08:34:22.657 I/AconfigPackage(19114): com.android.graphics.libgui.flags is mapped to system
07-05 08:34:22.657 I/AconfigPackage(19114): android.hardware.usb.flags is mapped to system
07-05 08:34:22.657 I/AconfigPackage(19114): android.provider is mapped to system
07-05 08:34:22.657 I/AconfigPackage(19114): com.android.server.job is mapped to system
07-05 08:34:22.657 I/AconfigPackage(19114): com.android.internal.foldables.flags is mapped to system
07-05 08:34:22.657 I/AconfigPackage(19114): com.android.internal.telephony.flags is mapped to system
07-05 08:34:22.657 I/AconfigPackage(19114): android.webkit is mapped to system
07-05 08:34:22.657 I/AconfigPackage(19114): android.credentials.flags is mapped to system
07-05 08:34:22.658 I/AconfigPackage(19114): com.android.server.display.feature.flags is mapped to system
07-05 08:34:22.658 I/AconfigPackage(19114): com.android.server.notification is mapped to system
07-05 08:34:22.659 I/AconfigPackage(19114): android.appwidget.flags is mapped to system
07-05 08:34:22.659 I/AconfigPackage(19114): com.android.frameworks.sensorservice.flags is mapped to system
07-05 08:34:22.660 I/AconfigPackage(19114): com.android.printspooler.flags is mapped to system
07-05 08:34:22.660 I/AconfigPackage(19114): com.android.window.flags is mapped to system
07-05 08:34:22.660 I/AconfigPackage(19114): android.adaptiveauth is mapped to system
07-05 08:34:22.661 I/AconfigPackage(19114): android.net.wifi.flags is mapped to system
07-05 08:34:22.663 I/AconfigPackage(19114): android.media.tv.flags is mapped to system
07-05 08:34:22.663 I/AconfigPackage(19114): com.android.server.usb.flags is mapped to system
07-05 08:34:22.663 I/AconfigPackage(19114): android.os.vibrator is mapped to system
07-05 08:34:22.664 I/AconfigPackage(19114): android.hardware.devicestate.feature.flags is mapped to system
07-05 08:34:22.664 I/AconfigPackage(19114): com.android.server.usage is mapped to system
07-05 08:34:22.664 I/AconfigPackage(19114): android.server is mapped to system
07-05 08:34:22.664 I/AconfigPackage(19114): com.android.wm.shell is mapped to system
07-05 08:34:22.664 I/AconfigPackage(19114): android.view.inputmethod is mapped to system
07-05 08:34:22.665 I/AconfigPackage(19114): com.android.graphics.hwui.flags is mapped to system
07-05 08:34:22.666 I/AconfigPackage(19114): com.android.server.backup is mapped to system
07-05 08:34:22.666 I/AconfigPackage(19114): com.android.internal.pm.pkg.component.flags is mapped to system
07-05 08:34:22.666 I/AconfigPackage(19114): android.view.accessibility is mapped to system
07-05 08:34:22.666 I/AconfigPackage(19114): com.google.wear.sdk is mapped to system
07-05 08:34:22.666 I/AconfigPackage(19114): android.media.audio is mapped to system
07-05 08:34:22.667 I/AconfigPackage(19114): com.android.server.am is mapped to system
07-05 08:34:22.667 I/AconfigPackage(19114): com.android.media.playback.flags is mapped to system
07-05 08:34:22.668 I/AconfigPackage(19114): com.android.art.flags is mapped to com.android.art
07-05 08:34:22.668 I/AconfigPackage(19114): com.android.libcore is mapped to com.android.art
07-05 08:34:22.668 I/AconfigPackage(19114): com.android.media.extractor.flags is mapped to com.android.media
07-05 08:34:22.668 I/AconfigPackage(19114): com.android.media.mainline.flags is mapped to com.android.media
07-05 08:34:22.669 I/AconfigPackage(19114): com.android.wifi.flags is mapped to com.android.wifi
07-05 08:34:22.669 I/AconfigPackage(19114): com.android.org.conscrypt.flags is mapped to com.android.conscrypt
07-05 08:34:22.669 I/AconfigPackage(19114): com.android.healthfitness.flags is mapped to com.android.healthfitness
07-05 08:34:22.670 I/AconfigPackage(19114): com.google.android.input.twoshay.flags is mapped to vendor
07-05 08:34:22.670 I/AconfigPackage(19114): libgooglecamerahal.flags is mapped to vendor
07-05 08:34:22.670 I/AconfigPackage(19114): com.android.ipsec.flags is mapped to com.android.ipsec
07-05 08:34:22.670 I/AconfigPackage(19114): com.android.nfc.module.flags is mapped to com.android.nfcservices
07-05 08:34:22.671 I/AconfigPackage(19114): com.android.adservices.ondevicepersonalization.flags is mapped to com.android.ondevicepersonalization
07-05 08:34:22.671 I/AconfigPackage(19114): com.android.bluetooth.flags is mapped to com.android.bt
07-05 08:34:22.671 I/AconfigPackage(19114): com.android.devicelock.flags is mapped to com.android.devicelock
07-05 08:34:22.671 I/AconfigPackage(19114): android.os.profiling is mapped to com.android.profiling
07-05 08:34:22.672 I/AconfigPackage(19114): com.android.os.statsd.flags is mapped to com.android.os.statsd
07-05 08:34:22.673 I/AconfigPackage(19114): com.android.cellbroadcastreceiver.flags is mapped to com.android.cellbroadcast
07-05 08:34:22.673 I/AconfigPackage(19114): com.android.adservices.flags is mapped to com.android.adservices
07-05 08:34:22.673 I/AconfigPackage(19114): com.android.sdksandbox.flags is mapped to com.android.adservices
07-05 08:34:22.673 I/AconfigPackage(19114): com.android.uwb.flags is mapped to com.android.uwb
07-05 08:34:22.673 I/AconfigPackage(19114): com.android.ranging.flags is mapped to com.android.uwb
07-05 08:34:22.673 I/AconfigPackage(19114): android.graphics.pdf.flags is mapped to com.android.mediaprovider
07-05 08:34:22.674 I/AconfigPackage(19114): com.android.providers.media.flags is mapped to com.android.mediaprovider
07-05 08:34:22.674 I/AconfigPackage(19114): android.graphics.pdf.flags.readonly is mapped to com.android.mediaprovider
07-05 08:34:22.674 I/AconfigPackage(19114): com.android.net.ct.flags is mapped to com.android.tethering
07-05 08:34:22.674 I/AconfigPackage(19114): com.android.net.flags is mapped to com.android.tethering
07-05 08:34:22.674 I/AconfigPackage(19114): android.net.vcn is mapped to com.android.tethering
07-05 08:34:22.674 I/AconfigPackage(19114): com.android.nearby.flags is mapped to com.android.tethering
07-05 08:34:22.674 I/AconfigPackage(19114): android.net.http is mapped to com.android.tethering
07-05 08:34:22.674 I/AconfigPackage(19114): com.android.net.thread.flags is mapped to com.android.tethering
07-05 08:34:22.675 I/AconfigPackage(19114): com.android.system.virtualmachine.flags is mapped to com.android.virt
07-05 08:34:22.676 E/FeatureFlagsImplExport(19114): android.os.flagging.AconfigStorageReadException: ERROR_PACKAGE_NOT_FOUND: package android.xr cannot be found on the device
07-05 08:34:22.681 D/WifiClientModeImpl[27601:wlan0](  715): updateLinkLayerStatsRssiSpeedFrequencyCapabilities rssi=-50 TxLinkspeed=1 freq=2447 RxLinkSpeed=2
07-05 08:34:22.682 D/UiAutomationConnection(19114): Created on user UserHandle{0}
07-05 08:34:22.682 I/UiAutomation(19114): Initialized for user 0 on display 0
07-05 08:34:22.682 W/UiAutomation(19114): Created with deprecatead constructor, assumes DEFAULT_DISPLAY
07-05 08:34:22.685 D/WifiDataStall(  715): tx tput in kbps: 11000
07-05 08:34:22.685 D/WifiDataStall(  715): rx tput in kbps: 11000
07-05 08:34:22.685 V/WifiConfigManager(  715): Updating scan detail cache freq=2447 BSSID=00:13:10:85:fe:01 RSSI=-50 for "AndroidWifi"NONE
07-05 08:34:22.685 D/AccessibilityManagerService(  715): changeCurrentUserForTestAutomationIfNeededLocked(0): ignoring because device doesn't support visible background users
07-05 08:34:22.686 I/UiAutomationManager(  715): Registering UiTestAutomationService (id=com.android.server.accessibility/UiAutomation, flags=0x0) when called by user 0
07-05 08:34:22.688 D/WifiThroughputPredictor(  715):  utilization (LLS) 80 isBluetoothConnected: false final utilization: 80
07-05 08:34:22.688 D/WifiThroughputPredictor(  715):  BW: 0 RSSI: -50 Nss: 1 Mode: 1 symDur: 4000 snrDb 30 bitPerTone: 4500 rate: 54 throughput: 11
07-05 08:34:22.688 D/WifiThroughputPredictor(  715):  utilization (LLS) 80 isBluetoothConnected: false final utilization: 80
07-05 08:34:22.688 D/WifiThroughputPredictor(  715):  BW: 0 RSSI: -50 Nss: 1 Mode: 1 symDur: 4000 snrDb 30 bitPerTone: 4500 rate: 54 throughput: 11
07-05 08:34:22.689 D/WifiThroughputPredictor(  715):  utilization (LLS) 80 isBluetoothConnected: false final utilization: 80
07-05 08:34:22.689 V/AccessibilityManagerService(  715): onUserStateChangedLocked for userId: 0, forceUpdate: false
07-05 08:34:22.690 D/WifiThroughputPredictor(  715):  BW: 0 RSSI: -50 Nss: 1 Mode: 1 symDur: 4000 snrDb 30 bitPerTone: 4500 rate: 54 throughput: 11
07-05 08:34:22.690 D/WifiThroughputPredictor(  715):  utilization (LLS) 80 isBluetoothConnected: false final utilization: 80
07-05 08:34:22.690 D/WifiThroughputPredictor(  715):  BW: 0 RSSI: -50 Nss: 1 Mode: 1 symDur: 4000 snrDb 30 bitPerTone: 4500 rate: 54 throughput: 11
07-05 08:34:22.691 D/WifiScoreCard(  715): BSSID update SIGNAL_POLL ID: 1559335064 SSID: "AndroidWifi", BSSID: 00:13:10:85:fe:01, MAC: 02:15:b2:00:00:00, IP: /10.0.2.16, Security type: 0, Supplicant state: COMPLETED, Wi-Fi standard: legacy, RSSI: -50, Link speed: 1Mbps, Tx Link speed: 1Mbps, Max Supported Tx Link speed: 11Mbps, Rx Link speed: 2Mbps, Max Supported Rx Link speed: 11Mbps, Frequency: 2447MHz, Net ID: 0, Metered hint: false, score: 60, isUsable: true, CarrierMerged: false, SubscriptionId: -1, IsPrimary: 1, Trusted: true, Restricted: false, Ephemeral: false, OEM paid: false, OEM private: false, OSU AP: false, FQDN: <none>, Provider friendly name: <none>, Requesting package name: <none>"AndroidWifi"openMLO Information: , Is TID-To-Link negotiation supported by the AP: false, AP MLD Address: <none>, AP MLO Link Id: <none>, AP MLO Affiliated links: <none>, Vendor Data: <none>
07-05 08:34:22.691 D/WifiScoreCard(  715): txRate: 2 txSpeed: 1
07-05 08:34:22.691 D/WifiScoreCard(  715): network update SIGNAL_POLL "AndroidWifi" ID: 1201260005 RSSI -50 txSpeed -1
07-05 08:34:22.692 D/WifiClientModeImpl[27601:wlan0](  715):  ClientModeImpl$L2ConnectedState screen=on 1 0 "AndroidWifi" 00:13:10:85:fe:01 rssi=-50 f=2447 sc=60 link=1 tx=1.0, 0.0, 0.0 rx=1.0 bcn=0 [on:0 tx:0 rx:0 period:3016] from screen [on:0 period:829034852] score=60
07-05 08:34:22.695 W/MagnificationConnectionManager(  715): requestConnection duplicated request: connect=false, mConnectionState=DISCONNECTED
07-05 08:34:22.700 W/IPCThreadState(  715): Sending oneway calls to frozen process.
07-05 08:34:22.700 W/IPCThreadState(  715): Sending oneway calls to frozen process.
07-05 08:34:22.700 W/IPCThreadState(  715): Sending oneway calls to frozen process.
07-05 08:34:22.701 W/IPCThreadState(  715): Sending oneway calls to frozen process.
07-05 08:34:22.702 W/IPCThreadState(  715): Sending oneway calls to frozen process.
07-05 08:34:22.702 W/IPCThreadState(  715): Sending oneway calls to frozen process.
07-05 08:34:22.702 W/IPCThreadState(  715): Sending oneway calls to frozen process.
07-05 08:34:22.704 W/IPCThreadState(  715): Sending oneway calls to frozen process.
07-05 08:34:22.704 V/UiAutomation(19114): Init UiAutomation@ed464aa[id=562, displayId=0, flags=0]
07-05 08:34:22.704 W/IPCThreadState(  715): Sending oneway calls to frozen process.
07-05 08:34:22.704 V/AccessibilityManagerService(  715): onUserStateChangedLocked for userId: 0, forceUpdate: false
07-05 08:34:22.705 W/MagnificationConnectionManager(  715): requestConnection duplicated request: connect=false, mConnectionState=DISCONNECTED
07-05 08:34:22.706 W/IPCThreadState(  715): Sending oneway calls to frozen process.
07-05 08:34:22.706 W/IPCThreadState(  715): Sending oneway calls to frozen process.
07-05 08:34:22.706 W/IPCThreadState(  715): Sending oneway calls to frozen process.
07-05 08:34:22.706 W/IPCThreadState(  715): Sending oneway calls to frozen process.
07-05 08:34:22.706 W/IPCThreadState(  715): Sending oneway calls to frozen process.
07-05 08:34:22.708 W/IPCThreadState(  715): Sending oneway calls to frozen process.
07-05 08:34:22.708 W/IPCThreadState(  715): Sending oneway calls to frozen process.
07-05 08:34:22.708 W/IPCThreadState(  715): Sending oneway calls to frozen process.
07-05 08:34:22.709 W/IPCThreadState(  715): Sending oneway calls to frozen process.
07-05 08:34:22.709 W/IPCThreadState(  715): Sending oneway calls to frozen process.
07-05 08:34:22.709 W/IPCThreadState(  715): Sending oneway calls to frozen process.
07-05 08:34:22.709 W/IPCThreadState(  715): Sending oneway calls to frozen process.
07-05 08:34:22.710 W/IPCThreadState(  715): Sending oneway calls to frozen process.
07-05 08:34:22.710 W/IPCThreadState(  715): Sending oneway calls to frozen process.
07-05 08:34:22.710 W/IPCThreadState(  715): Sending oneway calls to frozen process.
07-05 08:34:22.710 W/IPCThreadState(  715): Sending oneway calls to frozen process.
07-05 08:34:22.712 E/TaskPersister(  715): File error accessing recents directory (directory doesn't exist?).
07-05 08:34:22.712 W/IPCThreadState(  715): Sending oneway calls to frozen process.
07-05 08:34:22.712 W/IPCThreadState(  715): Sending oneway calls to frozen process.
07-05 08:34:22.713 I/netd    (  488): tetherGetStats() -> {[]} <0.54ms>
07-05 08:34:22.713 W/IPCThreadState(  715): Sending oneway calls to frozen process.
07-05 08:34:22.713 W/IPCThreadState(  715): Sending oneway calls to frozen process.
07-05 08:34:22.713 W/IPCThreadState(  715): Sending oneway calls to frozen process.
07-05 08:34:22.714 W/IPCThreadState(  715): Sending oneway calls to frozen process.
07-05 08:34:22.714 W/IPCThreadState(  715): Sending oneway calls to frozen process.
07-05 08:34:22.714 W/IPCThreadState(  715): Sending oneway calls to frozen process.
07-05 08:34:22.714 W/IPCThreadState(  715): Sending oneway calls to frozen process.
07-05 08:34:22.715 W/IPCThreadState(  715): Sending oneway calls to frozen process.
07-05 08:34:22.716 W/IPCThreadState(  715): Sending oneway calls to frozen process.
07-05 08:34:22.716 W/IPCThreadState(  715): Sending oneway calls to frozen process.
07-05 08:34:22.716 W/IPCThreadState(  715): Sending oneway calls to frozen process.
07-05 08:34:22.716 W/IPCThreadState(  715): Sending oneway calls to frozen process.
07-05 08:34:22.716 W/IPCThreadState(  715): Sending oneway calls to frozen process.
07-05 08:34:22.717 W/IPCThreadState(  715): Sending oneway calls to frozen process.
07-05 08:34:22.717 W/IPCThreadState(  715): Sending oneway calls to frozen process.
07-05 08:34:22.717 W/IPCThreadState(  715): Sending oneway calls to frozen process.
07-05 08:34:22.717 W/IPCThreadState(  715): Sending oneway calls to frozen process.
07-05 08:34:22.718 W/IPCThreadState(  715): Sending oneway calls to frozen process.
07-05 08:34:23.451 I/WifiService(  715): isFeatureSupported uid=1000 returns [WIFI_FEATURE_INFRA, WIFI_FEATURE_P2P, WIFI_FEATURE_MOBILE_HOTSPOT, WIFI_FEATURE_WPA3_SAE, WIFI_FEATURE_WPA3_SUITE_B, WIFI_FEATURE_OWE, WIFI_FEATURE_DPP, WIFI_FEATURE_AP_RAND_MAC, WIFI_FEATURE_MBO, WIFI_FEATURE_FILS_SHA256, WIFI_FEATURE_FILS_SHA384, WIFI_FEATURE_SAE_PK, WIFI_FEATURE_DPP_ENROLLEE_RESPONDER, WIFI_FEATURE_PASSPOINT_TERMS_AND_CONDITIONS, WIFI_FEATURE_WFD_R2, WIFI_FEATURE_DECORATED_IDENTITY, WIFI_FEATURE_TRUST_ON_FIRST_USE, WIFI_FEATURE_SET_TLS_MINIMUM_VERSION, WIFI_FEATURE_TLS_V1_3, WIFI_FEATURE_WEP, WIFI_FEATURE_WPA_PERSONAL]
07-05 08:34:23.455 E/BluetoothPowerStatsCollector(  715): Cannot acquire BluetoothActivityEnergyInfo
07-05 08:34:23.455 E/BluetoothPowerStatsCollector(  715): java.util.concurrent.ExecutionException: java.lang.RuntimeException: error: 11
07-05 08:34:23.455 E/BluetoothPowerStatsCollector(  715): 	at java.util.concurrent.CompletableFuture.reportGet(CompletableFuture.java:372)
07-05 08:34:23.455 E/BluetoothPowerStatsCollector(  715): 	at java.util.concurrent.CompletableFuture.get(CompletableFuture.java:2072)
07-05 08:34:23.455 E/BluetoothPowerStatsCollector(  715): 	at com.android.server.power.stats.BluetoothPowerStatsCollector.collectBluetoothActivityInfo(BluetoothPowerStatsCollector.java:192)
07-05 08:34:23.455 E/BluetoothPowerStatsCollector(  715): 	at com.android.server.power.stats.BluetoothPowerStatsCollector.collectStats(BluetoothPowerStatsCollector.java:155)
07-05 08:34:23.455 E/BluetoothPowerStatsCollector(  715): 	at com.android.server.power.stats.PowerStatsCollector.collectAndDeliverStats(PowerStatsCollector.java:176)
07-05 08:34:23.455 E/BluetoothPowerStatsCollector(  715): 	at com.android.server.power.stats.PowerStatsCollector$$ExternalSyntheticLambda0.run(R8$$SyntheticClass:0)
07-05 08:34:23.455 E/BluetoothPowerStatsCollector(  715): 	at android.os.Handler.handleCallback(Handler.java:995)
07-05 08:34:23.455 E/BluetoothPowerStatsCollector(  715): 	at android.os.Handler.dispatchMessage(Handler.java:103)
07-05 08:34:23.455 E/BluetoothPowerStatsCollector(  715): 	at android.os.Looper.loopOnce(Looper.java:248)
07-05 08:34:23.455 E/BluetoothPowerStatsCollector(  715): 	at android.os.Looper.loop(Looper.java:338)
07-05 08:34:23.455 E/BluetoothPowerStatsCollector(  715): 	at android.os.HandlerThread.run(HandlerThread.java:85)
07-05 08:34:23.455 E/BluetoothPowerStatsCollector(  715): Caused by: java.lang.RuntimeException: error: 11
07-05 08:34:23.455 E/BluetoothPowerStatsCollector(  715): 	at com.android.server.power.stats.BluetoothPowerStatsCollector$1.onBluetoothActivityEnergyInfoError(BluetoothPowerStatsCollector.java:181)
07-05 08:34:23.455 E/BluetoothPowerStatsCollector(  715): 	at android.bluetooth.BluetoothAdapter$OnBluetoothActivityEnergyInfoProxy.lambda$onBluetoothActivityEnergyInfoAvailable$0(BluetoothAdapter.java:1037)
07-05 08:34:23.455 E/BluetoothPowerStatsCollector(  715): 	at android.bluetooth.BluetoothAdapter$OnBluetoothActivityEnergyInfoProxy$$ExternalSyntheticLambda1.run(D8$$SyntheticClass:0)
07-05 08:34:23.455 E/BluetoothPowerStatsCollector(  715): 	at android.bluetooth.BluetoothUtils.lambda$executeFromBinder$0(BluetoothUtils.java:343)
07-05 08:34:23.455 E/BluetoothPowerStatsCollector(  715): 	at android.bluetooth.BluetoothUtils$$ExternalSyntheticLambda1.run(D8$$SyntheticClass:0)
07-05 08:34:23.455 E/BluetoothPowerStatsCollector(  715): 	at com.android.server.SystemServerInitThreadPool$$ExternalSyntheticLambda0.execute(R8$$SyntheticClass:0)
07-05 08:34:23.455 E/BluetoothPowerStatsCollector(  715): 	at android.bluetooth.BluetoothUtils.executeFromBinder(BluetoothUtils.java:343)
07-05 08:34:23.455 E/BluetoothPowerStatsCollector(  715): 	at android.bluetooth.BluetoothAdapter$OnBluetoothActivityEnergyInfoProxy.onBluetoothActivityEnergyInfoAvailable(BluetoothAdapter.java:1035)
07-05 08:34:23.455 E/BluetoothPowerStatsCollector(  715): 	at android.bluetooth.IBluetoothActivityEnergyInfoListener$Stub.onTransact(IBluetoothActivityEnergyInfoListener.java:98)
07-05 08:34:23.455 E/BluetoothPowerStatsCollector(  715): 	at android.os.Binder.execTransactInternal(Binder.java:1426)
07-05 08:34:23.455 E/BluetoothPowerStatsCollector(  715): 	at android.os.Binder.execTransact(Binder.java:1365)
07-05 08:34:23.719 W/AccessibilityNodeInfoDumper(19114): Fetch time: 3ms
07-05 08:34:23.722 V/AccessibilityManagerService(  715): onUserStateChangedLocked for userId: 0, forceUpdate: false
07-05 08:34:23.723 D/BackgroundInstallControlService(  715): Package event received: 0
07-05 08:34:23.726 W/MagnificationConnectionManager(  715): requestConnection duplicated request: connect=false, mConnectionState=DISCONNECTED
07-05 08:34:23.726 D/AccessibilityManagerService(  715): restoreCurrentUserForTestAutomationIfNeededLocked(): ignoring because device doesn't support visible background users
07-05 08:34:23.727 W/IPCThreadState(  715): Sending oneway calls to frozen process.
07-05 08:34:23.728 W/IPCThreadState(  715): Sending oneway calls to frozen process.
07-05 08:34:23.728 W/IPCThreadState(  715): Sending oneway calls to frozen process.
07-05 08:34:23.728 W/IPCThreadState(  715): Sending oneway calls to frozen process.
07-05 08:34:23.728 W/IPCThreadState(  715): Sending oneway calls to frozen process.
07-05 08:34:23.728 W/IPCThreadState(  715): Sending oneway calls to frozen process.
07-05 08:34:23.729 W/IPCThreadState(  715): Sending oneway calls to frozen process.
07-05 08:34:23.729 W/IPCThreadState(  715): Sending oneway calls to frozen process.
07-05 08:34:23.729 W/IPCThreadState(19114): call to talkWithDriver in joinThreadPool returned error: -9 (Bad file descriptor), FD: -1
07-05 08:34:23.730 D/AndroidRuntime(19114): Shutting down VM
07-05 08:34:23.731 W/IPCThreadState(19114): call to talkWithDriver in joinThreadPool returned error: -9 (Bad file descriptor), FD: -1
07-05 08:34:23.731 W/IPCThreadState(19114): call to talkWithDriver in joinThreadPool returned error: -9 (Bad file descriptor), FD: -1
07-05 08:34:23.733 W/IPCThreadState(  715): Sending oneway calls to frozen process.
07-05 08:34:23.707 W/debug_low_async_space_locked(    0): 6 callbacks suppressed
07-05 08:34:23.707 I/binder_alloc(    0): 2497: pid 715 spamming oneway? 3116 buffers allocated for a total size of 419536
07-05 08:34:23.734 W/IPCThreadState(  715): Sending oneway calls to frozen process.
07-05 08:34:23.734 W/IPCThreadState(  715): Sending oneway calls to frozen process.
07-05 08:34:23.734 W/IPCThreadState(  715): Sending oneway calls to frozen process.
07-05 08:34:23.734 W/IPCThreadState(  715): Sending oneway calls to frozen process.
07-05 08:34:23.734 W/IPCThreadState(  715): Sending oneway calls to frozen process.
07-05 08:34:23.735 W/IPCThreadState(  715): Sending oneway calls to frozen process.
07-05 08:34:23.735 W/IPCThreadState(  715): Sending oneway calls to frozen process.
07-05 08:34:23.735 W/IPCThreadState(  715): Sending oneway calls to frozen process.
07-05 08:34:23.737 W/IPCThreadState(  715): Sending oneway calls to frozen process.
07-05 08:34:23.738 V/AccessibilityManagerService(  715): onUserStateChangedLocked for userId: 0, forceUpdate: false
07-05 08:34:23.713 I/binder_alloc(    0): 2497: pid 715 spamming oneway? 3117 buffers allocated for a total size of 419672
07-05 08:34:23.741 W/MagnificationConnectionManager(  715): requestConnection duplicated request: connect=false, mConnectionState=DISCONNECTED
07-05 08:34:23.741 W/IPCThreadState(  715): Sending oneway calls to frozen process.
07-05 08:34:23.741 W/IPCThreadState(  715): Sending oneway calls to frozen process.
07-05 08:34:23.741 W/IPCThreadState(  715): Sending oneway calls to frozen process.
07-05 08:34:23.742 W/IPCThreadState(  715): Sending oneway calls to frozen process.
07-05 08:34:23.742 W/IPCThreadState(  715): Sending oneway calls to frozen process.
07-05 08:34:23.742 W/IPCThreadState(  715): Sending oneway calls to frozen process.
07-05 08:34:23.742 W/IPCThreadState(  715): Sending oneway calls to frozen process.
07-05 08:34:23.743 W/IPCThreadState(  715): Sending oneway calls to frozen process.
07-05 08:34:23.744 W/IPCThreadState(  715): Sending oneway calls to frozen process.
07-05 08:34:23.745 W/IPCThreadState(  715): Sending oneway calls to frozen process.
07-05 08:34:23.745 W/IPCThreadState(  715): Sending oneway calls to frozen process.
07-05 08:34:23.745 W/IPCThreadState(  715): Sending oneway calls to frozen process.
07-05 08:34:23.745 W/IPCThreadState(  715): Sending oneway calls to frozen process.
07-05 08:34:23.745 W/IPCThreadState(  715): Sending oneway calls to frozen process.
07-05 08:34:23.746 W/IPCThreadState(  715): Sending oneway calls to frozen process.
07-05 08:34:23.746 W/IPCThreadState(  715): Sending oneway calls to frozen process.
07-05 08:34:23.746 W/IPCThreadState(  715): Sending oneway calls to frozen process.
07-05 08:34:23.721 I/binder_alloc(    0): 2497: pid 715 spamming oneway? 3118 buffers allocated for a total size of 419808
07-05 08:34:23.724 I/binder_alloc(    0): 2497: pid 715 spamming oneway? 3119 buffers allocated for a total size of 419944
07-05 08:34:23.748 W/IPCThreadState(  715): Sending oneway calls to frozen process.
07-05 08:34:23.749 W/IPCThreadState(  715): Sending oneway calls to frozen process.
07-05 08:34:23.749 W/IPCThreadState(  715): Sending oneway calls to frozen process.
07-05 08:34:23.749 W/IPCThreadState(  715): Sending oneway calls to frozen process.
07-05 08:34:23.749 W/IPCThreadState(  715): Sending oneway calls to frozen process.
07-05 08:34:23.749 W/IPCThreadState(  715): Sending oneway calls to frozen process.
07-05 08:34:23.749 W/IPCThreadState(  715): Sending oneway calls to frozen process.
07-05 08:34:23.750 W/IPCThreadState(  715): Sending oneway calls to frozen process.
07-05 08:34:23.750 W/IPCThreadState(  715): Sending oneway calls to frozen process.
07-05 08:34:23.750 I/netd    (  488): tetherGetStats() -> {[]} <0.92ms>
07-05 08:34:23.751 W/IPCThreadState(  715): Sending oneway calls to frozen process.
07-05 08:34:23.728 I/binder_alloc(    0): 2497: pid 715 spamming oneway? 3120 buffers allocated for a total size of 420080
07-05 08:34:24.787 D/ProfileInstaller(19050): Installing profile for com.huiyi.mockchat
07-05 08:34:25.697 D/WifiClientModeImpl[27601:wlan0](  715): updateLinkLayerStatsRssiSpeedFrequencyCapabilities rssi=-50 TxLinkspeed=1 freq=2447 RxLinkSpeed=2
07-05 08:34:25.697 D/WifiDataStall(  715): tx tput in kbps: 11000
07-05 08:34:25.697 D/WifiDataStall(  715): rx tput in kbps: 11000
07-05 08:34:25.698 V/WifiConfigManager(  715): Updating scan detail cache freq=2447 BSSID=00:13:10:85:fe:01 RSSI=-50 for "AndroidWifi"NONE
07-05 08:34:25.698 D/WifiThroughputPredictor(  715):  utilization (LLS) 80 isBluetoothConnected: false final utilization: 80
07-05 08:34:25.698 D/WifiThroughputPredictor(  715):  BW: 0 RSSI: -50 Nss: 1 Mode: 1 symDur: 4000 snrDb 30 bitPerTone: 4500 rate: 54 throughput: 11
07-05 08:34:25.698 D/WifiThroughputPredictor(  715):  utilization (LLS) 80 isBluetoothConnected: false final utilization: 80
07-05 08:34:25.699 D/WifiThroughputPredictor(  715):  BW: 0 RSSI: -50 Nss: 1 Mode: 1 symDur: 4000 snrDb 30 bitPerTone: 4500 rate: 54 throughput: 11
07-05 08:34:25.699 D/WifiThroughputPredictor(  715):  utilization (LLS) 80 isBluetoothConnected: false final utilization: 80
07-05 08:34:25.699 D/WifiThroughputPredictor(  715):  BW: 0 RSSI: -50 Nss: 1 Mode: 1 symDur: 4000 snrDb 30 bitPerTone: 4500 rate: 54 throughput: 11
07-05 08:34:25.699 D/WifiThroughputPredictor(  715):  utilization (LLS) 80 isBluetoothConnected: false final utilization: 80
07-05 08:34:25.699 D/WifiThroughputPredictor(  715):  BW: 0 RSSI: -50 Nss: 1 Mode: 1 symDur: 4000 snrDb 30 bitPerTone: 4500 rate: 54 throughput: 11
07-05 08:34:25.700 D/WifiScoreCard(  715): BSSID update SIGNAL_POLL ID: 1559335064 SSID: "AndroidWifi", BSSID: 00:13:10:85:fe:01, MAC: 02:15:b2:00:00:00, IP: /10.0.2.16, Security type: 0, Supplicant state: COMPLETED, Wi-Fi standard: legacy, RSSI: -50, Link speed: 1Mbps, Tx Link speed: 1Mbps, Max Supported Tx Link speed: 11Mbps, Rx Link speed: 2Mbps, Max Supported Rx Link speed: 11Mbps, Frequency: 2447MHz, Net ID: 0, Metered hint: false, score: 60, isUsable: true, CarrierMerged: false, SubscriptionId: -1, IsPrimary: 1, Trusted: true, Restricted: false, Ephemeral: false, OEM paid: false, OEM private: false, OSU AP: false, FQDN: <none>, Provider friendly name: <none>, Requesting package name: <none>"AndroidWifi"openMLO Information: , Is TID-To-Link negotiation supported by the AP: false, AP MLD Address: <none>, AP MLO Link Id: <none>, AP MLO Affiliated links: <none>, Vendor Data: <none>
07-05 08:34:25.700 D/WifiScoreCard(  715): txRate: 1 txSpeed: 1
07-05 08:34:25.701 D/WifiScoreCard(  715): network update SIGNAL_POLL "AndroidWifi" ID: 1201260005 RSSI -50 txSpeed -1
07-05 08:34:25.701 D/WifiClientModeImpl[27601:wlan0](  715):  ClientModeImpl$L2ConnectedState screen=on 1 0 "AndroidWifi" 00:13:10:85:fe:01 rssi=-50 f=2447 sc=60 link=1 tx=0.3, 0.0, 0.0 rx=0.3 bcn=0 [on:0 tx:0 rx:0 period:3008] from screen [on:0 period:829037861] score=60
07-05 08:34:26.889 I/netd    (  488): tetherGetStats() -> {[]} <0.50ms>
07-05 08:34:27.859 W/screencap(19135): Thread Pool max thread count is 0. Cannot cache binder as linkToDeath cannot be implemented. serviceName: SurfaceFlingerAIDL
07-05 08:34:27.859 W/BpBinder(19135): Linking to death on android.gui.ISurfaceComposer but there are no threads (yet?) listening to incoming transactions. See ProcessState::startThreadPool and ProcessState::setThreadPoolMaxThreadCount. Generally you should setup the binder threadpool before other initialization steps.
07-05 08:34:27.860 W/ProcessState(19135): Extra binder thread started, but 0 threads requested. Do not use *startThreadPool when zero threads are requested.
07-05 08:34:27.877 E/HwcComposer(  567): getLuts failed Status(-8, EX_SERVICE_SPECIFIC): '8: '
07-05 08:34:27.878 E/HWComposer(  567): getLuts: getLuts failed for display 4619827259835644672: UNSUPPORTED (8)
07-05 08:34:27.859 I/servicemanager(    0): Caller(pid=19135,uid=2000,sid=u:r:shell:s0) Found android.hardware.graphics.allocator.IAllocator/default in device VINTF manifest.
07-05 08:34:27.862 I/servicemanager(    0): Caller(pid=19135,uid=2000,sid=u:r:shell:s0) Found android.hardware.graphics.allocator.IAllocator/default in device VINTF manifest.
07-05 08:34:27.863 I/servicemanager(    0): Caller(pid=19135,uid=2000,sid=u:r:shell:s0) Found mapper/ranchu in device VINTF manifest.
07-05 08:34:28.055 I/logd    (    0): logdr: UID=2000 GID=2000 PID=19137 n tail=0 logMask=99 pid=0 start=0ns deadline=0ns
