--------- beginning of system
07-06 00:01:24.685 I/ActivityManager(  715): Force stopping com.huiyi.mockchat appid=10217 user=0: from pid 22461
07-06 00:01:24.687 I/ActivityManager(  715): Killing 22370:com.huiyi.mockchat/u0a217 (adj 0): stop com.huiyi.mockchat due to from pid 22461
07-06 00:01:24.689 D/CompatChangeReporter(  715): Compat change id reported: 151861875; UID 10217; state: ENABLED
07-06 00:01:24.690 W/ActivityTaskManager(  715): Force removing ActivityRecord{255816396 u0 com.huiyi.mockchat/.MainActivity t207 f}}: app died, no saved state
07-06 00:01:24.692 V/WindowManagerShell(  972): Transition requested (#198): android.os.BinderProxy@de6780 TransitionRequestInfo { type = CLOSE, triggerTask = TaskInfo{userId=0 taskId=207 effectiveUid=10217 displayId=0 isRunning=false baseIntent=Intent { flg=0x10000000 cmp=com.huiyi.mockchat/.MainActivity } baseActivity=null topActivity=null origActivity=null realActivity=ComponentInfo{com.huiyi.mockchat/com.huiyi.mockchat.MainActivity} numActivities=0 lastActiveTime=38389147 supportsMultiWindow=true resizeMode=1 isResizeable=true minWidth=-1 minHeight=-1 defaultMinSize=220 token=WCT{android.window.IWindowContainerToken$Stub$Proxy@f3b41b9} topActivityType=1 pictureInPictureParams=null shouldDockBigOverlays=false launchIntoPipHostTaskId=-1 lastParentTaskIdBeforePip=-1 displayCutoutSafeInsets=Rect(0, 0 - 0, 0) topActivityInfo=null launchCookies=[] positionInParent=Point(0, 0) parentTaskId=-1 isFocused=true isVisible=true isVisibleRequested=true isTopActivityNoDisplay=false isSleeping=false locusId=null displayAreaFeatureId=1 isTopActivityTransparent=false isActivityStackTransparent=true lastNonFullscreenBounds=Rect(286, 664 - 798, 1748) capturedLink=null capturedLinkTimestamp=0 requestedVisibleTypes=-9 topActivityRequestOpenInBrowserEducationTimestamp=0 appCompatTaskInfo=AppCompatTaskInfo { topActivityInSizeCompat=false eligibleForLetterboxEducation= false isLetterboxEducationEnabled= false isLetterboxDoubleTapEnabled= false eligibleForUserAspectRatioButton= false topActivityBoundsLetterboxed= false isFromLetterboxDoubleTap= false topActivityLetterboxVerticalPosition= -1 topActivityLetterboxHorizontalPosition= -1 topActivityLetterboxWidth=-1 topActivityLetterboxHeight=-1 topActivityAppBounds=Rect(0, 0 - 0, 0) isUserFullscreenOverrideEnabled=false isSystemFullscreenOverrideEnabled=false hasMinAspectRatioOverride=false topActivityLetterboxBounds=null cameraCompatTaskInfo=CameraCompatTaskInfo { freeformCameraCompatMode=undefined}} topActivityMainWindowFrame=null}, pipChange = null, remoteTransition = null, displayChange = null, flags = 0, debugId = 198 }
--------- beginning of main
07-06 00:01:24.693 I/BpBinder(  567): onLastStrongRef automatically unlinking death recipients: 
07-06 00:01:24.696 D/BackgroundInstallControlService(  715): Package event received: 0
07-06 00:01:24.701 D/ViewRootImpl( 1124): Skipping stats log for color mode
07-06 00:01:24.705 I/AppWidgetServiceImpl(  715): startListening() 0
07-06 00:01:24.707 W/IPCThreadState(  715): Sending oneway calls to frozen process.
07-06 00:01:24.707 W/IPCThreadState(  715): Sending oneway calls to frozen process.
07-06 00:01:24.707 W/IPCThreadState(  715): Sending oneway calls to frozen process.
07-06 00:01:24.707 W/IPCThreadState(  715): Sending oneway calls to frozen process.
07-06 00:01:24.707 W/IPCThreadState(  715): Sending oneway calls to frozen process.
07-06 00:01:24.707 D/StatsLog( 1124): LAUNCHER_ONRESUME
07-06 00:01:24.708 I/adbd    (  576): Remote process closed the socket (on MSG_PEEK)
07-06 00:01:24.712 I/Zygote  (  491): Process 22370 exited due to signal 9 (Killed)
07-06 00:01:24.712 W/InputDispatcher(  715): channel '1da1e19 com.huiyi.mockchat/com.huiyi.mockchat.MainActivity' ~ Consumer closed input channel or an error occurred.  events=0x9
07-06 00:01:24.712 E/InputDispatcher(  715): channel '1da1e19 com.huiyi.mockchat/com.huiyi.mockchat.MainActivity' ~ Channel is unrecoverably broken and will be disposed!
07-06 00:01:24.712 D/WindowManagerShell(  972): setLauncherKeepClearAreaHeight: visible=true, height=497
07-06 00:01:24.712 I/WindowManager(  715): WIN DEATH: Window{1da1e19 u0 com.huiyi.mockchat/com.huiyi.mockchat.MainActivity}
07-06 00:01:24.714 D/BackgroundInstallControlService(  715): Package event received: 0
07-06 00:01:24.714 W/IPCThreadState(  715): Sending oneway calls to frozen process.
07-06 00:01:24.714 W/IPCThreadState(  715): Sending oneway calls to frozen process.
07-06 00:01:24.714 I/BpBinder(  567): onLastStrongRef automatically unlinking death recipients: 
07-06 00:01:24.715 D/NexusLauncherModelDelegate( 1124): notifySmartspaceEvent: SmartspaceTargetEvent{mSmartspaceTarget=null, mSmartspaceActionId='null', mEventType=6}
07-06 00:01:24.715 W/IPCThreadState(  715): Sending oneway calls to frozen process.
07-06 00:01:24.715 W/IPCThreadState(  715): Sending oneway calls to frozen process.
07-06 00:01:24.715 W/IPCThreadState(  715): Sending oneway calls to frozen process.
07-06 00:01:24.715 W/IPCThreadState(  715): Sending oneway calls to frozen process.
07-06 00:01:24.716 W/IPCThreadState(  715): Sending oneway calls to frozen process.
07-06 00:01:24.716 W/IPCThreadState(  715): Sending oneway calls to frozen process.
07-06 00:01:24.716 D/BackgroundInstallControlService(  715): Package event received: 0
07-06 00:01:24.716 I/ImeTracker(  715): com.huiyi.mockchat:3ded0c19: onRequestHide at ORIGIN_SERVER reason HIDE_REMOVE_CLIENT fromUser false
07-06 00:01:24.717 I/ImeTracker(  715): com.huiyi.mockchat:3ded0c19: onCancelled at PHASE_SERVER_SHOULD_HIDE
07-06 00:01:24.719 W/IPCThreadState(  715): Sending oneway calls to frozen process.
07-06 00:01:24.719 W/IPCThreadState(  715): Sending oneway calls to frozen process.
07-06 00:01:24.720 W/IPCThreadState(  715): Sending oneway calls to frozen process.
07-06 00:01:24.720 W/IPCThreadState(  715): Sending oneway calls to frozen process.
07-06 00:01:24.720 W/IPCThreadState(  715): Sending oneway calls to frozen process.
07-06 00:01:24.721 W/IPCThreadState(  715): Sending oneway calls to frozen process.
07-06 00:01:24.721 W/IPCThreadState(  715): Sending oneway calls to frozen process.
07-06 00:01:24.722 W/IPCThreadState(  715): Sending oneway calls to frozen process.
07-06 00:01:24.722 D/WifiClientModeImpl[27601:wlan0](  715): updateLinkLayerStatsRssiSpeedFrequencyCapabilities rssi=-50 TxLinkspeed=1 freq=2447 RxLinkSpeed=2
07-06 00:01:24.722 W/IPCThreadState(  715): Sending oneway calls to frozen process.
07-06 00:01:24.722 D/WifiDataStall(  715): tx tput in kbps: 11000
07-06 00:01:24.722 D/WifiDataStall(  715): rx tput in kbps: 11000
07-06 00:01:24.722 V/WifiConfigManager(  715): Updating scan detail cache freq=2447 BSSID=00:13:10:85:fe:01 RSSI=-50 for "AndroidWifi"NONE
07-06 00:01:24.722 D/WifiThroughputPredictor(  715):  utilization (LLS) 80 isBluetoothConnected: false final utilization: 80
07-06 00:01:24.722 W/IPCThreadState(  715): Sending oneway calls to frozen process.
07-06 00:01:24.722 D/WifiThroughputPredictor(  715):  BW: 0 RSSI: -50 Nss: 1 Mode: 1 symDur: 4000 snrDb 30 bitPerTone: 4500 rate: 54 throughput: 11
07-06 00:01:24.723 D/WifiThroughputPredictor(  715):  utilization (LLS) 80 isBluetoothConnected: false final utilization: 80
07-06 00:01:24.723 W/IPCThreadState(  715): Sending oneway calls to frozen process.
07-06 00:01:24.724 W/IPCThreadState(  715): Sending oneway calls to frozen process.
07-06 00:01:24.725 I/netd    (  488): tetherGetStats() -> {[]} <1.40ms>
07-06 00:01:24.725 D/WifiThroughputPredictor(  715):  BW: 0 RSSI: -50 Nss: 1 Mode: 1 symDur: 4000 snrDb 30 bitPerTone: 4500 rate: 54 throughput: 11
07-06 00:01:24.725 W/IPCThreadState(  715): Sending oneway calls to frozen process.
07-06 00:01:24.725 W/IPCThreadState(  715): Sending oneway calls to frozen process.
07-06 00:01:24.728 D/BaseDepthController( 1124): setSurface:
07-06 00:01:24.728 D/BaseDepthController( 1124): 	mWaitingOnSurfaceValidity: false
07-06 00:01:24.728 D/BaseDepthController( 1124): 	mBaseSurface: Surface(name=com.google.android.apps.nexuslauncher/com.google.android.apps.nexuslauncher.NexusLauncherActivity)/@0xcfe1a4e
07-06 00:01:24.731 D/WifiThroughputPredictor(  715):  utilization (LLS) 80 isBluetoothConnected: false final utilization: 80
07-06 00:01:24.732 W/IPCThreadState(  715): Sending oneway calls to frozen process.
07-06 00:01:24.732 D/WifiThroughputPredictor(  715):  BW: 0 RSSI: -50 Nss: 1 Mode: 1 symDur: 4000 snrDb 30 bitPerTone: 4500 rate: 54 throughput: 11
07-06 00:01:24.732 D/WifiThroughputPredictor(  715):  utilization (LLS) 80 isBluetoothConnected: false final utilization: 80
07-06 00:01:24.733 D/WifiThroughputPredictor(  715):  BW: 0 RSSI: -50 Nss: 1 Mode: 1 symDur: 4000 snrDb 30 bitPerTone: 4500 rate: 54 throughput: 11
07-06 00:01:24.733 W/IPCThreadState(  715): Sending oneway calls to frozen process.
07-06 00:01:24.733 W/IPCThreadState(  715): Sending oneway calls to frozen process.
07-06 00:01:24.733 W/IPCThreadState(  715): Sending oneway calls to frozen process.
07-06 00:01:24.733 D/WifiScoreCard(  715): BSSID update SIGNAL_POLL ID: 1559335064 SSID: "AndroidWifi", BSSID: 00:13:10:85:fe:01, MAC: 02:15:b2:00:00:00, IP: /10.0.2.16, Security type: 0, Supplicant state: COMPLETED, Wi-Fi standard: legacy, RSSI: -50, Link speed: 1Mbps, Tx Link speed: 1Mbps, Max Supported Tx Link speed: 11Mbps, Rx Link speed: 2Mbps, Max Supported Rx Link speed: 11Mbps, Frequency: 2447MHz, Net ID: 0, Metered hint: false, score: 60, isUsable: true, CarrierMerged: false, SubscriptionId: -1, IsPrimary: 1, Trusted: true, Restricted: false, Ephemeral: false, OEM paid: false, OEM private: false, OSU AP: false, FQDN: <none>, Provider friendly name: <none>, Requesting package name: <none>"AndroidWifi"openMLO Information: , Is TID-To-Link negotiation supported by the AP: false, AP MLD Address: <none>, AP MLO Link Id: <none>, AP MLO Affiliated links: <none>, Vendor Data: <none>
07-06 00:01:24.734 D/WifiScoreCard(  715): txRate: 1 txSpeed: 1
07-06 00:01:24.734 I/AiAiEcho( 1480): Predicting[0]:  [CONTEXT sampling_count=5 ]
07-06 00:01:24.734 D/WifiScoreCard(  715): network update SIGNAL_POLL "AndroidWifi" ID: 1201260005 RSSI -50 txSpeed -1
07-06 00:01:24.734 I/AiAiEcho( 1480): EchoTargets: 
07-06 00:01:24.734 I/AiAiEcho( 1480): Filtered by AiAi flag check: 
07-06 00:01:24.734 I/AiAiEcho( 1480): [CONTEXT ratelimit_period="10 SECONDS" ]
07-06 00:01:24.734 I/AiAiEcho( 1480): #remoteViewsTwiddler: feature disabled.
07-06 00:01:24.736 D/WifiClientModeImpl[27601:wlan0](  715):  ClientModeImpl$L2ConnectedState screen=on 1 0 "AndroidWifi" 00:13:10:85:fe:01 rssi=-50 f=2447 sc=60 link=1 tx=0.8, 0.0, 0.0 rx=0.9 bcn=0 [on:0 tx:0 rx:0 period:3016] from screen [on:0 period:884656896] score=60
07-06 00:01:24.737 W/IPCThreadState(  715): Sending oneway calls to frozen process.
07-06 00:01:24.737 W/IPCThreadState(  715): Sending oneway calls to frozen process.
07-06 00:01:24.738 W/IPCThreadState(  715): Sending oneway calls to frozen process.
07-06 00:01:24.738 W/IPCThreadState(  715): Sending oneway calls to frozen process.
07-06 00:01:24.739 W/IPCThreadState(  715): Sending oneway calls to frozen process.
07-06 00:01:24.739 W/IPCThreadState(  715): Sending oneway calls to frozen process.
07-06 00:01:24.739 W/IPCThreadState(  715): Sending oneway calls to frozen process.
07-06 00:01:24.739 D/QuickstepModelDelegate( 1124): notifyAppTargetEvent action=1 launchLocation=workspace/0/[-1,-1]/[1,1]
07-06 00:01:24.739 W/IPCThreadState(  715): Sending oneway calls to frozen process.
07-06 00:01:24.739 W/IPCThreadState(  715): Sending oneway calls to frozen process.
07-06 00:01:24.739 W/IPCThreadState(  715): Sending oneway calls to frozen process.
07-06 00:01:24.739 W/IPCThreadState(  715): Sending oneway calls to frozen process.
07-06 00:01:24.740 W/IPCThreadState(  715): Sending oneway calls to frozen process.
07-06 00:01:24.740 W/IPCThreadState(  715): Sending oneway calls to frozen process.
07-06 00:01:24.740 W/IPCThreadState(  715): Sending oneway calls to frozen process.
07-06 00:01:24.740 W/IPCThreadState(  715): Sending oneway calls to frozen process.
07-06 00:01:24.740 I/libprocessgroup(  715): Removed cgroup /sys/fs/cgroup/apps/uid_10217/pid_22370
07-06 00:01:24.743 W/IPCThreadState(  715): Sending oneway calls to frozen process.
07-06 00:01:24.748 I/AppsFilter(  715): interaction: PackageSetting{82e8969 com.android.microdroid.empty_payload/10212} -> PackageSetting{720ea52 com.huiyi.mockchat/10217} BLOCKED
07-06 00:01:24.748 I/AppsFilter(  715): interaction: PackageSetting{b28278c com.huiyi.v4/10216} -> PackageSetting{720ea52 com.huiyi.mockchat/10217} BLOCKED
07-06 00:01:24.757 W/ActivityTaskManager(  715): Unable to send transaction to client proc com.huiyi.mockchat: no app thread
07-06 00:01:24.780 V/ActivityManager(  715): Got obituary of 22370:com.huiyi.mockchat
07-06 00:01:24.784 I/AiAiEcho( 1480): #postPredictionTargets: Sending updates to UISurface home with targets# 0 (types=[])
07-06 00:01:24.784 W/ActivityManager(  715): setHasOverlayUi called on unknown pid: 22370
07-06 00:01:24.784 V/WindowManager(  715): Unknown focus tokens, dropping reportFocusChanged
07-06 00:01:24.792 I/AppWidgetServiceImpl(  715): Received broadcast: android.intent.action.PACKAGE_RESTARTED on user 0
07-06 00:01:24.792 I/AppWidgetServiceImpl(  715): Updating package stopped masked state for uid 10217 package com.huiyi.mockchat isStopped true
07-06 00:01:24.795 D/CarrierSvcBindHelper( 1112): onHandleForceStop: [com.huiyi.mockchat]
07-06 00:01:24.796 D/CarrierSvcBindHelper( 1112): No carrier app for: 0
07-06 00:01:24.801 I/NotificationListener( 1124): Handling notification state refresh for android#0
07-06 00:01:24.801 I/NotificationListener( 1124): Handling notification state refresh for com.google.android.apps.wellbeing#0
07-06 00:01:24.801 I/NotificationListener( 1124): Handling notification state refresh for android#0
07-06 00:01:24.803 D/SsBaseTemplateCard( 1124): No text view can be set up
07-06 00:01:24.803 D/SsBaseTemplateCard( 1124): Passed-in item info is null
07-06 00:01:24.803 D/SsBaseTemplateCard( 1124): Passed-in item info is null
07-06 00:01:24.803 D/SsBaseTemplateCard( 1124): Passed-in item info is null
07-06 00:01:24.803 I/SsBaseTemplateCard( 1124): Secondary card pane is null
07-06 00:01:24.805 V/WindowManagerShell(  972): onTransitionReady(transaction=3070901631482)
07-06 00:01:24.806 V/WindowManagerShell(  972): onTransitionReady (#198) android.os.BinderProxy@de6780: {id=198 t=CLOSE f=0x0 trk=0 r=[0@Point(0, 0)] c=[
07-06 00:01:24.806 V/WindowManagerShell(  972):         {m=TO_FRONT f=SHOW_WALLPAPER|MOVE_TO_TOP leash=Surface(name=Task=1)/@0x1c5555f sb=Rect(0, 0 - 1084, 2412) eb=Rect(0, 0 - 1084, 2412) epz=Point(1084, 2412) d=0 taskParent=-1},
07-06 00:01:24.806 V/WindowManagerShell(  972):         {m=CLOSE f=NONE leash=Surface(name=Task=207)/@0x7827bac sb=Rect(0, 0 - 1084, 2412) eb=Rect(0, 0 - 1084, 2412) epz=Point(1084, 2412) d=0 taskParent=-1},
07-06 00:01:24.806 V/WindowManagerShell(  972):         {m=TO_FRONT f=IS_WALLPAPER leash=Surface(name=WallpaperWindowToken{d6cca47 showWhenLocked=false})/@0x7454075 sb=Rect(0, 0 - 1084, 2412) eb=Rect(0, 0 - 1084, 2412) epz=Point(1084, 2412) d=0}
07-06 00:01:24.806 V/WindowManagerShell(  972):     ]}
07-06 00:01:24.806 V/WindowManagerShell(  972): Playing animation for (#198) android.os.BinderProxy@de6780@0
07-06 00:01:24.806 V/ShellRecents(  972): RecentsTransitionHandler.startAnimation: no controller found
07-06 00:01:24.806 V/WindowManagerShell(  972): Transition doesn't have explicit remote, search filters for match for {id=198 t=CLOSE f=0x0 trk=0 r=[0@Point(0, 0)] c=[{m=TO_FRONT f=SHOW_WALLPAPER|MOVE_TO_TOP leash=Surface(name=Task=1)/@0x1c5555f sb=Rect(0, 0 - 1084, 2412) eb=Rect(0, 0 - 1084, 2412) epz=Point(1084, 2412) d=0 taskParent=-1},{m=CLOSE f=NONE leash=Surface(name=Task=207)/@0x7827bac sb=Rect(0, 0 - 1084, 2412) eb=Rect(0, 0 - 1084, 2412) epz=Point(1084, 2412) d=0 taskParent=-1},{m=TO_FRONT f=IS_WALLPAPER leash=Surface(name=WallpaperWindowToken{d6cca47 showWhenLocked=false})/@0x7454075 sb=Rect(0, 0 - 1084, 2412) eb=Rect(0, 0 - 1084, 2412) epz=Point(1084, 2412) d=0}]}
07-06 00:01:24.807 V/WindowManagerShell(  972):  Checking filter Pair{{types=[] flags=0x0] notFlags=0x0 checks=[{atype=undefined independent=true modes=[CLOSE,TO_BACK] flags=IN_TASK_WITH_EMBEDDED_ACTIVITY mustBeTask=false order=ANY topActivity=null launchCookie=null taskFragmentToken=android.os.BinderProxy@9757ff windowingMode=undefined}]} RemoteTransition { remoteTransition = android.window.IRemoteTransition$Stub$Proxy@b7a59cc, appThread = android.app.IApplicationThread$Stub$Proxy@a3c9415, debugName = overlayBackTransition }}
07-06 00:01:24.808 V/WindowManagerShell(  972):  Checking filter Pair{{types=[] flags=0x0] notFlags=0x0 checks=[{atype=dream independent=true modes=[OPEN,TO_FRONT] flags=NONE mustBeTask=false order=ANY topActivity=null launchCookie=null windowingMode=undefined},{atype=home independent=true modes=[CLOSE,TO_BACK] flags=NONE mustBeTask=false order=ANY topActivity=null launchCookie=null windowingMode=undefined}]} RemoteTransition { remoteTransition = android.window.IRemoteTransition$Stub$Proxy@e27a32a, appThread = android.app.IApplicationThread$Stub$Proxy@713751b, debugName = LauncherToDream }}
07-06 00:01:24.808 V/WindowManagerShell(  972):  Checking filter Pair{{types=[] flags=0x0] notFlags=0x100 checks=[{atype=home independent=true modes=[OPEN,TO_FRONT] flags=NONE mustBeTask=false order=TOP topActivity=ComponentInfo{com.google.android.apps.nexuslauncher/com.google.android.apps.nexuslauncher.NexusLauncherActivity} launchCookie=null windowingMode=undefined},{atype=standard independent=true modes=[CLOSE,TO_BACK] flags=NONE mustBeTask=false order=ANY topActivity=null launchCookie=null windowingMode=undefined},{NOT atype=undefined independent=true modes=[] flags=NONE mustBeTask=true order=ANY topActivity=null launchCookie=null customAnim=true windowingMode=undefined}]} RemoteTransition { remoteTransition = android.window.IRemoteTransition$Stub$Proxy@ed946b8, appThread = android.app.IApplicationThread$Stub$Proxy@5f5c91, debugName = QuickstepLaunchHome }}
07-06 00:01:24.809 D/RemoteTransitionHandler(  972): Found filterPair{{types=[] flags=0x0] notFlags=0x100 checks=[{atype=home independent=true modes=[OPEN,TO_FRONT] flags=NONE mustBeTask=false order=TOP topActivity=ComponentInfo{com.google.android.apps.nexuslauncher/com.google.android.apps.nexuslauncher.NexusLauncherActivity} launchCookie=null windowingMode=undefined},{atype=standard independent=true modes=[CLOSE,TO_BACK] flags=NONE mustBeTask=false order=ANY topActivity=null launchCookie=null windowingMode=undefined},{NOT atype=undefined independent=true modes=[] flags=NONE mustBeTask=true order=ANY topActivity=null launchCookie=null customAnim=true windowingMode=undefined}]} RemoteTransition { remoteTransition = android.window.IRemoteTransition$Stub$Proxy@ed946b8, appThread = android.app.IApplicationThread$Stub$Proxy@5f5c91, debugName = QuickstepLaunchHome }}
07-06 00:01:24.809 V/WindowManagerShell(  972):  Delegate animation for (#198) to RemoteTransition { remoteTransition = android.window.IRemoteTransition$Stub$Proxy@ed946b8, appThread = android.app.IApplicationThread$Stub$Proxy@5f5c91, debugName = QuickstepLaunchHome }
07-06 00:01:24.815 I/s.nexuslauncher( 1124): AssetManager2(0x79075ab101f8) locale list changing from [] to [en-US]
07-06 00:01:24.815 D/StateManager( 1124): createAtomicAnimation - fromState: Background, toState: Normal, partial trace:
07-06 00:01:24.815 D/StateManager( 1124): 	at com.android.quickstep.util.ScalingWorkspaceRevealAnim.<init>(go/retraceme 43e00d9cd0eb17b3d9dd30fc1741b1c71445c4c0f7c8c9b81300265c86c5b873:39)
07-06 00:01:24.815 D/StateManager( 1124): 	at com.android.launcher3.QuickstepTransitionManager.createWallpaperOpenAnimations(go/retraceme 43e00d9cd0eb17b3d9dd30fc1741b1c71445c4c0f7c8c9b81300265c86c5b873:168)
07-06 00:01:24.815 D/StateManager( 1124): 	at com.android.launcher3.QuickstepTransitionManager$WallpaperOpenLauncherAnimationRunner.onAnimationStart(go/retraceme 43e00d9cd0eb17b3d9dd30fc1741b1c71445c4c0f7c8c9b81300265c86c5b873:17)
07-06 00:01:24.816 D/b/311077782( 1124): LauncherAnimationRunner.setAnimation
07-06 00:01:24.818 W/HWUI    ( 1124): Image decoding logging dropped!
07-06 00:01:24.826 V/WindowManager(  715): Sent Transition (#198) createdAt=07-06 00:01:24.690 via request=TransitionRequestInfo { type = CLOSE, triggerTask = TaskInfo{userId=0 taskId=207 effectiveUid=10217 displayId=0 isRunning=false baseIntent=Intent { flg=0x10000000 cmp=com.huiyi.mockchat/.MainActivity } baseActivity=null topActivity=null origActivity=null realActivity=ComponentInfo{com.huiyi.mockchat/com.huiyi.mockchat.MainActivity} numActivities=0 lastActiveTime=38389147 supportsMultiWindow=true resizeMode=1 isResizeable=true minWidth=-1 minHeight=-1 defaultMinSize=220 token=WCT{RemoteToken{cac6c3d Task{8c63915 #207 type=standard A=10217:com.huiyi.mockchat}}} topActivityType=1 pictureInPictureParams=null shouldDockBigOverlays=false launchIntoPipHostTaskId=-1 lastParentTaskIdBeforePip=-1 displayCutoutSafeInsets=Rect(0, 0 - 0, 0) topActivityInfo=null launchCookies=[] positionInParent=Point(0, 0) parentTaskId=-1 isFocused=true isVisible=true isVisibleRequested=true isTopActivityNoDisplay=false isSleeping=false locusId=null displayAreaFeatureId=1 isTopActivityTransparent=false isActivityStackTransparent=true lastNonFullscreenBounds=Rect(286, 664 - 798, 1748) capturedLink=null capturedLinkTimestamp=0 requestedVisibleTypes=-9 topActivityRequestOpenInBrowserEducationTimestamp=0 appCompatTaskInfo=AppCompatTaskInfo { topActivityInSizeCompat=false eligibleForLetterboxEducation= false isLetterboxEducationEnabled= false isLetterboxDoubleTapEnabled= false eligibleForUserAspectRatioButton= false topActivityBoundsLetterboxed= false isFromLetterboxDoubleTap= false topActivityLetterboxVerticalPosition= -1 topActivityLetterboxHorizontalPosition= -1 topActivityLetterboxWidth=-1 topActivityLetterboxHeight=-1 topActivityAppBounds=Rect(0, 0 - 0, 0) isUserFullscreenOverrideEnabled=false isSystemFullscreenOverrideEnabled=false hasMinAspectRatioOverride=false topActivityLetterboxBounds=null cameraCompatTaskInfo=CameraCompatTaskInfo { freeformCameraCompatMode=undefined}} topActivityMainWindowFrame=null}, pipChange = null, remoteTransition = null, displayChange = null, flags = 0, debugId = 198 }
07-06 00:01:24.826 V/WindowManager(  715):     startWCT=WindowContainerTransaction { changes= {} hops= [] errorCallbackToken=null taskFragmentOrganizer=null }
07-06 00:01:24.827 V/WindowManager(  715):     info={id=198 t=CLOSE f=0x0 trk=0 r=[0@Point(0, 0)] c=[
07-06 00:01:24.827 V/WindowManager(  715):         {WCT{RemoteToken{ba7d2de Task{f5e704d #1 type=home}}} m=TO_FRONT f=SHOW_WALLPAPER|MOVE_TO_TOP leash=Surface(name=Task=1)/@0x55c111d sb=Rect(0, 0 - 1084, 2412) eb=Rect(0, 0 - 1084, 2412) epz=Point(1084, 2412) d=0 taskParent=-1},
07-06 00:01:24.827 V/WindowManager(  715):         {WCT{RemoteToken{cac6c3d Task{8c63915 #207 type=standard A=10217:com.huiyi.mockchat}}} m=CLOSE f=NONE leash=Surface(name=Task=207)/@0xb14d9e7 sb=Rect(0, 0 - 1084, 2412) eb=Rect(0, 0 - 1084, 2412) epz=Point(1084, 2412) d=0 taskParent=-1},
07-06 00:01:24.827 V/WindowManager(  715):         {m=TO_FRONT f=IS_WALLPAPER leash=Surface(name=WallpaperWindowToken{d6cca47 showWhenLocked=false})/@0x17505f4 sb=Rect(0, 0 - 1084, 2412) eb=Rect(0, 0 - 1084, 2412) epz=Point(1084, 2412) d=0}
07-06 00:01:24.827 V/WindowManager(  715):     ]}
07-06 00:01:24.830 V/WindowManagerShell(  972):  animated by com.android.wm.shell.transition.RemoteTransitionHandler@1403b21
07-06 00:01:24.831 I/BpBinder(  567): onLastStrongRef automatically unlinking death recipients: 
07-06 00:01:24.846 I/ImeTracker(  715): com.google.android.apps.nexuslauncher:39526d85: onRequestHide at ORIGIN_SERVER reason HIDE_UNSPECIFIED_WINDOW fromUser false
07-06 00:01:24.850 D/InsetsController( 1124): hide(ime(), fromIme=false)
07-06 00:01:24.851 I/ImeTracker( 1124): com.google.android.apps.nexuslauncher:39526d85: onCancelled at PHASE_CLIENT_ALREADY_HIDDEN
07-06 00:01:24.855 I/GoogleInputMethodService( 1395): GoogleInputMethodService.onFinishInput():2043 
07-06 00:01:24.856 I/ImeTracker(  715): system_server:2c6471f3: onRequestHide at ORIGIN_SERVER reason IME_REQUESTED_CHANGED_LISTENER fromUser false
07-06 00:01:24.856 I/Module  ( 1395): DeviceLockedStatusModuleProvider$Module.updateDeviceLockedStatus():100 repeatCheckTimes = 0, locked = false
07-06 00:01:24.860 I/GoogleInputMethodService( 1395): GoogleInputMethodService.onStartInput():1293 onStartInput(EditorInfo{EditorInfo{packageName=com.google.android.apps.nexuslauncher, inputType=0, inputTypeString=NULL, enableLearning=false, autoCorrection=false, autoComplete=false, imeOptions=0, privateImeOptions=null, actionName=UNSPECIFIED, actionLabel=null, initialSelStart=-1, initialSelEnd=-1, initialCapsMode=0, label=null, fieldId=0, fieldName=null, extras=null, hintText=null, hintLocales=[]}}, false)
07-06 00:01:24.861 W/PackageConfigPersister(  715): App-specific configuration not found for packageName: com.google.android.apps.nexuslauncher and userId: 0
07-06 00:01:24.862 I/ImeTracker(  715): system_server:2c6471f3: onCancelled at PHASE_SERVER_SHOULD_HIDE
07-06 00:01:24.865 I/Module  ( 1395): DeviceLockedStatusModuleProvider$Module.updateDeviceLockedStatus():100 repeatCheckTimes = 1, locked = false
07-06 00:01:24.883 W/ActivityTaskManager(  715): Unable to send transaction to client proc com.huiyi.mockchat: no app thread
07-06 00:01:25.112 W/ActivityTaskManager(  715): callingPackage for (uid=2000, pid=22467) has no WPC
07-06 00:01:25.115 V/GrammaticalInflectionUtils(  715): AttributionSource: AttributionSource { uid = 10217, packageName = null, attributionTag = null, token = android.os.Binder@2b6457c, deviceId = 0, next = null } does not have READ_SYSTEM_GRAMMATICAL_GENDER permission.
07-06 00:01:25.115 W/OptProp (  715): Cannot read opt property android.window.PROPERTY_COMPAT_ALLOW_USER_ASPECT_RATIO_OVERRIDE
07-06 00:01:25.116 W/OptProp (  715): Cannot read opt property android.window.PROPERTY_COMPAT_ALLOW_USER_ASPECT_RATIO_FULLSCREEN_OVERRIDE
07-06 00:01:25.116 W/OptProp (  715): Cannot read opt property android.window.PROPERTY_COMPAT_ALLOW_RESIZEABLE_ACTIVITY_OVERRIDES
07-06 00:01:25.116 W/OptProp (  715): Cannot read opt property android.window.PROPERTY_COMPAT_ALLOW_MIN_ASPECT_RATIO_OVERRIDE
07-06 00:01:25.122 W/OptProp (  715): Cannot read opt property android.window.PROPERTY_COMPAT_ALLOW_ORIENTATION_OVERRIDE
07-06 00:01:25.123 I/BpBinder(  567): onLastStrongRef automatically unlinking death recipients: 
07-06 00:01:25.124 V/SplashScreenExceptionList(  715): SplashScreen checking exception for package com.huiyi.mockchat (target sdk:35) -> false
07-06 00:01:25.126 I/ActivityTaskManager(  715): Add Task{8c63915 #207 type=standard A=10217:com.huiyi.mockchat} to hidden list because adding Task{ffa2068 #208 type=standard A=10217:com.huiyi.mockchat}
07-06 00:01:25.127 D/CompatChangeReporter(  715): Compat change id reported: 309578419; UID 10217; state: ENABLED
07-06 00:01:25.127 I/ActivityTaskManager(  715): START u0 {flg=0x10000000 xflg=0x5 cmp=com.huiyi.mockchat/.MainActivity (has extras)} with LAUNCH_MULTIPLE from uid 2000 (BAL_ALLOW_PERMISSION) result code=0
07-06 00:01:25.129 V/WindowManagerShell(  972): Transition requested (#199): android.os.BinderProxy@db2262f TransitionRequestInfo { type = OPEN, triggerTask = TaskInfo{userId=0 taskId=208 effectiveUid=10217 displayId=0 isRunning=true baseIntent=Intent { flg=0x10000000 cmp=com.huiyi.mockchat/.MainActivity } baseActivity=ComponentInfo{com.huiyi.mockchat/com.huiyi.mockchat.MainActivity} topActivity=ComponentInfo{com.huiyi.mockchat/com.huiyi.mockchat.MainActivity} origActivity=null realActivity=ComponentInfo{com.huiyi.mockchat/com.huiyi.mockchat.MainActivity} numActivities=1 lastActiveTime=38406081 supportsMultiWindow=true resizeMode=1 isResizeable=true minWidth=-1 minHeight=-1 defaultMinSize=220 token=WCT{android.window.IWindowContainerToken$Stub$Proxy@3d6c43c} topActivityType=1 pictureInPictureParams=null shouldDockBigOverlays=false launchIntoPipHostTaskId=-1 lastParentTaskIdBeforePip=-1 displayCutoutSafeInsets=Rect(0, 0 - 0, 0) topActivityInfo=ActivityInfo{4a405c5 com.huiyi.mockchat.MainActivity} launchCookies=[] positionInParent=Point(0, 0) parentTaskId=-1 isFocused=false isVisible=false isVisibleRequested=false isTopActivityNoDisplay=false isSleeping=false locusId=null displayAreaFeatureId=1 isTopActivityTransparent=false isActivityStackTransparent=false lastNonFullscreenBounds=Rect(286, 664 - 798, 1748) capturedLink=null capturedLinkTimestamp=0 requestedVisibleTypes=-9 topActivityRequestOpenInBrowserEducationTimestamp=0 appCompatTaskInfo=AppCompatTaskInfo { topActivityInSizeCompat=false eligibleForLetterboxEducation= false isLetterboxEducationEnabled= true isLetterboxDoubleTapEnabled= false eligibleForUserAspectRatioButton= false topActivityBoundsLetterboxed= false isFromLetterboxDoubleTap= false topActivityLetterboxVerticalPosition= -1 topActivityLetterboxHorizontalPosition= -1 topActivityLetterboxWidth=-1 topActivityLetterboxHeight=-1 topActivityAppBounds=Rect(0, 0 - 1084, 2412) isUserFullscreenOverrideEnabled=false isSystemFullscreenOverrideEnabled=false hasMinAspectRatioOverride=false topActivityLetterboxBounds=null cameraCompatTaskInfo=CameraCompatTaskInfo { freeformCameraCompatMode=inactive}} topActivityMainWindowFrame=null}, pipChange = null, remoteTransition = null, displayChange = null, flags = 0, debugId = 199 }
07-06 00:01:25.129 D/ShellSplitScreen(  972): logExit: no-op, mLoggerSessionId is null
07-06 00:01:25.131 W/SplitSelectStateCtor( 1124): Missing session instanceIds
07-06 00:01:25.131 D/StatsLog( 1124): LAUNCHER_SPLIT_SELECTION_EXIT_INTERRUPTED
07-06 00:01:25.132 W/HWUI    (  972): Image decoding logging dropped!
07-06 00:01:25.132 D/SplashScreenView(  972): Build android.window.SplashScreenView{cc43941 V.E...... ......ID 0,0-0,0}
07-06 00:01:25.132 D/SplashScreenView(  972): Icon: view: android.widget.ImageView{2445ee6 V.ED..... ......I. 0,0-0,0 #1020542 android:id/splashscreen_icon_view} drawable: com.android.wm.shell.startingsurface.SplashscreenIconDrawableFactory$ImmobileIconDrawable@7eaac27 size: 395
07-06 00:01:25.132 D/SplashScreenView(  972): Branding: view: android.view.View{c895ed4 G.ED..... ......I. 0,0-0,0 #1020541 android:id/splashscreen_branding_view} drawable: null size w: 0 h: 0
07-06 00:01:25.133 V/GrammaticalInflectionUtils(  715): AttributionSource: AttributionSource { uid = 10217, packageName = null, attributionTag = null, token = android.os.Binder@2b6457c, deviceId = 0, next = null } does not have READ_SYSTEM_GRAMMATICAL_GENDER permission.
07-06 00:01:25.140 I/AppsFilter(  715): interaction: PackageSetting{82e8969 com.android.microdroid.empty_payload/10212} -> PackageSetting{e84db14 com.huiyi.mockchat/10217} BLOCKED
07-06 00:01:25.141 I/AppsFilter(  715): interaction: PackageSetting{b28278c com.huiyi.v4/10216} -> PackageSetting{e84db14 com.huiyi.mockchat/10217} BLOCKED
07-06 00:01:25.155 W/IPCThreadState(  630): Sending oneway calls to frozen process.
07-06 00:01:25.159 W/IPCThreadState(  630): Sending oneway calls to frozen process.
07-06 00:01:25.159 D/BackgroundInstallControlService(  715): Package event received: 0
07-06 00:01:25.160 D/WindowManagerShell(  972): setLauncherKeepClearAreaHeight: visible=false, height=497
07-06 00:01:25.160 D/Zygote  (  491): Forked child process 22470
07-06 00:01:25.168 I/ActivityManager(  715): Start proc 22470:com.huiyi.mockchat/u0a217 for next-top-activity {com.huiyi.mockchat/com.huiyi.mockchat.MainActivity}
07-06 00:01:25.171 I/AppWidgetServiceImpl(  715): Received broadcast: android.intent.action.PACKAGE_UNSTOPPED on user 0
07-06 00:01:25.171 I/AppWidgetServiceImpl(  715): Updating package stopped masked state for uid 10217 package com.huiyi.mockchat isStopped false
07-06 00:01:25.172 I/ActivityManager(  715): ProcessObserver broadcast disabled
07-06 00:01:25.176 D/CoreBackPreview(  715): Window{5e9480 u0 Splash Screen com.huiyi.mockchat}: Setting back callback OnBackInvokedCallbackInfo{mCallback=android.window.IOnBackInvokedCallback$Stub$Proxy@f2a7398, mPriority=0, mIsAnimationCallback=false, mOverrideBehavior=0}
07-06 00:01:25.182 I/.huiyi.mockchat(22470): Late-enabling -Xcheck:jni
07-06 00:01:25.206 I/.huiyi.mockchat(22470): Using CollectorTypeCMC GC.
07-06 00:01:25.214 W/.huiyi.mockchat(22470): Unexpected CPU variant for x86: x86_64.
07-06 00:01:25.214 W/.huiyi.mockchat(22470): Known variants: atom, sandybridge, silvermont, goldmont, goldmont-plus, goldmont-without-sha-xsaves, tremont, kabylake, alderlake, default
07-06 00:01:25.234 I/adbd    (  576): jdwp connection from 22470
07-06 00:01:25.264 V/WindowManagerShell(  972): onTransitionReady(transaction=3070901631512)
07-06 00:01:25.268 V/WindowManager(  715): Sent Transition (#199) createdAt=07-06 00:01:25.116 via request=TransitionRequestInfo { type = OPEN, triggerTask = TaskInfo{userId=0 taskId=208 effectiveUid=10217 displayId=0 isRunning=true baseIntent=Intent { flg=0x10000000 cmp=com.huiyi.mockchat/.MainActivity } baseActivity=ComponentInfo{com.huiyi.mockchat/com.huiyi.mockchat.MainActivity} topActivity=ComponentInfo{com.huiyi.mockchat/com.huiyi.mockchat.MainActivity} origActivity=null realActivity=ComponentInfo{com.huiyi.mockchat/com.huiyi.mockchat.MainActivity} numActivities=1 lastActiveTime=38406081 supportsMultiWindow=true resizeMode=1 isResizeable=true minWidth=-1 minHeight=-1 defaultMinSize=220 token=WCT{RemoteToken{473ecf3 Task{ffa2068 #208 type=standard A=10217:com.huiyi.mockchat}}} topActivityType=1 pictureInPictureParams=null shouldDockBigOverlays=false launchIntoPipHostTaskId=-1 lastParentTaskIdBeforePip=-1 displayCutoutSafeInsets=Rect(0, 0 - 0, 0) topActivityInfo=ActivityInfo{e801db0 com.huiyi.mockchat.MainActivity} launchCookies=[] positionInParent=Point(0, 0) parentTaskId=-1 isFocused=false isVisible=false isVisibleRequested=false isTopActivityNoDisplay=false isSleeping=false locusId=null displayAreaFeatureId=1 isTopActivityTransparent=false isActivityStackTransparent=false lastNonFullscreenBounds=Rect(286, 664 - 798, 1748) capturedLink=null capturedLinkTimestamp=0 requestedVisibleTypes=-9 topActivityRequestOpenInBrowserEducationTimestamp=0 appCompatTaskInfo=AppCompatTaskInfo { topActivityInSizeCompat=false eligibleForLetterboxEducation= false isLetterboxEducationEnabled= true isLetterboxDoubleTapEnabled= false eligibleForUserAspectRatioButton= false topActivityBoundsLetterboxed= false isFromLetterboxDoubleTap= false topActivityLetterboxVerticalPosition= -1 topActivityLetterboxHorizontalPosition= -1 topActivityLetterboxWidth=-1 topActivityLetterboxHeight=-1 topActivityAppBounds=Rect(0, 0 - 1084, 2412) isUserFullscreenOverrideEnabled=false isSystemFullscreenOverrideEnabled=false hasMinAspectRatioOverride=false topActivityLetterboxBounds=null cameraCompatTaskInfo=CameraCompatTaskInfo { freeformCameraCompatMode=inactive}} topActivityMainWindowFrame=null}, pipChange = null, remoteTransition = null, displayChange = null, flags = 0, debugId = 199 }
07-06 00:01:25.268 V/WindowManager(  715):     startWCT=WindowContainerTransaction { changes= {} hops= [] errorCallbackToken=null taskFragmentOrganizer=null }
07-06 00:01:25.268 V/WindowManager(  715):     info={id=199 t=OPEN f=0x0 trk=0 r=[0@Point(0, 0)] c=[
07-06 00:01:25.268 V/WindowManager(  715):         {WCT{RemoteToken{473ecf3 Task{ffa2068 #208 type=standard A=10217:com.huiyi.mockchat}}} m=OPEN f=NONE leash=Surface(name=Task=208)/@0xe238257 sb=Rect(0, 0 - 1084, 2412) eb=Rect(0, 0 - 1084, 2412) epz=Point(1084, 2412) d=0 taskParent=-1},
07-06 00:01:25.268 V/WindowManager(  715):         {WCT{RemoteToken{ba7d2de Task{f5e704d #1 type=home}}} m=TO_BACK f=SHOW_WALLPAPER leash=Surface(name=Task=1)/@0x55c111d sb=Rect(0, 0 - 1084, 2412) eb=Rect(0, 0 - 1084, 2412) epz=Point(1084, 2412) d=0 taskParent=-1},
07-06 00:01:25.268 V/WindowManager(  715):         {m=TO_BACK f=IS_WALLPAPER leash=Surface(name=WallpaperWindowToken{d6cca47 showWhenLocked=false})/@0x17505f4 sb=Rect(0, 0 - 1084, 2412) eb=Rect(0, 0 - 1084, 2412) epz=Point(1084, 2412) d=0}
07-06 00:01:25.268 V/WindowManager(  715):     ]}
07-06 00:01:25.269 V/WindowManagerShell(  972): onTransitionReady (#199) android.os.BinderProxy@db2262f: {id=199 t=OPEN f=0x0 trk=0 r=[0@Point(0, 0)] c=[
07-06 00:01:25.269 V/WindowManagerShell(  972):         {m=OPEN f=NONE leash=Surface(name=Task=208)/@0xdc0ed17 sb=Rect(0, 0 - 1084, 2412) eb=Rect(0, 0 - 1084, 2412) epz=Point(1084, 2412) d=0 taskParent=-1},
07-06 00:01:25.269 V/WindowManagerShell(  972):         {m=TO_BACK f=SHOW_WALLPAPER leash=Surface(name=Task=1)/@0xa2c2504 sb=Rect(0, 0 - 1084, 2412) eb=Rect(0, 0 - 1084, 2412) epz=Point(1084, 2412) d=0 taskParent=-1},
07-06 00:01:25.269 V/WindowManagerShell(  972):         {m=TO_BACK f=IS_WALLPAPER leash=Surface(name=WallpaperWindowToken{d6cca47 showWhenLocked=false})/@0xd2b2aed sb=Rect(0, 0 - 1084, 2412) eb=Rect(0, 0 - 1084, 2412) epz=Point(1084, 2412) d=0}
07-06 00:01:25.269 V/WindowManagerShell(  972):     ]}
07-06 00:01:25.271 V/WindowManagerShell(  972): Transition (#199) android.os.BinderProxy@db2262f@0 ready while (#198) android.os.BinderProxy@de6780@0 is still animating. Notify the animating transition in case they can be merged
07-06 00:01:25.272 V/WindowManagerShell(  972):    Merge into remote: RemoteTransition { remoteTransition = android.window.IRemoteTransition$Stub$Proxy@ed946b8, appThread = android.app.IApplicationThread$Stub$Proxy@5f5c91, debugName = QuickstepLaunchHome }
07-06 00:01:25.275 V/WindowManagerShell(  972): Transition animation finished (aborted=false), notifying core (#198) android.os.BinderProxy@de6780@0
07-06 00:01:25.293 D/nativeloader(22470): Load libframework-connectivity-tiramisu-jni.so using APEX ns com_android_tethering for caller /apex/com.android.tethering/javalib/framework-connectivity-t.jar: ok
07-06 00:01:25.303 V/WindowManager(  715): Finish Transition (#198): created at 07-06 00:01:24.690 collect-started=0.047ms request-sent=0.13ms started=14.645ms ready=18.5ms sent=112.899ms commit=15.119ms finished=610.686ms
07-06 00:01:25.321 E/IPCThreadState(  715): Binder transaction failure. id: 5933163, BR_*: 29189, error: -22 (Invalid argument)
--------- beginning of kernel
07-06 00:01:25.291 I/binder  (    0): 735:715 cannot find target node
07-06 00:01:25.297 I/binder  (    0): 715:735 transaction async to 0:0 failed 5933163/29189/-22, size 64-0 line 3348
07-06 00:01:25.326 W/ActivityManager(  715): pid 715 system sent binder code 7 with flags 1 to frozen apps and got error -32
07-06 00:01:25.329 W/WindowManager(  715): Exception thrown during dispatchAppVisibility Window{1da1e19 u0 com.huiyi.mockchat/com.huiyi.mockchat.MainActivity EXITING}
07-06 00:01:25.329 W/WindowManager(  715): android.os.DeadObjectException
07-06 00:01:25.329 W/WindowManager(  715): 	at android.os.BinderProxy.transactNative(Native Method)
07-06 00:01:25.329 W/WindowManager(  715): 	at android.os.BinderProxy.transact(BinderProxy.java:592)
07-06 00:01:25.329 W/WindowManager(  715): 	at android.view.IWindow$Stub$Proxy.dispatchAppVisibility(IWindow.java:557)
07-06 00:01:25.329 W/WindowManager(  715): 	at com.android.server.wm.WindowState.sendAppVisibilityToClients(WindowState.java:3151)
07-06 00:01:25.329 W/WindowManager(  715): 	at com.android.server.wm.WindowContainer.sendAppVisibilityToClients(WindowContainer.java:1311)
07-06 00:01:25.329 W/WindowManager(  715): 	at com.android.server.wm.WindowToken.setClientVisible(WindowToken.java:389)
07-06 00:01:25.329 W/WindowManager(  715): 	at com.android.server.wm.ActivityRecord.setClientVisible(ActivityRecord.java:6650)
07-06 00:01:25.329 W/WindowManager(  715): 	at com.android.server.wm.ActivityRecord.commitVisibility(ActivityRecord.java:5561)
07-06 00:01:25.329 W/WindowManager(  715): 	at com.android.server.wm.Transition.finishTransition(Transition.java:1391)
07-06 00:01:25.329 W/WindowManager(  715): 	at com.android.server.wm.TransitionController.finishTransition(TransitionController.java:1029)
07-06 00:01:25.329 W/WindowManager(  715): 	at com.android.server.wm.WindowOrganizerController.finishTransition(WindowOrganizerController.java:496)
07-06 00:01:25.329 W/WindowManager(  715): 	at android.window.IWindowOrganizerController$Stub.onTransact(IWindowOrganizerController.java:261)
07-06 00:01:25.329 W/WindowManager(  715): 	at com.android.server.wm.WindowOrganizerController.onTransact(WindowOrganizerController.java:223)
07-06 00:01:25.329 W/WindowManager(  715): 	at android.os.Binder.execTransactInternal(Binder.java:1426)
07-06 00:01:25.329 W/WindowManager(  715): 	at android.os.Binder.execTransact(Binder.java:1365)
07-06 00:01:25.336 W/Process (  715): Unable to open /proc/22370/status
07-06 00:01:25.344 V/WindowManagerShell(  972): Playing animation for (#199) android.os.BinderProxy@db2262f@0
07-06 00:01:25.344 V/ShellRecents(  972): RecentsTransitionHandler.startAnimation: no controller found
07-06 00:01:25.345 V/WindowManagerShell(  972): Transition doesn't have explicit remote, search filters for match for {id=199 t=OPEN f=0x0 trk=0 r=[0@Point(0, 0)] c=[{m=OPEN f=NONE leash=Surface(name=Task=208)/@0xdc0ed17 sb=Rect(0, 0 - 1084, 2412) eb=Rect(0, 0 - 1084, 2412) epz=Point(1084, 2412) d=0 taskParent=-1},{m=TO_BACK f=SHOW_WALLPAPER leash=Surface(name=Task=1)/@0xa2c2504 sb=Rect(0, 0 - 1084, 2412) eb=Rect(0, 0 - 1084, 2412) epz=Point(1084, 2412) d=0 taskParent=-1},{m=TO_BACK f=IS_WALLPAPER leash=Surface(name=WallpaperWindowToken{d6cca47 showWhenLocked=false})/@0xd2b2aed sb=Rect(0, 0 - 1084, 2412) eb=Rect(0, 0 - 1084, 2412) epz=Point(1084, 2412) d=0}]}
07-06 00:01:25.345 V/WindowManagerShell(  972):  Checking filter Pair{{types=[] flags=0x0] notFlags=0x0 checks=[{atype=undefined independent=true modes=[CLOSE,TO_BACK] flags=IN_TASK_WITH_EMBEDDED_ACTIVITY mustBeTask=false order=ANY topActivity=null launchCookie=null taskFragmentToken=android.os.BinderProxy@9757ff windowingMode=undefined}]} RemoteTransition { remoteTransition = android.window.IRemoteTransition$Stub$Proxy@b7a59cc, appThread = android.app.IApplicationThread$Stub$Proxy@a3c9415, debugName = overlayBackTransition }}
07-06 00:01:25.345 V/WindowManagerShell(  972):  Checking filter Pair{{types=[] flags=0x0] notFlags=0x0 checks=[{atype=dream independent=true modes=[OPEN,TO_FRONT] flags=NONE mustBeTask=false order=ANY topActivity=null launchCookie=null windowingMode=undefined},{atype=home independent=true modes=[CLOSE,TO_BACK] flags=NONE mustBeTask=false order=ANY topActivity=null launchCookie=null windowingMode=undefined}]} RemoteTransition { remoteTransition = android.window.IRemoteTransition$Stub$Proxy@e27a32a, appThread = android.app.IApplicationThread$Stub$Proxy@713751b, debugName = LauncherToDream }}
07-06 00:01:25.345 V/WindowManagerShell(  972):  Checking filter Pair{{types=[] flags=0x0] notFlags=0x100 checks=[{atype=home independent=true modes=[OPEN,TO_FRONT] flags=NONE mustBeTask=false order=TOP topActivity=ComponentInfo{com.google.android.apps.nexuslauncher/com.google.android.apps.nexuslauncher.NexusLauncherActivity} launchCookie=null windowingMode=undefined},{atype=standard independent=true modes=[CLOSE,TO_BACK] flags=NONE mustBeTask=false order=ANY topActivity=null launchCookie=null windowingMode=undefined},{NOT atype=undefined independent=true modes=[] flags=NONE mustBeTask=true order=ANY topActivity=null launchCookie=null customAnim=true windowingMode=undefined}]} RemoteTransition { remoteTransition = android.window.IRemoteTransition$Stub$Proxy@ed946b8, appThread = android.app.IApplicationThread$Stub$Proxy@5f5c91, debugName = QuickstepLaunchHome }}
07-06 00:01:25.345 V/WindowManagerShell(  972):  Delegate animation for (#199) to null
07-06 00:01:25.345 V/WindowManagerShell(  972): start default transition animation, info = {id=199 t=OPEN f=0x0 trk=0 r=[0@Point(0, 0)] c=[{m=OPEN f=NONE leash=Surface(name=Task=208)/@0xdc0ed17 sb=Rect(0, 0 - 1084, 2412) eb=Rect(0, 0 - 1084, 2412) epz=Point(1084, 2412) d=0 taskParent=-1},{m=TO_BACK f=SHOW_WALLPAPER leash=Surface(name=Task=1)/@0xa2c2504 sb=Rect(0, 0 - 1084, 2412) eb=Rect(0, 0 - 1084, 2412) epz=Point(1084, 2412) d=0 taskParent=-1},{m=TO_BACK f=IS_WALLPAPER leash=Surface(name=WallpaperWindowToken{d6cca47 showWhenLocked=false})/@0xd2b2aed sb=Rect(0, 0 - 1084, 2412) eb=Rect(0, 0 - 1084, 2412) epz=Point(1084, 2412) d=0}]}
07-06 00:01:25.347 V/WindowManagerShell(  972): loadAnimation: anim=android.view.animation.AnimationSet@81c88e9 animAttr=0x13 type=OPEN isEntrance=false
07-06 00:01:25.354 V/WindowManagerShell(  972): loadAnimation: anim=android.view.animation.AnimationSet@313796e animAttr=0x12 type=OPEN isEntrance=true
07-06 00:01:25.357 V/WindowManagerShell(  972):  animated by com.android.wm.shell.transition.DefaultTransitionHandler@a9e94ad
07-06 00:01:25.357 W/Looper  (  972): Slow dispatch took 83ms wmshell.main app=com.android.systemui main=false group=TOP_APP h=android.os.Handler c=com.android.wm.shell.transition.RemoteTransitionHandler$1$$ExternalSyntheticLambda0@75e680f m=0
07-06 00:01:25.358 W/Looper  (  972): Slow delivery took 74ms wmshell.main app=com.android.systemui main=false group=TOP_APP h=android.os.Handler c=android.window.TaskOrganizer$1$$ExternalSyntheticLambda7@181109c m=0
07-06 00:01:25.361 W/Looper  (  972): Drained
07-06 00:01:25.392 D/RecentsView( 1124): onTaskRemoved: 207, not handling task stack changes
07-06 00:01:25.392 D/RecentsView( 1124): onTaskRemoved: 207, not handling task stack changes
07-06 00:01:25.401 D/AndroidRuntime(22471): >>>>>> START com.android.internal.os.RuntimeInit uid 2000 <<<<<<
07-06 00:01:25.417 I/AndroidRuntime(22471): Using default boot image
07-06 00:01:25.417 I/AndroidRuntime(22471): Leaving lock profiling enabled
07-06 00:01:25.425 I/app_process(22471): Core platform API reporting enabled, enforcing=false
07-06 00:01:25.425 I/app_process(22471): Using CollectorTypeCMC GC.
07-06 00:01:25.448 E/BpTransactionCompletedListener(  567): Failed to transact (-32)
07-06 00:01:25.491 D/BackgroundInstallControlService(  715): Package event received: 0
07-06 00:01:25.580 D/nativeloader(22471): InitDefaultPublicLibraries for_preload=1: libandroid.so:libaaudio.so:libamidi.so:libbinder_ndk.so:libc.so:libcamera2ndk.so:libdl.so:libEGL.so:libGLESv1_CM.so:libGLESv2.so:libGLESv3.so:libicu.so:libicui18n.so:libicuuc.so:libjnigraphics.so:liblog.so:libmediandk.so:libm.so:libnativehelper.so:libnativewindow.so:libOpenMAXAL.so:libOpenSLES.so:libRS.so:libstdc++.so:libsync.so:libvulkan.so:libwebviewchromium_plat_support.so:libz.so
07-06 00:01:25.596 D/nativeloader(22471): Load libicu_jni.so using APEX ns com_android_art for caller /apex/com.android.art/javalib/core-oj.jar: ok
07-06 00:01:25.596 D/app_process(22471): u_setTimeZoneFilesDirectory("/apex/com.android.tzdata/etc/tz/versioned/9/icu") succeeded. 
07-06 00:01:25.597 D/app_process(22471): I18n APEX ICU file found: /apex/com.android.i18n/etc/icu/icudt76l.dat
07-06 00:01:25.598 D/nativeloader(22471): Load libjavacore.so using APEX ns com_android_art for caller /apex/com.android.art/javalib/core-oj.jar: ok
07-06 00:01:25.600 D/nativeloader(22471): Load libopenjdk.so using APEX ns com_android_art for caller /apex/com.android.art/javalib/core-oj.jar: ok
07-06 00:01:25.601 W/app_process(22471): Unexpected CPU variant for x86: x86_64.
07-06 00:01:25.601 W/app_process(22471): Known variants: atom, sandybridge, silvermont, goldmont, goldmont-plus, goldmont-without-sha-xsaves, tremont, kabylake, alderlake, default
07-06 00:01:25.606 W/app_process(22471): ClassLoaderContext shared library size mismatch. Expected=2, found=0 (PCL[]{PCL[/system/framework/android.test.base.jar*2789897741]#PCL[/system/framework/android.test.mock.jar*3361312393]} | PCL[])
07-06 00:01:25.608 W/app_process(22471): ClassLoaderContext classpath size mismatch. expected=0, found=1 (PCL[]{PCL[/system/framework/android.test.runner.jar*895143020]#PCL[/system/framework/android.test.base.jar*2789897741]} | PCL[/system/framework/android.test.runner.jar*895143020])
07-06 00:01:25.642 D/nativeloader(22471): Load libframework-connectivity-tiramisu-jni.so using APEX ns com_android_tethering for caller /apex/com.android.tethering/javalib/framework-connectivity-t.jar: ok
07-06 00:01:25.643 D/AndroidRuntime(22471): Calling main entry com.android.commands.uiautomator.Launcher
07-06 00:01:25.649 I/AconfigPackage(22471): android.media.swcodec.flags is mapped to com.android.media.swcodec
07-06 00:01:25.650 I/AconfigPackage(22471): com.google.android.settings.simplemode.flags is mapped to system_ext
07-06 00:01:25.650 I/AconfigPackage(22471): com.google.android.systemui is mapped to system_ext
07-06 00:01:25.650 I/AconfigPackage(22471): com.google.android.apps.nexuslauncher is mapped to system_ext
07-06 00:01:25.651 I/AconfigPackage(22471): com.android.settings.accessibility is mapped to system_ext
07-06 00:01:25.651 I/AconfigPackage(22471): com.android.settings.flags is mapped to system_ext
07-06 00:01:25.651 I/AconfigPackage(22471): com.google.android.apps.miphone.aiai.matchmaker.overview.ui is mapped to system_ext
07-06 00:01:25.651 I/AconfigPackage(22471): com.google.android.settings.flags is mapped to system_ext
07-06 00:01:25.651 I/AconfigPackage(22471): com.android.launcher3 is mapped to system_ext
07-06 00:01:25.651 I/AconfigPackage(22471): com.android.wallpaper is mapped to system_ext
07-06 00:01:25.651 I/AconfigPackage(22471): com.android.settings.media_drm is mapped to system_ext
07-06 00:01:25.651 I/AconfigPackage(22471): com.android.systemui.accessibility.accessibilitymenu is mapped to system_ext
07-06 00:01:25.651 I/AconfigPackage(22471): com.android.settings.keyboard is mapped to system_ext
07-06 00:01:25.652 I/AconfigPackage(22471): com.android.server.policy.feature.flags is mapped to system_ext
