--------- beginning of system
07-05 08:34:03.868 I/ActivityManager(  715): Force stopping com.huiyi.mockchat appid=10217 user=0: from pid 18864
07-05 08:34:03.870 I/ActivityManager(  715): Killing 18569:com.huiyi.mockchat/u0a217 (adj 0): stop com.huiyi.mockchat due to from pid 18864
07-05 08:34:03.872 D/CompatChangeReporter(  715): Compat change id reported: 151861875; UID 10217; state: ENABLED
07-05 08:34:03.873 W/ActivityTaskManager(  715): Force removing ActivityRecord{151999641 u0 com.huiyi.mockchat/.MainActivity t193 f}}: app died, no saved state
07-05 08:34:03.876 V/WindowManagerShell(  972): Transition requested (#172): android.os.BinderProxy@69f94b6 TransitionRequestInfo { type = CLOSE, triggerTask = TaskInfo{userId=0 taskId=193 effectiveUid=10217 displayId=0 isRunning=false baseIntent=Intent { flg=0x10000000 cmp=com.huiyi.mockchat/.MainActivity } baseActivity=null topActivity=null origActivity=null realActivity=ComponentInfo{com.huiyi.mockchat/com.huiyi.mockchat.MainActivity} numActivities=0 lastActiveTime=17005545 supportsMultiWindow=true resizeMode=1 isResizeable=true minWidth=-1 minHeight=-1 defaultMinSize=220 token=WCT{android.window.IWindowContainerToken$Stub$Proxy@c05f5b7} topActivityType=1 pictureInPictureParams=null shouldDockBigOverlays=false launchIntoPipHostTaskId=-1 lastParentTaskIdBeforePip=-1 displayCutoutSafeInsets=Rect(0, 0 - 0, 0) topActivityInfo=null launchCookies=[] positionInParent=Point(0, 0) parentTaskId=-1 isFocused=true isVisible=true isVisibleRequested=true isTopActivityNoDisplay=false isSleeping=false locusId=null displayAreaFeatureId=1 isTopActivityTransparent=false isActivityStackTransparent=true lastNonFullscreenBounds=Rect(286, 664 - 798, 1748) capturedLink=null capturedLinkTimestamp=0 requestedVisibleTypes=-9 topActivityRequestOpenInBrowserEducationTimestamp=0 appCompatTaskInfo=AppCompatTaskInfo { topActivityInSizeCompat=false eligibleForLetterboxEducation= false isLetterboxEducationEnabled= false isLetterboxDoubleTapEnabled= false eligibleForUserAspectRatioButton= false topActivityBoundsLetterboxed= false isFromLetterboxDoubleTap= false topActivityLetterboxVerticalPosition= -1 topActivityLetterboxHorizontalPosition= -1 topActivityLetterboxWidth=-1 topActivityLetterboxHeight=-1 topActivityAppBounds=Rect(0, 0 - 0, 0) isUserFullscreenOverrideEnabled=false isSystemFullscreenOverrideEnabled=false hasMinAspectRatioOverride=false topActivityLetterboxBounds=null cameraCompatTaskInfo=CameraCompatTaskInfo { freeformCameraCompatMode=undefined}} topActivityMainWindowFrame=null}, pipChange = null, remoteTransition = null, displayChange = null, flags = 0, debugId = 172 }
--------- beginning of main
07-05 08:34:03.878 I/BpBinder(  567): onLastStrongRef automatically unlinking death recipients: 
07-05 08:34:03.879 D/BackgroundInstallControlService(  715): Package event received: 0
07-05 08:34:03.886 W/IPCThreadState(  715): Sending oneway calls to frozen process.
07-05 08:34:03.886 D/ViewRootImpl( 1124): Skipping stats log for color mode
07-05 08:34:03.887 W/IPCThreadState(  715): Sending oneway calls to frozen process.
07-05 08:34:03.887 W/IPCThreadState(  715): Sending oneway calls to frozen process.
07-05 08:34:03.887 W/IPCThreadState(  715): Sending oneway calls to frozen process.
07-05 08:34:03.887 W/IPCThreadState(  715): Sending oneway calls to frozen process.
07-05 08:34:03.887 W/IPCThreadState(  715): Sending oneway calls to frozen process.
07-05 08:34:03.887 W/IPCThreadState(  715): Sending oneway calls to frozen process.
07-05 08:34:03.889 D/BackgroundInstallControlService(  715): Package event received: 0
07-05 08:34:03.889 D/BackgroundInstallControlService(  715): Package event received: 0
07-05 08:34:03.889 W/IPCThreadState(  715): Sending oneway calls to frozen process.
07-05 08:34:03.890 W/IPCThreadState(  715): Sending oneway calls to frozen process.
07-05 08:34:03.890 D/StatsLog( 1124): LAUNCHER_ONRESUME
07-05 08:34:03.890 W/IPCThreadState(  715): Sending oneway calls to frozen process.
07-05 08:34:03.890 W/IPCThreadState(  715): Sending oneway calls to frozen process.
07-05 08:34:03.890 W/IPCThreadState(  715): Sending oneway calls to frozen process.
07-05 08:34:03.891 I/AppWidgetServiceImpl(  715): startListening() 0
07-05 08:34:03.891 W/IPCThreadState(  715): Sending oneway calls to frozen process.
07-05 08:34:03.892 W/IPCThreadState(  715): Sending oneway calls to frozen process.
07-05 08:34:03.893 W/IPCThreadState(  715): Sending oneway calls to frozen process.
07-05 08:34:03.893 W/IPCThreadState(  715): Sending oneway calls to frozen process.
07-05 08:34:03.893 W/IPCThreadState(  715): Sending oneway calls to frozen process.
07-05 08:34:03.893 W/IPCThreadState(  715): Sending oneway calls to frozen process.
07-05 08:34:03.894 D/WindowManagerShell(  972): setLauncherKeepClearAreaHeight: visible=true, height=497
07-05 08:34:03.894 W/IPCThreadState(  715): Sending oneway calls to frozen process.
07-05 08:34:03.894 W/IPCThreadState(  715): Sending oneway calls to frozen process.
07-05 08:34:03.894 W/IPCThreadState(  715): Sending oneway calls to frozen process.
07-05 08:34:03.895 W/IPCThreadState(  715): Sending oneway calls to frozen process.
07-05 08:34:03.895 W/IPCThreadState(  715): Sending oneway calls to frozen process.
07-05 08:34:03.896 W/IPCThreadState(  715): Sending oneway calls to frozen process.
07-05 08:34:03.896 W/IPCThreadState(  715): Sending oneway calls to frozen process.
07-05 08:34:03.896 W/IPCThreadState(  715): Sending oneway calls to frozen process.
07-05 08:34:03.897 W/IPCThreadState(  715): Sending oneway calls to frozen process.
07-05 08:34:03.897 W/IPCThreadState(  715): Sending oneway calls to frozen process.
07-05 08:34:03.897 W/InputDispatcher(  715): channel 'edbf27a com.huiyi.mockchat/com.huiyi.mockchat.MainActivity' ~ Consumer closed input channel or an error occurred.  events=0x9
07-05 08:34:03.897 E/InputDispatcher(  715): channel 'edbf27a com.huiyi.mockchat/com.huiyi.mockchat.MainActivity' ~ Channel is unrecoverably broken and will be disposed!
07-05 08:34:03.897 I/WindowManager(  715): WINDOW DIED Window{edbf27a u0 com.huiyi.mockchat/com.huiyi.mockchat.MainActivity}
07-05 08:34:03.900 I/adbd    (  576): Remote process closed the socket (on MSG_PEEK)
07-05 08:34:03.901 I/ImeTracker(  715): com.huiyi.mockchat:1fb9186e: onRequestHide at ORIGIN_SERVER reason HIDE_REMOVE_CLIENT fromUser false
07-05 08:34:03.901 I/ImeTracker(  715): com.huiyi.mockchat:1fb9186e: onCancelled at PHASE_SERVER_SHOULD_HIDE
07-05 08:34:03.901 D/NexusLauncherModelDelegate( 1124): notifySmartspaceEvent: SmartspaceTargetEvent{mSmartspaceTarget=null, mSmartspaceActionId='null', mEventType=6}
07-05 08:34:03.902 W/IPCThreadState(  715): Sending oneway calls to frozen process.
07-05 08:34:03.902 W/IPCThreadState(  715): Sending oneway calls to frozen process.
07-05 08:34:03.903 W/IPCThreadState(  715): Sending oneway calls to frozen process.
07-05 08:34:03.903 W/IPCThreadState(  715): Sending oneway calls to frozen process.
07-05 08:34:03.908 I/netd    (  488): tetherGetStats() -> {[]} <1.19ms>
07-05 08:34:03.910 I/Zygote  (  491): Process 18569 exited due to signal 9 (Killed)
07-05 08:34:03.910 I/WindowManager(  715): WIN DEATH: Window{edbf27a u0 com.huiyi.mockchat/com.huiyi.mockchat.MainActivity EXITING}
07-05 08:34:03.912 W/IPCThreadState(  715): Sending oneway calls to frozen process.
07-05 08:34:03.912 D/QuickstepModelDelegate( 1124): notifyAppTargetEvent action=1 launchLocation=workspace/0/[-1,-1]/[1,1]
07-05 08:34:03.914 W/IPCThreadState(  715): Sending oneway calls to frozen process.
07-05 08:34:03.915 W/IPCThreadState(  715): Sending oneway calls to frozen process.
07-05 08:34:03.916 D/BaseDepthController( 1124): setSurface:
07-05 08:34:03.916 D/BaseDepthController( 1124): 	mWaitingOnSurfaceValidity: false
07-05 08:34:03.916 D/BaseDepthController( 1124): 	mBaseSurface: Surface(name=com.google.android.apps.nexuslauncher/com.google.android.apps.nexuslauncher.NexusLauncherActivity)/@0xcfe1a4e
07-05 08:34:03.917 W/IPCThreadState(  715): Sending oneway calls to frozen process.
07-05 08:34:03.917 I/BpBinder(  567): onLastStrongRef automatically unlinking death recipients: 
07-05 08:34:03.917 W/IPCThreadState(  715): Sending oneway calls to frozen process.
07-05 08:34:03.917 W/IPCThreadState(  715): Sending oneway calls to frozen process.
07-05 08:34:03.917 W/IPCThreadState(  715): Sending oneway calls to frozen process.
07-05 08:34:03.918 W/IPCThreadState(  715): Sending oneway calls to frozen process.
07-05 08:34:03.920 W/IPCThreadState(  715): Sending oneway calls to frozen process.
07-05 08:34:03.920 I/libprocessgroup(  715): Removed cgroup /sys/fs/cgroup/apps/uid_10217/pid_18569
07-05 08:34:03.921 W/IPCThreadState(  715): Sending oneway calls to frozen process.
07-05 08:34:03.925 I/AppsFilter(  715): interaction: PackageSetting{82e8969 com.android.microdroid.empty_payload/10212} -> PackageSetting{485c937 com.huiyi.mockchat/10217} BLOCKED
07-05 08:34:03.925 I/AppsFilter(  715): interaction: PackageSetting{79aefed com.huiyi.v4/10216} -> PackageSetting{485c937 com.huiyi.mockchat/10217} BLOCKED
07-05 08:34:03.933 V/ActivityManager(  715): Got obituary of 18569:com.huiyi.mockchat
07-05 08:34:03.944 I/AiAiEcho( 1480): Predicting[0]:  [CONTEXT sampling_count=5 ]
07-05 08:34:03.945 I/system_server(  715): AssetManager2(0x79075ab34d78) locale list changing from [] to [en-US]
07-05 08:34:03.945 I/AiAiEcho( 1480): EchoTargets: 
07-05 08:34:03.945 I/AiAiEcho( 1480): Filtered by AiAi flag check: 
07-05 08:34:03.945 I/AiAiEcho( 1480): [CONTEXT ratelimit_period="10 SECONDS" ]
07-05 08:34:03.946 I/AiAiEcho( 1480): #remoteViewsTwiddler: feature disabled.
07-05 08:34:03.952 W/ActivityTaskManager(  715): Unable to send transaction to client proc com.huiyi.mockchat: no app thread
07-05 08:34:03.958 D/CarrierSvcBindHelper( 1112): onHandleForceStop: [com.huiyi.mockchat]
07-05 08:34:03.962 V/WindowManager(  715): Unknown focus tokens, dropping reportFocusChanged
07-05 08:34:03.962 D/CarrierSvcBindHelper( 1112): No carrier app for: 0
07-05 08:34:03.963 W/ActivityManager(  715): setHasOverlayUi called on unknown pid: 18569
07-05 08:34:03.968 I/system_server(  715): AssetManager2(0x79075ab2aaf8) locale list changing from [] to [en-US]
07-05 08:34:03.972 I/AppWidgetServiceImpl(  715): Received broadcast: android.intent.action.PACKAGE_RESTARTED on user 0
07-05 08:34:03.973 I/AppWidgetServiceImpl(  715): Updating package stopped masked state for uid 10217 package com.huiyi.mockchat isStopped true
07-05 08:34:03.994 I/AiAiEcho( 1480): #postPredictionTargets: Sending updates to UISurface home with targets# 0 (types=[])
07-05 08:34:03.997 I/NotificationListener( 1124): Handling notification state refresh for android#0
07-05 08:34:03.997 I/NotificationListener( 1124): Handling notification state refresh for android#0
07-05 08:34:04.002 V/WindowManagerShell(  972): onTransitionReady(transaction=3070901629235)
07-05 08:34:04.004 V/WindowManagerShell(  972): onTransitionReady (#172) android.os.BinderProxy@69f94b6: {id=172 t=CLOSE f=0x0 trk=0 r=[0@Point(0, 0)] c=[
07-05 08:34:04.004 V/WindowManagerShell(  972):         {m=TO_FRONT f=SHOW_WALLPAPER|MOVE_TO_TOP leash=Surface(name=Task=1)/@0x3ebf48d sb=Rect(0, 0 - 1084, 2412) eb=Rect(0, 0 - 1084, 2412) epz=Point(1084, 2412) d=0 taskParent=-1},
07-05 08:34:04.004 V/WindowManagerShell(  972):         {m=CLOSE f=NONE leash=Surface(name=Task=193)/@0x2084642 sb=Rect(0, 0 - 1084, 2412) eb=Rect(0, 0 - 1084, 2412) epz=Point(1084, 2412) d=0 taskParent=-1},
07-05 08:34:04.004 V/WindowManagerShell(  972):         {m=TO_FRONT f=IS_WALLPAPER leash=Surface(name=WallpaperWindowToken{d6cca47 showWhenLocked=false})/@0xbfa3653 sb=Rect(0, 0 - 1084, 2412) eb=Rect(0, 0 - 1084, 2412) epz=Point(1084, 2412) d=0}
07-05 08:34:04.004 V/WindowManagerShell(  972):     ]}
07-05 08:34:04.004 V/WindowManagerShell(  972): Playing animation for (#172) android.os.BinderProxy@69f94b6@0
07-05 08:34:04.005 V/ShellRecents(  972): RecentsTransitionHandler.startAnimation: no controller found
07-05 08:34:04.005 V/WindowManagerShell(  972): Transition doesn't have explicit remote, search filters for match for {id=172 t=CLOSE f=0x0 trk=0 r=[0@Point(0, 0)] c=[{m=TO_FRONT f=SHOW_WALLPAPER|MOVE_TO_TOP leash=Surface(name=Task=1)/@0x3ebf48d sb=Rect(0, 0 - 1084, 2412) eb=Rect(0, 0 - 1084, 2412) epz=Point(1084, 2412) d=0 taskParent=-1},{m=CLOSE f=NONE leash=Surface(name=Task=193)/@0x2084642 sb=Rect(0, 0 - 1084, 2412) eb=Rect(0, 0 - 1084, 2412) epz=Point(1084, 2412) d=0 taskParent=-1},{m=TO_FRONT f=IS_WALLPAPER leash=Surface(name=WallpaperWindowToken{d6cca47 showWhenLocked=false})/@0xbfa3653 sb=Rect(0, 0 - 1084, 2412) eb=Rect(0, 0 - 1084, 2412) epz=Point(1084, 2412) d=0}]}
07-05 08:34:04.005 V/WindowManagerShell(  972):  Checking filter Pair{{types=[] flags=0x0] notFlags=0x0 checks=[{atype=undefined independent=true modes=[CLOSE,TO_BACK] flags=IN_TASK_WITH_EMBEDDED_ACTIVITY mustBeTask=false order=ANY topActivity=null launchCookie=null taskFragmentToken=android.os.BinderProxy@9757ff windowingMode=undefined}]} RemoteTransition { remoteTransition = android.window.IRemoteTransition$Stub$Proxy@b7a59cc, appThread = android.app.IApplicationThread$Stub$Proxy@a3c9415, debugName = overlayBackTransition }}
07-05 08:34:04.005 V/WindowManagerShell(  972):  Checking filter Pair{{types=[] flags=0x0] notFlags=0x0 checks=[{atype=dream independent=true modes=[OPEN,TO_FRONT] flags=NONE mustBeTask=false order=ANY topActivity=null launchCookie=null windowingMode=undefined},{atype=home independent=true modes=[CLOSE,TO_BACK] flags=NONE mustBeTask=false order=ANY topActivity=null launchCookie=null windowingMode=undefined}]} RemoteTransition { remoteTransition = android.window.IRemoteTransition$Stub$Proxy@e27a32a, appThread = android.app.IApplicationThread$Stub$Proxy@713751b, debugName = LauncherToDream }}
07-05 08:34:04.005 V/WindowManagerShell(  972):  Checking filter Pair{{types=[] flags=0x0] notFlags=0x100 checks=[{atype=home independent=true modes=[OPEN,TO_FRONT] flags=NONE mustBeTask=false order=TOP topActivity=ComponentInfo{com.google.android.apps.nexuslauncher/com.google.android.apps.nexuslauncher.NexusLauncherActivity} launchCookie=null windowingMode=undefined},{atype=standard independent=true modes=[CLOSE,TO_BACK] flags=NONE mustBeTask=false order=ANY topActivity=null launchCookie=null windowingMode=undefined},{NOT atype=undefined independent=true modes=[] flags=NONE mustBeTask=true order=ANY topActivity=null launchCookie=null customAnim=true windowingMode=undefined}]} RemoteTransition { remoteTransition = android.window.IRemoteTransition$Stub$Proxy@ed946b8, appThread = android.app.IApplicationThread$Stub$Proxy@5f5c91, debugName = QuickstepLaunchHome }}
07-05 08:34:04.005 D/RemoteTransitionHandler(  972): Found filterPair{{types=[] flags=0x0] notFlags=0x100 checks=[{atype=home independent=true modes=[OPEN,TO_FRONT] flags=NONE mustBeTask=false order=TOP topActivity=ComponentInfo{com.google.android.apps.nexuslauncher/com.google.android.apps.nexuslauncher.NexusLauncherActivity} launchCookie=null windowingMode=undefined},{atype=standard independent=true modes=[CLOSE,TO_BACK] flags=NONE mustBeTask=false order=ANY topActivity=null launchCookie=null windowingMode=undefined},{NOT atype=undefined independent=true modes=[] flags=NONE mustBeTask=true order=ANY topActivity=null launchCookie=null customAnim=true windowingMode=undefined}]} RemoteTransition { remoteTransition = android.window.IRemoteTransition$Stub$Proxy@ed946b8, appThread = android.app.IApplicationThread$Stub$Proxy@5f5c91, debugName = QuickstepLaunchHome }}
07-05 08:34:04.005 V/WindowManagerShell(  972):  Delegate animation for (#172) to RemoteTransition { remoteTransition = android.window.IRemoteTransition$Stub$Proxy@ed946b8, appThread = android.app.IApplicationThread$Stub$Proxy@5f5c91, debugName = QuickstepLaunchHome }
07-05 08:34:04.007 D/SsBaseTemplateCard( 1124): No text view can be set up
07-05 08:34:04.007 D/SsBaseTemplateCard( 1124): Passed-in item info is null
07-05 08:34:04.007 D/SsBaseTemplateCard( 1124): Passed-in item info is null
07-05 08:34:04.007 D/SsBaseTemplateCard( 1124): Passed-in item info is null
07-05 08:34:04.007 I/SsBaseTemplateCard( 1124): Secondary card pane is null
07-05 08:34:04.018 D/StateManager( 1124): createAtomicAnimation - fromState: Background, toState: Normal, partial trace:
07-05 08:34:04.018 D/StateManager( 1124): 	at com.android.quickstep.util.ScalingWorkspaceRevealAnim.<init>(go/retraceme 43e00d9cd0eb17b3d9dd30fc1741b1c71445c4c0f7c8c9b81300265c86c5b873:39)
07-05 08:34:04.018 D/StateManager( 1124): 	at com.android.launcher3.QuickstepTransitionManager.createWallpaperOpenAnimations(go/retraceme 43e00d9cd0eb17b3d9dd30fc1741b1c71445c4c0f7c8c9b81300265c86c5b873:168)
07-05 08:34:04.018 D/StateManager( 1124): 	at com.android.launcher3.QuickstepTransitionManager$WallpaperOpenLauncherAnimationRunner.onAnimationStart(go/retraceme 43e00d9cd0eb17b3d9dd30fc1741b1c71445c4c0f7c8c9b81300265c86c5b873:17)
07-05 08:34:04.021 D/b/311077782( 1124): LauncherAnimationRunner.setAnimation
07-05 08:34:04.041 I/s.nexuslauncher( 1124): AssetManager2(0x79075ab22178) locale list changing from [] to [en-US]
07-05 08:34:04.045 W/HWUI    ( 1124): Image decoding logging dropped!
07-05 08:34:04.057 I/BpBinder(  567): onLastStrongRef automatically unlinking death recipients: 
07-05 08:34:04.080 V/WindowManager(  715): Sent Transition (#172) createdAt=07-05 08:34:03.874 via request=TransitionRequestInfo { type = CLOSE, triggerTask = TaskInfo{userId=0 taskId=193 effectiveUid=10217 displayId=0 isRunning=false baseIntent=Intent { flg=0x10000000 cmp=com.huiyi.mockchat/.MainActivity } baseActivity=null topActivity=null origActivity=null realActivity=ComponentInfo{com.huiyi.mockchat/com.huiyi.mockchat.MainActivity} numActivities=0 lastActiveTime=17005545 supportsMultiWindow=true resizeMode=1 isResizeable=true minWidth=-1 minHeight=-1 defaultMinSize=220 token=WCT{RemoteToken{5a31a4b Task{ea3d35e #193 type=standard A=10217:com.huiyi.mockchat}}} topActivityType=1 pictureInPictureParams=null shouldDockBigOverlays=false launchIntoPipHostTaskId=-1 lastParentTaskIdBeforePip=-1 displayCutoutSafeInsets=Rect(0, 0 - 0, 0) topActivityInfo=null launchCookies=[] positionInParent=Point(0, 0) parentTaskId=-1 isFocused=true isVisible=true isVisibleRequested=true isTopActivityNoDisplay=false isSleeping=false locusId=null displayAreaFeatureId=1 isTopActivityTransparent=false isActivityStackTransparent=true lastNonFullscreenBounds=Rect(286, 664 - 798, 1748) capturedLink=null capturedLinkTimestamp=0 requestedVisibleTypes=-9 topActivityRequestOpenInBrowserEducationTimestamp=0 appCompatTaskInfo=AppCompatTaskInfo { topActivityInSizeCompat=false eligibleForLetterboxEducation= false isLetterboxEducationEnabled= false isLetterboxDoubleTapEnabled= false eligibleForUserAspectRatioButton= false topActivityBoundsLetterboxed= false isFromLetterboxDoubleTap= false topActivityLetterboxVerticalPosition= -1 topActivityLetterboxHorizontalPosition= -1 topActivityLetterboxWidth=-1 topActivityLetterboxHeight=-1 topActivityAppBounds=Rect(0, 0 - 0, 0) isUserFullscreenOverrideEnabled=false isSystemFullscreenOverrideEnabled=false hasMinAspectRatioOverride=false topActivityLetterboxBounds=null cameraCompatTaskInfo=CameraCompatTaskInfo { freeformCameraCompatMode=undefined}} topActivityMainWindowFrame=null}, pipChange = null, remoteTransition = null, displayChange = null, flags = 0, debugId = 172 }
07-05 08:34:04.080 V/WindowManager(  715):     startWCT=WindowContainerTransaction { changes= {} hops= [] errorCallbackToken=null taskFragmentOrganizer=null }
07-05 08:34:04.080 V/WindowManager(  715):     info={id=172 t=CLOSE f=0x0 trk=0 r=[0@Point(0, 0)] c=[
07-05 08:34:04.080 V/WindowManager(  715):         {WCT{RemoteToken{ba7d2de Task{f5e704d #1 type=home}}} m=TO_FRONT f=SHOW_WALLPAPER|MOVE_TO_TOP leash=Surface(name=Task=1)/@0x55c111d sb=Rect(0, 0 - 1084, 2412) eb=Rect(0, 0 - 1084, 2412) epz=Point(1084, 2412) d=0 taskParent=-1},
07-05 08:34:04.080 V/WindowManager(  715):         {WCT{RemoteToken{5a31a4b Task{ea3d35e #193 type=standard A=10217:com.huiyi.mockchat}}} m=CLOSE f=NONE leash=Surface(name=Task=193)/@0xd6489c5 sb=Rect(0, 0 - 1084, 2412) eb=Rect(0, 0 - 1084, 2412) epz=Point(1084, 2412) d=0 taskParent=-1},
07-05 08:34:04.080 V/WindowManager(  715):         {m=TO_FRONT f=IS_WALLPAPER leash=Surface(name=WallpaperWindowToken{d6cca47 showWhenLocked=false})/@0x17505f4 sb=Rect(0, 0 - 1084, 2412) eb=Rect(0, 0 - 1084, 2412) epz=Point(1084, 2412) d=0}
07-05 08:34:04.080 V/WindowManager(  715):     ]}
07-05 08:34:04.085 I/RanchuHwc(  516): logCompositionFallbackIfChanged: layer 453 CompositionType fallback from 2 to 1
07-05 08:34:04.085 I/RanchuHwc(  516): logCompositionFallbackIfChanged: layer 452 CompositionType fallback from 2 to 1
07-05 08:34:04.085 V/WindowManagerShell(  972):  animated by com.android.wm.shell.transition.RemoteTransitionHandler@1403b21
07-05 08:34:04.086 W/Looper  (  972): Slow dispatch took 83ms wmshell.main app=com.android.systemui main=false group=FOREGROUND h=android.os.Handler c=com.android.wm.shell.transition.Transitions$TransitionPlayerImpl$$ExternalSyntheticLambda0@558848e m=0
07-05 08:34:04.134 I/ImeTracker(  715): com.google.android.apps.nexuslauncher:f9f4f7bd: onRequestHide at ORIGIN_SERVER reason HIDE_UNSPECIFIED_WINDOW fromUser false
07-05 08:34:04.141 I/GoogleInputMethodService( 1395): GoogleInputMethodService.onFinishInput():2043 
07-05 08:34:04.142 I/Module  ( 1395): DeviceLockedStatusModuleProvider$Module.updateDeviceLockedStatus():100 repeatCheckTimes = 0, locked = false
07-05 08:34:04.143 D/InsetsController( 1124): hide(ime(), fromIme=false)
07-05 08:34:04.144 I/ImeTracker( 1124): com.google.android.apps.nexuslauncher:f9f4f7bd: onCancelled at PHASE_CLIENT_ALREADY_HIDDEN
07-05 08:34:04.144 I/GoogleInputMethodService( 1395): GoogleInputMethodService.onStartInput():1293 onStartInput(EditorInfo{EditorInfo{packageName=com.google.android.apps.nexuslauncher, inputType=0, inputTypeString=NULL, enableLearning=false, autoCorrection=false, autoComplete=false, imeOptions=0, privateImeOptions=null, actionName=UNSPECIFIED, actionLabel=null, initialSelStart=-1, initialSelEnd=-1, initialCapsMode=0, label=null, fieldId=0, fieldName=null, extras=null, hintText=null, hintLocales=[]}}, false)
07-05 08:34:04.145 I/ImeTracker(  715): system_server:d3c7c3bc: onRequestHide at ORIGIN_SERVER reason IME_REQUESTED_CHANGED_LISTENER fromUser false
07-05 08:34:04.147 W/PackageConfigPersister(  715): App-specific configuration not found for packageName: com.google.android.apps.nexuslauncher and userId: 0
07-05 08:34:04.148 I/ImeTracker(  715): system_server:d3c7c3bc: onCancelled at PHASE_SERVER_SHOULD_HIDE
07-05 08:34:04.148 I/Module  ( 1395): DeviceLockedStatusModuleProvider$Module.updateDeviceLockedStatus():100 repeatCheckTimes = 1, locked = false
07-05 08:34:04.170 W/ActivityTaskManager(  715): Unable to send transaction to client proc com.huiyi.mockchat: no app thread
07-05 08:34:04.281 I/s.nexuslauncher( 1124): AssetManager2(0x79075aadacd8) locale list changing from [] to [en-US]
07-05 08:34:04.340 W/ActivityTaskManager(  715): callingPackage for (uid=2000, pid=18870) has no WPC
07-05 08:34:04.342 V/GrammaticalInflectionUtils(  715): AttributionSource: AttributionSource { uid = 10217, packageName = null, attributionTag = null, token = android.os.Binder@2b6457c, deviceId = 0, next = null } does not have READ_SYSTEM_GRAMMATICAL_GENDER permission.
07-05 08:34:04.343 W/OptProp (  715): Cannot read opt property android.window.PROPERTY_COMPAT_ALLOW_USER_ASPECT_RATIO_OVERRIDE
07-05 08:34:04.343 W/OptProp (  715): Cannot read opt property android.window.PROPERTY_COMPAT_ALLOW_USER_ASPECT_RATIO_FULLSCREEN_OVERRIDE
07-05 08:34:04.343 W/OptProp (  715): Cannot read opt property android.window.PROPERTY_COMPAT_ALLOW_RESIZEABLE_ACTIVITY_OVERRIDES
07-05 08:34:04.344 W/OptProp (  715): Cannot read opt property android.window.PROPERTY_COMPAT_ALLOW_MIN_ASPECT_RATIO_OVERRIDE
07-05 08:34:04.351 W/OptProp (  715): Cannot read opt property android.window.PROPERTY_COMPAT_ALLOW_ORIENTATION_OVERRIDE
07-05 08:34:04.354 V/SplashScreenExceptionList(  715): SplashScreen checking exception for package com.huiyi.mockchat (target sdk:35) -> false
07-05 08:34:04.358 I/BpBinder(  567): onLastStrongRef automatically unlinking death recipients: 
07-05 08:34:04.360 D/CompatChangeReporter(  715): Compat change id reported: 309578419; UID 10217; state: ENABLED
07-05 08:34:04.361 I/ActivityTaskManager(  715): Add Task{ea3d35e #193 type=standard A=10217:com.huiyi.mockchat} to hidden list because adding Task{432a3b #194 type=standard A=10217:com.huiyi.mockchat}
07-05 08:34:04.363 W/HWUI    (  972): Image decoding logging dropped!
07-05 08:34:04.365 I/ActivityTaskManager(  715): START u0 {flg=0x10000000 xflg=0x5 cmp=com.huiyi.mockchat/.MainActivity (has extras)} with LAUNCH_MULTIPLE from uid 2000 (BAL_ALLOW_PERMISSION) result code=0
07-05 08:34:04.365 D/SplashScreenView(  972): Build android.window.SplashScreenView{9101afd V.E...... ......ID 0,0-0,0}
07-05 08:34:04.365 D/SplashScreenView(  972): Icon: view: android.widget.ImageView{c2c3f2 V.ED..... ......I. 0,0-0,0 #1020542 android:id/splashscreen_icon_view} drawable: com.android.wm.shell.startingsurface.SplashscreenIconDrawableFactory$ImmobileIconDrawable@9cd5a43 size: 395
07-05 08:34:04.365 D/SplashScreenView(  972): Branding: view: android.view.View{c208c0 G.ED..... ......I. 0,0-0,0 #1020541 android:id/splashscreen_branding_view} drawable: null size w: 0 h: 0
07-05 08:34:04.367 W/SplitSelectStateCtor( 1124): Missing session instanceIds
07-05 08:34:04.367 D/WindowManagerShell(  972): setLauncherKeepClearAreaHeight: visible=false, height=497
07-05 08:34:04.368 D/StatsLog( 1124): LAUNCHER_SPLIT_SELECTION_EXIT_INTERRUPTED
07-05 08:34:04.372 W/IPCThreadState(  630): Sending oneway calls to frozen process.
07-05 08:34:04.375 V/WindowManagerShell(  972): Transition requested (#173): android.os.BinderProxy@b0dcebb TransitionRequestInfo { type = OPEN, triggerTask = TaskInfo{userId=0 taskId=194 effectiveUid=10217 displayId=0 isRunning=true baseIntent=Intent { flg=0x10000000 cmp=com.huiyi.mockchat/.MainActivity } baseActivity=ComponentInfo{com.huiyi.mockchat/com.huiyi.mockchat.MainActivity} topActivity=ComponentInfo{com.huiyi.mockchat/com.huiyi.mockchat.MainActivity} origActivity=null realActivity=ComponentInfo{com.huiyi.mockchat/com.huiyi.mockchat.MainActivity} numActivities=1 lastActiveTime=17036914 supportsMultiWindow=true resizeMode=1 isResizeable=true minWidth=-1 minHeight=-1 defaultMinSize=220 token=WCT{android.window.IWindowContainerToken$Stub$Proxy@9802fd8} topActivityType=1 pictureInPictureParams=null shouldDockBigOverlays=false launchIntoPipHostTaskId=-1 lastParentTaskIdBeforePip=-1 displayCutoutSafeInsets=Rect(0, 0 - 0, 0) topActivityInfo=ActivityInfo{3385f31 com.huiyi.mockchat.MainActivity} launchCookies=[] positionInParent=Point(0, 0) parentTaskId=-1 isFocused=false isVisible=false isVisibleRequested=false isTopActivityNoDisplay=false isSleeping=false locusId=null displayAreaFeatureId=1 isTopActivityTransparent=false isActivityStackTransparent=false lastNonFullscreenBounds=Rect(286, 664 - 798, 1748) capturedLink=null capturedLinkTimestamp=0 requestedVisibleTypes=-9 topActivityRequestOpenInBrowserEducationTimestamp=0 appCompatTaskInfo=AppCompatTaskInfo { topActivityInSizeCompat=false eligibleForLetterboxEducation= false isLetterboxEducationEnabled= true isLetterboxDoubleTapEnabled= false eligibleForUserAspectRatioButton= false topActivityBoundsLetterboxed= false isFromLetterboxDoubleTap= false topActivityLetterboxVerticalPosition= -1 topActivityLetterboxHorizontalPosition= -1 topActivityLetterboxWidth=-1 topActivityLetterboxHeight=-1 topActivityAppBounds=Rect(0, 0 - 1084, 2412) isUserFullscreenOverrideEnabled=false isSystemFullscreenOverrideEnabled=false hasMinAspectRatioOverride=false topActivityLetterboxBounds=null cameraCompatTaskInfo=CameraCompatTaskInfo { freeformCameraCompatMode=inactive}} topActivityMainWindowFrame=null}, pipChange = null, remoteTransition = null, displayChange = null, flags = 0, debugId = 173 }
07-05 08:34:04.375 I/AppsFilter(  715): interaction: PackageSetting{82e8969 com.android.microdroid.empty_payload/10212} -> PackageSetting{2813ced com.huiyi.mockchat/10217} BLOCKED
07-05 08:34:04.375 I/AppsFilter(  715): interaction: PackageSetting{79aefed com.huiyi.v4/10216} -> PackageSetting{2813ced com.huiyi.mockchat/10217} BLOCKED
07-05 08:34:04.375 D/ShellSplitScreen(  972): logExit: no-op, mLoggerSessionId is null
07-05 08:34:04.388 V/GrammaticalInflectionUtils(  715): AttributionSource: AttributionSource { uid = 10217, packageName = null, attributionTag = null, token = android.os.Binder@2b6457c, deviceId = 0, next = null } does not have READ_SYSTEM_GRAMMATICAL_GENDER permission.
07-05 08:34:04.391 D/CoreBackPreview(  715): Window{4302f17 u0 Splash Screen com.huiyi.mockchat}: Setting back callback OnBackInvokedCallbackInfo{mCallback=android.window.IOnBackInvokedCallback$Stub$Proxy@1c1bae9, mPriority=0, mIsAnimationCallback=false, mOverrideBehavior=0}
07-05 08:34:04.404 D/BackgroundInstallControlService(  715): Package event received: 0
07-05 08:34:04.404 I/AppWidgetServiceImpl(  715): Received broadcast: android.intent.action.PACKAGE_UNSTOPPED on user 0
07-05 08:34:04.405 I/AppWidgetServiceImpl(  715): Updating package stopped masked state for uid 10217 package com.huiyi.mockchat isStopped false
07-05 08:34:04.434 D/Zygote  (  491): Forked child process 18876
07-05 08:34:04.448 W/ActivityManager(  715): Slow operation: 59ms so far, now at startProcess: returned from zygote!
07-05 08:34:04.453 W/ActivityManager(  715): Slow operation: 63ms so far, now at startProcess: done updating battery stats
07-05 08:34:04.453 W/ActivityManager(  715): Slow operation: 64ms so far, now at startProcess: building log message
07-05 08:34:04.453 I/ActivityManager(  715): Start proc 18876:com.huiyi.mockchat/u0a217 for next-top-activity {com.huiyi.mockchat/com.huiyi.mockchat.MainActivity}
07-05 08:34:04.453 W/ActivityManager(  715): Slow operation: 64ms so far, now at startProcess: starting to update pids map
07-05 08:34:04.453 I/ActivityManager(  715): ProcessObserver broadcast disabled
07-05 08:34:04.454 W/ActivityManager(  715): Slow operation: 64ms so far, now at startProcess: done updating pids map
07-05 08:34:04.488 I/.huiyi.mockchat(18876): Late-enabling -Xcheck:jni
07-05 08:34:04.496 V/WindowManager(  715): Sent Transition (#173) createdAt=07-05 08:34:04.345 via request=TransitionRequestInfo { type = OPEN, triggerTask = TaskInfo{userId=0 taskId=194 effectiveUid=10217 displayId=0 isRunning=true baseIntent=Intent { flg=0x10000000 cmp=com.huiyi.mockchat/.MainActivity } baseActivity=ComponentInfo{com.huiyi.mockchat/com.huiyi.mockchat.MainActivity} topActivity=ComponentInfo{com.huiyi.mockchat/com.huiyi.mockchat.MainActivity} origActivity=null realActivity=ComponentInfo{com.huiyi.mockchat/com.huiyi.mockchat.MainActivity} numActivities=1 lastActiveTime=17036914 supportsMultiWindow=true resizeMode=1 isResizeable=true minWidth=-1 minHeight=-1 defaultMinSize=220 token=WCT{RemoteToken{5a7134 Task{432a3b #194 type=standard A=10217:com.huiyi.mockchat}}} topActivityType=1 pictureInPictureParams=null shouldDockBigOverlays=false launchIntoPipHostTaskId=-1 lastParentTaskIdBeforePip=-1 displayCutoutSafeInsets=Rect(0, 0 - 0, 0) topActivityInfo=ActivityInfo{7383b5d com.huiyi.mockchat.MainActivity} launchCookies=[] positionInParent=Point(0, 0) parentTaskId=-1 isFocused=false isVisible=false isVisibleRequested=false isTopActivityNoDisplay=false isSleeping=false locusId=null displayAreaFeatureId=1 isTopActivityTransparent=false isActivityStackTransparent=false lastNonFullscreenBounds=Rect(286, 664 - 798, 1748) capturedLink=null capturedLinkTimestamp=0 requestedVisibleTypes=-9 topActivityRequestOpenInBrowserEducationTimestamp=0 appCompatTaskInfo=AppCompatTaskInfo { topActivityInSizeCompat=false eligibleForLetterboxEducation= false isLetterboxEducationEnabled= true isLetterboxDoubleTapEnabled= false eligibleForUserAspectRatioButton= false topActivityBoundsLetterboxed= false isFromLetterboxDoubleTap= false topActivityLetterboxVerticalPosition= -1 topActivityLetterboxHorizontalPosition= -1 topActivityLetterboxWidth=-1 topActivityLetterboxHeight=-1 topActivityAppBounds=Rect(0, 0 - 1084, 2412) isUserFullscreenOverrideEnabled=false isSystemFullscreenOverrideEnabled=false hasMinAspectRatioOverride=false topActivityLetterboxBounds=null cameraCompatTaskInfo=CameraCompatTaskInfo { freeformCameraCompatMode=inactive}} topActivityMainWindowFrame=null}, pipChange = null, remoteTransition = null, displayChange = null, flags = 0, debugId = 173 }
07-05 08:34:04.496 V/WindowManager(  715):     startWCT=WindowContainerTransaction { changes= {} hops= [] errorCallbackToken=null taskFragmentOrganizer=null }
07-05 08:34:04.497 V/WindowManager(  715):     info={id=173 t=OPEN f=0x0 trk=0 r=[0@Point(0, 0)] c=[
07-05 08:34:04.497 V/WindowManager(  715):         {WCT{RemoteToken{5a7134 Task{432a3b #194 type=standard A=10217:com.huiyi.mockchat}}} m=OPEN f=NONE leash=Surface(name=Task=194)/@0xeaed246 sb=Rect(0, 0 - 1084, 2412) eb=Rect(0, 0 - 1084, 2412) epz=Point(1084, 2412) d=0 taskParent=-1},
07-05 08:34:04.497 V/WindowManager(  715):         {WCT{RemoteToken{ba7d2de Task{f5e704d #1 type=home}}} m=TO_BACK f=SHOW_WALLPAPER leash=Surface(name=Task=1)/@0x55c111d sb=Rect(0, 0 - 1084, 2412) eb=Rect(0, 0 - 1084, 2412) epz=Point(1084, 2412) d=0 taskParent=-1},
07-05 08:34:04.497 V/WindowManager(  715):         {m=TO_BACK f=IS_WALLPAPER leash=Surface(name=WallpaperWindowToken{d6cca47 showWhenLocked=false})/@0x17505f4 sb=Rect(0, 0 - 1084, 2412) eb=Rect(0, 0 - 1084, 2412) epz=Point(1084, 2412) d=0}
07-05 08:34:04.497 V/WindowManager(  715):     ]}
07-05 08:34:04.497 V/WindowManagerShell(  972): onTransitionReady(transaction=3070901629260)
07-05 08:34:04.498 V/WindowManagerShell(  972): onTransitionReady (#173) android.os.BinderProxy@b0dcebb: {id=173 t=OPEN f=0x0 trk=0 r=[0@Point(0, 0)] c=[
07-05 08:34:04.498 V/WindowManagerShell(  972):         {m=OPEN f=NONE leash=Surface(name=Task=194)/@0xba561ee sb=Rect(0, 0 - 1084, 2412) eb=Rect(0, 0 - 1084, 2412) epz=Point(1084, 2412) d=0 taskParent=-1},
07-05 08:34:04.498 V/WindowManagerShell(  972):         {m=TO_BACK f=SHOW_WALLPAPER leash=Surface(name=Task=1)/@0x555668f sb=Rect(0, 0 - 1084, 2412) eb=Rect(0, 0 - 1084, 2412) epz=Point(1084, 2412) d=0 taskParent=-1},
07-05 08:34:04.498 V/WindowManagerShell(  972):         {m=TO_BACK f=IS_WALLPAPER leash=Surface(name=WallpaperWindowToken{d6cca47 showWhenLocked=false})/@0xc366d1c sb=Rect(0, 0 - 1084, 2412) eb=Rect(0, 0 - 1084, 2412) epz=Point(1084, 2412) d=0}
07-05 08:34:04.498 V/WindowManagerShell(  972):     ]}
07-05 08:34:04.503 V/WindowManagerShell(  972): Transition (#173) android.os.BinderProxy@b0dcebb@0 ready while (#172) android.os.BinderProxy@69f94b6@0 is still animating. Notify the animating transition in case they can be merged
07-05 08:34:04.503 V/WindowManagerShell(  972):    Merge into remote: RemoteTransition { remoteTransition = android.window.IRemoteTransition$Stub$Proxy@ed946b8, appThread = android.app.IApplicationThread$Stub$Proxy@5f5c91, debugName = QuickstepLaunchHome }
07-05 08:34:04.509 V/WindowManagerShell(  972): Transition animation finished (aborted=false), notifying core (#172) android.os.BinderProxy@69f94b6@0
07-05 08:34:04.510 V/WindowManager(  715): Finish Transition (#172): created at 07-05 08:34:03.874 collect-started=0.778ms request-sent=0.893ms started=9.433ms ready=115.395ms sent=126.149ms commit=35.457ms finished=635.379ms
07-05 08:34:04.513 E/IPCThreadState(  715): Binder transaction failure. id: 3008900, BR_*: 29189, error: -22 (Invalid argument)
07-05 08:34:04.513 W/ActivityManager(  715): pid 715 system sent binder code 7 with flags 1 to frozen apps and got error -32
07-05 08:34:04.513 W/WindowManager(  715): Exception thrown during dispatchAppVisibility Window{edbf27a u0 com.huiyi.mockchat/com.huiyi.mockchat.MainActivity EXITING}
07-05 08:34:04.513 W/WindowManager(  715): android.os.DeadObjectException
07-05 08:34:04.513 W/WindowManager(  715): 	at android.os.BinderProxy.transactNative(Native Method)
07-05 08:34:04.513 W/WindowManager(  715): 	at android.os.BinderProxy.transact(BinderProxy.java:592)
07-05 08:34:04.513 W/WindowManager(  715): 	at android.view.IWindow$Stub$Proxy.dispatchAppVisibility(IWindow.java:557)
07-05 08:34:04.513 W/WindowManager(  715): 	at com.android.server.wm.WindowState.sendAppVisibilityToClients(WindowState.java:3151)
07-05 08:34:04.513 W/WindowManager(  715): 	at com.android.server.wm.WindowContainer.sendAppVisibilityToClients(WindowContainer.java:1311)
07-05 08:34:04.513 W/WindowManager(  715): 	at com.android.server.wm.WindowToken.setClientVisible(WindowToken.java:389)
07-05 08:34:04.513 W/WindowManager(  715): 	at com.android.server.wm.ActivityRecord.setClientVisible(ActivityRecord.java:6650)
07-05 08:34:04.513 W/WindowManager(  715): 	at com.android.server.wm.ActivityRecord.commitVisibility(ActivityRecord.java:5561)
07-05 08:34:04.513 W/WindowManager(  715): 	at com.android.server.wm.Transition.finishTransition(Transition.java:1391)
07-05 08:34:04.513 W/WindowManager(  715): 	at com.android.server.wm.TransitionController.finishTransition(TransitionController.java:1029)
07-05 08:34:04.513 W/WindowManager(  715): 	at com.android.server.wm.WindowOrganizerController.finishTransition(WindowOrganizerController.java:496)
07-05 08:34:04.513 W/WindowManager(  715): 	at android.window.IWindowOrganizerController$Stub.onTransact(IWindowOrganizerController.java:261)
07-05 08:34:04.513 W/WindowManager(  715): 	at com.android.server.wm.WindowOrganizerController.onTransact(WindowOrganizerController.java:223)
07-05 08:34:04.513 W/WindowManager(  715): 	at android.os.Binder.execTransactInternal(Binder.java:1426)
07-05 08:34:04.513 W/WindowManager(  715): 	at android.os.Binder.execTransact(Binder.java:1365)
07-05 08:34:04.513 W/Process (  715): Unable to open /proc/18569/status
--------- beginning of kernel
07-05 08:34:04.489 I/binder  (    0): 1835:715 cannot find target node
07-05 08:34:04.490 I/binder  (    0): 715:1835 transaction async to 0:0 failed 3008900/29189/-22, size 64-0 line 3348
07-05 08:34:04.523 I/.huiyi.mockchat(18876): Using CollectorTypeCMC GC.
07-05 08:34:04.525 V/WindowManagerShell(  972): Playing animation for (#173) android.os.BinderProxy@b0dcebb@0
07-05 08:34:04.525 W/.huiyi.mockchat(18876): Unexpected CPU variant for x86: x86_64.
07-05 08:34:04.525 W/.huiyi.mockchat(18876): Known variants: atom, sandybridge, silvermont, goldmont, goldmont-plus, goldmont-without-sha-xsaves, tremont, kabylake, alderlake, default
07-05 08:34:04.527 V/ShellRecents(  972): RecentsTransitionHandler.startAnimation: no controller found
07-05 08:34:04.529 V/WindowManagerShell(  972): Transition doesn't have explicit remote, search filters for match for {id=173 t=OPEN f=0x0 trk=0 r=[0@Point(0, 0)] c=[{m=OPEN f=NONE leash=Surface(name=Task=194)/@0xba561ee sb=Rect(0, 0 - 1084, 2412) eb=Rect(0, 0 - 1084, 2412) epz=Point(1084, 2412) d=0 taskParent=-1},{m=TO_BACK f=SHOW_WALLPAPER leash=Surface(name=Task=1)/@0x555668f sb=Rect(0, 0 - 1084, 2412) eb=Rect(0, 0 - 1084, 2412) epz=Point(1084, 2412) d=0 taskParent=-1},{m=TO_BACK f=IS_WALLPAPER leash=Surface(name=WallpaperWindowToken{d6cca47 showWhenLocked=false})/@0xc366d1c sb=Rect(0, 0 - 1084, 2412) eb=Rect(0, 0 - 1084, 2412) epz=Point(1084, 2412) d=0}]}
07-05 08:34:04.529 V/WindowManagerShell(  972):  Checking filter Pair{{types=[] flags=0x0] notFlags=0x0 checks=[{atype=undefined independent=true modes=[CLOSE,TO_BACK] flags=IN_TASK_WITH_EMBEDDED_ACTIVITY mustBeTask=false order=ANY topActivity=null launchCookie=null taskFragmentToken=android.os.BinderProxy@9757ff windowingMode=undefined}]} RemoteTransition { remoteTransition = android.window.IRemoteTransition$Stub$Proxy@b7a59cc, appThread = android.app.IApplicationThread$Stub$Proxy@a3c9415, debugName = overlayBackTransition }}
07-05 08:34:04.529 V/WindowManagerShell(  972):  Checking filter Pair{{types=[] flags=0x0] notFlags=0x0 checks=[{atype=dream independent=true modes=[OPEN,TO_FRONT] flags=NONE mustBeTask=false order=ANY topActivity=null launchCookie=null windowingMode=undefined},{atype=home independent=true modes=[CLOSE,TO_BACK] flags=NONE mustBeTask=false order=ANY topActivity=null launchCookie=null windowingMode=undefined}]} RemoteTransition { remoteTransition = android.window.IRemoteTransition$Stub$Proxy@e27a32a, appThread = android.app.IApplicationThread$Stub$Proxy@713751b, debugName = LauncherToDream }}
07-05 08:34:04.529 V/WindowManagerShell(  972):  Checking filter Pair{{types=[] flags=0x0] notFlags=0x100 checks=[{atype=home independent=true modes=[OPEN,TO_FRONT] flags=NONE mustBeTask=false order=TOP topActivity=ComponentInfo{com.google.android.apps.nexuslauncher/com.google.android.apps.nexuslauncher.NexusLauncherActivity} launchCookie=null windowingMode=undefined},{atype=standard independent=true modes=[CLOSE,TO_BACK] flags=NONE mustBeTask=false order=ANY topActivity=null launchCookie=null windowingMode=undefined},{NOT atype=undefined independent=true modes=[] flags=NONE mustBeTask=true order=ANY topActivity=null launchCookie=null customAnim=true windowingMode=undefined}]} RemoteTransition { remoteTransition = android.window.IRemoteTransition$Stub$Proxy@ed946b8, appThread = android.app.IApplicationThread$Stub$Proxy@5f5c91, debugName = QuickstepLaunchHome }}
07-05 08:34:04.529 V/WindowManagerShell(  972):  Delegate animation for (#173) to null
07-05 08:34:04.529 V/WindowManagerShell(  972): start default transition animation, info = {id=173 t=OPEN f=0x0 trk=0 r=[0@Point(0, 0)] c=[{m=OPEN f=NONE leash=Surface(name=Task=194)/@0xba561ee sb=Rect(0, 0 - 1084, 2412) eb=Rect(0, 0 - 1084, 2412) epz=Point(1084, 2412) d=0 taskParent=-1},{m=TO_BACK f=SHOW_WALLPAPER leash=Surface(name=Task=1)/@0x555668f sb=Rect(0, 0 - 1084, 2412) eb=Rect(0, 0 - 1084, 2412) epz=Point(1084, 2412) d=0 taskParent=-1},{m=TO_BACK f=IS_WALLPAPER leash=Surface(name=WallpaperWindowToken{d6cca47 showWhenLocked=false})/@0xc366d1c sb=Rect(0, 0 - 1084, 2412) eb=Rect(0, 0 - 1084, 2412) epz=Point(1084, 2412) d=0}]}
07-05 08:34:04.530 I/adbd    (  576): jdwp connection from 18876
07-05 08:34:04.531 V/WindowManagerShell(  972): loadAnimation: anim=android.view.animation.AnimationSet@be99887 animAttr=0x13 type=OPEN isEntrance=false
07-05 08:34:04.532 V/WindowManagerShell(  972): loadAnimation: anim=android.view.animation.AnimationSet@8bd3623 animAttr=0x12 type=OPEN isEntrance=true
07-05 08:34:04.533 V/WindowManagerShell(  972):  animated by com.android.wm.shell.transition.DefaultTransitionHandler@a9e94ad
07-05 08:34:04.549 D/RecentsView( 1124): onTaskRemoved: 193, not handling task stack changes
07-05 08:34:04.550 E/BpTransactionCompletedListener(  567): Failed to transact (-32)
07-05 08:34:04.555 D/nativeloader(18876): Load libframework-connectivity-tiramisu-jni.so using APEX ns com_android_tethering for caller /apex/com.android.tethering/javalib/framework-connectivity-t.jar: ok
07-05 08:34:04.557 D/RecentsView( 1124): onTaskRemoved: 193, not handling task stack changes
07-05 08:34:04.570 D/AndroidRuntime(18873): >>>>>> START com.android.internal.os.RuntimeInit uid 2000 <<<<<<
07-05 08:34:04.577 I/AndroidRuntime(18873): Using default boot image
07-05 08:34:04.577 I/AndroidRuntime(18873): Leaving lock profiling enabled
07-05 08:34:04.581 I/app_process(18873): Core platform API reporting enabled, enforcing=false
07-05 08:34:04.582 I/app_process(18873): Using CollectorTypeCMC GC.
07-05 08:34:04.586 D/BackgroundInstallControlService(  715): Package event received: 0
07-05 08:34:04.641 D/WifiClientModeImpl[27601:wlan0](  715): updateLinkLayerStatsRssiSpeedFrequencyCapabilities rssi=-50 TxLinkspeed=2 freq=2447 RxLinkSpeed=2
07-05 08:34:04.642 D/WifiDataStall(  715): tx tput in kbps: 11000
07-05 08:34:04.642 D/WifiDataStall(  715): rx tput in kbps: 11000
07-05 08:34:04.642 V/WifiConfigManager(  715): Updating scan detail cache freq=2447 BSSID=00:13:10:85:fe:01 RSSI=-50 for "AndroidWifi"NONE
07-05 08:34:04.643 D/WifiThroughputPredictor(  715):  utilization (LLS) 80 isBluetoothConnected: false final utilization: 80
07-05 08:34:04.644 D/WifiThroughputPredictor(  715):  BW: 0 RSSI: -50 Nss: 1 Mode: 1 symDur: 4000 snrDb 30 bitPerTone: 4500 rate: 54 throughput: 11
07-05 08:34:04.644 D/WifiThroughputPredictor(  715):  utilization (LLS) 80 isBluetoothConnected: false final utilization: 80
07-05 08:34:04.644 D/WifiThroughputPredictor(  715):  BW: 0 RSSI: -50 Nss: 1 Mode: 1 symDur: 4000 snrDb 30 bitPerTone: 4500 rate: 54 throughput: 11
07-05 08:34:04.644 D/WifiThroughputPredictor(  715):  utilization (LLS) 80 isBluetoothConnected: false final utilization: 80
07-05 08:34:04.644 D/WifiThroughputPredictor(  715):  BW: 0 RSSI: -50 Nss: 1 Mode: 1 symDur: 4000 snrDb 30 bitPerTone: 4500 rate: 54 throughput: 11
07-05 08:34:04.644 D/WifiThroughputPredictor(  715):  utilization (LLS) 80 isBluetoothConnected: false final utilization: 80
07-05 08:34:04.644 D/WifiThroughputPredictor(  715):  BW: 0 RSSI: -50 Nss: 1 Mode: 1 symDur: 4000 snrDb 30 bitPerTone: 4500 rate: 54 throughput: 11
07-05 08:34:04.645 D/WifiScoreCard(  715): BSSID update SIGNAL_POLL ID: 1559335064 SSID: "AndroidWifi", BSSID: 00:13:10:85:fe:01, MAC: 02:15:b2:00:00:00, IP: /10.0.2.16, Security type: 0, Supplicant state: COMPLETED, Wi-Fi standard: legacy, RSSI: -50, Link speed: 2Mbps, Tx Link speed: 2Mbps, Max Supported Tx Link speed: 11Mbps, Rx Link speed: 2Mbps, Max Supported Rx Link speed: 11Mbps, Frequency: 2447MHz, Net ID: 0, Metered hint: false, score: 60, isUsable: true, CarrierMerged: false, SubscriptionId: -1, IsPrimary: 1, Trusted: true, Restricted: false, Ephemeral: false, OEM paid: false, OEM private: false, OSU AP: false, FQDN: <none>, Provider friendly name: <none>, Requesting package name: <none>"AndroidWifi"openMLO Information: , Is TID-To-Link negotiation supported by the AP: false, AP MLD Address: <none>, AP MLO Link Id: <none>, AP MLO Affiliated links: <none>, Vendor Data: <none>
07-05 08:34:04.645 D/WifiScoreCard(  715): txRate: 2 txSpeed: 2
07-05 08:34:04.645 D/WifiScoreCard(  715): network update SIGNAL_POLL "AndroidWifi" ID: 1201260005 RSSI -50 txSpeed -1
07-05 08:34:04.646 D/WifiClientModeImpl[27601:wlan0](  715):  ClientModeImpl$L2ConnectedState screen=on 1 0 "AndroidWifi" 00:13:10:85:fe:01 rssi=-50 f=2447 sc=60 link=2 tx=1.1, 0.0, 0.0 rx=1.0 bcn=0 [on:0 tx:0 rx:0 period:3008] from screen [on:0 period:829016806] score=60
07-05 08:34:04.702 D/nativeloader(18873): InitDefaultPublicLibraries for_preload=1: libandroid.so:libaaudio.so:libamidi.so:libbinder_ndk.so:libc.so:libcamera2ndk.so:libdl.so:libEGL.so:libGLESv1_CM.so:libGLESv2.so:libGLESv3.so:libicu.so:libicui18n.so:libicuuc.so:libjnigraphics.so:liblog.so:libmediandk.so:libm.so:libnativehelper.so:libnativewindow.so:libOpenMAXAL.so:libOpenSLES.so:libRS.so:libstdc++.so:libsync.so:libvulkan.so:libwebviewchromium_plat_support.so:libz.so
07-05 08:34:04.719 D/nativeloader(18873): Load libicu_jni.so using APEX ns com_android_art for caller /apex/com.android.art/javalib/core-oj.jar: ok
07-05 08:34:04.719 D/app_process(18873): u_setTimeZoneFilesDirectory("/apex/com.android.tzdata/etc/tz/versioned/9/icu") succeeded. 
07-05 08:34:04.719 D/app_process(18873): I18n APEX ICU file found: /apex/com.android.i18n/etc/icu/icudt76l.dat
07-05 08:34:04.721 D/nativeloader(18873): Load libjavacore.so using APEX ns com_android_art for caller /apex/com.android.art/javalib/core-oj.jar: ok
07-05 08:34:04.723 D/nativeloader(18873): Load libopenjdk.so using APEX ns com_android_art for caller /apex/com.android.art/javalib/core-oj.jar: ok
07-05 08:34:04.725 W/app_process(18873): Unexpected CPU variant for x86: x86_64.
07-05 08:34:04.725 W/app_process(18873): Known variants: atom, sandybridge, silvermont, goldmont, goldmont-plus, goldmont-without-sha-xsaves, tremont, kabylake, alderlake, default
07-05 08:34:04.727 W/app_process(18873): ClassLoaderContext shared library size mismatch. Expected=2, found=0 (PCL[]{PCL[/system/framework/android.test.base.jar*2789897741]#PCL[/system/framework/android.test.mock.jar*3361312393]} | PCL[])
07-05 08:34:04.730 W/app_process(18873): ClassLoaderContext classpath size mismatch. expected=0, found=1 (PCL[]{PCL[/system/framework/android.test.runner.jar*895143020]#PCL[/system/framework/android.test.base.jar*2789897741]} | PCL[/system/framework/android.test.runner.jar*895143020])
07-05 08:34:04.758 D/nativeloader(18873): Load libframework-connectivity-tiramisu-jni.so using APEX ns com_android_tethering for caller /apex/com.android.tethering/javalib/framework-connectivity-t.jar: ok
07-05 08:34:04.760 D/AndroidRuntime(18873): Calling main entry com.android.commands.uiautomator.Launcher
07-05 08:34:04.772 I/AconfigPackage(18873): android.media.swcodec.flags is mapped to com.android.media.swcodec
07-05 08:34:04.772 I/AconfigPackage(18873): com.google.android.settings.simplemode.flags is mapped to system_ext
07-05 08:34:04.772 I/AconfigPackage(18873): com.google.android.systemui is mapped to system_ext
07-05 08:34:04.772 I/AconfigPackage(18873): com.google.android.apps.nexuslauncher is mapped to system_ext
07-05 08:34:04.772 I/AconfigPackage(18873): com.android.settings.accessibility is mapped to system_ext
07-05 08:34:04.773 I/AconfigPackage(18873): com.android.settings.flags is mapped to system_ext
07-05 08:34:04.773 I/AconfigPackage(18873): com.google.android.apps.miphone.aiai.matchmaker.overview.ui is mapped to system_ext
07-05 08:34:04.773 I/AconfigPackage(18873): com.google.android.settings.flags is mapped to system_ext
07-05 08:34:04.773 I/AconfigPackage(18873): com.android.launcher3 is mapped to system_ext
07-05 08:34:04.773 I/AconfigPackage(18873): com.android.wallpaper is mapped to system_ext
