07-05 08:34:04.773 I/AconfigPackage(18873): com.android.settings.media_drm is mapped to system_ext
07-05 08:34:04.773 I/AconfigPackage(18873): com.android.systemui.accessibility.accessibilitymenu is mapped to system_ext
07-05 08:34:04.773 I/AconfigPackage(18873): com.android.settings.keyboard is mapped to system_ext
07-05 08:34:04.773 I/AconfigPackage(18873): com.android.server.policy.feature.flags is mapped to system_ext
07-05 08:34:04.773 I/AconfigPackage(18873): com.android.settings.factory_reset is mapped to system_ext
07-05 08:34:04.774 I/AconfigPackage(18873): com.google.android.haptics.flags is mapped to system_ext
07-05 08:34:04.774 I/AconfigPackage(18873): com.android.permission.flags is mapped to com.android.permission
07-05 08:34:04.775 I/AconfigPackage(18873): com.android.icu is mapped to com.android.i18n
07-05 08:34:04.775 I/AconfigPackage(18873): com.android.appsearch.flags is mapped to com.android.appsearch
07-05 08:34:04.776 I/AconfigPackage(18873): android.uprobestats.mainline.flags is mapped to com.android.uprobestats
07-05 08:34:04.777 I/AconfigPackage(18873): android.provider.flags is mapped to com.android.configinfrastructure
07-05 08:34:04.777 I/AconfigPackage(18873): com.android.server.deviceconfig is mapped to com.android.configinfrastructure
07-05 08:34:04.777 I/AconfigPackage(18873): com.android.nfc.flags is mapped to system
07-05 08:34:04.777 I/AconfigPackage(18873): android.app.admin.flags is mapped to system
07-05 08:34:04.777 I/AconfigPackage(18873): android.database.sqlite is mapped to system
07-05 08:34:04.777 I/AconfigPackage(18873): com.android.providers.calendar is mapped to system
07-05 08:34:04.777 I/AconfigPackage(18873): com.android.server.power.feature.flags is mapped to system
07-05 08:34:04.778 I/AconfigPackage(18873): com.android.media.performance.flags is mapped to system
07-05 08:34:04.778 I/AconfigPackage(18873): android.app.contextualsearch.flags is mapped to system
07-05 08:34:04.778 I/AconfigPackage(18873): android.app.ondeviceintelligence.flags is mapped to system
07-05 08:34:04.778 I/AconfigPackage(18873): com.android.media.projection.flags is mapped to system
07-05 08:34:04.778 I/AconfigPackage(18873): android.companion is mapped to system
07-05 08:34:04.778 I/AconfigPackage(18873): android.service.controls.flags is mapped to system
07-05 08:34:04.778 I/AconfigPackage(18873): com.android.text.flags is mapped to system
07-05 08:34:04.778 I/AconfigPackage(18873): com.android.providers.contactkeys.flags is mapped to system
07-05 08:34:04.780 I/AconfigPackage(18873): com.android.intentresolver is mapped to system
07-05 08:34:04.780 I/AconfigPackage(18873): android.companion.virtualdevice.flags is mapped to system
07-05 08:34:04.780 I/AconfigPackage(18873): android.uprobestats.flags is mapped to system
07-05 08:34:04.780 I/AconfigPackage(18873): com.android.net.thread.platform.flags is mapped to system
07-05 08:34:04.780 I/AconfigPackage(18873): android.view.contentprotection.flags is mapped to system
07-05 08:34:04.780 I/AconfigPackage(18873): com.android.server.dreams is mapped to system
07-05 08:34:04.780 I/AconfigPackage(18873): com.android.graphics.surfaceflinger.flags is mapped to system
07-05 08:34:04.781 I/AconfigPackage(18873): com.android.hardware.input is mapped to system
07-05 08:34:04.781 I/AconfigPackage(18873): android.sdk is mapped to system
07-05 08:34:04.781 I/AconfigPackage(18873): com.android.input.flags is mapped to system
07-05 08:34:04.781 I/AconfigPackage(18873): android.tracing is mapped to system
07-05 08:34:04.781 I/AconfigPackage(18873): com.android.server.biometrics is mapped to system
07-05 08:34:04.781 I/AconfigPackage(18873): android.view.contentcapture.flags is mapped to system
07-05 08:34:04.781 I/AconfigPackage(18873): android.app.job is mapped to system
07-05 08:34:04.782 I/AconfigPackage(18873): android.content.res is mapped to system
07-05 08:34:04.782 I/AconfigPackage(18873): android.net.platform.flags is mapped to system
07-05 08:34:04.782 I/AconfigPackage(18873): com.android.aconfig.flags is mapped to system
07-05 08:34:04.782 I/AconfigPackage(18873): com.android.graphics.flags is mapped to system
07-05 08:34:04.782 I/AconfigPackage(18873): android.server.app is mapped to system
07-05 08:34:04.783 I/AconfigPackage(18873): android.speech.flags is mapped to system
07-05 08:34:04.783 I/AconfigPackage(18873): com.android.server.stats is mapped to system
07-05 08:34:04.783 I/AconfigPackage(18873): android.hardware.biometrics is mapped to system
07-05 08:34:04.783 I/AconfigPackage(18873): android.car.feature is mapped to system
07-05 08:34:04.783 I/AconfigPackage(18873): android.adpf is mapped to system
07-05 08:34:04.784 I/AconfigPackage(18873): android.location.flags is mapped to system
07-05 08:34:04.784 I/AconfigPackage(18873): com.android.settingslib.flags is mapped to system
07-05 08:34:04.784 I/AconfigPackage(18873): com.android.managedprovisioning.flags is mapped to system
07-05 08:34:04.784 I/AconfigPackage(18873): android.app.assist.flags is mapped to system
07-05 08:34:04.784 I/AconfigPackage(18873): com.android.server.net is mapped to system
07-05 08:34:04.784 I/AconfigPackage(18873): com.android.settingslib.widget.flags is mapped to system
07-05 08:34:04.784 I/AconfigPackage(18873): com.android.internal.camera.flags is mapped to system
07-05 08:34:04.784 I/AconfigPackage(18873): com.android.hardware.libsensor.flags is mapped to system
07-05 08:34:04.784 I/AconfigPackage(18873): com.android.internal.jank is mapped to system
07-05 08:34:04.785 I/AconfigPackage(18873): com.android.providers.settings is mapped to system
07-05 08:34:04.785 I/AconfigPackage(18873): android.multiuser is mapped to system
07-05 08:34:04.785 I/AconfigPackage(18873): com.android.server.power.optimization is mapped to system
07-05 08:34:04.785 I/AconfigPackage(18873): com.android.calllogbackup is mapped to system
07-05 08:34:04.785 I/AconfigPackage(18873): com.android.media.flags is mapped to system
07-05 08:34:04.785 I/AconfigPackage(18873): com.android.server.flags is mapped to system
07-05 08:34:04.785 I/AconfigPackage(18873): com.android.graphics.libvulkan.flags is mapped to system
07-05 08:34:04.786 I/AconfigPackage(18873): android.app.appfunctions.flags is mapped to system
07-05 08:34:04.786 I/AconfigPackage(18873): android.app.smartspace.flags is mapped to system
07-05 08:34:04.786 I/AconfigPackage(18873): com.android.providers.contacts.flags is mapped to system
07-05 08:34:04.786 I/AconfigPackage(18873): com.android.shell.flags is mapped to system
07-05 08:34:04.786 I/AconfigPackage(18873): com.android.media.aaudio is mapped to system
07-05 08:34:04.786 I/AconfigPackage(18873): android.hardware.radio is mapped to system
07-05 08:34:04.786 I/AconfigPackage(18873): com.google.wear.services.infra.flags is mapped to system
07-05 08:34:04.788 I/AconfigPackage(18873): suspend_service.flags is mapped to system
07-05 08:34:04.788 I/AconfigPackage(18873): android.media.midi is mapped to system
07-05 08:34:04.788 I/AconfigPackage(18873): com.android.libcore.readonly is mapped to system
07-05 08:34:04.788 I/AconfigPackage(18873): com.android.settingslib.widget.selectorwithwidgetpreference.flags is mapped to system
07-05 08:34:04.788 I/AconfigPackage(18873): android.service.notification is mapped to system
07-05 08:34:04.788 I/AconfigPackage(18873): com.android.systemui.shared is mapped to system
07-05 08:34:04.788 I/AconfigPackage(18873): android.app.jank is mapped to system
07-05 08:34:04.788 I/AconfigPackage(18873): android.app.wearable is mapped to system
07-05 08:34:04.789 I/AconfigPackage(18873): com.android.media.audio is mapped to system
07-05 08:34:04.789 I/AconfigPackage(18873): android.service.chooser is mapped to system
07-05 08:34:04.789 I/AconfigPackage(18873): com.android.server.compat is mapped to system
07-05 08:34:04.789 I/AconfigPackage(18873): com.android.server.alarm is mapped to system
07-05 08:34:04.789 I/AconfigPackage(18873): com.android.apex.flags is mapped to system
07-05 08:34:04.789 I/AconfigPackage(18873): android.service.quickaccesswallet is mapped to system
07-05 08:34:04.789 I/AconfigPackage(18873): android.app.usage is mapped to system
07-05 08:34:04.789 I/AconfigPackage(18873): com.android.server.accessibility is mapped to system
07-05 08:34:04.789 I/AconfigPackage(18873): android.app.supervision.flags is mapped to system
07-05 08:34:04.790 I/AconfigPackage(18873): com.android.server.utils is mapped to system
07-05 08:34:04.790 I/AconfigPackage(18873): android.chre.flags is mapped to system
07-05 08:34:04.790 I/AconfigPackage(18873): android.content.flags is mapped to system
07-05 08:34:04.790 I/AconfigPackage(18873): android.media.codec is mapped to system
07-05 08:34:04.790 I/AconfigPackage(18873): com.android.internal.os is mapped to system
07-05 08:34:04.790 I/AconfigPackage(18873): com.android.nfc.nci.flags is mapped to system
07-05 08:34:04.790 I/AconfigPackage(18873): android.app is mapped to system
07-05 08:34:04.790 I/AconfigPackage(18873): android.security.keystore2 is mapped to system
07-05 08:34:04.790 I/AconfigPackage(18873): android.crashrecovery.flags is mapped to system
07-05 08:34:04.791 I/AconfigPackage(18873): com.android.tradeinmode.flags is mapped to system
07-05 08:34:04.792 I/AconfigPackage(18873): android.hardware.flags is mapped to system
07-05 08:34:04.792 I/AconfigPackage(18873): com.android.server.telecom.flags is mapped to system
07-05 08:34:04.792 I/AconfigPackage(18873): com.android.settingslib.media.flags is mapped to system
07-05 08:34:04.792 I/AconfigPackage(18873): com.android.server.policy is mapped to system
07-05 08:34:04.792 I/AconfigPackage(18873): android.media.audiopolicy is mapped to system
07-05 08:34:04.792 I/AconfigPackage(18873): com.android.egg.flags is mapped to system
07-05 08:34:04.793 I/AconfigPackage(18873): com.android.internal.compat.flags is mapped to system
07-05 08:34:04.793 I/AconfigPackage(18873): android.security is mapped to system
07-05 08:34:04.793 I/AconfigPackage(18873): android.service.autofill is mapped to system
07-05 08:34:04.793 I/AconfigPackage(18873): com.example.android.aconfig.demo.flags is mapped to system
07-05 08:34:04.793 I/AconfigPackage(18873): android.view.flags is mapped to system
07-05 08:34:04.793 I/AconfigPackage(18873): android.companion.virtual.flags is mapped to system
07-05 08:34:04.794 I/AconfigPackage(18873): com.android.aconfig_new_storage is mapped to system
07-05 08:34:04.794 I/AconfigPackage(18873): com.android.server.feature.flags is mapped to system
07-05 08:34:04.794 I/AconfigPackage(18873): com.android.systemui is mapped to system
07-05 08:34:04.794 I/AconfigPackage(18873): com.android.server.power.batterysaver is mapped to system
07-05 08:34:04.794 I/AconfigPackage(18873): android.widget.flags is mapped to system
07-05 08:34:04.794 I/AconfigPackage(18873): com.android.media.editing.flags is mapped to system
07-05 08:34:04.794 I/AconfigPackage(18873): com.android.media.codec.flags is mapped to system
07-05 08:34:04.795 I/AconfigPackage(18873): com.android.server.powerstats is mapped to system
07-05 08:34:04.795 I/AconfigPackage(18873): com.android.graphics.egl.flags is mapped to system
07-05 08:34:04.795 I/AconfigPackage(18873): com.android.media.audioserver is mapped to system
07-05 08:34:04.795 I/AconfigPackage(18873): com.android.server.deviceidle is mapped to system
07-05 08:34:04.795 I/AconfigPackage(18873): android.nfc is mapped to system
07-05 08:34:04.795 I/AconfigPackage(18873): android.permission.flags is mapped to system
07-05 08:34:04.795 I/AconfigPackage(18873): android.service.voice.flags is mapped to system
07-05 08:34:04.796 I/AconfigPackage(18873): android.content.pm is mapped to system
07-05 08:34:04.796 I/AconfigPackage(18873): com.android.server.power.hint is mapped to system
07-05 08:34:04.797 I/AconfigPackage(18873): android.os is mapped to system
07-05 08:34:04.797 I/AconfigPackage(18873): android.service.dreams is mapped to system
07-05 08:34:04.797 I/AconfigPackage(18873): com.android.graphics.libgui.flags is mapped to system
07-05 08:34:04.797 I/AconfigPackage(18873): android.hardware.usb.flags is mapped to system
07-05 08:34:04.797 I/AconfigPackage(18873): android.provider is mapped to system
07-05 08:34:04.797 I/AconfigPackage(18873): com.android.server.job is mapped to system
07-05 08:34:04.797 I/AconfigPackage(18873): com.android.internal.foldables.flags is mapped to system
07-05 08:34:04.797 I/AconfigPackage(18873): com.android.internal.telephony.flags is mapped to system
07-05 08:34:04.797 I/AconfigPackage(18873): android.webkit is mapped to system
07-05 08:34:04.797 I/AconfigPackage(18873): android.credentials.flags is mapped to system
07-05 08:34:04.798 I/AconfigPackage(18873): com.android.server.display.feature.flags is mapped to system
07-05 08:34:04.798 I/AconfigPackage(18873): com.android.server.notification is mapped to system
07-05 08:34:04.798 I/AconfigPackage(18873): android.appwidget.flags is mapped to system
07-05 08:34:04.798 I/AconfigPackage(18873): com.android.frameworks.sensorservice.flags is mapped to system
07-05 08:34:04.798 I/AconfigPackage(18873): com.android.printspooler.flags is mapped to system
07-05 08:34:04.799 I/AconfigPackage(18873): com.android.window.flags is mapped to system
07-05 08:34:04.799 I/AconfigPackage(18873): android.adaptiveauth is mapped to system
07-05 08:34:04.799 I/AconfigPackage(18873): android.net.wifi.flags is mapped to system
07-05 08:34:04.799 I/AconfigPackage(18873): android.media.tv.flags is mapped to system
07-05 08:34:04.799 I/AconfigPackage(18873): com.android.server.usb.flags is mapped to system
07-05 08:34:04.799 I/AconfigPackage(18873): android.os.vibrator is mapped to system
07-05 08:34:04.799 I/AconfigPackage(18873): android.hardware.devicestate.feature.flags is mapped to system
07-05 08:34:04.799 I/AconfigPackage(18873): com.android.server.usage is mapped to system
07-05 08:34:04.799 I/AconfigPackage(18873): android.server is mapped to system
07-05 08:34:04.800 I/AconfigPackage(18873): com.android.wm.shell is mapped to system
07-05 08:34:04.801 I/AconfigPackage(18873): android.view.inputmethod is mapped to system
07-05 08:34:04.801 I/AconfigPackage(18873): com.android.graphics.hwui.flags is mapped to system
07-05 08:34:04.801 I/AconfigPackage(18873): com.android.server.backup is mapped to system
07-05 08:34:04.801 I/AconfigPackage(18873): com.android.internal.pm.pkg.component.flags is mapped to system
07-05 08:34:04.801 I/AconfigPackage(18873): android.view.accessibility is mapped to system
07-05 08:34:04.801 I/AconfigPackage(18873): com.google.wear.sdk is mapped to system
07-05 08:34:04.802 I/AconfigPackage(18873): android.media.audio is mapped to system
07-05 08:34:04.802 I/AconfigPackage(18873): com.android.server.am is mapped to system
07-05 08:34:04.802 I/AconfigPackage(18873): com.android.media.playback.flags is mapped to system
07-05 08:34:04.802 I/AconfigPackage(18873): com.android.art.flags is mapped to com.android.art
07-05 08:34:04.803 I/AconfigPackage(18873): com.android.libcore is mapped to com.android.art
07-05 08:34:04.803 I/AconfigPackage(18873): com.android.media.extractor.flags is mapped to com.android.media
07-05 08:34:04.805 I/AconfigPackage(18873): com.android.media.mainline.flags is mapped to com.android.media
07-05 08:34:04.806 I/AconfigPackage(18873): com.android.wifi.flags is mapped to com.android.wifi
07-05 08:34:04.806 I/AconfigPackage(18873): com.android.org.conscrypt.flags is mapped to com.android.conscrypt
07-05 08:34:04.807 I/AconfigPackage(18873): com.android.healthfitness.flags is mapped to com.android.healthfitness
07-05 08:34:04.807 I/AconfigPackage(18873): com.google.android.input.twoshay.flags is mapped to vendor
07-05 08:34:04.807 I/AconfigPackage(18873): libgooglecamerahal.flags is mapped to vendor
07-05 08:34:04.807 I/AconfigPackage(18873): com.android.ipsec.flags is mapped to com.android.ipsec
07-05 08:34:04.808 I/AconfigPackage(18873): com.android.nfc.module.flags is mapped to com.android.nfcservices
07-05 08:34:04.808 I/AconfigPackage(18873): com.android.adservices.ondevicepersonalization.flags is mapped to com.android.ondevicepersonalization
07-05 08:34:04.808 I/AconfigPackage(18873): com.android.bluetooth.flags is mapped to com.android.bt
07-05 08:34:04.809 I/AconfigPackage(18873): com.android.devicelock.flags is mapped to com.android.devicelock
07-05 08:34:04.810 I/AconfigPackage(18873): android.os.profiling is mapped to com.android.profiling
07-05 08:34:04.810 I/AconfigPackage(18873): com.android.os.statsd.flags is mapped to com.android.os.statsd
07-05 08:34:04.810 I/AconfigPackage(18873): com.android.cellbroadcastreceiver.flags is mapped to com.android.cellbroadcast
07-05 08:34:04.810 I/AconfigPackage(18873): com.android.adservices.flags is mapped to com.android.adservices
07-05 08:34:04.810 I/AconfigPackage(18873): com.android.sdksandbox.flags is mapped to com.android.adservices
07-05 08:34:04.811 I/AconfigPackage(18873): com.android.uwb.flags is mapped to com.android.uwb
07-05 08:34:04.811 I/AconfigPackage(18873): com.android.ranging.flags is mapped to com.android.uwb
07-05 08:34:04.811 I/AconfigPackage(18873): android.graphics.pdf.flags is mapped to com.android.mediaprovider
07-05 08:34:04.811 I/AconfigPackage(18873): com.android.providers.media.flags is mapped to com.android.mediaprovider
07-05 08:34:04.811 I/AconfigPackage(18873): android.graphics.pdf.flags.readonly is mapped to com.android.mediaprovider
07-05 08:34:04.811 I/AconfigPackage(18873): com.android.net.ct.flags is mapped to com.android.tethering
07-05 08:34:04.811 I/AconfigPackage(18873): com.android.net.flags is mapped to com.android.tethering
07-05 08:34:04.811 I/AconfigPackage(18873): android.net.vcn is mapped to com.android.tethering
07-05 08:34:04.812 I/AconfigPackage(18873): com.android.nearby.flags is mapped to com.android.tethering
07-05 08:34:04.813 I/AconfigPackage(18873): android.net.http is mapped to com.android.tethering
07-05 08:34:04.813 I/AconfigPackage(18873): com.android.net.thread.flags is mapped to com.android.tethering
07-05 08:34:04.813 I/AconfigPackage(18873): com.android.system.virtualmachine.flags is mapped to com.android.virt
07-05 08:34:04.814 E/FeatureFlagsImplExport(18873): android.os.flagging.AconfigStorageReadException: ERROR_PACKAGE_NOT_FOUND: package android.xr cannot be found on the device
07-05 08:34:04.821 D/UiAutomationConnection(18873): Created on user UserHandle{0}
07-05 08:34:04.821 I/UiAutomation(18873): Initialized for user 0 on display 0
07-05 08:34:04.821 W/UiAutomation(18873): Created with deprecatead constructor, assumes DEFAULT_DISPLAY
07-05 08:34:04.836 D/AccessibilityManagerService(  715): changeCurrentUserForTestAutomationIfNeededLocked(0): ignoring because device doesn't support visible background users
07-05 08:34:04.837 I/UiAutomationManager(  715): Registering UiTestAutomationService (id=com.android.server.accessibility/UiAutomation, flags=0x0) when called by user 0
07-05 08:34:04.838 V/AccessibilityManagerService(  715): onUserStateChangedLocked for userId: 0, forceUpdate: false
07-05 08:34:04.844 V/WindowManagerShell(  972): Transition animation finished (aborted=false), notifying core (#173) android.os.BinderProxy@b0dcebb@0
07-05 08:34:04.853 W/MagnificationConnectionManager(  715): requestConnection duplicated request: connect=false, mConnectionState=DISCONNECTED
07-05 08:34:04.860 V/UiAutomation(18873): Init UiAutomation@eccd5f0[id=554, displayId=0, flags=0]
07-05 08:34:04.861 W/IPCThreadState(  715): Sending oneway calls to frozen process.
07-05 08:34:04.862 W/IPCThreadState(  715): Sending oneway calls to frozen process.
07-05 08:34:04.865 W/IPCThreadState(  715): Sending oneway calls to frozen process.
07-05 08:34:04.865 D/VRI[NexusLauncherActivity]( 1124): visibilityChanged oldVisibility=true newVisibility=false
07-05 08:34:04.865 D/nativeloader(18876): Configuring clns-9 for other apk /data/app/~~kkT4OD1gOHXaEBrFZqA9SA==/com.huiyi.mockchat-PUlU3ziLxOUID27dRwuW6Q==/base.apk. target_sdk_version=35, uses_libraries=, library_path=/data/app/~~kkT4OD1gOHXaEBrFZqA9SA==/com.huiyi.mockchat-PUlU3ziLxOUID27dRwuW6Q==/lib/x86_64:/data/app/~~kkT4OD1gOHXaEBrFZqA9SA==/com.huiyi.mockchat-PUlU3ziLxOUID27dRwuW6Q==/base.apk!/lib/x86_64, permitted_path=/data:/mnt/expand:/data/user/0/com.huiyi.mockchat
07-05 08:34:04.866 W/IPCThreadState(  715): Sending oneway calls to frozen process.
07-05 08:34:04.867 W/IPCThreadState(  715): Sending oneway calls to frozen process.
07-05 08:34:04.868 D/NexusLauncherModelDelegate( 1124): notifySmartspaceEvent: SmartspaceTargetEvent{mSmartspaceTarget=null, mSmartspaceActionId='null', mEventType=7}
07-05 08:34:04.871 V/WindowManager(  715): Finish Transition (#173): created at 07-05 08:34:04.345 collect-started=0.067ms request-sent=17.035ms started=44.161ms ready=145.579ms sent=149.797ms commit=40.962ms finished=515.159ms
07-05 08:34:04.871 D/CompatChangeReporter(18876): Compat change id reported: 202956589; UID 10217; state: ENABLED
07-05 08:34:04.873 W/IPCThreadState(  715): Sending oneway calls to frozen process.
07-05 08:34:04.874 W/IPCThreadState(  715): Sending oneway calls to frozen process.
07-05 08:34:04.876 W/IPCThreadState(  715): Sending oneway calls to frozen process.
07-05 08:34:04.878 V/AccessibilityManagerService(  715): onUserStateChangedLocked for userId: 0, forceUpdate: false
07-05 08:34:04.880 I/.huiyi.mockchat(18876): AssetManager2(0x79075aad8758) locale list changing from [] to [en-US]
07-05 08:34:04.881 V/WindowManagerShell(  972): Track 0 became idle
07-05 08:34:04.882 V/WindowManagerShell(  972): All active transition animations finished
07-05 08:34:04.883 W/Looper  (  972): Slow dispatch took 39ms wmshell.main app=com.android.systemui main=false group=TOP_APP h=android.os.Handler c=com.android.wm.shell.transition.DefaultSurfaceAnimator$$ExternalSyntheticLambda0@7a4229e m=0
07-05 08:34:04.886 W/MagnificationConnectionManager(  715): requestConnection duplicated request: connect=false, mConnectionState=DISCONNECTED
07-05 08:34:04.891 W/IPCThreadState(  715): Sending oneway calls to frozen process.
07-05 08:34:04.892 W/IPCThreadState(  715): Sending oneway calls to frozen process.
07-05 08:34:04.894 W/IPCThreadState(  715): Sending oneway calls to frozen process.
07-05 08:34:04.894 W/IPCThreadState(  715): Sending oneway calls to frozen process.
07-05 08:34:04.894 W/IPCThreadState(  715): Sending oneway calls to frozen process.
07-05 08:34:04.894 W/IPCThreadState(  715): Sending oneway calls to frozen process.
07-05 08:34:04.898 W/IPCThreadState(  715): Sending oneway calls to frozen process.
07-05 08:34:04.898 W/IPCThreadState(  715): Sending oneway calls to frozen process.
07-05 08:34:04.901 W/IPCThreadState(  715): Sending oneway calls to frozen process.
07-05 08:34:04.902 W/IPCThreadState(  715): Sending oneway calls to frozen process.
07-05 08:34:04.902 W/IPCThreadState(  715): Sending oneway calls to frozen process.
07-05 08:34:04.902 W/IPCThreadState(  715): Sending oneway calls to frozen process.
07-05 08:34:04.905 W/IPCThreadState(  715): Sending oneway calls to frozen process.
07-05 08:34:04.905 W/IPCThreadState(  715): Sending oneway calls to frozen process.
07-05 08:34:04.907 W/IPCThreadState(  715): Sending oneway calls to frozen process.
07-05 08:34:04.907 W/IPCThreadState(  715): Sending oneway calls to frozen process.
07-05 08:34:04.908 W/IPCThreadState(  715): Sending oneway calls to frozen process.
07-05 08:34:04.912 V/GraphicsEnvironment(18876): Currently set values for:
07-05 08:34:04.912 V/GraphicsEnvironment(18876):   angle_gl_driver_selection_pkgs=[]
07-05 08:34:04.912 V/GraphicsEnvironment(18876):   angle_gl_driver_selection_values=[]
07-05 08:34:04.913 V/GraphicsEnvironment(18876): com.huiyi.mockchat is not listed in per-application setting
07-05 08:34:04.913 V/GraphicsEnvironment(18876): ANGLE allowlist from config: com.dreamgames.royalmatch com.dts.freefiremax com.dxx.firenow com.gramgames.mergedragons com.ludo.king com.mojang.minecraftpe com.my.defense com.nintendo.zaka com.os.airforce com.playrix.fishdomdd.gplay io.teslatech.callbreak jp.konami.prospia net.peakgames.toonblast
07-05 08:34:04.913 W/IPCThreadState(  715): Sending oneway calls to frozen process.
07-05 08:34:04.913 V/GraphicsEnvironment(18876): com.huiyi.mockchat is not listed in ANGLE allowlist or settings, returning default
07-05 08:34:04.913 W/IPCThreadState(  715): Sending oneway calls to frozen process.
07-05 08:34:04.913 V/GraphicsEnvironment(18876): Neither updatable production driver nor prerelease driver is supported.
07-05 08:34:04.913 W/IPCThreadState(  715): Sending oneway calls to frozen process.
07-05 08:34:04.914 W/IPCThreadState(  715): Sending oneway calls to frozen process.
07-05 08:34:04.916 W/IPCThreadState(  715): Sending oneway calls to frozen process.
07-05 08:34:04.916 W/IPCThreadState(  715): Sending oneway calls to frozen process.
07-05 08:34:04.916 W/IPCThreadState(  715): Sending oneway calls to frozen process.
07-05 08:34:04.917 W/IPCThreadState(  715): Sending oneway calls to frozen process.
07-05 08:34:04.917 W/IPCThreadState(  715): Sending oneway calls to frozen process.
07-05 08:34:04.917 W/IPCThreadState(  715): Sending oneway calls to frozen process.
07-05 08:34:04.917 W/IPCThreadState(  715): Sending oneway calls to frozen process.
07-05 08:34:04.917 W/IPCThreadState(  715): Sending oneway calls to frozen process.
07-05 08:34:04.918 W/IPCThreadState(  715): Sending oneway calls to frozen process.
07-05 08:34:04.918 W/IPCThreadState(  715): Sending oneway calls to frozen process.
07-05 08:34:04.919 W/IPCThreadState(  715): Sending oneway calls to frozen process.
07-05 08:34:04.931 W/AccessibilityManagerService(  715):  wait for adding window timeout: 622
07-05 08:34:04.944 D/ActivityManager(  715): freezing 1907 com.android.keychain
07-05 08:34:04.949 D/ActivityManager(  715): freezing 1206 com.android.settings
07-05 08:34:04.957 D/ActivityManager(  715): freezing 2714 com.android.dynsystem:dynsystem
07-05 08:34:04.964 D/ActivityManager(  715): freezing 2679 com.android.dynsystem
07-05 08:34:04.965 D/ActivityManager(  715): freezing 1777 com.android.localtransport
07-05 08:34:04.986 D/CompatChangeReporter(18876): Compat change id reported: 279646685; UID 10217; state: ENABLED
07-05 08:34:05.017 W/OptProp (  715): Cannot read opt property android.window.PROPERTY_COMPAT_ENABLE_FAKE_FOCUS
07-05 08:34:05.017 D/CompatChangeReporter(  715): Compat change id reported: 324203798; UID 10217; state: ENABLED
07-05 08:34:05.021 D/ScalingWorkspaceRevealAnim( 1124): alpha of workspace at the end of animation: 1.0
07-05 08:34:05.027 D/BackgroundInstallControlService(  715): Package event received: 0
07-05 08:34:05.027 D/BackgroundInstallControlService(  715): Package event received: 0
07-05 08:34:05.030 I/DisplayManager(18876): Choreographer implicitly registered for the refresh rate.
07-05 08:34:05.033 I/.huiyi.mockchat(18876): AssetManager2(0x79075aad3f78) locale list changing from [] to [en-US]
07-05 08:34:05.093 I/EGL_emulation(18876): Opening libGLESv1_CM_emulation.so
07-05 08:34:05.094 I/EGL_emulation(18876): Opening libGLESv2_emulation.so
07-05 08:34:05.105 W/HWUI    (18876): Failed to choose config with EGL_SWAP_BEHAVIOR_PRESERVED, retrying without...
07-05 08:34:05.105 W/HWUI    (18876): Failed to initialize 101010-2 format, error = EGL_SUCCESS
07-05 08:34:05.187 E/ashmem  (18876): Pinning is deprecated since Android Q. Please use trim or other methods.
07-05 08:34:05.208 D/CompatChangeReporter(18876): Compat change id reported: 309578419; UID 10217; state: ENABLED
07-05 08:34:05.210 D/DesktopModeFlags(18876): Toggle override initialized to: OVERRIDE_UNSET
07-05 08:34:05.237 D/wpa_supplicant(  960): nl80211: Drv Event 64 (NL80211_CMD_NOTIFY_CQM) received for wlan0
07-05 08:34:05.237 D/wpa_supplicant(  960): nl80211: Beacon loss event
07-05 08:34:05.237 D/wpa_supplicant(  960): wlan0: Event BEACON_LOSS (53) received
07-05 08:34:05.237 I/wpa_supplicant(  960): wlan0: CTRL-EVENT-BEACON-LOSS 
07-05 08:34:05.279 D/CompatChangeReporter(18876): Compat change id reported: 352594277; UID 10217; state: ENABLED
07-05 08:34:05.286 D/CompatChangeReporter(18876): Compat change id reported: 349153669; UID 10217; state: ENABLED
07-05 08:34:05.291 W/HWUI    (18876): Unknown dataspace 0
07-05 08:34:05.266 I/servicemanager(    0): Caller(pid=18876,uid=10217,sid=u:r:untrusted_app:s0:c217,c256,c512,c768) Found android.hardware.graphics.allocator.IAllocator/default in device VINTF manifest.
07-05 08:34:05.269 I/servicemanager(    0): Caller(pid=18876,uid=10217,sid=u:r:untrusted_app:s0:c217,c256,c512,c768) Found android.hardware.graphics.allocator.IAllocator/default in device VINTF manifest.
07-05 08:34:05.273 I/servicemanager(    0): Caller(pid=18876,uid=10217,sid=u:r:untrusted_app:s0:c217,c256,c512,c768) Found mapper/ranchu in device VINTF manifest.
07-05 08:34:06.042 I/.huiyi.mockchat(18876): Compiler allocated 5042KB to compile void android.view.ViewRootImpl.performTraversals()
07-05 08:34:06.049 V/AccessibilityManagerService(  715): onUserStateChangedLocked for userId: 0, forceUpdate: false
07-05 08:34:06.051 D/BackgroundInstallControlService(  715): Package event received: 0
07-05 08:34:06.053 W/MagnificationConnectionManager(  715): requestConnection duplicated request: connect=false, mConnectionState=DISCONNECTED
07-05 08:34:06.053 D/AccessibilityManagerService(  715): restoreCurrentUserForTestAutomationIfNeededLocked(): ignoring because device doesn't support visible background users
07-05 08:34:06.054 W/IPCThreadState(  715): Sending oneway calls to frozen process.
07-05 08:34:06.054 W/IPCThreadState(  715): Sending oneway calls to frozen process.
07-05 08:34:06.054 W/IPCThreadState(  715): Sending oneway calls to frozen process.
07-05 08:34:06.054 W/IPCThreadState(  715): Sending oneway calls to frozen process.
07-05 08:34:06.054 D/AndroidRuntime(18873): Shutting down VM
07-05 08:34:06.055 W/IPCThreadState(18873): call to talkWithDriver in joinThreadPool returned error: -9 (Bad file descriptor), FD: -1
07-05 08:34:06.055 W/IPCThreadState(  715): Sending oneway calls to frozen process.
07-05 08:34:06.055 W/IPCThreadState(18873): call to talkWithDriver in joinThreadPool returned error: -9 (Bad file descriptor), FD: -1
07-05 08:34:06.055 W/IPCThreadState(18873): call to talkWithDriver in joinThreadPool returned error: -9 (Bad file descriptor), FD: -1
07-05 08:34:06.056 W/IPCThreadState(  715): Sending oneway calls to frozen process.
07-05 08:34:06.057 W/IPCThreadState(  715): Sending oneway calls to frozen process.
07-05 08:34:06.057 W/IPCThreadState(  715): Sending oneway calls to frozen process.
07-05 08:34:06.057 W/IPCThreadState(  715): Sending oneway calls to frozen process.
07-05 08:34:06.057 W/IPCThreadState(  715): Sending oneway calls to frozen process.
07-05 08:34:06.057 W/IPCThreadState(  715): Sending oneway calls to frozen process.
07-05 08:34:06.057 W/IPCThreadState(  715): Sending oneway calls to frozen process.
07-05 08:34:06.058 W/IPCThreadState(  715): Sending oneway calls to frozen process.
07-05 08:34:06.058 W/IPCThreadState(  715): Sending oneway calls to frozen process.
07-05 08:34:06.058 W/IPCThreadState(  715): Sending oneway calls to frozen process.
07-05 08:34:06.058 W/IPCThreadState(  715): Sending oneway calls to frozen process.
07-05 08:34:06.058 W/IPCThreadState(  715): Sending oneway calls to frozen process.
07-05 08:34:06.058 W/IPCThreadState(  715): Sending oneway calls to frozen process.
07-05 08:34:06.061 V/AccessibilityManagerService(  715): onUserStateChangedLocked for userId: 0, forceUpdate: false
07-05 08:34:06.062 W/MagnificationConnectionManager(  715): requestConnection duplicated request: connect=false, mConnectionState=DISCONNECTED
07-05 08:34:06.062 W/IPCThreadState(  715): Sending oneway calls to frozen process.
07-05 08:34:06.062 W/IPCThreadState(  715): Sending oneway calls to frozen process.
07-05 08:34:06.063 W/IPCThreadState(  715): Sending oneway calls to frozen process.
07-05 08:34:06.063 W/IPCThreadState(  715): Sending oneway calls to frozen process.
07-05 08:34:06.063 W/IPCThreadState(  715): Sending oneway calls to frozen process.
07-05 08:34:06.063 W/IPCThreadState(  715): Sending oneway calls to frozen process.
07-05 08:34:06.064 W/IPCThreadState(  715): Sending oneway calls to frozen process.
07-05 08:34:06.064 W/IPCThreadState(  715): Sending oneway calls to frozen process.
07-05 08:34:06.064 W/IPCThreadState(  715): Sending oneway calls to frozen process.
07-05 08:34:06.065 W/IPCThreadState(  715): Sending oneway calls to frozen process.
07-05 08:34:06.065 W/IPCThreadState(  715): Sending oneway calls to frozen process.
07-05 08:34:06.065 W/IPCThreadState(  715): Sending oneway calls to frozen process.
07-05 08:34:06.065 W/IPCThreadState(  715): Sending oneway calls to frozen process.
07-05 08:34:06.065 W/IPCThreadState(  715): Sending oneway calls to frozen process.
07-05 08:34:06.065 W/IPCThreadState(  715): Sending oneway calls to frozen process.
07-05 08:34:06.066 W/IPCThreadState(  715): Sending oneway calls to frozen process.
07-05 08:34:06.066 W/IPCThreadState(  715): Sending oneway calls to frozen process.
07-05 08:34:06.066 W/IPCThreadState(  715): Sending oneway calls to frozen process.
07-05 08:34:06.066 W/IPCThreadState(  715): Sending oneway calls to frozen process.
07-05 08:34:06.066 W/IPCThreadState(  715): Sending oneway calls to frozen process.
07-05 08:34:06.066 W/IPCThreadState(  715): Sending oneway calls to frozen process.
07-05 08:34:06.067 W/IPCThreadState(  715): Sending oneway calls to frozen process.
07-05 08:34:06.067 W/IPCThreadState(  715): Sending oneway calls to frozen process.
07-05 08:34:06.067 W/IPCThreadState(  715): Sending oneway calls to frozen process.
07-05 08:34:06.067 W/IPCThreadState(  715): Sending oneway calls to frozen process.
07-05 08:34:06.067 W/IPCThreadState(  715): Sending oneway calls to frozen process.
07-05 08:34:06.067 W/IPCThreadState(  715): Sending oneway calls to frozen process.
07-05 08:34:06.071 I/netd    (  488): tetherGetStats() -> {[]} <0.67ms>
07-05 08:34:06.094 W/.huiyi.mockchat(18876): Method boolean androidx.compose.runtime.snapshots.SnapshotStateList.conditionalUpdate(boolean, kotlin.jvm.functions.Function1) failed lock verification and will run slower.
07-05 08:34:06.094 W/.huiyi.mockchat(18876): Common causes for lock verification issues are non-optimized dex code
07-05 08:34:06.094 W/.huiyi.mockchat(18876): and incorrect proguard optimizations.
07-05 08:34:06.094 W/.huiyi.mockchat(18876): Method boolean androidx.compose.runtime.snapshots.SnapshotStateList.conditionalUpdate$default(androidx.compose.runtime.snapshots.SnapshotStateList, boolean, kotlin.jvm.functions.Function1, int, java.lang.Object) failed lock verification and will run slower.
07-05 08:34:06.095 W/.huiyi.mockchat(18876): Method java.lang.Object androidx.compose.runtime.snapshots.SnapshotStateList.mutate(kotlin.jvm.functions.Function1) failed lock verification and will run slower.
07-05 08:34:06.095 W/.huiyi.mockchat(18876): Method void androidx.compose.runtime.snapshots.SnapshotStateList.update(boolean, kotlin.jvm.functions.Function1) failed lock verification and will run slower.
07-05 08:34:06.095 W/.huiyi.mockchat(18876): Method void androidx.compose.runtime.snapshots.SnapshotStateList.update$default(androidx.compose.runtime.snapshots.SnapshotStateList, boolean, kotlin.jvm.functions.Function1, int, java.lang.Object) failed lock verification and will run slower.
07-05 08:34:06.170 D/CoreBackPreview(  715): Window{e0025f5 u0 com.huiyi.mockchat/com.huiyi.mockchat.MainActivity}: Setting back callback OnBackInvokedCallbackInfo{mCallback=android.window.IOnBackInvokedCallback$Stub$Proxy@6a0f8a9, mPriority=0, mIsAnimationCallback=false, mOverrideBehavior=0}
07-05 08:34:06.433 I/Choreographer(18876): Skipped 57 frames!  The application may be doing too much work on its main thread.
07-05 08:34:06.436 I/ActivityTaskManager(  715): Displayed com.huiyi.mockchat/.MainActivity for user 0: +2s92ms
07-05 08:34:06.448 D/BaseDepthController( 1124): setSurface:
07-05 08:34:06.448 D/BaseDepthController( 1124): 	mWaitingOnSurfaceValidity: false
07-05 08:34:06.448 D/BaseDepthController( 1124): 	mBaseSurface: null
07-05 08:34:06.449 W/IPCThreadState(  715): Sending oneway calls to frozen process.
07-05 08:34:06.450 D/BaseDepthController( 1124): mSurface is null and mCurrentBlur is: 0
07-05 08:34:06.450 W/IPCThreadState(  715): Sending oneway calls to frozen process.
07-05 08:34:06.451 W/IPCThreadState(  715): Sending oneway calls to frozen process.
07-05 08:34:06.451 W/IPCThreadState(  715): Sending oneway calls to frozen process.
07-05 08:34:06.451 W/IPCThreadState(  715): Sending oneway calls to frozen process.
07-05 08:34:06.455 D/StateManager( 1124): goToState - fromState: Normal, toState: Normal, partial trace:
07-05 08:34:06.455 D/StateManager( 1124): 	at com.android.launcher3.statemanager.StateManager.moveToRestState(go/retraceme 43e00d9cd0eb17b3d9dd30fc1741b1c71445c4c0f7c8c9b81300265c86c5b873:4)
07-05 08:34:06.455 D/StateManager( 1124): 	at com.android.launcher3.statemanager.StateManager.moveToRestState(go/retraceme 43e00d9cd0eb17b3d9dd30fc1741b1c71445c4c0f7c8c9b81300265c86c5b873:1)
07-05 08:34:06.455 D/StateManager( 1124): 	at com.android.launcher3.statemanager.StatefulActivity.onStop(go/retraceme 43e00d9cd0eb17b3d9dd30fc1741b1c71445c4c0f7c8c9b81300265c86c5b873:34)
07-05 08:34:06.462 I/ImeTracker(  715): com.huiyi.mockchat:cf73333a: onRequestHide at ORIGIN_SERVER reason HIDE_UNSPECIFIED_WINDOW fromUser false
07-05 08:34:06.463 I/HWUI    (18876): Davey! duration=1118ms; Flags=1, FrameTimelineVsyncId=537012, IntendedVsync=17037868525606, Vsync=17037868525606, InputEventId=0, HandleInputStart=17037871083400, AnimationStart=17037871116700, PerformTraversalsStart=17037871175400, DrawStart=17038911794300, FrameDeadline=17037885192272, FrameStartTime=17037871045700, FrameInterval=16666666, WorkloadTarget=16666666, SyncQueued=17038937141000, SyncStart=17038937551000, IssueDrawCommandsStart=17038937904000, SwapBuffers=17038974308000, FrameCompleted=17038987528100, DequeueBufferDuration=28000, QueueBufferDuration=422400, GpuCompleted=17038987528100, SwapBuffersCompleted=17038977712900, DisplayPresentTime=0, CommandSubmissionCompleted=17038974308000, 
07-05 08:34:06.463 D/StatsLog( 1124): LAUNCHER_ONSTOP
07-05 08:34:06.468 D/InsetsController(18876): hide(ime(), fromIme=false)
07-05 08:34:06.469 I/FontLog ( 1314): Received query Noto Color Emoji Compat, URI content://com.google.android.gms.fonts [CONTEXT service_id=132 ]
07-05 08:34:06.469 I/FontLog ( 1314): Query [emojicompat-emoji-font] resolved to {Noto Color Emoji Compat, wdth 100.0, wght 400, ital 0.0, bestEffort false}, isVf false} [CONTEXT service_id=132 ]
07-05 08:34:06.470 I/ImeTracker(18876): com.huiyi.mockchat:cf73333a: onCancelled at PHASE_CLIENT_ALREADY_HIDDEN
07-05 08:34:06.470 D/StatsLog( 1124): LAUNCHER_GOOGLE_SEARCH_RESTORE_LIST_SIZE_AFTER_ACTIVITY_RESTART
07-05 08:34:06.473 I/FontLog ( 1314): Fetch {Noto Color Emoji Compat, wdth 100.0, wght 400, ital 0.0, bestEffort false}, isVf false} end status Status{statusCode=SUCCESS, resolution=null} [CONTEXT service_id=132 ]
07-05 08:34:06.473 I/AppWidgetServiceImpl(  715): setAppWidgetHidden() 0
07-05 08:34:06.487 I/GoogleInputMethodService( 1395): GoogleInputMethodService.onFinishInput():2043 
07-05 08:34:06.492 I/Module  ( 1395): DeviceLockedStatusModuleProvider$Module.updateDeviceLockedStatus():100 repeatCheckTimes = 0, locked = false
07-05 08:34:06.493 I/ImeTracker(  715): system_server:f481adb5: onRequestHide at ORIGIN_SERVER reason IME_REQUESTED_CHANGED_LISTENER fromUser false
07-05 08:34:06.494 I/ImeTracker(  715): system_server:f481adb5: onCancelled at PHASE_SERVER_SHOULD_HIDE
07-05 08:34:06.500 I/FontLog ( 1314): Pulling font file for id = 92, cache size = 5 [CONTEXT service_id=132 ]
07-05 08:34:06.501 I/GoogleInputMethodService( 1395): GoogleInputMethodService.onStartInput():1293 onStartInput(EditorInfo{EditorInfo{packageName=com.huiyi.mockchat, inputType=0, inputTypeString=NULL, enableLearning=false, autoCorrection=false, autoComplete=false, imeOptions=0, privateImeOptions=null, actionName=UNSPECIFIED, actionLabel=null, initialSelStart=-1, initialSelEnd=-1, initialCapsMode=0, label=null, fieldId=0, fieldName=null, extras=null, hintText=null, hintLocales=[]}}, false)
07-05 08:34:06.506 W/PackageConfigPersister(  715): App-specific configuration not found for packageName: com.huiyi.mockchat and userId: 0
07-05 08:34:06.511 I/Module  ( 1395): DeviceLockedStatusModuleProvider$Module.updateDeviceLockedStatus():100 repeatCheckTimes = 1, locked = false
07-05 08:34:06.512 D/BackgroundInstallControlService(  715): Package event received: 0
07-05 08:34:06.517 I/FontLog ( 1314): Pulling font file for id = 92, cache size = 5 [CONTEXT service_id=132 ]
07-05 08:34:06.795 W/IPCThreadState(  630): Sending oneway calls to frozen process.
07-05 08:34:06.795 W/IPCThreadState(  630): Sending oneway calls to frozen process.
07-05 08:34:06.797 W/WindowOnBackDispatcher(  972): sendCancelIfRunning: isInProgress=false callback=android.view.ViewRootImpl$$ExternalSyntheticLambda13@ce7a616
07-05 08:34:06.798 D/CoreBackPreview(  715): Window{4302f17 u0 Splash Screen com.huiyi.mockchat EXITING}: Setting back callback null
07-05 08:34:07.020 W/WindowOnBackDispatcher(18413): sendCancelIfRunning: isInProgress=false callback=android.view.ViewRootImpl$$ExternalSyntheticLambda13@8c13827
07-05 08:34:07.020 D/CoreBackPreview(  715): Window{f3be649 u0 com.huiyi.v4}: Setting back callback null
07-05 08:34:07.023 W/WindowOnBackDispatcher(18413): sendCancelIfRunning: isInProgress=false callback=android.view.ViewRootImpl$$ExternalSyntheticLambda13@f83a2e3
07-05 08:34:07.024 D/CoreBackPreview(  715): Window{4852098 u0 com.huiyi.v4}: Setting back callback null
07-05 08:34:07.027 W/NotificationHistory(  715): Attempted to remove channel for locked/gone/disabled user 0
07-05 08:34:07.031 I/NotificationListener( 1124): received notification removed event - android#UserHandle{0},category=-1
07-05 08:34:07.333 D/BackgroundInstallControlService(  715): Package event received: 0
07-05 08:34:07.354 D/CoreBackPreview(  715): Window{f21ae66 u0 com.huiyi.v4}: Setting back callback OnBackInvokedCallbackInfo{mCallback=android.window.IOnBackInvokedCallback$Stub$Proxy@db55dfd, mPriority=0, mIsAnimationCallback=false, mOverrideBehavior=0}
07-05 08:34:07.405 W/dumpsys (18925): Thread Pool max thread count is 0. Cannot cache binder as linkToDeath cannot be implemented. serviceName: window
07-05 08:34:07.469 D/WindowManager(  715): captureDisplay
07-05 08:34:07.595 W/screencap(18932): Thread Pool max thread count is 0. Cannot cache binder as linkToDeath cannot be implemented. serviceName: SurfaceFlingerAIDL
07-05 08:34:07.595 W/BpBinder(18932): Linking to death on android.gui.ISurfaceComposer but there are no threads (yet?) listening to incoming transactions. See ProcessState::startThreadPool and ProcessState::setThreadPoolMaxThreadCount. Generally you should setup the binder threadpool before other initialization steps.
07-05 08:34:07.597 W/ProcessState(18932): Extra binder thread started, but 0 threads requested. Do not use *startThreadPool when zero threads are requested.
07-05 08:34:07.610 E/HwcComposer(  567): getLuts failed Status(-8, EX_SERVICE_SPECIFIC): '8: '
07-05 08:34:07.610 E/HWComposer(  567): getLuts: getLuts failed for display 4619827259835644672: UNSUPPORTED (8)
07-05 08:34:07.590 I/servicemanager(    0): Caller(pid=18932,uid=2000,sid=u:r:shell:s0) Found android.hardware.graphics.allocator.IAllocator/default in device VINTF manifest.
07-05 08:34:07.593 I/servicemanager(    0): Caller(pid=18932,uid=2000,sid=u:r:shell:s0) Found android.hardware.graphics.allocator.IAllocator/default in device VINTF manifest.
07-05 08:34:07.594 I/servicemanager(    0): Caller(pid=18932,uid=2000,sid=u:r:shell:s0) Found mapper/ranchu in device VINTF manifest.
07-05 08:34:07.650 D/WifiClientModeImpl[27601:wlan0](  715): updateLinkLayerStatsRssiSpeedFrequencyCapabilities rssi=-50 TxLinkspeed=1 freq=2447 RxLinkSpeed=2
07-05 08:34:07.650 D/WifiDataStall(  715): tx tput in kbps: 11000
07-05 08:34:07.650 D/WifiDataStall(  715): rx tput in kbps: 11000
07-05 08:34:07.650 V/WifiConfigManager(  715): Updating scan detail cache freq=2447 BSSID=00:13:10:85:fe:01 RSSI=-50 for "AndroidWifi"NONE
07-05 08:34:07.650 D/WifiThroughputPredictor(  715):  utilization (LLS) 80 isBluetoothConnected: false final utilization: 80
07-05 08:34:07.650 D/WifiThroughputPredictor(  715):  BW: 0 RSSI: -50 Nss: 1 Mode: 1 symDur: 4000 snrDb 30 bitPerTone: 4500 rate: 54 throughput: 11
07-05 08:34:07.650 D/WifiThroughputPredictor(  715):  utilization (LLS) 80 isBluetoothConnected: false final utilization: 80
07-05 08:34:07.650 D/WifiThroughputPredictor(  715):  BW: 0 RSSI: -50 Nss: 1 Mode: 1 symDur: 4000 snrDb 30 bitPerTone: 4500 rate: 54 throughput: 11
07-05 08:34:07.651 D/WifiThroughputPredictor(  715):  utilization (LLS) 80 isBluetoothConnected: false final utilization: 80
07-05 08:34:07.651 D/WifiThroughputPredictor(  715):  BW: 0 RSSI: -50 Nss: 1 Mode: 1 symDur: 4000 snrDb 30 bitPerTone: 4500 rate: 54 throughput: 11
07-05 08:34:07.651 D/WifiThroughputPredictor(  715):  utilization (LLS) 80 isBluetoothConnected: false final utilization: 80
07-05 08:34:07.651 D/WifiThroughputPredictor(  715):  BW: 0 RSSI: -50 Nss: 1 Mode: 1 symDur: 4000 snrDb 30 bitPerTone: 4500 rate: 54 throughput: 11
07-05 08:34:07.652 D/WifiScoreCard(  715): BSSID update SIGNAL_POLL ID: 1559335064 SSID: "AndroidWifi", BSSID: 00:13:10:85:fe:01, MAC: 02:15:b2:00:00:00, IP: /10.0.2.16, Security type: 0, Supplicant state: COMPLETED, Wi-Fi standard: legacy, RSSI: -50, Link speed: 1Mbps, Tx Link speed: 1Mbps, Max Supported Tx Link speed: 11Mbps, Rx Link speed: 2Mbps, Max Supported Rx Link speed: 11Mbps, Frequency: 2447MHz, Net ID: 0, Metered hint: false, score: 60, isUsable: true, CarrierMerged: false, SubscriptionId: -1, IsPrimary: 1, Trusted: true, Restricted: false, Ephemeral: false, OEM paid: false, OEM private: false, OSU AP: false, FQDN: <none>, Provider friendly name: <none>, Requesting package name: <none>"AndroidWifi"openMLO Information: , Is TID-To-Link negotiation supported by the AP: false, AP MLD Address: <none>, AP MLO Link Id: <none>, AP MLO Affiliated links: <none>, Vendor Data: <none>
07-05 08:34:07.652 D/WifiScoreCard(  715): txRate: 1 txSpeed: 1
07-05 08:34:07.652 D/WifiScoreCard(  715): network update SIGNAL_POLL "AndroidWifi" ID: 1201260005 RSSI -50 txSpeed -1
07-05 08:34:07.653 D/WifiClientModeImpl[27601:wlan0](  715):  ClientModeImpl$L2ConnectedState screen=on 1 0 "AndroidWifi" 00:13:10:85:fe:01 rssi=-50 f=2447 sc=60 link=1 tx=0.4, 0.0, 0.0 rx=0.3 bcn=0 [on:0 tx:0 rx:0 period:3006] from screen [on:0 period:829019812] score=60
07-05 08:34:07.661 W/NotificationHistory(  715): Attempted to add notif for locked/gone/disabled user 0
07-05 08:34:07.663 D/BackgroundInstallControlService(  715): Package event received: 0
07-05 08:34:07.666 W/AiAiEcho( 1480): LyftNotificationParser Ridesharing ETA not enabled
07-05 08:34:07.666 I/AiAiEcho( 1480): SmartspaceNotificationPredictor no parser can handle this notification or notification is invalid
07-05 08:34:07.669 I/NotificationListener( 1124): received notification posted event - android#UserHandle{0},category=-1
07-05 08:34:07.685 D/LocalImageResolver(  972): Couldn't use ImageDecoder for drawable, falling back to non-resized load.
07-05 08:34:07.690 D/LocalImageResolver(  972): Couldn't use ImageDecoder for drawable, falling back to non-resized load.
07-05 08:34:07.823 E/NotificationService(  715): Suppressing toast from package com.huiyi.v4 by user request.
07-05 08:34:07.825 I/FloatingBubbleService(18413): next_sentence_click_ack latencyMs=2 ackVisible=true
07-05 08:34:07.882 I/HuiyiRuntime(18413): dynamic_playbook_result sessionId=28140221-30f2-463f-9a1b-48927391d6f8 mode=NEXT_SENTENCE chatKey=com.huiyi.mockchat|mock:49b3c0f5 source=CLOUD_ENHANCED decisionSource=CLOUD_ENHANCED_PLAYBOOK lastSpeaker=OTHER decision=NORMAL_REPLY routeCount=3 latencyMs=5 cacheHit=true localFallbackUsed=false cloudRefreshRecommended=true
07-05 08:34:07.893 W/AppOps  (  715): Noting op not finished: uid 10216 pkg com.huiyi.v4 code 24 startTime of in progress event=1783240447344
07-05 08:34:07.913 I/resolv  (  488): GetAddrInfoHandler::run: {100 100 100 983140 10216 0}
07-05 08:34:07.914 I/resolv  (  488): res_nmkquery: (QUERY, IN, AAAA)
07-05 08:34:07.914 I/resolv  (  488): resolv_cache_lookup: FOUND IN CACHE entry=0x7f740ca9b970
07-05 08:34:07.914 I/resolv  (  488): res_nmkquery: (QUERY, IN, A)
07-05 08:34:07.914 I/resolv  (  488): doQuery: rcode=0, ancount=2, return value=84
07-05 08:34:07.915 I/resolv  (  488): resolv_cache_lookup: FOUND IN CACHE entry=0x7f750ca9b010
07-05 08:34:07.915 I/resolv  (  488): doQuery: rcode=0, ancount=2, return value=60
07-05 08:34:07.915 D/CoreBackPreview(  715): Window{43fe387 u0 com.huiyi.v4}: Setting back callback OnBackInvokedCallbackInfo{mCallback=android.window.IOnBackInvokedCallback$Stub$Proxy@c322a52, mPriority=0, mIsAnimationCallback=false, mOverrideBehavior=0}
07-05 08:34:08.010 D/AndroidRuntime(18939): >>>>>> START com.android.internal.os.RuntimeInit uid 2000 <<<<<<
07-05 08:34:08.016 I/AndroidRuntime(18939): Using default boot image
07-05 08:34:08.017 I/AndroidRuntime(18939): Leaving lock profiling enabled
07-05 08:34:08.022 I/app_process(18939): Core platform API reporting enabled, enforcing=false
07-05 08:34:08.024 I/app_process(18939): Using CollectorTypeCMC GC.
