07-06 00:01:06.825 D/RemoteTransitionHandler(  972): Found filterPair{{types=[] flags=0x0] notFlags=0x100 checks=[{atype=home independent=true modes=[OPEN,TO_FRONT] flags=NONE mustBeTask=false order=TOP topActivity=ComponentInfo{com.google.android.apps.nexuslauncher/com.google.android.apps.nexuslauncher.NexusLauncherActivity} launchCookie=null windowingMode=undefined},{atype=standard independent=true modes=[CLOSE,TO_BACK] flags=NONE mustBeTask=false order=ANY topActivity=null launchCookie=null windowingMode=undefined},{NOT atype=undefined independent=true modes=[] flags=NONE mustBeTask=true order=ANY topActivity=null launchCookie=null customAnim=true windowingMode=undefined}]} RemoteTransition { remoteTransition = android.window.IRemoteTransition$Stub$Proxy@ed946b8, appThread = android.app.IApplicationThread$Stub$Proxy@5f5c91, debugName = QuickstepLaunchHome }}
07-06 00:01:06.825 V/WindowManagerShell(  972):  Delegate animation for (#196) to RemoteTransition { remoteTransition = android.window.IRemoteTransition$Stub$Proxy@ed946b8, appThread = android.app.IApplicationThread$Stub$Proxy@5f5c91, debugName = QuickstepLaunchHome }
07-06 00:01:06.836 D/CarrierSvcBindHelper( 1112): onHandleForceStop: [com.huiyi.mockchat]
07-06 00:01:06.844 I/AiAiEcho( 1480): #postPredictionTargets: Sending updates to UISurface home with targets# 0 (types=[])
07-06 00:01:06.849 D/StateManager( 1124): createAtomicAnimation - fromState: Background, toState: Normal, partial trace:
07-06 00:01:06.849 D/StateManager( 1124): 	at com.android.quickstep.util.ScalingWorkspaceRevealAnim.<init>(go/retraceme 43e00d9cd0eb17b3d9dd30fc1741b1c71445c4c0f7c8c9b81300265c86c5b873:39)
07-06 00:01:06.849 D/StateManager( 1124): 	at com.android.launcher3.QuickstepTransitionManager.createWallpaperOpenAnimations(go/retraceme 43e00d9cd0eb17b3d9dd30fc1741b1c71445c4c0f7c8c9b81300265c86c5b873:168)
07-06 00:01:06.849 D/StateManager( 1124): 	at com.android.launcher3.QuickstepTransitionManager$WallpaperOpenLauncherAnimationRunner.onAnimationStart(go/retraceme 43e00d9cd0eb17b3d9dd30fc1741b1c71445c4c0f7c8c9b81300265c86c5b873:17)
07-06 00:01:06.850 D/b/311077782( 1124): LauncherAnimationRunner.setAnimation
07-06 00:01:06.850 D/CarrierSvcBindHelper( 1112): No carrier app for: 0
07-06 00:01:06.856 W/HWUI    ( 1124): Image decoding logging dropped!
07-06 00:01:06.865 D/SsBaseTemplateCard( 1124): No text view can be set up
07-06 00:01:06.866 D/SsBaseTemplateCard( 1124): Passed-in item info is null
07-06 00:01:06.866 D/SsBaseTemplateCard( 1124): Passed-in item info is null
07-06 00:01:06.866 D/SsBaseTemplateCard( 1124): Passed-in item info is null
07-06 00:01:06.866 I/SsBaseTemplateCard( 1124): Secondary card pane is null
07-06 00:01:06.913 I/BpBinder(  567): onLastStrongRef automatically unlinking death recipients: 
07-06 00:01:06.946 V/WindowManager(  715): Sent Transition (#196) createdAt=07-06 00:01:06.699 via request=TransitionRequestInfo { type = CLOSE, triggerTask = TaskInfo{userId=0 taskId=206 effectiveUid=10217 displayId=0 isRunning=false baseIntent=Intent { flg=0x10000000 cmp=com.huiyi.mockchat/.MainActivity } baseActivity=null topActivity=null origActivity=null realActivity=ComponentInfo{com.huiyi.mockchat/com.huiyi.mockchat.MainActivity} numActivities=0 lastActiveTime=38381304 supportsMultiWindow=true resizeMode=1 isResizeable=true minWidth=-1 minHeight=-1 defaultMinSize=220 token=WCT{RemoteToken{27525ce Task{6f01d07 #206 type=standard A=10217:com.huiyi.mockchat}}} topActivityType=1 pictureInPictureParams=null shouldDockBigOverlays=false launchIntoPipHostTaskId=-1 lastParentTaskIdBeforePip=-1 displayCutoutSafeInsets=Rect(0, 0 - 0, 0) topActivityInfo=null launchCookies=[] positionInParent=Point(0, 0) parentTaskId=-1 isFocused=true isVisible=true isVisibleRequested=true isTopActivityNoDisplay=false isSleeping=false locusId=null displayAreaFeatureId=1 isTopActivityTransparent=false isActivityStackTransparent=true lastNonFullscreenBounds=Rect(286, 664 - 798, 1748) capturedLink=null capturedLinkTimestamp=0 requestedVisibleTypes=-9 topActivityRequestOpenInBrowserEducationTimestamp=0 appCompatTaskInfo=AppCompatTaskInfo { topActivityInSizeCompat=false eligibleForLetterboxEducation= false isLetterboxEducationEnabled= false isLetterboxDoubleTapEnabled= false eligibleForUserAspectRatioButton= false topActivityBoundsLetterboxed= false isFromLetterboxDoubleTap= false topActivityLetterboxVerticalPosition= -1 topActivityLetterboxHorizontalPosition= -1 topActivityLetterboxWidth=-1 topActivityLetterboxHeight=-1 topActivityAppBounds=Rect(0, 0 - 0, 0) isUserFullscreenOverrideEnabled=false isSystemFullscreenOverrideEnabled=false hasMinAspectRatioOverride=false topActivityLetterboxBounds=null cameraCompatTaskInfo=CameraCompatTaskInfo { freeformCameraCompatMode=undefined}} topActivityMainWindowFrame=null}, pipChange = null, remoteTransition = null, displayChange = null, flags = 0, debugId = 196 }
07-06 00:01:06.949 V/WindowManager(  715):     startWCT=WindowContainerTransaction { changes= {} hops= [] errorCallbackToken=null taskFragmentOrganizer=null }
07-06 00:01:06.949 V/WindowManager(  715):     info={id=196 t=CLOSE f=0x0 trk=0 r=[0@Point(0, 0)] c=[
07-06 00:01:06.949 V/WindowManager(  715):         {WCT{RemoteToken{ba7d2de Task{f5e704d #1 type=home}}} m=TO_FRONT f=SHOW_WALLPAPER|MOVE_TO_TOP leash=Surface(name=Task=1)/@0x55c111d sb=Rect(0, 0 - 1084, 2412) eb=Rect(0, 0 - 1084, 2412) epz=Point(1084, 2412) d=0 taskParent=-1},
07-06 00:01:06.949 V/WindowManager(  715):         {WCT{RemoteToken{27525ce Task{6f01d07 #206 type=standard A=10217:com.huiyi.mockchat}}} m=CLOSE f=NONE leash=Surface(name=Task=206)/@0x90e5a93 sb=Rect(0, 0 - 1084, 2412) eb=Rect(0, 0 - 1084, 2412) epz=Point(1084, 2412) d=0 taskParent=-1},
07-06 00:01:06.949 V/WindowManager(  715):         {m=TO_FRONT f=IS_WALLPAPER leash=Surface(name=WallpaperWindowToken{d6cca47 showWhenLocked=false})/@0x17505f4 sb=Rect(0, 0 - 1084, 2412) eb=Rect(0, 0 - 1084, 2412) epz=Point(1084, 2412) d=0}
07-06 00:01:06.949 V/WindowManager(  715):     ]}
07-06 00:01:06.960 I/RanchuHwc(  516): logCompositionFallbackIfChanged: layer 536 CompositionType fallback from 2 to 1
07-06 00:01:06.960 I/RanchuHwc(  516): logCompositionFallbackIfChanged: layer 535 CompositionType fallback from 2 to 1
07-06 00:01:06.961 V/WindowManagerShell(  972):  animated by com.android.wm.shell.transition.RemoteTransitionHandler@1403b21
07-06 00:01:06.962 W/Looper  (  972): Slow dispatch took 140ms wmshell.main app=com.android.systemui main=false group=FOREGROUND h=android.os.Handler c=com.android.wm.shell.transition.Transitions$TransitionPlayerImpl$$ExternalSyntheticLambda0@b787fa0 m=0
07-06 00:01:06.964 W/system_server(  715): Long monitor contention with owner android.anim (752) at void com.android.server.wm.InputMonitor$UpdateInputWindows.run()(InputMonitor.java:138) waiters=3 in android.app.ActivityTaskManager$RootTaskInfo com.android.server.wm.ActivityTaskManagerService.getFocusedRootTaskInfo() for 132ms
07-06 00:01:07.051 I/ImeTracker(  715): com.google.android.apps.nexuslauncher:ea98883d: onRequestHide at ORIGIN_SERVER reason HIDE_UNSPECIFIED_WINDOW fromUser false
07-06 00:01:07.061 I/GoogleInputMethodService( 1395): GoogleInputMethodService.onFinishInput():2043 
07-06 00:01:07.067 I/ImeTracker(  715): system_server:3791641: onRequestHide at ORIGIN_SERVER reason IME_REQUESTED_CHANGED_LISTENER fromUser false
07-06 00:01:07.069 I/ImeTracker(  715): system_server:3791641: onCancelled at PHASE_SERVER_SHOULD_HIDE
07-06 00:01:07.079 I/Module  ( 1395): DeviceLockedStatusModuleProvider$Module.updateDeviceLockedStatus():100 repeatCheckTimes = 0, locked = false
07-06 00:01:07.083 I/GoogleInputMethodService( 1395): GoogleInputMethodService.onStartInput():1293 onStartInput(EditorInfo{EditorInfo{packageName=com.google.android.apps.nexuslauncher, inputType=0, inputTypeString=NULL, enableLearning=false, autoCorrection=false, autoComplete=false, imeOptions=0, privateImeOptions=null, actionName=UNSPECIFIED, actionLabel=null, initialSelStart=-1, initialSelEnd=-1, initialCapsMode=0, label=null, fieldId=0, fieldName=null, extras=null, hintText=null, hintLocales=[]}}, false)
07-06 00:01:07.087 W/PackageConfigPersister(  715): App-specific configuration not found for packageName: com.google.android.apps.nexuslauncher and userId: 0
07-06 00:01:07.108 D/InsetsController( 1124): hide(ime(), fromIme=false)
07-06 00:01:07.109 I/Module  ( 1395): DeviceLockedStatusModuleProvider$Module.updateDeviceLockedStatus():100 repeatCheckTimes = 1, locked = false
07-06 00:01:07.110 W/NotificationCenter( 1395): NotificationCenter$NotificationQueue.notifyPendingNotificationsOnExecutor():877 Heavy notify work detected on UI thread: [kig->ilu, kig->khg, kig->ijm, kig->jnx, kig->ilu, kig->ilu, kig->ilu, kig->ilu, kig->gkl, kig->ilu, kig->ilu, kig->ilu, kig->ilu, kig->khc, kig->jvb, kig->fef, kig->lux, kig->ilu, kig->ilu, kig->imt, kig->fro, kig->ilu, kig->ilu, kig->fcb] takes 21ms
07-06 00:01:07.111 I/ImeTracker( 1124): com.google.android.apps.nexuslauncher:ea98883d: onCancelled at PHASE_CLIENT_ALREADY_HIDDEN
07-06 00:01:07.125 W/ActivityTaskManager(  715): Unable to send transaction to client proc com.huiyi.mockchat: no app thread
07-06 00:01:07.163 W/ActivityTaskManager(  715): callingPackage for (uid=2000, pid=22367) has no WPC
07-06 00:01:07.165 V/GrammaticalInflectionUtils(  715): AttributionSource: AttributionSource { uid = 10217, packageName = null, attributionTag = null, token = android.os.Binder@2b6457c, deviceId = 0, next = null } does not have READ_SYSTEM_GRAMMATICAL_GENDER permission.
07-06 00:01:07.165 W/OptProp (  715): Cannot read opt property android.window.PROPERTY_COMPAT_ALLOW_USER_ASPECT_RATIO_OVERRIDE
07-06 00:01:07.165 W/OptProp (  715): Cannot read opt property android.window.PROPERTY_COMPAT_ALLOW_USER_ASPECT_RATIO_FULLSCREEN_OVERRIDE
07-06 00:01:07.165 W/OptProp (  715): Cannot read opt property android.window.PROPERTY_COMPAT_ALLOW_RESIZEABLE_ACTIVITY_OVERRIDES
07-06 00:01:07.168 W/OptProp (  715): Cannot read opt property android.window.PROPERTY_COMPAT_ALLOW_MIN_ASPECT_RATIO_OVERRIDE
07-06 00:01:07.181 W/OptProp (  715): Cannot read opt property android.window.PROPERTY_COMPAT_ALLOW_ORIENTATION_OVERRIDE
07-06 00:01:07.192 V/SplashScreenExceptionList(  715): SplashScreen checking exception for package com.huiyi.mockchat (target sdk:35) -> false
07-06 00:01:07.205 I/ActivityTaskManager(  715): Add Task{6f01d07 #206 type=standard A=10217:com.huiyi.mockchat} to hidden list because adding Task{8c63915 #207 type=standard A=10217:com.huiyi.mockchat}
07-06 00:01:07.216 W/HWUI    (  972): Image decoding logging dropped!
07-06 00:01:07.223 D/SplashScreenView(  972): Build android.window.SplashScreenView{8b3264 V.E...... ......ID 0,0-0,0}
07-06 00:01:07.223 D/SplashScreenView(  972): Icon: view: android.widget.ImageView{1f71ccd V.ED..... ......I. 0,0-0,0 #1020542 android:id/splashscreen_icon_view} drawable: com.android.wm.shell.startingsurface.SplashscreenIconDrawableFactory$ImmobileIconDrawable@48be982 size: 395
07-06 00:01:07.223 D/SplashScreenView(  972): Branding: view: android.view.View{d443893 G.ED..... ......I. 0,0-0,0 #1020541 android:id/splashscreen_branding_view} drawable: null size w: 0 h: 0
07-06 00:01:07.232 W/IPCThreadState(  630): Sending oneway calls to frozen process.
07-06 00:01:07.233 W/IPCThreadState(  630): Sending oneway calls to frozen process.
07-06 00:01:07.233 I/BpBinder(  567): onLastStrongRef automatically unlinking death recipients: 
07-06 00:01:07.240 I/ActivityTaskManager(  715): START u0 {flg=0x10000000 xflg=0x5 cmp=com.huiyi.mockchat/.MainActivity (has extras)} with LAUNCH_MULTIPLE from uid 2000 (BAL_ALLOW_PERMISSION) result code=0
07-06 00:01:07.244 W/s.nexuslauncher( 1124): Suspending all threads took: 5.239ms
07-06 00:01:07.246 V/WindowManagerShell(  972): Transition requested (#197): android.os.BinderProxy@c4869fc TransitionRequestInfo { type = OPEN, triggerTask = TaskInfo{userId=0 taskId=207 effectiveUid=10217 displayId=0 isRunning=true baseIntent=Intent { flg=0x10000000 cmp=com.huiyi.mockchat/.MainActivity } baseActivity=ComponentInfo{com.huiyi.mockchat/com.huiyi.mockchat.MainActivity} topActivity=ComponentInfo{com.huiyi.mockchat/com.huiyi.mockchat.MainActivity} origActivity=null realActivity=ComponentInfo{com.huiyi.mockchat/com.huiyi.mockchat.MainActivity} numActivities=1 lastActiveTime=38388165 supportsMultiWindow=true resizeMode=1 isResizeable=true minWidth=-1 minHeight=-1 defaultMinSize=220 token=WCT{android.window.IWindowContainerToken$Stub$Proxy@81885} topActivityType=1 pictureInPictureParams=null shouldDockBigOverlays=false launchIntoPipHostTaskId=-1 lastParentTaskIdBeforePip=-1 displayCutoutSafeInsets=Rect(0, 0 - 0, 0) topActivityInfo=ActivityInfo{6c926da com.huiyi.mockchat.MainActivity} launchCookies=[] positionInParent=Point(0, 0) parentTaskId=-1 isFocused=false isVisible=false isVisibleRequested=false isTopActivityNoDisplay=false isSleeping=false locusId=null displayAreaFeatureId=1 isTopActivityTransparent=false isActivityStackTransparent=false lastNonFullscreenBounds=Rect(286, 664 - 798, 1748) capturedLink=null capturedLinkTimestamp=0 requestedVisibleTypes=-9 topActivityRequestOpenInBrowserEducationTimestamp=0 appCompatTaskInfo=AppCompatTaskInfo { topActivityInSizeCompat=false eligibleForLetterboxEducation= false isLetterboxEducationEnabled= true isLetterboxDoubleTapEnabled= false eligibleForUserAspectRatioButton= false topActivityBoundsLetterboxed= false isFromLetterboxDoubleTap= false topActivityLetterboxVerticalPosition= -1 topActivityLetterboxHorizontalPosition= -1 topActivityLetterboxWidth=-1 topActivityLetterboxHeight=-1 topActivityAppBounds=Rect(0, 0 - 1084, 2412) isUserFullscreenOverrideEnabled=false isSystemFullscreenOverrideEnabled=false hasMinAspectRatioOverride=false topActivityLetterboxBounds=null cameraCompatTaskInfo=CameraCompatTaskInfo { freeformCameraCompatMode=inactive}} topActivityMainWindowFrame=null}, pipChange = null, remoteTransition = null, displayChange = null, flags = 0, debugId = 197 }
07-06 00:01:07.247 D/ShellSplitScreen(  972): logExit: no-op, mLoggerSessionId is null
07-06 00:01:07.260 V/GrammaticalInflectionUtils(  715): AttributionSource: AttributionSource { uid = 10217, packageName = null, attributionTag = null, token = android.os.Binder@2b6457c, deviceId = 0, next = null } does not have READ_SYSTEM_GRAMMATICAL_GENDER permission.
07-06 00:01:07.268 D/CoreBackPreview(  715): Window{e5e5191 u0 Splash Screen com.huiyi.mockchat}: Setting back callback OnBackInvokedCallbackInfo{mCallback=android.window.IOnBackInvokedCallback$Stub$Proxy@c8575cd, mPriority=0, mIsAnimationCallback=false, mOverrideBehavior=0}
07-06 00:01:07.288 D/Zygote  (  491): Forked child process 22370
07-06 00:01:07.292 I/ActivityManager(  715): Start proc 22370:com.huiyi.mockchat/u0a217 for next-top-activity {com.huiyi.mockchat/com.huiyi.mockchat.MainActivity}
07-06 00:01:07.336 I/ActivityManager(  715): ProcessObserver broadcast disabled
07-06 00:01:07.336 W/ActivityManager(  715): Slow operation: 75ms so far, now at startProcess: done updating pids map
07-06 00:01:07.355 I/.huiyi.mockchat(22370): Late-enabling -Xcheck:jni
07-06 00:01:07.387 I/.huiyi.mockchat(22370): Using CollectorTypeCMC GC.
07-06 00:01:07.388 W/.huiyi.mockchat(22370): Unexpected CPU variant for x86: x86_64.
07-06 00:01:07.388 W/.huiyi.mockchat(22370): Known variants: atom, sandybridge, silvermont, goldmont, goldmont-plus, goldmont-without-sha-xsaves, tremont, kabylake, alderlake, default
07-06 00:01:07.396 I/adbd    (  576): jdwp connection from 22370
07-06 00:01:07.400 D/nativeloader(22370): Load libframework-connectivity-tiramisu-jni.so using APEX ns com_android_tethering for caller /apex/com.android.tethering/javalib/framework-connectivity-t.jar: ok
07-06 00:01:07.409 W/SplitSelectStateCtor( 1124): Missing session instanceIds
07-06 00:01:07.410 D/StatsLog( 1124): LAUNCHER_SPLIT_SELECTION_EXIT_INTERRUPTED
07-06 00:01:07.416 I/AppsFilter(  715): interaction: PackageSetting{82e8969 com.android.microdroid.empty_payload/10212} -> PackageSetting{530b993 com.huiyi.mockchat/10217} BLOCKED
07-06 00:01:07.416 I/AppsFilter(  715): interaction: PackageSetting{b28278c com.huiyi.v4/10216} -> PackageSetting{530b993 com.huiyi.mockchat/10217} BLOCKED
07-06 00:01:07.430 D/WindowManagerShell(  972): setLauncherKeepClearAreaHeight: visible=false, height=497
07-06 00:01:07.436 I/AppWidgetServiceImpl(  715): Received broadcast: android.intent.action.PACKAGE_UNSTOPPED on user 0
07-06 00:01:07.437 I/AppWidgetServiceImpl(  715): Updating package stopped masked state for uid 10217 package com.huiyi.mockchat isStopped false
07-06 00:01:07.472 D/BackgroundInstallControlService(  715): Package event received: 0
07-06 00:01:07.476 D/BackgroundInstallControlService(  715): Package event received: 0
07-06 00:01:07.547 D/AndroidRuntime(22371): >>>>>> START com.android.internal.os.RuntimeInit uid 2000 <<<<<<
07-06 00:01:07.560 I/AndroidRuntime(22371): Using default boot image
07-06 00:01:07.560 I/AndroidRuntime(22371): Leaving lock profiling enabled
07-06 00:01:07.563 I/app_process(22371): Core platform API reporting enabled, enforcing=false
07-06 00:01:07.565 I/app_process(22371): Using CollectorTypeCMC GC.
07-06 00:01:07.592 V/WindowManagerShell(  972): onTransitionReady(transaction=3070901631426)
07-06 00:01:07.593 V/WindowManagerShell(  972): onTransitionReady (#197) android.os.BinderProxy@c4869fc: {id=197 t=OPEN f=0x0 trk=0 r=[0@Point(0, 0)] c=[
07-06 00:01:07.593 V/WindowManagerShell(  972):         {m=OPEN f=NONE leash=Surface(name=Task=207)/@0xa516639 sb=Rect(0, 0 - 1084, 2412) eb=Rect(0, 0 - 1084, 2412) epz=Point(1084, 2412) d=0 taskParent=-1},
07-06 00:01:07.593 V/WindowManagerShell(  972):         {m=TO_BACK f=SHOW_WALLPAPER leash=Surface(name=Task=1)/@0xae4147e sb=Rect(0, 0 - 1084, 2412) eb=Rect(0, 0 - 1084, 2412) epz=Point(1084, 2412) d=0 taskParent=-1},
07-06 00:01:07.593 V/WindowManagerShell(  972):         {m=TO_BACK f=IS_WALLPAPER leash=Surface(name=WallpaperWindowToken{d6cca47 showWhenLocked=false})/@0x8cf4ddf sb=Rect(0, 0 - 1084, 2412) eb=Rect(0, 0 - 1084, 2412) epz=Point(1084, 2412) d=0}
07-06 00:01:07.593 V/WindowManagerShell(  972):     ]}
07-06 00:01:07.594 V/WindowManager(  715): Sent Transition (#197) createdAt=07-06 00:01:07.169 via request=TransitionRequestInfo { type = OPEN, triggerTask = TaskInfo{userId=0 taskId=207 effectiveUid=10217 displayId=0 isRunning=true baseIntent=Intent { flg=0x10000000 cmp=com.huiyi.mockchat/.MainActivity } baseActivity=ComponentInfo{com.huiyi.mockchat/com.huiyi.mockchat.MainActivity} topActivity=ComponentInfo{com.huiyi.mockchat/com.huiyi.mockchat.MainActivity} origActivity=null realActivity=ComponentInfo{com.huiyi.mockchat/com.huiyi.mockchat.MainActivity} numActivities=1 lastActiveTime=38388165 supportsMultiWindow=true resizeMode=1 isResizeable=true minWidth=-1 minHeight=-1 defaultMinSize=220 token=WCT{RemoteToken{cac6c3d Task{8c63915 #207 type=standard A=10217:com.huiyi.mockchat}}} topActivityType=1 pictureInPictureParams=null shouldDockBigOverlays=false launchIntoPipHostTaskId=-1 lastParentTaskIdBeforePip=-1 displayCutoutSafeInsets=Rect(0, 0 - 0, 0) topActivityInfo=ActivityInfo{292dc32 com.huiyi.mockchat.MainActivity} launchCookies=[] positionInParent=Point(0, 0) parentTaskId=-1 isFocused=false isVisible=false isVisibleRequested=false isTopActivityNoDisplay=false isSleeping=false locusId=null displayAreaFeatureId=1 isTopActivityTransparent=false isActivityStackTransparent=false lastNonFullscreenBounds=Rect(286, 664 - 798, 1748) capturedLink=null capturedLinkTimestamp=0 requestedVisibleTypes=-9 topActivityRequestOpenInBrowserEducationTimestamp=0 appCompatTaskInfo=AppCompatTaskInfo { topActivityInSizeCompat=false eligibleForLetterboxEducation= false isLetterboxEducationEnabled= true isLetterboxDoubleTapEnabled= false eligibleForUserAspectRatioButton= false topActivityBoundsLetterboxed= false isFromLetterboxDoubleTap= false topActivityLetterboxVerticalPosition= -1 topActivityLetterboxHorizontalPosition= -1 topActivityLetterboxWidth=-1 topActivityLetterboxHeight=-1 topActivityAppBounds=Rect(0, 0 - 1084, 2412) isUserFullscreenOverrideEnabled=false isSystemFullscreenOverrideEnabled=false hasMinAspectRatioOverride=false topActivityLetterboxBounds=null cameraCompatTaskInfo=CameraCompatTaskInfo { freeformCameraCompatMode=inactive}} topActivityMainWindowFrame=null}, pipChange = null, remoteTransition = null, displayChange = null, flags = 0, debugId = 197 }
07-06 00:01:07.594 V/WindowManager(  715):     startWCT=WindowContainerTransaction { changes= {} hops= [] errorCallbackToken=null taskFragmentOrganizer=null }
07-06 00:01:07.594 V/WindowManagerShell(  972): Transition (#197) android.os.BinderProxy@c4869fc@0 ready while (#196) android.os.BinderProxy@16c1521@0 is still animating. Notify the animating transition in case they can be merged
07-06 00:01:07.594 V/WindowManager(  715):     info={id=197 t=OPEN f=0x0 trk=0 r=[0@Point(0, 0)] c=[
07-06 00:01:07.594 V/WindowManager(  715):         {WCT{RemoteToken{cac6c3d Task{8c63915 #207 type=standard A=10217:com.huiyi.mockchat}}} m=OPEN f=NONE leash=Surface(name=Task=207)/@0xb14d9e7 sb=Rect(0, 0 - 1084, 2412) eb=Rect(0, 0 - 1084, 2412) epz=Point(1084, 2412) d=0 taskParent=-1},
07-06 00:01:07.594 V/WindowManager(  715):         {WCT{RemoteToken{ba7d2de Task{f5e704d #1 type=home}}} m=TO_BACK f=SHOW_WALLPAPER leash=Surface(name=Task=1)/@0x55c111d sb=Rect(0, 0 - 1084, 2412) eb=Rect(0, 0 - 1084, 2412) epz=Point(1084, 2412) d=0 taskParent=-1},
07-06 00:01:07.594 V/WindowManager(  715):         {m=TO_BACK f=IS_WALLPAPER leash=Surface(name=WallpaperWindowToken{d6cca47 showWhenLocked=false})/@0x17505f4 sb=Rect(0, 0 - 1084, 2412) eb=Rect(0, 0 - 1084, 2412) epz=Point(1084, 2412) d=0}
07-06 00:01:07.594 V/WindowManager(  715):     ]}
07-06 00:01:07.596 V/WindowManagerShell(  972):    Merge into remote: RemoteTransition { remoteTransition = android.window.IRemoteTransition$Stub$Proxy@ed946b8, appThread = android.app.IApplicationThread$Stub$Proxy@5f5c91, debugName = QuickstepLaunchHome }
07-06 00:01:07.624 V/WindowManagerShell(  972): Transition animation finished (aborted=false), notifying core (#196) android.os.BinderProxy@16c1521@0
07-06 00:01:07.636 V/WindowManager(  715): Finish Transition (#196): created at 07-06 00:01:06.699 collect-started=0.061ms request-sent=0.162ms started=8.493ms ready=20.252ms sent=119.954ms commit=59.032ms finished=935.937ms
07-06 00:01:07.643 E/IPCThreadState(  715): Binder transaction failure. id: 5927692, BR_*: 29189, error: -22 (Invalid argument)
07-06 00:01:07.616 I/binder  (    0): 945:715 cannot find target node
07-06 00:01:07.617 I/binder  (    0): 715:945 transaction async to 0:0 failed 5927692/29189/-22, size 64-0 line 3348
07-06 00:01:07.644 W/ActivityManager(  715): pid 715 system sent binder code 7 with flags 1 to frozen apps and got error -32
07-06 00:01:07.645 D/ActivityManager(  715): Too many transaction errors, throttling freezer binder callback.
07-06 00:01:07.645 W/WindowManager(  715): Exception thrown during dispatchAppVisibility Window{398ea06 u0 com.huiyi.mockchat/com.huiyi.mockchat.MainActivity EXITING}
07-06 00:01:07.645 W/WindowManager(  715): android.os.DeadObjectException
07-06 00:01:07.645 W/WindowManager(  715): 	at android.os.BinderProxy.transactNative(Native Method)
07-06 00:01:07.645 W/WindowManager(  715): 	at android.os.BinderProxy.transact(BinderProxy.java:592)
07-06 00:01:07.645 W/WindowManager(  715): 	at android.view.IWindow$Stub$Proxy.dispatchAppVisibility(IWindow.java:557)
07-06 00:01:07.645 W/WindowManager(  715): 	at com.android.server.wm.WindowState.sendAppVisibilityToClients(WindowState.java:3151)
07-06 00:01:07.645 W/WindowManager(  715): 	at com.android.server.wm.WindowContainer.sendAppVisibilityToClients(WindowContainer.java:1311)
07-06 00:01:07.645 W/WindowManager(  715): 	at com.android.server.wm.WindowToken.setClientVisible(WindowToken.java:389)
07-06 00:01:07.645 W/WindowManager(  715): 	at com.android.server.wm.ActivityRecord.setClientVisible(ActivityRecord.java:6650)
07-06 00:01:07.645 W/WindowManager(  715): 	at com.android.server.wm.ActivityRecord.commitVisibility(ActivityRecord.java:5561)
07-06 00:01:07.645 W/WindowManager(  715): 	at com.android.server.wm.Transition.finishTransition(Transition.java:1391)
07-06 00:01:07.645 W/WindowManager(  715): 	at com.android.server.wm.TransitionController.finishTransition(TransitionController.java:1029)
07-06 00:01:07.645 W/WindowManager(  715): 	at com.android.server.wm.WindowOrganizerController.finishTransition(WindowOrganizerController.java:496)
07-06 00:01:07.645 W/WindowManager(  715): 	at android.window.IWindowOrganizerController$Stub.onTransact(IWindowOrganizerController.java:261)
07-06 00:01:07.645 W/WindowManager(  715): 	at com.android.server.wm.WindowOrganizerController.onTransact(WindowOrganizerController.java:223)
07-06 00:01:07.645 W/WindowManager(  715): 	at android.os.Binder.execTransactInternal(Binder.java:1426)
07-06 00:01:07.645 W/WindowManager(  715): 	at android.os.Binder.execTransact(Binder.java:1365)
07-06 00:01:07.645 W/Process (  715): Unable to open /proc/22267/status
07-06 00:01:07.668 V/WindowManagerShell(  972): Playing animation for (#197) android.os.BinderProxy@c4869fc@0
07-06 00:01:07.669 V/ShellRecents(  972): RecentsTransitionHandler.startAnimation: no controller found
07-06 00:01:07.672 V/WindowManagerShell(  972): Transition doesn't have explicit remote, search filters for match for {id=197 t=OPEN f=0x0 trk=0 r=[0@Point(0, 0)] c=[{m=OPEN f=NONE leash=Surface(name=Task=207)/@0xa516639 sb=Rect(0, 0 - 1084, 2412) eb=Rect(0, 0 - 1084, 2412) epz=Point(1084, 2412) d=0 taskParent=-1},{m=TO_BACK f=SHOW_WALLPAPER leash=Surface(name=Task=1)/@0xae4147e sb=Rect(0, 0 - 1084, 2412) eb=Rect(0, 0 - 1084, 2412) epz=Point(1084, 2412) d=0 taskParent=-1},{m=TO_BACK f=IS_WALLPAPER leash=Surface(name=WallpaperWindowToken{d6cca47 showWhenLocked=false})/@0x8cf4ddf sb=Rect(0, 0 - 1084, 2412) eb=Rect(0, 0 - 1084, 2412) epz=Point(1084, 2412) d=0}]}
07-06 00:01:07.673 V/WindowManagerShell(  972):  Checking filter Pair{{types=[] flags=0x0] notFlags=0x0 checks=[{atype=undefined independent=true modes=[CLOSE,TO_BACK] flags=IN_TASK_WITH_EMBEDDED_ACTIVITY mustBeTask=false order=ANY topActivity=null launchCookie=null taskFragmentToken=android.os.BinderProxy@9757ff windowingMode=undefined}]} RemoteTransition { remoteTransition = android.window.IRemoteTransition$Stub$Proxy@b7a59cc, appThread = android.app.IApplicationThread$Stub$Proxy@a3c9415, debugName = overlayBackTransition }}
07-06 00:01:07.675 V/WindowManagerShell(  972):  Checking filter Pair{{types=[] flags=0x0] notFlags=0x0 checks=[{atype=dream independent=true modes=[OPEN,TO_FRONT] flags=NONE mustBeTask=false order=ANY topActivity=null launchCookie=null windowingMode=undefined},{atype=home independent=true modes=[CLOSE,TO_BACK] flags=NONE mustBeTask=false order=ANY topActivity=null launchCookie=null windowingMode=undefined}]} RemoteTransition { remoteTransition = android.window.IRemoteTransition$Stub$Proxy@e27a32a, appThread = android.app.IApplicationThread$Stub$Proxy@713751b, debugName = LauncherToDream }}
07-06 00:01:07.676 V/WindowManagerShell(  972):  Checking filter Pair{{types=[] flags=0x0] notFlags=0x100 checks=[{atype=home independent=true modes=[OPEN,TO_FRONT] flags=NONE mustBeTask=false order=TOP topActivity=ComponentInfo{com.google.android.apps.nexuslauncher/com.google.android.apps.nexuslauncher.NexusLauncherActivity} launchCookie=null windowingMode=undefined},{atype=standard independent=true modes=[CLOSE,TO_BACK] flags=NONE mustBeTask=false order=ANY topActivity=null launchCookie=null windowingMode=undefined},{NOT atype=undefined independent=true modes=[] flags=NONE mustBeTask=true order=ANY topActivity=null launchCookie=null customAnim=true windowingMode=undefined}]} RemoteTransition { remoteTransition = android.window.IRemoteTransition$Stub$Proxy@ed946b8, appThread = android.app.IApplicationThread$Stub$Proxy@5f5c91, debugName = QuickstepLaunchHome }}
07-06 00:01:07.690 V/WindowManagerShell(  972):  Delegate animation for (#197) to null
07-06 00:01:07.699 V/WindowManagerShell(  972): start default transition animation, info = {id=197 t=OPEN f=0x0 trk=0 r=[0@Point(0, 0)] c=[{m=OPEN f=NONE leash=Surface(name=Task=207)/@0xa516639 sb=Rect(0, 0 - 1084, 2412) eb=Rect(0, 0 - 1084, 2412) epz=Point(1084, 2412) d=0 taskParent=-1},{m=TO_BACK f=SHOW_WALLPAPER leash=Surface(name=Task=1)/@0xae4147e sb=Rect(0, 0 - 1084, 2412) eb=Rect(0, 0 - 1084, 2412) epz=Point(1084, 2412) d=0 taskParent=-1},{m=TO_BACK f=IS_WALLPAPER leash=Surface(name=WallpaperWindowToken{d6cca47 showWhenLocked=false})/@0x8cf4ddf sb=Rect(0, 0 - 1084, 2412) eb=Rect(0, 0 - 1084, 2412) epz=Point(1084, 2412) d=0}]}
07-06 00:01:07.701 V/WindowManagerShell(  972): loadAnimation: anim=android.view.animation.AnimationSet@904e8fb animAttr=0x13 type=OPEN isEntrance=false
07-06 00:01:07.704 I/ndroid.systemui(  972): NativeAlloc concurrent mark compact GC freed 5260KB AllocSpace bytes, 8(272KB) LOS objects, 49% free, 22MB/44MB, paused 1.636ms,5.208ms total 651.864ms
07-06 00:01:07.708 I/s.nexuslauncher( 1124): NativeAlloc concurrent mark compact GC freed 1447KB AllocSpace bytes, 10(456KB) LOS objects, 49% free, 8295KB/16MB, paused 17.830ms,8.171ms total 632.501ms
07-06 00:01:07.709 V/WindowManagerShell(  972): loadAnimation: anim=android.view.animation.AnimationSet@f2f19d7 animAttr=0x12 type=OPEN isEntrance=true
07-06 00:01:07.723 E/BpTransactionCompletedListener(  567): Failed to transact (-32)
07-06 00:01:07.725 V/WindowManagerShell(  972):  animated by com.android.wm.shell.transition.DefaultTransitionHandler@a9e94ad
07-06 00:01:07.726 W/Looper  (  972): Slow dispatch took 102ms wmshell.main app=com.android.systemui main=false group=TOP_APP h=android.os.Handler c=com.android.wm.shell.transition.RemoteTransitionHandler$1$$ExternalSyntheticLambda0@84650e2 m=0
07-06 00:01:07.726 W/Looper  (  972): Slow delivery took 95ms wmshell.main app=com.android.systemui main=false group=TOP_APP h=android.os.Handler c=com.android.wm.shell.pip.phone.PipController$$ExternalSyntheticLambda3@cc35964 m=0
07-06 00:01:07.731 W/Looper  (  972): Drained
07-06 00:01:07.752 D/RecentsView( 1124): onTaskRemoved: 206, not handling task stack changes
07-06 00:01:07.752 D/RecentsView( 1124): onTaskRemoved: 206, not handling task stack changes
07-06 00:01:07.775 D/nativeloader(22371): InitDefaultPublicLibraries for_preload=1: libandroid.so:libaaudio.so:libamidi.so:libbinder_ndk.so:libc.so:libcamera2ndk.so:libdl.so:libEGL.so:libGLESv1_CM.so:libGLESv2.so:libGLESv3.so:libicu.so:libicui18n.so:libicuuc.so:libjnigraphics.so:liblog.so:libmediandk.so:libm.so:libnativehelper.so:libnativewindow.so:libOpenMAXAL.so:libOpenSLES.so:libRS.so:libstdc++.so:libsync.so:libvulkan.so:libwebviewchromium_plat_support.so:libz.so
07-06 00:01:07.788 W/System  ( 1124): A resource failed to call release. 
07-06 00:01:07.788 W/System  ( 1124): A resource failed to call release. 
07-06 00:01:07.789 W/System  ( 1124): A resource failed to call release. 
07-06 00:01:07.792 W/System  ( 1124): A resource failed to call release. 
07-06 00:01:07.792 W/System  ( 1124): A resource failed to call release. 
07-06 00:01:07.793 W/System  ( 1124): A resource failed to call release. 
07-06 00:01:07.805 D/nativeloader(22371): Load libicu_jni.so using APEX ns com_android_art for caller /apex/com.android.art/javalib/core-oj.jar: ok
07-06 00:01:07.807 D/app_process(22371): u_setTimeZoneFilesDirectory("/apex/com.android.tzdata/etc/tz/versioned/9/icu") succeeded. 
07-06 00:01:07.817 D/app_process(22371): I18n APEX ICU file found: /apex/com.android.i18n/etc/icu/icudt76l.dat
07-06 00:01:07.820 D/nativeloader(22371): Load libjavacore.so using APEX ns com_android_art for caller /apex/com.android.art/javalib/core-oj.jar: ok
07-06 00:01:07.837 D/nativeloader(22371): Load libopenjdk.so using APEX ns com_android_art for caller /apex/com.android.art/javalib/core-oj.jar: ok
07-06 00:01:07.839 W/AccessibilityManagerService(  715):  wait for adding window timeout: 710
07-06 00:01:07.844 D/ScalingWorkspaceRevealAnim( 1124): alpha of workspace at the end of animation: 1.0
07-06 00:01:07.852 W/app_process(22371): Unexpected CPU variant for x86: x86_64.
07-06 00:01:07.852 W/app_process(22371): Known variants: atom, sandybridge, silvermont, goldmont, goldmont-plus, goldmont-without-sha-xsaves, tremont, kabylake, alderlake, default
07-06 00:01:07.864 W/app_process(22371): ClassLoaderContext shared library size mismatch. Expected=2, found=0 (PCL[]{PCL[/system/framework/android.test.base.jar*2789897741]#PCL[/system/framework/android.test.mock.jar*3361312393]} | PCL[])
07-06 00:01:07.867 W/app_process(22371): ClassLoaderContext classpath size mismatch. expected=0, found=1 (PCL[]{PCL[/system/framework/android.test.runner.jar*895143020]#PCL[/system/framework/android.test.base.jar*2789897741]} | PCL[/system/framework/android.test.runner.jar*895143020])
07-06 00:01:07.920 D/nativeloader(22371): Load libframework-connectivity-tiramisu-jni.so using APEX ns com_android_tethering for caller /apex/com.android.tethering/javalib/framework-connectivity-t.jar: ok
07-06 00:01:07.922 D/AndroidRuntime(22371): Calling main entry com.android.commands.uiautomator.Launcher
07-06 00:01:07.956 I/AconfigPackage(22371): android.media.swcodec.flags is mapped to com.android.media.swcodec
07-06 00:01:07.959 I/AconfigPackage(22371): com.google.android.settings.simplemode.flags is mapped to system_ext
07-06 00:01:07.959 I/AconfigPackage(22371): com.google.android.systemui is mapped to system_ext
07-06 00:01:07.959 I/AconfigPackage(22371): com.google.android.apps.nexuslauncher is mapped to system_ext
07-06 00:01:07.959 I/AconfigPackage(22371): com.android.settings.accessibility is mapped to system_ext
07-06 00:01:07.959 I/AconfigPackage(22371): com.android.settings.flags is mapped to system_ext
07-06 00:01:07.960 I/AconfigPackage(22371): com.google.android.apps.miphone.aiai.matchmaker.overview.ui is mapped to system_ext
07-06 00:01:07.960 I/AconfigPackage(22371): com.google.android.settings.flags is mapped to system_ext
07-06 00:01:07.960 I/AconfigPackage(22371): com.android.launcher3 is mapped to system_ext
07-06 00:01:07.960 I/AconfigPackage(22371): com.android.wallpaper is mapped to system_ext
07-06 00:01:07.960 I/AconfigPackage(22371): com.android.settings.media_drm is mapped to system_ext
07-06 00:01:07.960 I/AconfigPackage(22371): com.android.systemui.accessibility.accessibilitymenu is mapped to system_ext
07-06 00:01:07.960 I/AconfigPackage(22371): com.android.settings.keyboard is mapped to system_ext
07-06 00:01:07.960 I/AconfigPackage(22371): com.android.server.policy.feature.flags is mapped to system_ext
07-06 00:01:07.960 I/AconfigPackage(22371): com.android.settings.factory_reset is mapped to system_ext
07-06 00:01:07.961 I/AconfigPackage(22371): com.google.android.haptics.flags is mapped to system_ext
07-06 00:01:07.965 I/AconfigPackage(22371): com.android.permission.flags is mapped to com.android.permission
07-06 00:01:07.966 I/AconfigPackage(22371): com.android.icu is mapped to com.android.i18n
07-06 00:01:07.966 I/AconfigPackage(22371): com.android.appsearch.flags is mapped to com.android.appsearch
07-06 00:01:07.967 I/AconfigPackage(22371): android.uprobestats.mainline.flags is mapped to com.android.uprobestats
07-06 00:01:07.967 I/AconfigPackage(22371): android.provider.flags is mapped to com.android.configinfrastructure
07-06 00:01:07.968 I/AconfigPackage(22371): com.android.server.deviceconfig is mapped to com.android.configinfrastructure
07-06 00:01:07.968 I/AconfigPackage(22371): com.android.nfc.flags is mapped to system
07-06 00:01:07.968 I/AconfigPackage(22371): android.app.admin.flags is mapped to system
07-06 00:01:07.968 I/AconfigPackage(22371): android.database.sqlite is mapped to system
07-06 00:01:07.968 I/AconfigPackage(22371): com.android.providers.calendar is mapped to system
07-06 00:01:07.968 D/nativeloader(22370): Configuring clns-9 for other apk /data/app/~~Fl5F1LsE_v39Or_Zo7C-QQ==/com.huiyi.mockchat-DnhKqqzO2ScSL_g4XCgczg==/base.apk. target_sdk_version=35, uses_libraries=, library_path=/data/app/~~Fl5F1LsE_v39Or_Zo7C-QQ==/com.huiyi.mockchat-DnhKqqzO2ScSL_g4XCgczg==/lib/x86_64:/data/app/~~Fl5F1LsE_v39Or_Zo7C-QQ==/com.huiyi.mockchat-DnhKqqzO2ScSL_g4XCgczg==/base.apk!/lib/x86_64, permitted_path=/data:/mnt/expand:/data/user/0/com.huiyi.mockchat
07-06 00:01:07.969 I/AconfigPackage(22371): com.android.server.power.feature.flags is mapped to system
07-06 00:01:07.969 I/AconfigPackage(22371): com.android.media.performance.flags is mapped to system
07-06 00:01:07.969 I/AconfigPackage(22371): android.app.contextualsearch.flags is mapped to system
07-06 00:01:07.969 I/AconfigPackage(22371): android.app.ondeviceintelligence.flags is mapped to system
07-06 00:01:07.969 I/AconfigPackage(22371): com.android.media.projection.flags is mapped to system
07-06 00:01:07.969 I/AconfigPackage(22371): android.companion is mapped to system
07-06 00:01:07.969 I/AconfigPackage(22371): android.service.controls.flags is mapped to system
07-06 00:01:07.969 I/AconfigPackage(22371): com.android.text.flags is mapped to system
07-06 00:01:07.970 I/AconfigPackage(22371): com.android.providers.contactkeys.flags is mapped to system
07-06 00:01:07.970 I/AconfigPackage(22371): com.android.intentresolver is mapped to system
07-06 00:01:07.970 I/AconfigPackage(22371): android.companion.virtualdevice.flags is mapped to system
07-06 00:01:07.970 I/AconfigPackage(22371): android.uprobestats.flags is mapped to system
07-06 00:01:07.970 I/AconfigPackage(22371): com.android.net.thread.platform.flags is mapped to system
07-06 00:01:07.970 I/AconfigPackage(22371): android.view.contentprotection.flags is mapped to system
07-06 00:01:07.971 I/AconfigPackage(22371): com.android.server.dreams is mapped to system
07-06 00:01:07.971 I/AconfigPackage(22371): com.android.graphics.surfaceflinger.flags is mapped to system
07-06 00:01:07.972 I/AconfigPackage(22371): com.android.hardware.input is mapped to system
07-06 00:01:07.972 I/AconfigPackage(22371): android.sdk is mapped to system
07-06 00:01:07.972 I/AconfigPackage(22371): com.android.input.flags is mapped to system
07-06 00:01:07.972 I/AconfigPackage(22371): android.tracing is mapped to system
07-06 00:01:07.972 I/AconfigPackage(22371): com.android.server.biometrics is mapped to system
07-06 00:01:07.973 I/AconfigPackage(22371): android.view.contentcapture.flags is mapped to system
07-06 00:01:07.973 I/AconfigPackage(22371): android.app.job is mapped to system
07-06 00:01:07.973 I/AconfigPackage(22371): android.content.res is mapped to system
07-06 00:01:07.974 I/AconfigPackage(22371): android.net.platform.flags is mapped to system
07-06 00:01:07.974 I/AconfigPackage(22371): com.android.aconfig.flags is mapped to system
07-06 00:01:07.974 I/AconfigPackage(22371): com.android.graphics.flags is mapped to system
07-06 00:01:07.975 I/AconfigPackage(22371): android.server.app is mapped to system
07-06 00:01:07.975 I/AconfigPackage(22371): android.speech.flags is mapped to system
07-06 00:01:07.975 I/AconfigPackage(22371): com.android.server.stats is mapped to system
07-06 00:01:07.975 I/AconfigPackage(22371): android.hardware.biometrics is mapped to system
07-06 00:01:07.975 I/AconfigPackage(22371): android.car.feature is mapped to system
07-06 00:01:07.975 I/AconfigPackage(22371): android.adpf is mapped to system
07-06 00:01:07.975 I/AconfigPackage(22371): android.location.flags is mapped to system
07-06 00:01:07.975 I/AconfigPackage(22371): com.android.settingslib.flags is mapped to system
07-06 00:01:07.975 I/AconfigPackage(22371): com.android.managedprovisioning.flags is mapped to system
07-06 00:01:07.976 I/AconfigPackage(22371): android.app.assist.flags is mapped to system
07-06 00:01:07.976 I/AconfigPackage(22371): com.android.server.net is mapped to system
07-06 00:01:07.976 I/AconfigPackage(22371): com.android.settingslib.widget.flags is mapped to system
07-06 00:01:07.976 I/AconfigPackage(22371): com.android.internal.camera.flags is mapped to system
07-06 00:01:07.976 I/AconfigPackage(22371): com.android.hardware.libsensor.flags is mapped to system
07-06 00:01:07.976 I/AconfigPackage(22371): com.android.internal.jank is mapped to system
07-06 00:01:07.976 I/AconfigPackage(22371): com.android.providers.settings is mapped to system
07-06 00:01:07.976 I/AconfigPackage(22371): android.multiuser is mapped to system
07-06 00:01:07.976 I/AconfigPackage(22371): com.android.server.power.optimization is mapped to system
07-06 00:01:07.976 I/AconfigPackage(22371): com.android.calllogbackup is mapped to system
07-06 00:01:07.977 I/AconfigPackage(22371): com.android.media.flags is mapped to system
07-06 00:01:07.977 I/AconfigPackage(22371): com.android.server.flags is mapped to system
07-06 00:01:07.977 I/AconfigPackage(22371): com.android.graphics.libvulkan.flags is mapped to system
07-06 00:01:07.977 I/AconfigPackage(22371): android.app.appfunctions.flags is mapped to system
07-06 00:01:07.977 I/AconfigPackage(22371): android.app.smartspace.flags is mapped to system
07-06 00:01:07.978 I/AconfigPackage(22371): com.android.providers.contacts.flags is mapped to system
07-06 00:01:07.978 I/AconfigPackage(22371): com.android.shell.flags is mapped to system
07-06 00:01:07.978 I/AconfigPackage(22371): com.android.media.aaudio is mapped to system
07-06 00:01:07.978 D/CompatChangeReporter(22370): Compat change id reported: 202956589; UID 10217; state: ENABLED
07-06 00:01:07.978 I/AconfigPackage(22371): android.hardware.radio is mapped to system
07-06 00:01:07.978 I/AconfigPackage(22371): com.google.wear.services.infra.flags is mapped to system
07-06 00:01:07.978 I/AconfigPackage(22371): suspend_service.flags is mapped to system
07-06 00:01:07.978 I/AconfigPackage(22371): android.media.midi is mapped to system
07-06 00:01:07.978 I/AconfigPackage(22371): com.android.libcore.readonly is mapped to system
07-06 00:01:07.978 I/AconfigPackage(22371): com.android.settingslib.widget.selectorwithwidgetpreference.flags is mapped to system
07-06 00:01:07.978 I/AconfigPackage(22371): android.service.notification is mapped to system
07-06 00:01:07.980 I/AconfigPackage(22371): com.android.systemui.shared is mapped to system
07-06 00:01:07.980 I/AconfigPackage(22371): android.app.jank is mapped to system
07-06 00:01:07.981 I/AconfigPackage(22371): android.app.wearable is mapped to system
07-06 00:01:07.981 I/AconfigPackage(22371): com.android.media.audio is mapped to system
07-06 00:01:07.981 I/AconfigPackage(22371): android.service.chooser is mapped to system
07-06 00:01:07.981 I/AconfigPackage(22371): com.android.server.compat is mapped to system
07-06 00:01:07.981 I/AconfigPackage(22371): com.android.server.alarm is mapped to system
07-06 00:01:07.981 I/AconfigPackage(22371): com.android.apex.flags is mapped to system
07-06 00:01:07.982 I/AconfigPackage(22371): android.service.quickaccesswallet is mapped to system
07-06 00:01:07.983 I/AconfigPackage(22371): android.app.usage is mapped to system
07-06 00:01:07.983 I/AconfigPackage(22371): com.android.server.accessibility is mapped to system
07-06 00:01:07.983 I/AconfigPackage(22371): android.app.supervision.flags is mapped to system
07-06 00:01:07.983 I/AconfigPackage(22371): com.android.server.utils is mapped to system
07-06 00:01:07.983 I/AconfigPackage(22371): android.chre.flags is mapped to system
07-06 00:01:07.983 I/AconfigPackage(22371): android.content.flags is mapped to system
07-06 00:01:07.983 I/AconfigPackage(22371): android.media.codec is mapped to system
07-06 00:01:07.983 I/AconfigPackage(22371): com.android.internal.os is mapped to system
07-06 00:01:07.983 I/AconfigPackage(22371): com.android.nfc.nci.flags is mapped to system
07-06 00:01:07.984 I/AconfigPackage(22371): android.app is mapped to system
07-06 00:01:07.984 I/AconfigPackage(22371): android.security.keystore2 is mapped to system
07-06 00:01:07.984 I/AconfigPackage(22371): android.crashrecovery.flags is mapped to system
07-06 00:01:07.984 I/AconfigPackage(22371): com.android.tradeinmode.flags is mapped to system
07-06 00:01:07.984 I/AconfigPackage(22371): android.hardware.flags is mapped to system
07-06 00:01:07.984 I/AconfigPackage(22371): com.android.server.telecom.flags is mapped to system
07-06 00:01:07.984 I/AconfigPackage(22371): com.android.settingslib.media.flags is mapped to system
07-06 00:01:07.984 I/AconfigPackage(22371): com.android.server.policy is mapped to system
07-06 00:01:07.985 I/AconfigPackage(22371): android.media.audiopolicy is mapped to system
07-06 00:01:07.985 I/AconfigPackage(22371): com.android.egg.flags is mapped to system
07-06 00:01:07.985 I/AconfigPackage(22371): com.android.internal.compat.flags is mapped to system
07-06 00:01:07.985 I/AconfigPackage(22371): android.security is mapped to system
07-06 00:01:07.985 I/AconfigPackage(22371): android.service.autofill is mapped to system
07-06 00:01:07.985 I/AconfigPackage(22371): com.example.android.aconfig.demo.flags is mapped to system
07-06 00:01:07.987 I/AconfigPackage(22371): android.view.flags is mapped to system
07-06 00:01:07.987 I/AconfigPackage(22371): android.companion.virtual.flags is mapped to system
07-06 00:01:07.987 I/AconfigPackage(22371): com.android.aconfig_new_storage is mapped to system
07-06 00:01:07.988 I/AconfigPackage(22371): com.android.server.feature.flags is mapped to system
07-06 00:01:07.988 I/AconfigPackage(22371): com.android.systemui is mapped to system
07-06 00:01:07.988 I/AconfigPackage(22371): com.android.server.power.batterysaver is mapped to system
07-06 00:01:07.988 I/AconfigPackage(22371): android.widget.flags is mapped to system
07-06 00:01:07.988 I/AconfigPackage(22371): com.android.media.editing.flags is mapped to system
07-06 00:01:07.988 I/AconfigPackage(22371): com.android.media.codec.flags is mapped to system
07-06 00:01:07.989 I/AconfigPackage(22371): com.android.server.powerstats is mapped to system
07-06 00:01:07.989 I/AconfigPackage(22371): com.android.graphics.egl.flags is mapped to system
07-06 00:01:07.990 I/AconfigPackage(22371): com.android.media.audioserver is mapped to system
07-06 00:01:07.990 I/AconfigPackage(22371): com.android.server.deviceidle is mapped to system
07-06 00:01:07.990 I/AconfigPackage(22371): android.nfc is mapped to system
07-06 00:01:07.990 I/AconfigPackage(22371): android.permission.flags is mapped to system
07-06 00:01:07.990 I/.huiyi.mockchat(22370): AssetManager2(0x79075aad2fd8) locale list changing from [] to [en-US]
07-06 00:01:07.990 I/AconfigPackage(22371): android.service.voice.flags is mapped to system
07-06 00:01:07.990 I/AconfigPackage(22371): android.content.pm is mapped to system
07-06 00:01:07.991 I/AconfigPackage(22371): com.android.server.power.hint is mapped to system
07-06 00:01:07.992 I/AconfigPackage(22371): android.os is mapped to system
07-06 00:01:07.992 I/AconfigPackage(22371): android.service.dreams is mapped to system
07-06 00:01:07.992 I/AconfigPackage(22371): com.android.graphics.libgui.flags is mapped to system
07-06 00:01:07.992 I/AconfigPackage(22371): android.hardware.usb.flags is mapped to system
07-06 00:01:07.992 I/AconfigPackage(22371): android.provider is mapped to system
07-06 00:01:07.992 I/AconfigPackage(22371): com.android.server.job is mapped to system
07-06 00:01:07.992 I/AconfigPackage(22371): com.android.internal.foldables.flags is mapped to system
07-06 00:01:07.992 I/AconfigPackage(22371): com.android.internal.telephony.flags is mapped to system
07-06 00:01:07.992 I/AconfigPackage(22371): android.webkit is mapped to system
07-06 00:01:07.992 I/AconfigPackage(22371): android.credentials.flags is mapped to system
07-06 00:01:07.993 I/AconfigPackage(22371): com.android.server.display.feature.flags is mapped to system
07-06 00:01:07.993 I/AconfigPackage(22371): com.android.server.notification is mapped to system
07-06 00:01:07.995 I/AconfigPackage(22371): android.appwidget.flags is mapped to system
07-06 00:01:07.995 I/AconfigPackage(22371): com.android.frameworks.sensorservice.flags is mapped to system
07-06 00:01:07.995 I/AconfigPackage(22371): com.android.printspooler.flags is mapped to system
07-06 00:01:07.995 I/AconfigPackage(22371): com.android.window.flags is mapped to system
07-06 00:01:07.995 I/AconfigPackage(22371): android.adaptiveauth is mapped to system
07-06 00:01:07.995 I/AconfigPackage(22371): android.net.wifi.flags is mapped to system
07-06 00:01:07.995 I/AconfigPackage(22371): android.media.tv.flags is mapped to system
07-06 00:01:07.995 I/AconfigPackage(22371): com.android.server.usb.flags is mapped to system
07-06 00:01:07.996 I/AconfigPackage(22371): android.os.vibrator is mapped to system
07-06 00:01:07.996 I/AconfigPackage(22371): android.hardware.devicestate.feature.flags is mapped to system
07-06 00:01:07.996 I/AconfigPackage(22371): com.android.server.usage is mapped to system
07-06 00:01:07.996 I/AconfigPackage(22371): android.server is mapped to system
07-06 00:01:07.996 I/AconfigPackage(22371): com.android.wm.shell is mapped to system
07-06 00:01:07.996 I/AconfigPackage(22371): android.view.inputmethod is mapped to system
07-06 00:01:07.996 I/AconfigPackage(22371): com.android.graphics.hwui.flags is mapped to system
07-06 00:01:07.997 I/AconfigPackage(22371): com.android.server.backup is mapped to system
07-06 00:01:07.997 I/AconfigPackage(22371): com.android.internal.pm.pkg.component.flags is mapped to system
07-06 00:01:07.997 I/AconfigPackage(22371): android.view.accessibility is mapped to system
07-06 00:01:07.997 I/AconfigPackage(22371): com.google.wear.sdk is mapped to system
07-06 00:01:07.997 I/AconfigPackage(22371): android.media.audio is mapped to system
07-06 00:01:07.998 I/AconfigPackage(22371): com.android.server.am is mapped to system
07-06 00:01:07.998 I/AconfigPackage(22371): com.android.media.playback.flags is mapped to system
