07-06 03:14:26.668 I/AconfigPackage( 1614): com.android.media.performance.flags is mapped to system
07-06 03:14:26.668 I/AconfigPackage( 1614): android.app.contextualsearch.flags is mapped to system
07-06 03:14:26.668 I/AconfigPackage( 1614): android.app.ondeviceintelligence.flags is mapped to system
07-06 03:14:26.668 I/AconfigPackage( 1614): com.android.media.projection.flags is mapped to system
07-06 03:14:26.668 I/AconfigPackage( 1614): android.companion is mapped to system
07-06 03:14:26.669 I/AconfigPackage( 1614): android.service.controls.flags is mapped to system
07-06 03:14:26.669 I/AconfigPackage( 1614): com.android.text.flags is mapped to system
07-06 03:14:26.669 I/AconfigPackage( 1614): com.android.providers.contactkeys.flags is mapped to system
07-06 03:14:26.669 I/AconfigPackage( 1614): com.android.intentresolver is mapped to system
07-06 03:14:26.669 I/AconfigPackage( 1614): android.companion.virtualdevice.flags is mapped to system
07-06 03:14:26.671 I/AconfigPackage( 1614): android.uprobestats.flags is mapped to system
07-06 03:14:26.671 I/AconfigPackage( 1614): com.android.net.thread.platform.flags is mapped to system
07-06 03:14:26.671 I/AconfigPackage( 1614): android.view.contentprotection.flags is mapped to system
07-06 03:14:26.671 I/AconfigPackage( 1614): com.android.server.dreams is mapped to system
07-06 03:14:26.671 I/AconfigPackage( 1614): com.android.graphics.surfaceflinger.flags is mapped to system
07-06 03:14:26.671 I/AconfigPackage( 1614): com.android.hardware.input is mapped to system
07-06 03:14:26.671 I/AconfigPackage( 1614): android.sdk is mapped to system
07-06 03:14:26.671 I/AconfigPackage( 1614): com.android.input.flags is mapped to system
07-06 03:14:26.672 I/AconfigPackage( 1614): android.tracing is mapped to system
07-06 03:14:26.673 I/AconfigPackage( 1614): com.android.server.biometrics is mapped to system
07-06 03:14:26.673 I/AconfigPackage( 1614): android.view.contentcapture.flags is mapped to system
07-06 03:14:26.673 D/ScalingWorkspaceRevealAnim( 1124): alpha of workspace at the end of animation: 1.0
07-06 03:14:26.673 I/AconfigPackage( 1614): android.app.job is mapped to system
07-06 03:14:26.674 I/AconfigPackage( 1614): android.content.res is mapped to system
07-06 03:14:26.674 I/AconfigPackage( 1614): android.net.platform.flags is mapped to system
07-06 03:14:26.675 I/AconfigPackage( 1614): com.android.aconfig.flags is mapped to system
07-06 03:14:26.675 I/AconfigPackage( 1614): com.android.graphics.flags is mapped to system
07-06 03:14:26.675 I/AconfigPackage( 1614): android.server.app is mapped to system
07-06 03:14:26.675 I/AconfigPackage( 1614): android.speech.flags is mapped to system
07-06 03:14:26.675 I/AconfigPackage( 1614): com.android.server.stats is mapped to system
07-06 03:14:26.675 I/AconfigPackage( 1614): android.hardware.biometrics is mapped to system
07-06 03:14:26.675 I/AconfigPackage( 1614): android.car.feature is mapped to system
07-06 03:14:26.675 I/AconfigPackage( 1614): android.adpf is mapped to system
07-06 03:14:26.676 I/AconfigPackage( 1614): android.location.flags is mapped to system
07-06 03:14:26.676 I/AconfigPackage( 1614): com.android.settingslib.flags is mapped to system
07-06 03:14:26.676 I/AconfigPackage( 1614): com.android.managedprovisioning.flags is mapped to system
07-06 03:14:26.676 I/AconfigPackage( 1614): android.app.assist.flags is mapped to system
07-06 03:14:26.676 I/AconfigPackage( 1614): com.android.server.net is mapped to system
07-06 03:14:26.676 I/AconfigPackage( 1614): com.android.settingslib.widget.flags is mapped to system
07-06 03:14:26.676 I/AconfigPackage( 1614): com.android.internal.camera.flags is mapped to system
07-06 03:14:26.676 I/AconfigPackage( 1614): com.android.hardware.libsensor.flags is mapped to system
07-06 03:14:26.677 I/AconfigPackage( 1614): com.android.internal.jank is mapped to system
07-06 03:14:26.677 I/AconfigPackage( 1614): com.android.providers.settings is mapped to system
07-06 03:14:26.677 I/AconfigPackage( 1614): android.multiuser is mapped to system
07-06 03:14:26.677 I/AconfigPackage( 1614): com.android.server.power.optimization is mapped to system
07-06 03:14:26.681 I/AconfigPackage( 1614): com.android.calllogbackup is mapped to system
07-06 03:14:26.681 I/AconfigPackage( 1614): com.android.media.flags is mapped to system
07-06 03:14:26.681 I/AconfigPackage( 1614): com.android.server.flags is mapped to system
07-06 03:14:26.681 I/AconfigPackage( 1614): com.android.graphics.libvulkan.flags is mapped to system
07-06 03:14:26.681 I/AconfigPackage( 1614): android.app.appfunctions.flags is mapped to system
07-06 03:14:26.681 I/AconfigPackage( 1614): android.app.smartspace.flags is mapped to system
07-06 03:14:26.681 I/AconfigPackage( 1614): com.android.providers.contacts.flags is mapped to system
07-06 03:14:26.682 I/AconfigPackage( 1614): com.android.shell.flags is mapped to system
07-06 03:14:26.682 I/AconfigPackage( 1614): com.android.media.aaudio is mapped to system
07-06 03:14:26.682 I/AconfigPackage( 1614): android.hardware.radio is mapped to system
07-06 03:14:26.682 I/AconfigPackage( 1614): com.google.wear.services.infra.flags is mapped to system
07-06 03:14:26.683 I/AconfigPackage( 1614): suspend_service.flags is mapped to system
07-06 03:14:26.683 I/AconfigPackage( 1614): android.media.midi is mapped to system
07-06 03:14:26.683 I/AconfigPackage( 1614): com.android.libcore.readonly is mapped to system
07-06 03:14:26.683 I/AconfigPackage( 1614): com.android.settingslib.widget.selectorwithwidgetpreference.flags is mapped to system
07-06 03:14:26.683 I/AconfigPackage( 1614): android.service.notification is mapped to system
07-06 03:14:26.683 I/AconfigPackage( 1614): com.android.systemui.shared is mapped to system
07-06 03:14:26.684 D/WifiClientModeImpl[27601:wlan0](  715): updateLinkLayerStatsRssiSpeedFrequencyCapabilities rssi=-50 TxLinkspeed=11 freq=2447 RxLinkSpeed=2
07-06 03:14:26.684 D/WifiDataStall(  715): tx tput in kbps: 11000
07-06 03:14:26.684 D/WifiDataStall(  715): rx tput in kbps: 11000
07-06 03:14:26.684 V/WifiConfigManager(  715): Updating scan detail cache freq=2447 BSSID=00:13:10:85:fe:01 RSSI=-50 for "AndroidWifi"NONE
07-06 03:14:26.684 D/WifiThroughputPredictor(  715):  utilization (LLS) 80 isBluetoothConnected: false final utilization: 80
07-06 03:14:26.685 D/WifiThroughputPredictor(  715):  BW: 0 RSSI: -50 Nss: 1 Mode: 1 symDur: 4000 snrDb 30 bitPerTone: 4500 rate: 54 throughput: 11
07-06 03:14:26.685 D/WifiThroughputPredictor(  715):  utilization (LLS) 80 isBluetoothConnected: false final utilization: 80
07-06 03:14:26.683 I/AconfigPackage( 1614): android.app.jank is mapped to system
07-06 03:14:26.687 I/AconfigPackage( 1614): android.app.wearable is mapped to system
07-06 03:14:26.688 I/AconfigPackage( 1614): com.android.media.audio is mapped to system
07-06 03:14:26.688 I/AconfigPackage( 1614): android.service.chooser is mapped to system
07-06 03:14:26.688 I/AconfigPackage( 1614): com.android.server.compat is mapped to system
07-06 03:14:26.688 I/AconfigPackage( 1614): com.android.server.alarm is mapped to system
07-06 03:14:26.688 I/AconfigPackage( 1614): com.android.apex.flags is mapped to system
07-06 03:14:26.688 I/AconfigPackage( 1614): android.service.quickaccesswallet is mapped to system
07-06 03:14:26.688 I/AconfigPackage( 1614): android.app.usage is mapped to system
07-06 03:14:26.688 I/AconfigPackage( 1614): com.android.server.accessibility is mapped to system
07-06 03:14:26.690 D/WifiThroughputPredictor(  715):  BW: 0 RSSI: -50 Nss: 1 Mode: 1 symDur: 4000 snrDb 30 bitPerTone: 4500 rate: 54 throughput: 11
07-06 03:14:26.690 D/WifiThroughputPredictor(  715):  utilization (LLS) 80 isBluetoothConnected: false final utilization: 80
07-06 03:14:26.690 D/WifiThroughputPredictor(  715):  BW: 0 RSSI: -50 Nss: 1 Mode: 1 symDur: 4000 snrDb 30 bitPerTone: 4500 rate: 54 throughput: 11
07-06 03:14:26.690 I/AconfigPackage( 1614): android.app.supervision.flags is mapped to system
07-06 03:14:26.690 I/AconfigPackage( 1614): com.android.server.utils is mapped to system
07-06 03:14:26.690 D/WifiThroughputPredictor(  715):  utilization (LLS) 80 isBluetoothConnected: false final utilization: 80
07-06 03:14:26.690 I/AconfigPackage( 1614): android.chre.flags is mapped to system
07-06 03:14:26.690 I/AconfigPackage( 1614): android.content.flags is mapped to system
07-06 03:14:26.691 I/AconfigPackage( 1614): android.media.codec is mapped to system
07-06 03:14:26.691 D/WifiThroughputPredictor(  715):  BW: 0 RSSI: -50 Nss: 1 Mode: 1 symDur: 4000 snrDb 30 bitPerTone: 4500 rate: 54 throughput: 11
07-06 03:14:26.691 I/AconfigPackage( 1614): com.android.internal.os is mapped to system
07-06 03:14:26.691 I/AconfigPackage( 1614): com.android.nfc.nci.flags is mapped to system
07-06 03:14:26.691 I/AconfigPackage( 1614): android.app is mapped to system
07-06 03:14:26.691 I/AconfigPackage( 1614): android.security.keystore2 is mapped to system
07-06 03:14:26.692 I/AconfigPackage( 1614): android.crashrecovery.flags is mapped to system
07-06 03:14:26.692 I/AconfigPackage( 1614): com.android.tradeinmode.flags is mapped to system
07-06 03:14:26.693 I/AconfigPackage( 1614): android.hardware.flags is mapped to system
07-06 03:14:26.693 I/AconfigPackage( 1614): com.android.server.telecom.flags is mapped to system
07-06 03:14:26.693 I/AconfigPackage( 1614): com.android.settingslib.media.flags is mapped to system
07-06 03:14:26.693 I/AconfigPackage( 1614): com.android.server.policy is mapped to system
07-06 03:14:26.695 D/WifiScoreCard(  715): BSSID update SIGNAL_POLL ID: 1559335064 SSID: "AndroidWifi", BSSID: 00:13:10:85:fe:01, MAC: 02:15:b2:00:00:00, IP: /10.0.2.16, Security type: 0, Supplicant state: COMPLETED, Wi-Fi standard: legacy, RSSI: -50, Link speed: 11Mbps, Tx Link speed: 11Mbps, Max Supported Tx Link speed: 11Mbps, Rx Link speed: 2Mbps, Max Supported Rx Link speed: 11Mbps, Frequency: 2447MHz, Net ID: 0, Metered hint: false, score: 60, isUsable: true, CarrierMerged: false, SubscriptionId: -1, IsPrimary: 1, Trusted: true, Restricted: false, Ephemeral: false, OEM paid: false, OEM private: false, OSU AP: false, FQDN: <none>, Provider friendly name: <none>, Requesting package name: <none>"AndroidWifi"openMLO Information: , Is TID-To-Link negotiation supported by the AP: false, AP MLD Address: <none>, AP MLO Link Id: <none>, AP MLO Affiliated links: <none>, Vendor Data: <none>
07-06 03:14:26.696 I/AconfigPackage( 1614): android.media.audiopolicy is mapped to system
07-06 03:14:26.696 I/AconfigPackage( 1614): com.android.egg.flags is mapped to system
07-06 03:14:26.696 I/AconfigPackage( 1614): com.android.internal.compat.flags is mapped to system
07-06 03:14:26.696 I/AconfigPackage( 1614): android.security is mapped to system
07-06 03:14:26.696 I/AconfigPackage( 1614): android.service.autofill is mapped to system
07-06 03:14:26.696 I/AconfigPackage( 1614): com.example.android.aconfig.demo.flags is mapped to system
07-06 03:14:26.697 I/AconfigPackage( 1614): android.view.flags is mapped to system
07-06 03:14:26.698 I/AconfigPackage( 1614): android.companion.virtual.flags is mapped to system
07-06 03:14:26.698 I/AconfigPackage( 1614): com.android.aconfig_new_storage is mapped to system
07-06 03:14:26.698 I/AconfigPackage( 1614): com.android.server.feature.flags is mapped to system
07-06 03:14:26.699 I/AconfigPackage( 1614): com.android.systemui is mapped to system
07-06 03:14:26.699 I/AconfigPackage( 1614): com.android.server.power.batterysaver is mapped to system
07-06 03:14:26.699 I/AconfigPackage( 1614): android.widget.flags is mapped to system
07-06 03:14:26.699 I/AconfigPackage( 1614): com.android.media.editing.flags is mapped to system
07-06 03:14:26.699 I/AconfigPackage( 1614): com.android.media.codec.flags is mapped to system
07-06 03:14:26.699 I/AconfigPackage( 1614): com.android.server.powerstats is mapped to system
07-06 03:14:26.699 I/AconfigPackage( 1614): com.android.graphics.egl.flags is mapped to system
07-06 03:14:26.700 I/AconfigPackage( 1614): com.android.media.audioserver is mapped to system
07-06 03:14:26.700 I/AconfigPackage( 1614): com.android.server.deviceidle is mapped to system
07-06 03:14:26.700 I/AconfigPackage( 1614): android.nfc is mapped to system
07-06 03:14:26.700 I/AconfigPackage( 1614): android.permission.flags is mapped to system
07-06 03:14:26.700 I/AconfigPackage( 1614): android.service.voice.flags is mapped to system
07-06 03:14:26.700 I/AconfigPackage( 1614): android.content.pm is mapped to system
07-06 03:14:26.707 D/WifiScoreCard(  715): txRate: 2 txSpeed: 11
07-06 03:14:26.707 D/WifiScoreCard(  715): network update SIGNAL_POLL "AndroidWifi" ID: 1201260005 RSSI -50 txSpeed -1
07-06 03:14:26.707 I/AconfigPackage( 1614): com.android.server.power.hint is mapped to system
07-06 03:14:26.707 I/AconfigPackage( 1614): android.os is mapped to system
07-06 03:14:26.707 D/WifiClientModeImpl[27601:wlan0](  715):  ClientModeImpl$L2ConnectedState screen=on 1 0 "AndroidWifi" 00:13:10:85:fe:01 rssi=-50 f=2447 sc=60 link=11 tx=1.5, 0.0, 0.0 rx=1.5 bcn=0 [on:0 tx:0 rx:0 period:3035] from screen [on:0 period:896238867] score=60
07-06 03:14:26.707 I/AconfigPackage( 1614): android.service.dreams is mapped to system
07-06 03:14:26.707 I/AconfigPackage( 1614): com.android.graphics.libgui.flags is mapped to system
07-06 03:14:26.708 I/AconfigPackage( 1614): android.hardware.usb.flags is mapped to system
07-06 03:14:26.708 I/AconfigPackage( 1614): android.provider is mapped to system
07-06 03:14:26.708 I/AconfigPackage( 1614): com.android.server.job is mapped to system
07-06 03:14:26.708 I/AconfigPackage( 1614): com.android.internal.foldables.flags is mapped to system
07-06 03:14:26.709 I/AconfigPackage( 1614): com.android.internal.telephony.flags is mapped to system
07-06 03:14:26.709 I/AconfigPackage( 1614): android.webkit is mapped to system
07-06 03:14:26.709 I/AconfigPackage( 1614): android.credentials.flags is mapped to system
07-06 03:14:26.709 I/AconfigPackage( 1614): com.android.server.display.feature.flags is mapped to system
07-06 03:14:26.709 I/AconfigPackage( 1614): com.android.server.notification is mapped to system
07-06 03:14:26.709 I/AconfigPackage( 1614): android.appwidget.flags is mapped to system
07-06 03:14:26.709 I/AconfigPackage( 1614): com.android.frameworks.sensorservice.flags is mapped to system
07-06 03:14:26.709 I/AconfigPackage( 1614): com.android.printspooler.flags is mapped to system
07-06 03:14:26.714 I/AconfigPackage( 1614): com.android.window.flags is mapped to system
07-06 03:14:26.714 I/AconfigPackage( 1614): android.adaptiveauth is mapped to system
07-06 03:14:26.714 I/AconfigPackage( 1614): android.net.wifi.flags is mapped to system
07-06 03:14:26.714 I/AconfigPackage( 1614): android.media.tv.flags is mapped to system
07-06 03:14:26.714 I/AconfigPackage( 1614): com.android.server.usb.flags is mapped to system
07-06 03:14:26.714 I/AconfigPackage( 1614): android.os.vibrator is mapped to system
07-06 03:14:26.715 I/AconfigPackage( 1614): android.hardware.devicestate.feature.flags is mapped to system
07-06 03:14:26.715 I/AconfigPackage( 1614): com.android.server.usage is mapped to system
07-06 03:14:26.715 I/AconfigPackage( 1614): android.server is mapped to system
07-06 03:14:26.715 I/AconfigPackage( 1614): com.android.wm.shell is mapped to system
07-06 03:14:26.716 I/AconfigPackage( 1614): android.view.inputmethod is mapped to system
07-06 03:14:26.716 I/AconfigPackage( 1614): com.android.graphics.hwui.flags is mapped to system
07-06 03:14:26.716 I/AconfigPackage( 1614): com.android.server.backup is mapped to system
07-06 03:14:26.716 I/AconfigPackage( 1614): com.android.internal.pm.pkg.component.flags is mapped to system
07-06 03:14:26.716 I/AconfigPackage( 1614): android.view.accessibility is mapped to system
07-06 03:14:26.716 I/AconfigPackage( 1614): com.google.wear.sdk is mapped to system
07-06 03:14:26.717 I/AconfigPackage( 1614): android.media.audio is mapped to system
07-06 03:14:26.717 I/AconfigPackage( 1614): com.android.server.am is mapped to system
07-06 03:14:26.717 I/AconfigPackage( 1614): com.android.media.playback.flags is mapped to system
07-06 03:14:26.717 I/AconfigPackage( 1614): com.android.art.flags is mapped to com.android.art
07-06 03:14:26.717 I/AconfigPackage( 1614): com.android.libcore is mapped to com.android.art
07-06 03:14:26.717 I/AconfigPackage( 1614): com.android.media.extractor.flags is mapped to com.android.media
07-06 03:14:26.717 I/AconfigPackage( 1614): com.android.media.mainline.flags is mapped to com.android.media
07-06 03:14:26.718 I/AconfigPackage( 1614): com.android.wifi.flags is mapped to com.android.wifi
07-06 03:14:26.718 I/AconfigPackage( 1614): com.android.org.conscrypt.flags is mapped to com.android.conscrypt
07-06 03:14:26.720 I/AconfigPackage( 1614): com.android.healthfitness.flags is mapped to com.android.healthfitness
07-06 03:14:26.720 I/AconfigPackage( 1614): com.google.android.input.twoshay.flags is mapped to vendor
07-06 03:14:26.720 I/AconfigPackage( 1614): libgooglecamerahal.flags is mapped to vendor
07-06 03:14:26.721 I/AconfigPackage( 1614): com.android.ipsec.flags is mapped to com.android.ipsec
07-06 03:14:26.721 I/AconfigPackage( 1614): com.android.nfc.module.flags is mapped to com.android.nfcservices
07-06 03:14:26.723 I/AconfigPackage( 1614): com.android.adservices.ondevicepersonalization.flags is mapped to com.android.ondevicepersonalization
07-06 03:14:26.723 I/AconfigPackage( 1614): com.android.bluetooth.flags is mapped to com.android.bt
07-06 03:14:26.723 I/AconfigPackage( 1614): com.android.devicelock.flags is mapped to com.android.devicelock
07-06 03:14:26.723 I/AconfigPackage( 1614): android.os.profiling is mapped to com.android.profiling
07-06 03:14:26.724 I/AconfigPackage( 1614): com.android.os.statsd.flags is mapped to com.android.os.statsd
07-06 03:14:26.724 I/AconfigPackage( 1614): com.android.cellbroadcastreceiver.flags is mapped to com.android.cellbroadcast
07-06 03:14:26.725 I/AconfigPackage( 1614): com.android.adservices.flags is mapped to com.android.adservices
07-06 03:14:26.727 I/AconfigPackage( 1614): com.android.sdksandbox.flags is mapped to com.android.adservices
07-06 03:14:26.727 I/AconfigPackage( 1614): com.android.uwb.flags is mapped to com.android.uwb
07-06 03:14:26.727 I/AconfigPackage( 1614): com.android.ranging.flags is mapped to com.android.uwb
07-06 03:14:26.728 I/AconfigPackage( 1614): android.graphics.pdf.flags is mapped to com.android.mediaprovider
07-06 03:14:26.728 I/AconfigPackage( 1614): com.android.providers.media.flags is mapped to com.android.mediaprovider
07-06 03:14:26.728 I/AconfigPackage( 1614): android.graphics.pdf.flags.readonly is mapped to com.android.mediaprovider
07-06 03:14:26.728 I/AconfigPackage( 1614): com.android.net.ct.flags is mapped to com.android.tethering
07-06 03:14:26.728 I/AconfigPackage( 1614): com.android.net.flags is mapped to com.android.tethering
07-06 03:14:26.729 I/AconfigPackage( 1614): android.net.vcn is mapped to com.android.tethering
07-06 03:14:26.729 I/AconfigPackage( 1614): com.android.nearby.flags is mapped to com.android.tethering
07-06 03:14:26.730 I/AconfigPackage( 1614): android.net.http is mapped to com.android.tethering
07-06 03:14:26.730 I/AconfigPackage( 1614): com.android.net.thread.flags is mapped to com.android.tethering
07-06 03:14:26.730 I/AconfigPackage( 1614): com.android.system.virtualmachine.flags is mapped to com.android.virt
07-06 03:14:26.730 E/FeatureFlagsImplExport( 1614): android.os.flagging.AconfigStorageReadException: ERROR_PACKAGE_NOT_FOUND: package android.xr cannot be found on the device
07-06 03:14:26.740 D/UiAutomationConnection( 1614): Created on user UserHandle{0}
07-06 03:14:26.740 I/UiAutomation( 1614): Initialized for user 0 on display 0
07-06 03:14:26.741 W/UiAutomation( 1614): Created with deprecatead constructor, assumes DEFAULT_DISPLAY
07-06 03:14:26.744 D/AccessibilityManagerService(  715): changeCurrentUserForTestAutomationIfNeededLocked(0): ignoring because device doesn't support visible background users
07-06 03:14:26.745 I/UiAutomationManager(  715): Registering UiTestAutomationService (id=com.android.server.accessibility/UiAutomation, flags=0x0) when called by user 0
07-06 03:14:26.746 V/AccessibilityManagerService(  715): onUserStateChangedLocked for userId: 0, forceUpdate: false
07-06 03:14:26.755 W/MagnificationConnectionManager(  715): requestConnection duplicated request: connect=false, mConnectionState=DISCONNECTED
07-06 03:14:26.761 W/IPCThreadState(  715): Sending oneway calls to frozen process.
07-06 03:14:26.761 W/IPCThreadState(  715): Sending oneway calls to frozen process.
07-06 03:14:26.761 W/IPCThreadState(  715): Sending oneway calls to frozen process.
07-06 03:14:26.764 W/IPCThreadState(  715): Sending oneway calls to frozen process.
07-06 03:14:26.764 W/IPCThreadState(  715): Sending oneway calls to frozen process.
07-06 03:14:26.764 W/IPCThreadState(  715): Sending oneway calls to frozen process.
07-06 03:14:26.764 V/UiAutomation( 1614): Init UiAutomation@5f063fe[id=945, displayId=0, flags=0]
07-06 03:14:26.765 V/AccessibilityManagerService(  715): onUserStateChangedLocked for userId: 0, forceUpdate: false
07-06 03:14:26.765 W/IPCThreadState(  715): Sending oneway calls to frozen process.
07-06 03:14:26.769 W/MagnificationConnectionManager(  715): requestConnection duplicated request: connect=false, mConnectionState=DISCONNECTED
07-06 03:14:26.769 I/netd    (  488): tetherGetStats() -> {[]} <1.40ms>
07-06 03:14:26.769 W/IPCThreadState(  715): Sending oneway calls to frozen process.
07-06 03:14:26.769 W/IPCThreadState(  715): Sending oneway calls to frozen process.
07-06 03:14:26.769 W/IPCThreadState(  715): Sending oneway calls to frozen process.
07-06 03:14:26.774 W/IPCThreadState(  715): Sending oneway calls to frozen process.
07-06 03:14:26.774 W/IPCThreadState(  715): Sending oneway calls to frozen process.
07-06 03:14:26.774 W/IPCThreadState(  715): Sending oneway calls to frozen process.
07-06 03:14:26.774 W/IPCThreadState(  715): Sending oneway calls to frozen process.
07-06 03:14:26.781 W/IPCThreadState(  715): Sending oneway calls to frozen process.
07-06 03:14:26.783 W/IPCThreadState(  715): Sending oneway calls to frozen process.
07-06 03:14:26.783 W/IPCThreadState(  715): Sending oneway calls to frozen process.
07-06 03:14:26.784 W/IPCThreadState(  715): Sending oneway calls to frozen process.
07-06 03:14:26.784 W/IPCThreadState(  715): Sending oneway calls to frozen process.
07-06 03:14:26.784 W/IPCThreadState(  715): Sending oneway calls to frozen process.
07-06 03:14:26.785 W/IPCThreadState(  715): Sending oneway calls to frozen process.
07-06 03:14:26.785 W/IPCThreadState(  715): Sending oneway calls to frozen process.
07-06 03:14:26.788 W/IPCThreadState(  715): Sending oneway calls to frozen process.
07-06 03:14:26.789 W/IPCThreadState(  715): Sending oneway calls to frozen process.
07-06 03:14:26.789 W/IPCThreadState(  715): Sending oneway calls to frozen process.
07-06 03:14:26.791 W/IPCThreadState(  715): Sending oneway calls to frozen process.
07-06 03:14:26.792 W/IPCThreadState(  715): Sending oneway calls to frozen process.
07-06 03:14:26.792 W/IPCThreadState(  715): Sending oneway calls to frozen process.
07-06 03:14:26.792 W/IPCThreadState(  715): Sending oneway calls to frozen process.
07-06 03:14:26.792 W/IPCThreadState(  715): Sending oneway calls to frozen process.
07-06 03:14:26.795 W/IPCThreadState(  715): Sending oneway calls to frozen process.
07-06 03:14:26.796 W/IPCThreadState(  715): Sending oneway calls to frozen process.
07-06 03:14:26.797 W/IPCThreadState(  715): Sending oneway calls to frozen process.
07-06 03:14:26.797 W/IPCThreadState(  715): Sending oneway calls to frozen process.
07-06 03:14:26.798 W/IPCThreadState(  715): Sending oneway calls to frozen process.
07-06 03:14:26.799 W/IPCThreadState(  715): Sending oneway calls to frozen process.
07-06 03:14:26.799 W/IPCThreadState(  715): Sending oneway calls to frozen process.
07-06 03:14:26.800 W/IPCThreadState(  715): Sending oneway calls to frozen process.
07-06 03:14:26.800 W/IPCThreadState(  715): Sending oneway calls to frozen process.
07-06 03:14:26.800 W/IPCThreadState(  715): Sending oneway calls to frozen process.
07-06 03:14:26.800 W/IPCThreadState(  715): Sending oneway calls to frozen process.
07-06 03:14:26.801 W/IPCThreadState(  715): Sending oneway calls to frozen process.
07-06 03:14:26.801 W/IPCThreadState(  715): Sending oneway calls to frozen process.
07-06 03:14:26.801 W/IPCThreadState(  715): Sending oneway calls to frozen process.
07-06 03:14:26.802 W/IPCThreadState(  715): Sending oneway calls to frozen process.
07-06 03:14:26.802 W/IPCThreadState(  715): Sending oneway calls to frozen process.
07-06 03:14:26.802 W/IPCThreadState(  715): Sending oneway calls to frozen process.
07-06 03:14:26.802 W/IPCThreadState(  715): Sending oneway calls to frozen process.
07-06 03:14:26.802 W/IPCThreadState(  715): Sending oneway calls to frozen process.
07-06 03:14:26.808 W/IPCThreadState(  715): Sending oneway calls to frozen process.
07-06 03:14:26.813 D/nativeloader( 1618): Configuring clns-9 for other apk /data/app/~~NgF5YAtgVSQMlq8t3OROog==/com.huiyi.mockchat-zMJndqPS78lp29BfsKLgcg==/base.apk. target_sdk_version=35, uses_libraries=, library_path=/data/app/~~NgF5YAtgVSQMlq8t3OROog==/com.huiyi.mockchat-zMJndqPS78lp29BfsKLgcg==/lib/x86_64:/data/app/~~NgF5YAtgVSQMlq8t3OROog==/com.huiyi.mockchat-zMJndqPS78lp29BfsKLgcg==/base.apk!/lib/x86_64, permitted_path=/data:/mnt/expand:/data/user/0/com.huiyi.mockchat
07-06 03:14:26.830 D/CompatChangeReporter( 1618): Compat change id reported: 202956589; UID 10217; state: ENABLED
07-06 03:14:26.839 I/.huiyi.mockchat( 1618): AssetManager2(0x79075aad2fd8) locale list changing from [] to [en-US]
07-06 03:14:26.840 W/Looper  (  972): Drained
07-06 03:14:26.840 V/WindowManagerShell(  972): Transition animation finished (aborted=false), notifying core (#315) android.os.BinderProxy@a0a2290@0
07-06 03:14:26.843 V/WindowManager(  715): Finish Transition (#315): created at 07-06 03:14:25.984 collect-started=0.092ms request-sent=24.175ms started=57.004ms ready=293.345ms sent=301.552ms commit=255.549ms finished=857.314ms
07-06 03:14:26.847 V/WindowManagerShell(  972): Track 0 became idle
07-06 03:14:26.850 V/WindowManagerShell(  972): All active transition animations finished
07-06 03:14:26.861 V/GraphicsEnvironment( 1618): Currently set values for:
07-06 03:14:26.861 V/GraphicsEnvironment( 1618):   angle_gl_driver_selection_pkgs=[]
07-06 03:14:26.863 V/GraphicsEnvironment( 1618):   angle_gl_driver_selection_values=[]
07-06 03:14:26.863 V/GraphicsEnvironment( 1618): com.huiyi.mockchat is not listed in per-application setting
07-06 03:14:26.864 V/GraphicsEnvironment( 1618): ANGLE allowlist from config: com.dreamgames.royalmatch com.dts.freefiremax com.dxx.firenow com.gramgames.mergedragons com.ludo.king com.mojang.minecraftpe com.my.defense com.nintendo.zaka com.os.airforce com.playrix.fishdomdd.gplay io.teslatech.callbreak jp.konami.prospia net.peakgames.toonblast
07-06 03:14:26.868 V/GraphicsEnvironment( 1618): com.huiyi.mockchat is not listed in ANGLE allowlist or settings, returning default
07-06 03:14:26.868 V/GraphicsEnvironment( 1618): Neither updatable production driver nor prerelease driver is supported.
07-06 03:14:26.873 D/VRI[NexusLauncherActivity]( 1124): visibilityChanged oldVisibility=true newVisibility=false
07-06 03:14:26.876 D/NexusLauncherModelDelegate( 1124): notifySmartspaceEvent: SmartspaceTargetEvent{mSmartspaceTarget=null, mSmartspaceActionId='null', mEventType=7}
07-06 03:14:26.969 D/CompatChangeReporter( 1618): Compat change id reported: 279646685; UID 10217; state: ENABLED
07-06 03:14:26.991 W/OptProp (  715): Cannot read opt property android.window.PROPERTY_COMPAT_ENABLE_FAKE_FOCUS
07-06 03:14:26.992 D/CompatChangeReporter(  715): Compat change id reported: 324203798; UID 10217; state: ENABLED
07-06 03:14:26.997 D/BackgroundInstallControlService(  715): Package event received: 0
07-06 03:14:27.001 D/BackgroundInstallControlService(  715): Package event received: 0
07-06 03:14:27.005 I/DisplayManager( 1618): Choreographer implicitly registered for the refresh rate.
07-06 03:14:27.009 I/.huiyi.mockchat( 1618): AssetManager2(0x79075aadacd8) locale list changing from [] to [en-US]
07-06 03:14:27.062 I/EGL_emulation( 1618): Opening libGLESv1_CM_emulation.so
07-06 03:14:27.064 I/EGL_emulation( 1618): Opening libGLESv2_emulation.so
07-06 03:14:27.076 W/HWUI    ( 1618): Failed to choose config with EGL_SWAP_BEHAVIOR_PRESERVED, retrying without...
07-06 03:14:27.077 W/HWUI    ( 1618): Failed to initialize 101010-2 format, error = EGL_SUCCESS
07-06 03:14:27.169 E/ashmem  ( 1618): Pinning is deprecated since Android Q. Please use trim or other methods.
07-06 03:14:27.194 D/CompatChangeReporter( 1618): Compat change id reported: 309578419; UID 10217; state: ENABLED
07-06 03:14:27.196 D/DesktopModeFlags( 1618): Toggle override initialized to: OVERRIDE_UNSET
07-06 03:14:27.291 D/CompatChangeReporter( 1618): Compat change id reported: 352594277; UID 10217; state: ENABLED
07-06 03:14:27.299 D/CompatChangeReporter( 1618): Compat change id reported: 349153669; UID 10217; state: ENABLED
07-06 03:14:27.305 W/HWUI    ( 1618): Unknown dataspace 0
07-06 03:14:27.279 I/servicemanager(    0): Caller(pid=1618,uid=10217,sid=u:r:untrusted_app:s0:c217,c256,c512,c768) Found android.hardware.graphics.allocator.IAllocator/default in device VINTF manifest.
07-06 03:14:27.284 I/servicemanager(    0): Caller(pid=1618,uid=10217,sid=u:r:untrusted_app:s0:c217,c256,c512,c768) Found android.hardware.graphics.allocator.IAllocator/default in device VINTF manifest.
07-06 03:14:27.286 I/servicemanager(    0): Caller(pid=1618,uid=10217,sid=u:r:untrusted_app:s0:c217,c256,c512,c768) Found mapper/ranchu in device VINTF manifest.
07-06 03:14:27.780 V/AccessibilityManagerService(  715): onUserStateChangedLocked for userId: 0, forceUpdate: false
07-06 03:14:27.784 D/BackgroundInstallControlService(  715): Package event received: 0
07-06 03:14:27.791 W/MagnificationConnectionManager(  715): requestConnection duplicated request: connect=false, mConnectionState=DISCONNECTED
07-06 03:14:27.792 D/AccessibilityManagerService(  715): restoreCurrentUserForTestAutomationIfNeededLocked(): ignoring because device doesn't support visible background users
07-06 03:14:27.792 V/AccessibilityManagerService(  715): onUserStateChangedLocked for userId: 0, forceUpdate: false
07-06 03:14:27.793 W/MagnificationConnectionManager(  715): requestConnection duplicated request: connect=false, mConnectionState=DISCONNECTED
07-06 03:14:27.793 D/AndroidRuntime( 1614): Shutting down VM
07-06 03:14:27.794 W/IPCThreadState(  715): Sending oneway calls to frozen process.
07-06 03:14:27.795 W/IPCThreadState( 1614): call to talkWithDriver in joinThreadPool returned error: -9 (Bad file descriptor), FD: -1
07-06 03:14:27.796 W/IPCThreadState(  715): Sending oneway calls to frozen process.
07-06 03:14:27.796 W/IPCThreadState( 1614): call to talkWithDriver in joinThreadPool returned error: -9 (Bad file descriptor), FD: -1
07-06 03:14:27.796 W/IPCThreadState(  715): Sending oneway calls to frozen process.
07-06 03:14:27.797 W/IPCThreadState(  715): Sending oneway calls to frozen process.
07-06 03:14:27.797 W/IPCThreadState(  715): Sending oneway calls to frozen process.
07-06 03:14:27.797 W/IPCThreadState(  715): Sending oneway calls to frozen process.
07-06 03:14:27.797 W/IPCThreadState(  715): Sending oneway calls to frozen process.
07-06 03:14:27.798 W/IPCThreadState(  715): Sending oneway calls to frozen process.
07-06 03:14:27.800 W/IPCThreadState( 1614): call to talkWithDriver in joinThreadPool returned error: -9 (Bad file descriptor), FD: -1
07-06 03:14:27.800 W/IPCThreadState(  715): Sending oneway calls to frozen process.
07-06 03:14:27.801 W/IPCThreadState(  715): Sending oneway calls to frozen process.
07-06 03:14:27.801 W/IPCThreadState( 1614): call to talkWithDriver in joinThreadPool returned error: -9 (Bad file descriptor), FD: -1
07-06 03:14:27.805 W/IPCThreadState(  715): Sending oneway calls to frozen process.
07-06 03:14:27.806 W/IPCThreadState(  715): Sending oneway calls to frozen process.
07-06 03:14:27.806 W/IPCThreadState(  715): Sending oneway calls to frozen process.
07-06 03:14:27.806 W/IPCThreadState(  715): Sending oneway calls to frozen process.
07-06 03:14:27.806 W/IPCThreadState(  715): Sending oneway calls to frozen process.
07-06 03:14:27.807 W/IPCThreadState(  715): Sending oneway calls to frozen process.
07-06 03:14:27.808 W/IPCThreadState(  715): Sending oneway calls to frozen process.
07-06 03:14:27.808 W/IPCThreadState(  715): Sending oneway calls to frozen process.
07-06 03:14:27.808 W/IPCThreadState(  715): Sending oneway calls to frozen process.
07-06 03:14:27.808 W/IPCThreadState(  715): Sending oneway calls to frozen process.
07-06 03:14:27.809 W/IPCThreadState(  715): Sending oneway calls to frozen process.
07-06 03:14:27.809 W/IPCThreadState(  715): Sending oneway calls to frozen process.
07-06 03:14:27.809 W/IPCThreadState(  715): Sending oneway calls to frozen process.
07-06 03:14:27.809 W/IPCThreadState(  715): Sending oneway calls to frozen process.
07-06 03:14:27.809 I/netd    (  488): tetherGetStats() -> {[]} <1.12ms>
07-06 03:14:27.809 W/IPCThreadState(  715): Sending oneway calls to frozen process.
07-06 03:14:27.811 W/IPCThreadState(  715): Sending oneway calls to frozen process.
07-06 03:14:27.811 W/IPCThreadState(  715): Sending oneway calls to frozen process.
07-06 03:14:27.812 W/IPCThreadState(  715): Sending oneway calls to frozen process.
07-06 03:14:27.812 W/IPCThreadState(  715): Sending oneway calls to frozen process.
07-06 03:14:27.812 W/IPCThreadState(  715): Sending oneway calls to frozen process.
07-06 03:14:27.812 W/IPCThreadState(  715): Sending oneway calls to frozen process.
07-06 03:14:27.813 W/IPCThreadState(  715): Sending oneway calls to frozen process.
07-06 03:14:27.813 W/IPCThreadState(  715): Sending oneway calls to frozen process.
07-06 03:14:27.818 W/IPCThreadState(  715): Sending oneway calls to frozen process.
07-06 03:14:27.820 W/IPCThreadState(  715): Sending oneway calls to frozen process.
07-06 03:14:27.821 W/IPCThreadState(  715): Sending oneway calls to frozen process.
07-06 03:14:27.822 W/IPCThreadState(  715): Sending oneway calls to frozen process.
07-06 03:14:27.822 W/IPCThreadState(  715): Sending oneway calls to frozen process.
07-06 03:14:27.823 W/IPCThreadState(  715): Sending oneway calls to frozen process.
07-06 03:14:27.823 W/IPCThreadState(  715): Sending oneway calls to frozen process.
07-06 03:14:28.323 I/.huiyi.mockchat( 1618): Compiler allocated 5042KB to compile void android.view.ViewRootImpl.performTraversals()
07-06 03:14:28.464 W/.huiyi.mockchat( 1618): Method boolean androidx.compose.runtime.snapshots.SnapshotStateList.conditionalUpdate(boolean, kotlin.jvm.functions.Function1) failed lock verification and will run slower.
07-06 03:14:28.464 W/.huiyi.mockchat( 1618): Common causes for lock verification issues are non-optimized dex code
07-06 03:14:28.464 W/.huiyi.mockchat( 1618): and incorrect proguard optimizations.
07-06 03:14:28.465 W/.huiyi.mockchat( 1618): Method boolean androidx.compose.runtime.snapshots.SnapshotStateList.conditionalUpdate$default(androidx.compose.runtime.snapshots.SnapshotStateList, boolean, kotlin.jvm.functions.Function1, int, java.lang.Object) failed lock verification and will run slower.
07-06 03:14:28.465 W/.huiyi.mockchat( 1618): Method java.lang.Object androidx.compose.runtime.snapshots.SnapshotStateList.mutate(kotlin.jvm.functions.Function1) failed lock verification and will run slower.
07-06 03:14:28.465 W/.huiyi.mockchat( 1618): Method void androidx.compose.runtime.snapshots.SnapshotStateList.update(boolean, kotlin.jvm.functions.Function1) failed lock verification and will run slower.
07-06 03:14:28.465 W/.huiyi.mockchat( 1618): Method void androidx.compose.runtime.snapshots.SnapshotStateList.update$default(androidx.compose.runtime.snapshots.SnapshotStateList, boolean, kotlin.jvm.functions.Function1, int, java.lang.Object) failed lock verification and will run slower.
07-06 03:14:28.544 D/CoreBackPreview(  715): Window{ba370b2 u0 com.huiyi.mockchat/com.huiyi.mockchat.MainActivity}: Setting back callback OnBackInvokedCallbackInfo{mCallback=android.window.IOnBackInvokedCallback$Stub$Proxy@c8cb6d6, mPriority=0, mIsAnimationCallback=false, mOverrideBehavior=0}
07-06 03:14:28.821 W/WindowOnBackDispatcher(32689): sendCancelIfRunning: isInProgress=false callback=android.view.ViewRootImpl$$ExternalSyntheticLambda13@f1b454d
07-06 03:14:28.822 D/CoreBackPreview(  715): Window{1da6e64 u0 com.huiyi.v4}: Setting back callback null
07-06 03:14:28.837 W/WindowOnBackDispatcher(32689): sendCancelIfRunning: isInProgress=false callback=android.view.ViewRootImpl$$ExternalSyntheticLambda13@2104cd3
07-06 03:14:28.838 D/CoreBackPreview(  715): Window{23279df u0 com.huiyi.v4}: Setting back callback null
07-06 03:14:28.845 W/NotificationHistory(  715): Attempted to remove channel for locked/gone/disabled user 0
07-06 03:14:28.857 I/NotificationListener( 1124): received notification removed event - android#UserHandle{0},category=-1
07-06 03:14:28.944 I/ActivityTaskManager(  715): Displayed com.huiyi.mockchat/.MainActivity for user 0: +2s974ms
07-06 03:14:28.960 I/HWUI    ( 1618): Davey! duration=1616ms; Flags=1, FrameTimelineVsyncId=1274691, IntendedVsync=49988283874256, Vsync=49988283874256, InputEventId=0, HandleInputStart=49988287899940, AnimationStart=49988287925940, PerformTraversalsStart=49988287959240, DrawStart=49989784334740, FrameDeadline=49988300540922, FrameStartTime=49988287874040, FrameInterval=16666666, WorkloadTarget=16666666, SyncQueued=49989823156940, SyncStart=49989825532540, IssueDrawCommandsStart=49989825664540, SwapBuffers=49989886073940, FrameCompleted=49989902498140, DequeueBufferDuration=27100, QueueBufferDuration=386400, GpuCompleted=49989902498140, SwapBuffersCompleted=49989890105340, DisplayPresentTime=0, CommandSubmissionCompleted=49989886073940, 
07-06 03:14:29.064 I/Choreographer( 1618): Skipped 91 frames!  The application may be doing too much work on its main thread.
07-06 03:14:29.107 I/HWUI    ( 1618): Davey! duration=1547ms; Flags=0, FrameTimelineVsyncId=1274713, IntendedVsync=49988492207581, Vsync=49990008874187, InputEventId=0, HandleInputStart=49990021094540, AnimationStart=49990021124540, PerformTraversalsStart=49990021155940, DrawStart=49990021799540, FrameDeadline=49989933874190, FrameStartTime=49990019166940, FrameInterval=16666666, WorkloadTarget=16666666, SyncQueued=49990022044040, SyncStart=49990024151640, IssueDrawCommandsStart=49990026863740, SwapBuffers=49990030182840, FrameCompleted=49990041738740, DequeueBufferDuration=28000, QueueBufferDuration=255500, GpuCompleted=49990041738740, SwapBuffersCompleted=49990030918440, DisplayPresentTime=0, CommandSubmissionCompleted=49990030182840, 
07-06 03:14:29.144 I/FontLog ( 1314): Received query Noto Color Emoji Compat, URI content://com.google.android.gms.fonts [CONTEXT service_id=132 ]
07-06 03:14:29.144 I/FontLog ( 1314): Query [emojicompat-emoji-font] resolved to {Noto Color Emoji Compat, wdth 100.0, wght 400, ital 0.0, bestEffort false}, isVf false} [CONTEXT service_id=132 ]
07-06 03:14:29.145 I/FontLog ( 1314): Fetch {Noto Color Emoji Compat, wdth 100.0, wght 400, ital 0.0, bestEffort false}, isVf false} end status Status{statusCode=SUCCESS, resolution=null} [CONTEXT service_id=132 ]
07-06 03:14:29.160 I/netd    (  488): tetherGetStats() -> {[]} <1.31ms>
07-06 03:14:29.174 I/ImeTracker(  715): com.huiyi.mockchat:a7e53af: onRequestHide at ORIGIN_SERVER reason HIDE_UNSPECIFIED_WINDOW fromUser false
07-06 03:14:29.191 I/FontLog ( 1314): Pulling font file for id = 172, cache size = 7 [CONTEXT service_id=132 ]
07-06 03:14:29.206 D/BackgroundInstallControlService(  715): Package event received: 0
07-06 03:14:29.209 I/GoogleInputMethodService( 1395): GoogleInputMethodService.onFinishInput():2043 
07-06 03:14:29.212 I/ImeTracker(  715): system_server:90f9f25: onRequestHide at ORIGIN_SERVER reason IME_REQUESTED_CHANGED_LISTENER fromUser false
07-06 03:14:29.216 I/Module  ( 1395): DeviceLockedStatusModuleProvider$Module.updateDeviceLockedStatus():100 repeatCheckTimes = 0, locked = false
07-06 03:14:29.216 I/FontLog ( 1314): Pulling font file for id = 172, cache size = 7 [CONTEXT service_id=132 ]
07-06 03:14:29.224 I/GoogleInputMethodService( 1395): GoogleInputMethodService.onStartInput():1293 onStartInput(EditorInfo{EditorInfo{packageName=com.huiyi.mockchat, inputType=0, inputTypeString=NULL, enableLearning=false, autoCorrection=false, autoComplete=false, imeOptions=0, privateImeOptions=null, actionName=UNSPECIFIED, actionLabel=null, initialSelStart=-1, initialSelEnd=-1, initialCapsMode=0, label=null, fieldId=0, fieldName=null, extras=null, hintText=null, hintLocales=[]}}, false)
07-06 03:14:29.226 I/ImeTracker(  715): system_server:90f9f25: onCancelled at PHASE_SERVER_SHOULD_HIDE
07-06 03:14:29.227 W/PackageConfigPersister(  715): App-specific configuration not found for packageName: com.huiyi.mockchat and userId: 0
07-06 03:14:29.227 D/InsetsController( 1618): hide(ime(), fromIme=false)
07-06 03:14:29.227 I/ImeTracker( 1618): com.huiyi.mockchat:a7e53af: onCancelled at PHASE_CLIENT_ALREADY_HIDDEN
07-06 03:14:29.236 I/Module  ( 1395): DeviceLockedStatusModuleProvider$Module.updateDeviceLockedStatus():100 repeatCheckTimes = 1, locked = false
07-06 03:14:29.265 D/BaseDepthController( 1124): setSurface:
07-06 03:14:29.265 D/BaseDepthController( 1124): 	mWaitingOnSurfaceValidity: false
07-06 03:14:29.265 D/BaseDepthController( 1124): 	mBaseSurface: null
07-06 03:14:29.265 D/BaseDepthController( 1124): mSurface is null and mCurrentBlur is: 0
07-06 03:14:29.269 D/StateManager( 1124): goToState - fromState: Normal, toState: Normal, partial trace:
07-06 03:14:29.269 D/StateManager( 1124): 	at com.android.launcher3.statemanager.StateManager.moveToRestState(go/retraceme 43e00d9cd0eb17b3d9dd30fc1741b1c71445c4c0f7c8c9b81300265c86c5b873:4)
07-06 03:14:29.269 D/StateManager( 1124): 	at com.android.launcher3.statemanager.StateManager.moveToRestState(go/retraceme 43e00d9cd0eb17b3d9dd30fc1741b1c71445c4c0f7c8c9b81300265c86c5b873:1)
07-06 03:14:29.269 D/StateManager( 1124): 	at com.android.launcher3.statemanager.StatefulActivity.onStop(go/retraceme 43e00d9cd0eb17b3d9dd30fc1741b1c71445c4c0f7c8c9b81300265c86c5b873:34)
07-06 03:14:29.272 D/StatsLog( 1124): LAUNCHER_ONSTOP
07-06 03:14:29.272 D/StatsLog( 1124): LAUNCHER_GOOGLE_SEARCH_RESTORE_LIST_SIZE_AFTER_ACTIVITY_RESTART
07-06 03:14:29.274 W/dumpsys ( 1840): Thread Pool max thread count is 0. Cannot cache binder as linkToDeath cannot be implemented. serviceName: window
07-06 03:14:29.276 I/AppWidgetServiceImpl(  715): setAppWidgetHidden() 0
07-06 03:14:29.348 D/BackgroundInstallControlService(  715): Package event received: 0
07-06 03:14:29.356 W/WindowOnBackDispatcher(  972): sendCancelIfRunning: isInProgress=false callback=android.view.ViewRootImpl$$ExternalSyntheticLambda13@1e5a4f9
07-06 03:14:29.373 W/IPCThreadState(  630): Sending oneway calls to frozen process.
07-06 03:14:29.373 W/IPCThreadState(  630): Sending oneway calls to frozen process.
07-06 03:14:29.386 D/CoreBackPreview(  715): Window{fd7beec u0 Splash Screen com.huiyi.mockchat EXITING}: Setting back callback null
07-06 03:14:29.478 W/System  ( 1124): A resource failed to call release. 
07-06 03:14:29.480 W/System  ( 1124): A resource failed to call release. 
07-06 03:14:29.480 W/System  ( 1124): A resource failed to call release. 
07-06 03:14:29.483 W/System  ( 1124): A resource failed to call release. 
07-06 03:14:29.483 W/System  ( 1124): A resource failed to call release. 
07-06 03:14:29.483 W/System  ( 1124): A resource failed to call release. 
07-06 03:14:29.492 W/screencap( 1850): Thread Pool max thread count is 0. Cannot cache binder as linkToDeath cannot be implemented. serviceName: SurfaceFlingerAIDL
07-06 03:14:29.492 W/BpBinder( 1850): Linking to death on android.gui.ISurfaceComposer but there are no threads (yet?) listening to incoming transactions. See ProcessState::startThreadPool and ProcessState::setThreadPoolMaxThreadCount. Generally you should setup the binder threadpool before other initialization steps.
07-06 03:14:29.493 W/ProcessState( 1850): Extra binder thread started, but 0 threads requested. Do not use *startThreadPool when zero threads are requested.
07-06 03:14:29.521 E/HwcComposer(  567): getLuts failed Status(-8, EX_SERVICE_SPECIFIC): '8: '
07-06 03:14:29.521 E/HWComposer(  567): getLuts: getLuts failed for display 4619827259835644672: UNSUPPORTED (8)
07-06 03:14:29.514 I/servicemanager(    0): Caller(pid=1850,uid=2000,sid=u:r:shell:s0) Found android.hardware.graphics.allocator.IAllocator/default in device VINTF manifest.
07-06 03:14:29.518 I/servicemanager(    0): Caller(pid=1850,uid=2000,sid=u:r:shell:s0) Found android.hardware.graphics.allocator.IAllocator/default in device VINTF manifest.
07-06 03:14:29.526 I/servicemanager(    0): Caller(pid=1850,uid=2000,sid=u:r:shell:s0) Found mapper/ranchu in device VINTF manifest.
07-06 03:14:29.608 I/Choreographer(32689): Skipped 44 frames!  The application may be doing too much work on its main thread.
07-06 03:14:29.715 D/WifiClientModeImpl[27601:wlan0](  715): updateLinkLayerStatsRssiSpeedFrequencyCapabilities rssi=-50 TxLinkspeed=11 freq=2447 RxLinkSpeed=2
07-06 03:14:29.716 D/WifiDataStall(  715): tx tput in kbps: 11000
07-06 03:14:29.716 D/WifiDataStall(  715): rx tput in kbps: 11000
07-06 03:14:29.716 V/WifiConfigManager(  715): Updating scan detail cache freq=2447 BSSID=00:13:10:85:fe:01 RSSI=-50 for "AndroidWifi"NONE
07-06 03:14:29.716 D/WifiThroughputPredictor(  715):  utilization (LLS) 80 isBluetoothConnected: false final utilization: 80
07-06 03:14:29.716 D/WifiThroughputPredictor(  715):  BW: 0 RSSI: -50 Nss: 1 Mode: 1 symDur: 4000 snrDb 30 bitPerTone: 4500 rate: 54 throughput: 11
07-06 03:14:29.717 D/WifiThroughputPredictor(  715):  utilization (LLS) 80 isBluetoothConnected: false final utilization: 80
07-06 03:14:29.717 D/WifiThroughputPredictor(  715):  BW: 0 RSSI: -50 Nss: 1 Mode: 1 symDur: 4000 snrDb 30 bitPerTone: 4500 rate: 54 throughput: 11
07-06 03:14:29.717 D/WifiThroughputPredictor(  715):  utilization (LLS) 80 isBluetoothConnected: false final utilization: 80
07-06 03:14:29.717 D/WifiThroughputPredictor(  715):  BW: 0 RSSI: -50 Nss: 1 Mode: 1 symDur: 4000 snrDb 30 bitPerTone: 4500 rate: 54 throughput: 11
07-06 03:14:29.717 D/WifiThroughputPredictor(  715):  utilization (LLS) 80 isBluetoothConnected: false final utilization: 80
07-06 03:14:29.717 D/WifiThroughputPredictor(  715):  BW: 0 RSSI: -50 Nss: 1 Mode: 1 symDur: 4000 snrDb 30 bitPerTone: 4500 rate: 54 throughput: 11
07-06 03:14:29.723 D/WifiScoreCard(  715): BSSID update SIGNAL_POLL ID: 1559335064 SSID: "AndroidWifi", BSSID: 00:13:10:85:fe:01, MAC: 02:15:b2:00:00:00, IP: /10.0.2.16, Security type: 0, Supplicant state: COMPLETED, Wi-Fi standard: legacy, RSSI: -50, Link speed: 11Mbps, Tx Link speed: 11Mbps, Max Supported Tx Link speed: 11Mbps, Rx Link speed: 2Mbps, Max Supported Rx Link speed: 11Mbps, Frequency: 2447MHz, Net ID: 0, Metered hint: false, score: 60, isUsable: true, CarrierMerged: false, SubscriptionId: -1, IsPrimary: 1, Trusted: true, Restricted: false, Ephemeral: false, OEM paid: false, OEM private: false, OSU AP: false, FQDN: <none>, Provider friendly name: <none>, Requesting package name: <none>"AndroidWifi"openMLO Information: , Is TID-To-Link negotiation supported by the AP: false, AP MLD Address: <none>, AP MLO Link Id: <none>, AP MLO Affiliated links: <none>, Vendor Data: <none>
07-06 03:14:29.744 D/WifiScoreCard(  715): txRate: 1 txSpeed: 11
07-06 03:14:29.744 D/WifiScoreCard(  715): network update SIGNAL_POLL "AndroidWifi" ID: 1201260005 RSSI -50 txSpeed -1
07-06 03:14:29.745 D/WifiClientModeImpl[27601:wlan0](  715):  ClientModeImpl$L2ConnectedState screen=on 1 0 "AndroidWifi" 00:13:10:85:fe:01 rssi=-50 f=2447 sc=60 link=11 tx=0.5, 0.0, 0.0 rx=0.5 bcn=0 [on:0 tx:0 rx:0 period:3022] from screen [on:0 period:896241905] score=60
07-06 03:14:29.924 D/wpa_supplicant(  960): nl80211: Drv Event 64 (NL80211_CMD_NOTIFY_CQM) received for wlan0
07-06 03:14:29.925 D/wpa_supplicant(  960): nl80211: Beacon loss event
07-06 03:14:29.925 D/wpa_supplicant(  960): wlan0: Event BEACON_LOSS (53) received
07-06 03:14:29.925 I/wpa_supplicant(  960): wlan0: CTRL-EVENT-BEACON-LOSS 
07-06 03:14:29.971 I/system_server(  715): Background concurrent mark compact GC freed 21MB AllocSpace bytes, 74(1464KB) LOS objects, 40% free, 35MB/59MB, paused 14.233ms,16.496ms total 645.539ms
07-06 03:14:29.972 I/BpBinder(  715): onLastStrongRef automatically unlinking death recipients: 
07-06 03:14:30.009 D/CoreBackPreview(  715): Window{a121f72 u0 com.huiyi.v4}: Setting back callback OnBackInvokedCallbackInfo{mCallback=android.window.IOnBackInvokedCallback$Stub$Proxy@267706c, mPriority=0, mIsAnimationCallback=false, mOverrideBehavior=0}
07-06 03:14:30.039 E/TaskPersister(  715): File error accessing recents directory (directory doesn't exist?).
07-06 03:14:30.057 E/NotificationService(  715): Suppressing toast from package com.huiyi.v4 by user request.
07-06 03:14:30.063 I/FloatingBubbleService(32689): next_sentence_click_ack latencyMs=7 ackVisible=true
07-06 03:14:30.157 I/HuiyiRuntime(32689): dynamic_playbook_result sessionId=2129828b-8976-44b8-a352-0e231ee554f8 mode=NEXT_SENTENCE chatKey=com.huiyi.mockchat|mock:49b3c0f5 source=CLOUD_ENHANCED decisionSource=CLOUD_ENHANCED_PLAYBOOK lastSpeaker=OTHER decision=NORMAL_REPLY routeCount=3 latencyMs=10 cacheHit=true localFallbackUsed=false cloudRefreshRecommended=true
07-06 03:14:30.160 D/AndroidRuntime( 1861): >>>>>> START com.android.internal.os.RuntimeInit uid 2000 <<<<<<
