--------- beginning of system
07-06 00:00:59.055 I/ActivityManager(  715): Force stopping com.huiyi.mockchat appid=10217 user=0: from pid 22256
07-06 00:00:59.057 I/ActivityManager(  715): Killing 21986:com.huiyi.mockchat/u0a217 (adj 0): stop com.huiyi.mockchat due to from pid 22256
07-06 00:00:59.060 D/CompatChangeReporter(  715): Compat change id reported: 151861875; UID 10217; state: ENABLED
07-06 00:00:59.061 W/ActivityTaskManager(  715): Force removing ActivityRecord{48669255 u0 com.huiyi.mockchat/.MainActivity t205 f}}: app died, no saved state
07-06 00:00:59.064 D/BackgroundInstallControlService(  715): Package event received: 0
07-06 00:00:59.064 V/WindowManagerShell(  972): Transition requested (#194): android.os.BinderProxy@bebf994 TransitionRequestInfo { type = CLOSE, triggerTask = TaskInfo{userId=0 taskId=205 effectiveUid=10217 displayId=0 isRunning=false baseIntent=Intent { flg=0x10000000 cmp=com.huiyi.mockchat/.MainActivity } baseActivity=null topActivity=null origActivity=null realActivity=ComponentInfo{com.huiyi.mockchat/com.huiyi.mockchat.MainActivity} numActivities=0 lastActiveTime=38352690 supportsMultiWindow=true resizeMode=1 isResizeable=true minWidth=-1 minHeight=-1 defaultMinSize=220 token=WCT{android.window.IWindowContainerToken$Stub$Proxy@5fc8c3d} topActivityType=1 pictureInPictureParams=null shouldDockBigOverlays=false launchIntoPipHostTaskId=-1 lastParentTaskIdBeforePip=-1 displayCutoutSafeInsets=Rect(0, 0 - 0, 0) topActivityInfo=null launchCookies=[] positionInParent=Point(0, 0) parentTaskId=-1 isFocused=true isVisible=true isVisibleRequested=true isTopActivityNoDisplay=false isSleeping=false locusId=null displayAreaFeatureId=1 isTopActivityTransparent=false isActivityStackTransparent=true lastNonFullscreenBounds=Rect(286, 664 - 798, 1748) capturedLink=null capturedLinkTimestamp=0 requestedVisibleTypes=-9 topActivityRequestOpenInBrowserEducationTimestamp=0 appCompatTaskInfo=AppCompatTaskInfo { topActivityInSizeCompat=false eligibleForLetterboxEducation= false isLetterboxEducationEnabled= false isLetterboxDoubleTapEnabled= false eligibleForUserAspectRatioButton= false topActivityBoundsLetterboxed= false isFromLetterboxDoubleTap= false topActivityLetterboxVerticalPosition= -1 topActivityLetterboxHorizontalPosition= -1 topActivityLetterboxWidth=-1 topActivityLetterboxHeight=-1 topActivityAppBounds=Rect(0, 0 - 0, 0) isUserFullscreenOverrideEnabled=false isSystemFullscreenOverrideEnabled=false hasMinAspectRatioOverride=false topActivityLetterboxBounds=null cameraCompatTaskInfo=CameraCompatTaskInfo { freeformCameraCompatMode=undefined}} topActivityMainWindowFrame=null}, pipChange = null, remoteTransition = null, displayChange = null, flags = 0, debugId = 194 }
--------- beginning of main
07-06 00:00:59.071 I/BpBinder(  567): onLastStrongRef automatically unlinking death recipients: 
07-06 00:00:59.072 I/netd    (  488): tetherGetStats() -> {[]} <0.99ms>
07-06 00:00:59.073 D/ViewRootImpl( 1124): Skipping stats log for color mode
07-06 00:00:59.077 D/BackgroundInstallControlService(  715): Package event received: 0
07-06 00:00:59.077 D/BackgroundInstallControlService(  715): Package event received: 0
07-06 00:00:59.079 W/IPCThreadState(  715): Sending oneway calls to frozen process.
07-06 00:00:59.079 I/AppWidgetServiceImpl(  715): startListening() 0
07-06 00:00:59.079 W/IPCThreadState(  715): Sending oneway calls to frozen process.
07-06 00:00:59.079 W/IPCThreadState(  715): Sending oneway calls to frozen process.
07-06 00:00:59.080 W/IPCThreadState(  715): Sending oneway calls to frozen process.
07-06 00:00:59.080 W/IPCThreadState(  715): Sending oneway calls to frozen process.
07-06 00:00:59.080 W/IPCThreadState(  715): Sending oneway calls to frozen process.
07-06 00:00:59.080 W/IPCThreadState(  715): Sending oneway calls to frozen process.
07-06 00:00:59.080 W/IPCThreadState(  715): Sending oneway calls to frozen process.
07-06 00:00:59.080 W/IPCThreadState(  715): Sending oneway calls to frozen process.
07-06 00:00:59.081 W/IPCThreadState(  715): Sending oneway calls to frozen process.
07-06 00:00:59.081 W/IPCThreadState(  715): Sending oneway calls to frozen process.
07-06 00:00:59.081 W/IPCThreadState(  715): Sending oneway calls to frozen process.
07-06 00:00:59.081 W/IPCThreadState(  715): Sending oneway calls to frozen process.
07-06 00:00:59.081 W/IPCThreadState(  715): Sending oneway calls to frozen process.
07-06 00:00:59.081 W/IPCThreadState(  715): Sending oneway calls to frozen process.
07-06 00:00:59.081 W/IPCThreadState(  715): Sending oneway calls to frozen process.
07-06 00:00:59.081 W/IPCThreadState(  715): Sending oneway calls to frozen process.
07-06 00:00:59.082 W/IPCThreadState(  715): Sending oneway calls to frozen process.
07-06 00:00:59.082 W/IPCThreadState(  715): Sending oneway calls to frozen process.
07-06 00:00:59.082 W/IPCThreadState(  715): Sending oneway calls to frozen process.
07-06 00:00:59.082 W/IPCThreadState(  715): Sending oneway calls to frozen process.
07-06 00:00:59.084 W/IPCThreadState(  715): Sending oneway calls to frozen process.
07-06 00:00:59.084 W/IPCThreadState(  715): Sending oneway calls to frozen process.
07-06 00:00:59.084 W/IPCThreadState(  715): Sending oneway calls to frozen process.
07-06 00:00:59.085 W/IPCThreadState(  715): Sending oneway calls to frozen process.
07-06 00:00:59.085 D/StatsLog( 1124): LAUNCHER_ONRESUME
07-06 00:00:59.085 W/IPCThreadState(  715): Sending oneway calls to frozen process.
07-06 00:00:59.085 W/IPCThreadState(  715): Sending oneway calls to frozen process.
07-06 00:00:59.085 W/IPCThreadState(  715): Sending oneway calls to frozen process.
07-06 00:00:59.088 D/QuickstepModelDelegate( 1124): notifyAppTargetEvent action=1 launchLocation=workspace/0/[-1,-1]/[1,1]
07-06 00:00:59.088 D/WindowManagerShell(  972): setLauncherKeepClearAreaHeight: visible=true, height=497
07-06 00:00:59.090 W/IPCThreadState(  715): Sending oneway calls to frozen process.
07-06 00:00:59.090 I/BpBinder(  567): onLastStrongRef automatically unlinking death recipients: 
07-06 00:00:59.091 D/NexusLauncherModelDelegate( 1124): notifySmartspaceEvent: SmartspaceTargetEvent{mSmartspaceTarget=null, mSmartspaceActionId='null', mEventType=6}
07-06 00:00:59.091 W/IPCThreadState(  715): Sending oneway calls to frozen process.
07-06 00:00:59.092 W/IPCThreadState(  715): Sending oneway calls to frozen process.
07-06 00:00:59.093 W/IPCThreadState(  715): Sending oneway calls to frozen process.
07-06 00:00:59.095 W/IPCThreadState(  715): Sending oneway calls to frozen process.
07-06 00:00:59.095 W/IPCThreadState(  715): Sending oneway calls to frozen process.
07-06 00:00:59.096 W/IPCThreadState(  715): Sending oneway calls to frozen process.
07-06 00:00:59.096 W/IPCThreadState(  715): Sending oneway calls to frozen process.
07-06 00:00:59.096 W/IPCThreadState(  715): Sending oneway calls to frozen process.
07-06 00:00:59.096 W/IPCThreadState(  715): Sending oneway calls to frozen process.
07-06 00:00:59.097 W/IPCThreadState(  715): Sending oneway calls to frozen process.
07-06 00:00:59.099 W/IPCThreadState(  715): Sending oneway calls to frozen process.
07-06 00:00:59.099 W/IPCThreadState(  715): Sending oneway calls to frozen process.
07-06 00:00:59.099 W/IPCThreadState(  715): Sending oneway calls to frozen process.
07-06 00:00:59.108 I/AppsFilter(  715): interaction: PackageSetting{82e8969 com.android.microdroid.empty_payload/10212} -> PackageSetting{89e03be com.huiyi.mockchat/10217} BLOCKED
07-06 00:00:59.108 I/AppsFilter(  715): interaction: PackageSetting{b28278c com.huiyi.v4/10216} -> PackageSetting{89e03be com.huiyi.mockchat/10217} BLOCKED
07-06 00:00:59.110 D/BaseDepthController( 1124): setSurface:
07-06 00:00:59.110 D/BaseDepthController( 1124): 	mWaitingOnSurfaceValidity: false
07-06 00:00:59.110 D/BaseDepthController( 1124): 	mBaseSurface: Surface(name=com.google.android.apps.nexuslauncher/com.google.android.apps.nexuslauncher.NexusLauncherActivity)/@0xcfe1a4e
07-06 00:00:59.113 I/ImeTracker(  715): com.huiyi.mockchat:2b3b2e8: onRequestHide at ORIGIN_SERVER reason HIDE_REMOVE_CLIENT fromUser false
07-06 00:00:59.114 I/Zygote  (  491): Process 21986 exited due to signal 9 (Killed)
07-06 00:00:59.117 V/ActivityManager(  715): Got obituary of 21986:com.huiyi.mockchat
07-06 00:00:59.121 I/ImeTracker(  715): com.huiyi.mockchat:2b3b2e8: onCancelled at PHASE_SERVER_SHOULD_HIDE
07-06 00:00:59.124 I/WindowManager(  715): WIN DEATH: Window{8862170 u0 com.huiyi.mockchat/com.huiyi.mockchat.MainActivity}
07-06 00:00:59.133 W/ActivityTaskManager(  715): Unable to send transaction to client proc com.huiyi.mockchat: no app thread
07-06 00:00:59.144 I/AppWidgetServiceImpl(  715): Received broadcast: android.intent.action.PACKAGE_RESTARTED on user 0
07-06 00:00:59.144 I/AppWidgetServiceImpl(  715): Updating package stopped masked state for uid 10217 package com.huiyi.mockchat isStopped true
07-06 00:00:59.145 I/adbd    (  576): Remote process closed the socket (on MSG_PEEK)
07-06 00:00:59.152 V/WindowManager(  715): Unknown focus tokens, dropping reportFocusChanged
07-06 00:00:59.153 W/ActivityManager(  715): setHasOverlayUi called on unknown pid: 21986
07-06 00:00:59.161 D/CarrierSvcBindHelper( 1112): onHandleForceStop: [com.huiyi.mockchat]
07-06 00:00:59.176 I/libprocessgroup(  715): Removed cgroup /sys/fs/cgroup/apps/uid_10217/pid_21986
07-06 00:00:59.179 D/CarrierSvcBindHelper( 1112): No carrier app for: 0
07-06 00:00:59.192 I/AiAiEcho( 1480): Predicting[0]:  [CONTEXT sampling_count=5 ]
07-06 00:00:59.192 I/AiAiEcho( 1480): EchoTargets: 
07-06 00:00:59.192 I/AiAiEcho( 1480): Filtered by AiAi flag check: 
07-06 00:00:59.192 I/AiAiEcho( 1480): [CONTEXT ratelimit_period="10 SECONDS" ]
07-06 00:00:59.192 I/AiAiEcho( 1480): #remoteViewsTwiddler: feature disabled.
07-06 00:00:59.200 I/AiAiEcho( 1480): #postPredictionTargets: Sending updates to UISurface home with targets# 0 (types=[])
07-06 00:00:59.252 I/NotificationListener( 1124): Handling notification state refresh for android#0
07-06 00:00:59.252 I/NotificationListener( 1124): Handling notification state refresh for com.google.android.apps.wellbeing#0
07-06 00:00:59.252 I/NotificationListener( 1124): Handling notification state refresh for android#0
07-06 00:00:59.256 D/SsBaseTemplateCard( 1124): No text view can be set up
07-06 00:00:59.256 V/WindowManagerShell(  972): onTransitionReady(transaction=3070901631263)
07-06 00:00:59.257 D/SsBaseTemplateCard( 1124): Passed-in item info is null
07-06 00:00:59.257 V/WindowManagerShell(  972): onTransitionReady (#194) android.os.BinderProxy@bebf994: {id=194 t=CLOSE f=0x0 trk=0 r=[0@Point(0, 0)] c=[
07-06 00:00:59.257 V/WindowManagerShell(  972):         {m=TO_FRONT f=SHOW_WALLPAPER|MOVE_TO_TOP leash=Surface(name=Task=1)/@0xd684d83 sb=Rect(0, 0 - 1084, 2412) eb=Rect(0, 0 - 1084, 2412) epz=Point(1084, 2412) d=0 taskParent=-1},
07-06 00:00:59.257 V/WindowManagerShell(  972):         {m=CLOSE f=NONE leash=Surface(name=Task=205)/@0x3591b00 sb=Rect(0, 0 - 1084, 2412) eb=Rect(0, 0 - 1084, 2412) epz=Point(1084, 2412) d=0 taskParent=-1},
07-06 00:00:59.257 V/WindowManagerShell(  972):         {m=TO_FRONT f=IS_WALLPAPER leash=Surface(name=WallpaperWindowToken{d6cca47 showWhenLocked=false})/@0x52aaf39 sb=Rect(0, 0 - 1084, 2412) eb=Rect(0, 0 - 1084, 2412) epz=Point(1084, 2412) d=0}
07-06 00:00:59.257 V/WindowManagerShell(  972):     ]}
07-06 00:00:59.258 D/SsBaseTemplateCard( 1124): Passed-in item info is null
07-06 00:00:59.258 D/SsBaseTemplateCard( 1124): Passed-in item info is null
07-06 00:00:59.258 I/SsBaseTemplateCard( 1124): Secondary card pane is null
07-06 00:00:59.260 V/WindowManagerShell(  972): Playing animation for (#194) android.os.BinderProxy@bebf994@0
07-06 00:00:59.260 V/ShellRecents(  972): RecentsTransitionHandler.startAnimation: no controller found
07-06 00:00:59.260 V/WindowManagerShell(  972): Transition doesn't have explicit remote, search filters for match for {id=194 t=CLOSE f=0x0 trk=0 r=[0@Point(0, 0)] c=[{m=TO_FRONT f=SHOW_WALLPAPER|MOVE_TO_TOP leash=Surface(name=Task=1)/@0xd684d83 sb=Rect(0, 0 - 1084, 2412) eb=Rect(0, 0 - 1084, 2412) epz=Point(1084, 2412) d=0 taskParent=-1},{m=CLOSE f=NONE leash=Surface(name=Task=205)/@0x3591b00 sb=Rect(0, 0 - 1084, 2412) eb=Rect(0, 0 - 1084, 2412) epz=Point(1084, 2412) d=0 taskParent=-1},{m=TO_FRONT f=IS_WALLPAPER leash=Surface(name=WallpaperWindowToken{d6cca47 showWhenLocked=false})/@0x52aaf39 sb=Rect(0, 0 - 1084, 2412) eb=Rect(0, 0 - 1084, 2412) epz=Point(1084, 2412) d=0}]}
07-06 00:00:59.261 V/WindowManagerShell(  972):  Checking filter Pair{{types=[] flags=0x0] notFlags=0x0 checks=[{atype=undefined independent=true modes=[CLOSE,TO_BACK] flags=IN_TASK_WITH_EMBEDDED_ACTIVITY mustBeTask=false order=ANY topActivity=null launchCookie=null taskFragmentToken=android.os.BinderProxy@9757ff windowingMode=undefined}]} RemoteTransition { remoteTransition = android.window.IRemoteTransition$Stub$Proxy@b7a59cc, appThread = android.app.IApplicationThread$Stub$Proxy@a3c9415, debugName = overlayBackTransition }}
07-06 00:00:59.261 V/WindowManagerShell(  972):  Checking filter Pair{{types=[] flags=0x0] notFlags=0x0 checks=[{atype=dream independent=true modes=[OPEN,TO_FRONT] flags=NONE mustBeTask=false order=ANY topActivity=null launchCookie=null windowingMode=undefined},{atype=home independent=true modes=[CLOSE,TO_BACK] flags=NONE mustBeTask=false order=ANY topActivity=null launchCookie=null windowingMode=undefined}]} RemoteTransition { remoteTransition = android.window.IRemoteTransition$Stub$Proxy@e27a32a, appThread = android.app.IApplicationThread$Stub$Proxy@713751b, debugName = LauncherToDream }}
07-06 00:00:59.261 V/WindowManagerShell(  972):  Checking filter Pair{{types=[] flags=0x0] notFlags=0x100 checks=[{atype=home independent=true modes=[OPEN,TO_FRONT] flags=NONE mustBeTask=false order=TOP topActivity=ComponentInfo{com.google.android.apps.nexuslauncher/com.google.android.apps.nexuslauncher.NexusLauncherActivity} launchCookie=null windowingMode=undefined},{atype=standard independent=true modes=[CLOSE,TO_BACK] flags=NONE mustBeTask=false order=ANY topActivity=null launchCookie=null windowingMode=undefined},{NOT atype=undefined independent=true modes=[] flags=NONE mustBeTask=true order=ANY topActivity=null launchCookie=null customAnim=true windowingMode=undefined}]} RemoteTransition { remoteTransition = android.window.IRemoteTransition$Stub$Proxy@ed946b8, appThread = android.app.IApplicationThread$Stub$Proxy@5f5c91, debugName = QuickstepLaunchHome }}
07-06 00:00:59.261 D/RemoteTransitionHandler(  972): Found filterPair{{types=[] flags=0x0] notFlags=0x100 checks=[{atype=home independent=true modes=[OPEN,TO_FRONT] flags=NONE mustBeTask=false order=TOP topActivity=ComponentInfo{com.google.android.apps.nexuslauncher/com.google.android.apps.nexuslauncher.NexusLauncherActivity} launchCookie=null windowingMode=undefined},{atype=standard independent=true modes=[CLOSE,TO_BACK] flags=NONE mustBeTask=false order=ANY topActivity=null launchCookie=null windowingMode=undefined},{NOT atype=undefined independent=true modes=[] flags=NONE mustBeTask=true order=ANY topActivity=null launchCookie=null customAnim=true windowingMode=undefined}]} RemoteTransition { remoteTransition = android.window.IRemoteTransition$Stub$Proxy@ed946b8, appThread = android.app.IApplicationThread$Stub$Proxy@5f5c91, debugName = QuickstepLaunchHome }}
07-06 00:00:59.261 V/WindowManagerShell(  972):  Delegate animation for (#194) to RemoteTransition { remoteTransition = android.window.IRemoteTransition$Stub$Proxy@ed946b8, appThread = android.app.IApplicationThread$Stub$Proxy@5f5c91, debugName = QuickstepLaunchHome }
07-06 00:00:59.278 D/StateManager( 1124): createAtomicAnimation - fromState: Background, toState: Normal, partial trace:
07-06 00:00:59.278 D/StateManager( 1124): 	at com.android.quickstep.util.ScalingWorkspaceRevealAnim.<init>(go/retraceme 43e00d9cd0eb17b3d9dd30fc1741b1c71445c4c0f7c8c9b81300265c86c5b873:39)
07-06 00:00:59.278 D/StateManager( 1124): 	at com.android.launcher3.QuickstepTransitionManager.createWallpaperOpenAnimations(go/retraceme 43e00d9cd0eb17b3d9dd30fc1741b1c71445c4c0f7c8c9b81300265c86c5b873:168)
07-06 00:00:59.278 D/StateManager( 1124): 	at com.android.launcher3.QuickstepTransitionManager$WallpaperOpenLauncherAnimationRunner.onAnimationStart(go/retraceme 43e00d9cd0eb17b3d9dd30fc1741b1c71445c4c0f7c8c9b81300265c86c5b873:17)
07-06 00:00:59.280 D/b/311077782( 1124): LauncherAnimationRunner.setAnimation
07-06 00:00:59.281 I/s.nexuslauncher( 1124): AssetManager2(0x79075ab1bd78) locale list changing from [] to [en-US]
07-06 00:00:59.285 W/HWUI    ( 1124): Image decoding logging dropped!
07-06 00:00:59.375 V/WindowManager(  715): Sent Transition (#194) createdAt=07-06 00:00:59.061 via request=TransitionRequestInfo { type = CLOSE, triggerTask = TaskInfo{userId=0 taskId=205 effectiveUid=10217 displayId=0 isRunning=false baseIntent=Intent { flg=0x10000000 cmp=com.huiyi.mockchat/.MainActivity } baseActivity=null topActivity=null origActivity=null realActivity=ComponentInfo{com.huiyi.mockchat/com.huiyi.mockchat.MainActivity} numActivities=0 lastActiveTime=38352690 supportsMultiWindow=true resizeMode=1 isResizeable=true minWidth=-1 minHeight=-1 defaultMinSize=220 token=WCT{RemoteToken{cbf5609 Task{b8eea74 #205 type=standard A=10217:com.huiyi.mockchat}}} topActivityType=1 pictureInPictureParams=null shouldDockBigOverlays=false launchIntoPipHostTaskId=-1 lastParentTaskIdBeforePip=-1 displayCutoutSafeInsets=Rect(0, 0 - 0, 0) topActivityInfo=null launchCookies=[] positionInParent=Point(0, 0) parentTaskId=-1 isFocused=true isVisible=true isVisibleRequested=true isTopActivityNoDisplay=false isSleeping=false locusId=null displayAreaFeatureId=1 isTopActivityTransparent=false isActivityStackTransparent=true lastNonFullscreenBounds=Rect(286, 664 - 798, 1748) capturedLink=null capturedLinkTimestamp=0 requestedVisibleTypes=-9 topActivityRequestOpenInBrowserEducationTimestamp=0 appCompatTaskInfo=AppCompatTaskInfo { topActivityInSizeCompat=false eligibleForLetterboxEducation= false isLetterboxEducationEnabled= false isLetterboxDoubleTapEnabled= false eligibleForUserAspectRatioButton= false topActivityBoundsLetterboxed= false isFromLetterboxDoubleTap= false topActivityLetterboxVerticalPosition= -1 topActivityLetterboxHorizontalPosition= -1 topActivityLetterboxWidth=-1 topActivityLetterboxHeight=-1 topActivityAppBounds=Rect(0, 0 - 0, 0) isUserFullscreenOverrideEnabled=false isSystemFullscreenOverrideEnabled=false hasMinAspectRatioOverride=false topActivityLetterboxBounds=null cameraCompatTaskInfo=CameraCompatTaskInfo { freeformCameraCompatMode=undefined}} topActivityMainWindowFrame=null}, pipChange = null, remoteTransition = null, displayChange = null, flags = 0, debugId = 194 }
07-06 00:00:59.375 V/WindowManager(  715):     startWCT=WindowContainerTransaction { changes= {} hops= [] errorCallbackToken=null taskFragmentOrganizer=null }
07-06 00:00:59.375 I/RanchuHwc(  516): logCompositionFallbackIfChanged: layer 530 CompositionType fallback from 2 to 1
07-06 00:00:59.375 I/RanchuHwc(  516): logCompositionFallbackIfChanged: layer 529 CompositionType fallback from 2 to 1
07-06 00:00:59.376 V/WindowManager(  715):     info={id=194 t=CLOSE f=0x0 trk=0 r=[0@Point(0, 0)] c=[
07-06 00:00:59.376 V/WindowManager(  715):         {WCT{RemoteToken{ba7d2de Task{f5e704d #1 type=home}}} m=TO_FRONT f=SHOW_WALLPAPER|MOVE_TO_TOP leash=Surface(name=Task=1)/@0x55c111d sb=Rect(0, 0 - 1084, 2412) eb=Rect(0, 0 - 1084, 2412) epz=Point(1084, 2412) d=0 taskParent=-1},
07-06 00:00:59.376 V/WindowManager(  715):         {WCT{RemoteToken{cbf5609 Task{b8eea74 #205 type=standard A=10217:com.huiyi.mockchat}}} m=CLOSE f=NONE leash=Surface(name=Task=205)/@0xf40c3d3 sb=Rect(0, 0 - 1084, 2412) eb=Rect(0, 0 - 1084, 2412) epz=Point(1084, 2412) d=0 taskParent=-1},
07-06 00:00:59.376 V/WindowManager(  715):         {m=TO_FRONT f=IS_WALLPAPER leash=Surface(name=WallpaperWindowToken{d6cca47 showWhenLocked=false})/@0x17505f4 sb=Rect(0, 0 - 1084, 2412) eb=Rect(0, 0 - 1084, 2412) epz=Point(1084, 2412) d=0}
07-06 00:00:59.376 V/WindowManager(  715):     ]}
07-06 00:00:59.377 V/WindowManagerShell(  972):  animated by com.android.wm.shell.transition.RemoteTransitionHandler@1403b21
07-06 00:00:59.380 W/Looper  (  972): Slow dispatch took 123ms wmshell.main app=com.android.systemui main=false group=FOREGROUND h=android.os.Handler c=com.android.wm.shell.transition.Transitions$TransitionPlayerImpl$$ExternalSyntheticLambda0@ff75f8a m=0
07-06 00:00:59.389 I/BpBinder(  567): onLastStrongRef automatically unlinking death recipients: 
07-06 00:00:59.412 I/ImeTracker(  715): com.google.android.apps.nexuslauncher:e1f2b24d: onRequestHide at ORIGIN_SERVER reason HIDE_UNSPECIFIED_WINDOW fromUser false
07-06 00:00:59.420 I/GoogleInputMethodService( 1395): GoogleInputMethodService.onFinishInput():2043 
07-06 00:00:59.422 I/Module  ( 1395): DeviceLockedStatusModuleProvider$Module.updateDeviceLockedStatus():100 repeatCheckTimes = 0, locked = false
07-06 00:00:59.427 I/ImeTracker(  715): system_server:3e03fa9d: onRequestHide at ORIGIN_SERVER reason IME_REQUESTED_CHANGED_LISTENER fromUser false
07-06 00:00:59.429 I/GoogleInputMethodService( 1395): GoogleInputMethodService.onStartInput():1293 onStartInput(EditorInfo{EditorInfo{packageName=com.google.android.apps.nexuslauncher, inputType=0, inputTypeString=NULL, enableLearning=false, autoCorrection=false, autoComplete=false, imeOptions=0, privateImeOptions=null, actionName=UNSPECIFIED, actionLabel=null, initialSelStart=-1, initialSelEnd=-1, initialCapsMode=0, label=null, fieldId=0, fieldName=null, extras=null, hintText=null, hintLocales=[]}}, false)
07-06 00:00:59.431 W/PackageConfigPersister(  715): App-specific configuration not found for packageName: com.google.android.apps.nexuslauncher and userId: 0
07-06 00:00:59.432 I/Module  ( 1395): DeviceLockedStatusModuleProvider$Module.updateDeviceLockedStatus():100 repeatCheckTimes = 1, locked = false
07-06 00:00:59.438 I/ImeTracker(  715): system_server:3e03fa9d: onCancelled at PHASE_SERVER_SHOULD_HIDE
07-06 00:00:59.449 W/ActivityTaskManager(  715): Unable to send transaction to client proc com.huiyi.mockchat: no app thread
07-06 00:00:59.461 D/InsetsController( 1124): hide(ime(), fromIme=false)
07-06 00:00:59.463 I/ImeTracker( 1124): com.google.android.apps.nexuslauncher:e1f2b24d: onCancelled at PHASE_CLIENT_ALREADY_HIDDEN
07-06 00:00:59.523 W/ActivityTaskManager(  715): callingPackage for (uid=2000, pid=22262) has no WPC
07-06 00:00:59.524 V/GrammaticalInflectionUtils(  715): AttributionSource: AttributionSource { uid = 10217, packageName = null, attributionTag = null, token = android.os.Binder@2b6457c, deviceId = 0, next = null } does not have READ_SYSTEM_GRAMMATICAL_GENDER permission.
07-06 00:00:59.527 W/OptProp (  715): Cannot read opt property android.window.PROPERTY_COMPAT_ALLOW_USER_ASPECT_RATIO_OVERRIDE
07-06 00:00:59.528 W/OptProp (  715): Cannot read opt property android.window.PROPERTY_COMPAT_ALLOW_USER_ASPECT_RATIO_FULLSCREEN_OVERRIDE
07-06 00:00:59.528 W/OptProp (  715): Cannot read opt property android.window.PROPERTY_COMPAT_ALLOW_RESIZEABLE_ACTIVITY_OVERRIDES
07-06 00:00:59.529 W/OptProp (  715): Cannot read opt property android.window.PROPERTY_COMPAT_ALLOW_MIN_ASPECT_RATIO_OVERRIDE
07-06 00:00:59.540 W/OptProp (  715): Cannot read opt property android.window.PROPERTY_COMPAT_ALLOW_ORIENTATION_OVERRIDE
07-06 00:00:59.546 V/SplashScreenExceptionList(  715): SplashScreen checking exception for package com.huiyi.mockchat (target sdk:35) -> false
07-06 00:00:59.555 I/ActivityTaskManager(  715): Add Task{b8eea74 #205 type=standard A=10217:com.huiyi.mockchat} to hidden list because adding Task{6f01d07 #206 type=standard A=10217:com.huiyi.mockchat}
07-06 00:00:59.557 I/ActivityTaskManager(  715): START u0 {flg=0x10000000 xflg=0x5 cmp=com.huiyi.mockchat/.MainActivity (has extras)} with LAUNCH_MULTIPLE from uid 2000 (BAL_ALLOW_PERMISSION) result code=0
07-06 00:00:59.561 D/CompatChangeReporter(  715): Compat change id reported: 309578419; UID 10217; state: ENABLED
07-06 00:00:59.569 W/HWUI    (  972): Image decoding logging dropped!
07-06 00:00:59.569 V/WindowManagerShell(  972): Transition requested (#195): android.os.BinderProxy@80dfead TransitionRequestInfo { type = OPEN, triggerTask = TaskInfo{userId=0 taskId=206 effectiveUid=10217 displayId=0 isRunning=true baseIntent=Intent { flg=0x10000000 cmp=com.huiyi.mockchat/.MainActivity } baseActivity=ComponentInfo{com.huiyi.mockchat/com.huiyi.mockchat.MainActivity} topActivity=ComponentInfo{com.huiyi.mockchat/com.huiyi.mockchat.MainActivity} origActivity=null realActivity=ComponentInfo{com.huiyi.mockchat/com.huiyi.mockchat.MainActivity} numActivities=1 lastActiveTime=38380510 supportsMultiWindow=true resizeMode=1 isResizeable=true minWidth=-1 minHeight=-1 defaultMinSize=220 token=WCT{android.window.IWindowContainerToken$Stub$Proxy@85c55e2} topActivityType=1 pictureInPictureParams=null shouldDockBigOverlays=false launchIntoPipHostTaskId=-1 lastParentTaskIdBeforePip=-1 displayCutoutSafeInsets=Rect(0, 0 - 0, 0) topActivityInfo=ActivityInfo{479d73 com.huiyi.mockchat.MainActivity} launchCookies=[] positionInParent=Point(0, 0) parentTaskId=-1 isFocused=false isVisible=false isVisibleRequested=false isTopActivityNoDisplay=false isSleeping=false locusId=null displayAreaFeatureId=1 isTopActivityTransparent=false isActivityStackTransparent=false lastNonFullscreenBounds=Rect(286, 664 - 798, 1748) capturedLink=null capturedLinkTimestamp=0 requestedVisibleTypes=-9 topActivityRequestOpenInBrowserEducationTimestamp=0 appCompatTaskInfo=AppCompatTaskInfo { topActivityInSizeCompat=false eligibleForLetterboxEducation= false isLetterboxEducationEnabled= true isLetterboxDoubleTapEnabled= false eligibleForUserAspectRatioButton= false topActivityBoundsLetterboxed= false isFromLetterboxDoubleTap= false topActivityLetterboxVerticalPosition= -1 topActivityLetterboxHorizontalPosition= -1 topActivityLetterboxWidth=-1 topActivityLetterboxHeight=-1 topActivityAppBounds=Rect(0, 0 - 1084, 2412) isUserFullscreenOverrideEnabled=false isSystemFullscreenOverrideEnabled=false hasMinAspectRatioOverride=false topActivityLetterboxBounds=null cameraCompatTaskInfo=CameraCompatTaskInfo { freeformCameraCompatMode=inactive}} topActivityMainWindowFrame=null}, pipChange = null, remoteTransition = null, displayChange = null, flags = 0, debugId = 195 }
07-06 00:00:59.570 D/ShellSplitScreen(  972): logExit: no-op, mLoggerSessionId is null
07-06 00:00:59.587 D/SplashScreenView(  972): Build android.window.SplashScreenView{26dee2e V.E...... ......ID 0,0-0,0}
07-06 00:00:59.587 D/SplashScreenView(  972): Icon: view: android.widget.ImageView{cf49dcf V.ED..... ......I. 0,0-0,0 #1020542 android:id/splashscreen_icon_view} drawable: com.android.wm.shell.startingsurface.SplashscreenIconDrawableFactory$ImmobileIconDrawable@956735c size: 395
07-06 00:00:59.587 D/SplashScreenView(  972): Branding: view: android.view.View{61d5665 G.ED..... ......I. 0,0-0,0 #1020541 android:id/splashscreen_branding_view} drawable: null size w: 0 h: 0
07-06 00:00:59.593 V/GrammaticalInflectionUtils(  715): AttributionSource: AttributionSource { uid = 10217, packageName = null, attributionTag = null, token = android.os.Binder@2b6457c, deviceId = 0, next = null } does not have READ_SYSTEM_GRAMMATICAL_GENDER permission.
07-06 00:00:59.616 W/IPCThreadState(  630): Sending oneway calls to frozen process.
07-06 00:00:59.627 W/SplitSelectStateCtor( 1124): Missing session instanceIds
07-06 00:00:59.627 D/StatsLog( 1124): LAUNCHER_SPLIT_SELECTION_EXIT_INTERRUPTED
07-06 00:00:59.637 I/AppsFilter(  715): interaction: PackageSetting{82e8969 com.android.microdroid.empty_payload/10212} -> PackageSetting{ae782a3 com.huiyi.mockchat/10217} BLOCKED
07-06 00:00:59.637 I/AppsFilter(  715): interaction: PackageSetting{b28278c com.huiyi.v4/10216} -> PackageSetting{ae782a3 com.huiyi.mockchat/10217} BLOCKED
07-06 00:00:59.642 D/WindowManagerShell(  972): setLauncherKeepClearAreaHeight: visible=false, height=497
07-06 00:00:59.644 D/Zygote  (  491): Forked child process 22267
07-06 00:00:59.652 D/BackgroundInstallControlService(  715): Package event received: 0
07-06 00:00:59.653 W/ActivityManager(  715): Slow operation: 59ms so far, now at startProcess: returned from zygote!
07-06 00:00:59.659 W/ActivityManager(  715): Slow operation: 65ms so far, now at startProcess: done updating battery stats
07-06 00:00:59.660 W/ActivityManager(  715): Slow operation: 67ms so far, now at startProcess: building log message
07-06 00:00:59.661 I/ActivityManager(  715): Start proc 22267:com.huiyi.mockchat/u0a217 for next-top-activity {com.huiyi.mockchat/com.huiyi.mockchat.MainActivity}
07-06 00:00:59.668 W/ActivityManager(  715): Slow operation: 75ms so far, now at startProcess: starting to update pids map
07-06 00:00:59.676 I/ActivityManager(  715): ProcessObserver broadcast disabled
07-06 00:00:59.680 W/ActivityManager(  715): Slow operation: 83ms so far, now at startProcess: done updating pids map
07-06 00:00:59.682 I/AppWidgetServiceImpl(  715): Received broadcast: android.intent.action.PACKAGE_UNSTOPPED on user 0
07-06 00:00:59.682 I/AppWidgetServiceImpl(  715): Updating package stopped masked state for uid 10217 package com.huiyi.mockchat isStopped false
07-06 00:00:59.692 D/CoreBackPreview(  715): Window{a3a391e u0 Splash Screen com.huiyi.mockchat}: Setting back callback OnBackInvokedCallbackInfo{mCallback=android.window.IOnBackInvokedCallback$Stub$Proxy@6f455f7, mPriority=0, mIsAnimationCallback=false, mOverrideBehavior=0}
07-06 00:00:59.692 I/BpBinder(  567): onLastStrongRef automatically unlinking death recipients: 
07-06 00:00:59.695 I/.huiyi.mockchat(22267): Late-enabling -Xcheck:jni
07-06 00:00:59.707 W/.huiyi.mockchat(22267): Suspending all threads took: 5.040ms
07-06 00:00:59.765 I/.huiyi.mockchat(22267): Using CollectorTypeCMC GC.
07-06 00:00:59.770 W/.huiyi.mockchat(22267): Unexpected CPU variant for x86: x86_64.
07-06 00:00:59.770 W/.huiyi.mockchat(22267): Known variants: atom, sandybridge, silvermont, goldmont, goldmont-plus, goldmont-without-sha-xsaves, tremont, kabylake, alderlake, default
07-06 00:00:59.777 D/nativeloader(22267): Load libframework-connectivity-tiramisu-jni.so using APEX ns com_android_tethering for caller /apex/com.android.tethering/javalib/framework-connectivity-t.jar: ok
07-06 00:00:59.783 I/adbd    (  576): jdwp connection from 22267
07-06 00:00:59.833 D/BackgroundInstallControlService(  715): Package event received: 0
07-06 00:00:59.858 V/WindowManager(  715): Sent Transition (#195) createdAt=07-06 00:00:59.529 via request=TransitionRequestInfo { type = OPEN, triggerTask = TaskInfo{userId=0 taskId=206 effectiveUid=10217 displayId=0 isRunning=true baseIntent=Intent { flg=0x10000000 cmp=com.huiyi.mockchat/.MainActivity } baseActivity=ComponentInfo{com.huiyi.mockchat/com.huiyi.mockchat.MainActivity} topActivity=ComponentInfo{com.huiyi.mockchat/com.huiyi.mockchat.MainActivity} origActivity=null realActivity=ComponentInfo{com.huiyi.mockchat/com.huiyi.mockchat.MainActivity} numActivities=1 lastActiveTime=38380510 supportsMultiWindow=true resizeMode=1 isResizeable=true minWidth=-1 minHeight=-1 defaultMinSize=220 token=WCT{RemoteToken{27525ce Task{6f01d07 #206 type=standard A=10217:com.huiyi.mockchat}}} topActivityType=1 pictureInPictureParams=null shouldDockBigOverlays=false launchIntoPipHostTaskId=-1 lastParentTaskIdBeforePip=-1 displayCutoutSafeInsets=Rect(0, 0 - 0, 0) topActivityInfo=ActivityInfo{8ba0cef com.huiyi.mockchat.MainActivity} launchCookies=[] positionInParent=Point(0, 0) parentTaskId=-1 isFocused=false isVisible=false isVisibleRequested=false isTopActivityNoDisplay=false isSleeping=false locusId=null displayAreaFeatureId=1 isTopActivityTransparent=false isActivityStackTransparent=false lastNonFullscreenBounds=Rect(286, 664 - 798, 1748) capturedLink=null capturedLinkTimestamp=0 requestedVisibleTypes=-9 topActivityRequestOpenInBrowserEducationTimestamp=0 appCompatTaskInfo=AppCompatTaskInfo { topActivityInSizeCompat=false eligibleForLetterboxEducation= false isLetterboxEducationEnabled= true isLetterboxDoubleTapEnabled= false eligibleForUserAspectRatioButton= false topActivityBoundsLetterboxed= false isFromLetterboxDoubleTap= false topActivityLetterboxVerticalPosition= -1 topActivityLetterboxHorizontalPosition= -1 topActivityLetterboxWidth=-1 topActivityLetterboxHeight=-1 topActivityAppBounds=Rect(0, 0 - 1084, 2412) isUserFullscreenOverrideEnabled=false isSystemFullscreenOverrideEnabled=false hasMinAspectRatioOverride=false topActivityLetterboxBounds=null cameraCompatTaskInfo=CameraCompatTaskInfo { freeformCameraCompatMode=inactive}} topActivityMainWindowFrame=null}, pipChange = null, remoteTransition = null, displayChange = null, flags = 0, debugId = 195 }
07-06 00:00:59.860 V/WindowManagerShell(  972): onTransitionReady(transaction=3070901631286)
07-06 00:00:59.861 V/WindowManager(  715):     startWCT=WindowContainerTransaction { changes= {} hops= [] errorCallbackToken=null taskFragmentOrganizer=null }
07-06 00:00:59.862 V/WindowManager(  715):     info={id=195 t=OPEN f=0x0 trk=0 r=[0@Point(0, 0)] c=[
07-06 00:00:59.862 V/WindowManager(  715):         {WCT{RemoteToken{27525ce Task{6f01d07 #206 type=standard A=10217:com.huiyi.mockchat}}} m=OPEN f=NONE leash=Surface(name=Task=206)/@0x90e5a93 sb=Rect(0, 0 - 1084, 2412) eb=Rect(0, 0 - 1084, 2412) epz=Point(1084, 2412) d=0 taskParent=-1},
07-06 00:00:59.862 V/WindowManager(  715):         {WCT{RemoteToken{ba7d2de Task{f5e704d #1 type=home}}} m=TO_BACK f=SHOW_WALLPAPER leash=Surface(name=Task=1)/@0x55c111d sb=Rect(0, 0 - 1084, 2412) eb=Rect(0, 0 - 1084, 2412) epz=Point(1084, 2412) d=0 taskParent=-1},
07-06 00:00:59.862 V/WindowManager(  715):         {m=TO_BACK f=IS_WALLPAPER leash=Surface(name=WallpaperWindowToken{d6cca47 showWhenLocked=false})/@0x17505f4 sb=Rect(0, 0 - 1084, 2412) eb=Rect(0, 0 - 1084, 2412) epz=Point(1084, 2412) d=0}
07-06 00:00:59.862 V/WindowManager(  715):     ]}
07-06 00:00:59.881 W/Looper  (  972): Slow delivery took 64ms wmshell.main app=com.android.systemui main=false group=TOP_APP h=android.os.Handler c=null m=1
07-06 00:00:59.881 V/WindowManagerShell(  972): onTransitionReady (#195) android.os.BinderProxy@80dfead: {id=195 t=OPEN f=0x0 trk=0 r=[0@Point(0, 0)] c=[
07-06 00:00:59.881 V/WindowManagerShell(  972):         {m=OPEN f=NONE leash=Surface(name=Task=206)/@0x44b6b8c sb=Rect(0, 0 - 1084, 2412) eb=Rect(0, 0 - 1084, 2412) epz=Point(1084, 2412) d=0 taskParent=-1},
07-06 00:00:59.881 V/WindowManagerShell(  972):         {m=TO_BACK f=SHOW_WALLPAPER leash=Surface(name=Task=1)/@0x929a2d5 sb=Rect(0, 0 - 1084, 2412) eb=Rect(0, 0 - 1084, 2412) epz=Point(1084, 2412) d=0 taskParent=-1},
07-06 00:00:59.881 V/WindowManagerShell(  972):         {m=TO_BACK f=IS_WALLPAPER leash=Surface(name=WallpaperWindowToken{d6cca47 showWhenLocked=false})/@0xc156aea sb=Rect(0, 0 - 1084, 2412) eb=Rect(0, 0 - 1084, 2412) epz=Point(1084, 2412) d=0}
07-06 00:00:59.881 V/WindowManagerShell(  972):     ]}
07-06 00:00:59.882 V/WindowManagerShell(  972): Transition (#195) android.os.BinderProxy@80dfead@0 ready while (#194) android.os.BinderProxy@bebf994@0 is still animating. Notify the animating transition in case they can be merged
07-06 00:00:59.882 V/WindowManagerShell(  972):    Merge into remote: RemoteTransition { remoteTransition = android.window.IRemoteTransition$Stub$Proxy@ed946b8, appThread = android.app.IApplicationThread$Stub$Proxy@5f5c91, debugName = QuickstepLaunchHome }
07-06 00:00:59.888 D/AndroidRuntime(22265): >>>>>> START com.android.internal.os.RuntimeInit uid 2000 <<<<<<
07-06 00:00:59.903 I/AndroidRuntime(22265): Using default boot image
07-06 00:00:59.903 I/AndroidRuntime(22265): Leaving lock profiling enabled
07-06 00:00:59.907 I/app_process(22265): Core platform API reporting enabled, enforcing=false
07-06 00:00:59.908 W/Looper  (  972): Drained
07-06 00:00:59.909 I/app_process(22265): Using CollectorTypeCMC GC.
07-06 00:00:59.922 V/WindowManagerShell(  972): Transition animation finished (aborted=false), notifying core (#194) android.os.BinderProxy@bebf994@0
07-06 00:00:59.924 V/WindowManager(  715): Finish Transition (#194): created at 07-06 00:00:59.061 collect-started=0.328ms request-sent=0.414ms started=12.589ms ready=24.514ms sent=192.342ms commit=46.96ms finished=862.207ms
--------- beginning of kernel
07-06 00:00:59.902 I/binder  (    0): 2119:715 cannot find target node
07-06 00:00:59.903 I/binder  (    0): 715:2119 transaction async to 0:0 failed 5922411/29189/-22, size 64-0 line 3348
07-06 00:00:59.930 E/IPCThreadState(  715): Binder transaction failure. id: 5922411, BR_*: 29189, error: -22 (Invalid argument)
07-06 00:00:59.936 W/ActivityManager(  715): pid 715 system sent binder code 7 with flags 1 to frozen apps and got error -32
07-06 00:00:59.937 W/WindowManager(  715): Exception thrown during dispatchAppVisibility Window{8862170 u0 com.huiyi.mockchat/com.huiyi.mockchat.MainActivity EXITING}
07-06 00:00:59.937 W/WindowManager(  715): android.os.DeadObjectException
07-06 00:00:59.937 W/WindowManager(  715): 	at android.os.BinderProxy.transactNative(Native Method)
07-06 00:00:59.937 W/WindowManager(  715): 	at android.os.BinderProxy.transact(BinderProxy.java:592)
07-06 00:00:59.937 W/WindowManager(  715): 	at android.view.IWindow$Stub$Proxy.dispatchAppVisibility(IWindow.java:557)
07-06 00:00:59.937 W/WindowManager(  715): 	at com.android.server.wm.WindowState.sendAppVisibilityToClients(WindowState.java:3151)
07-06 00:00:59.937 W/WindowManager(  715): 	at com.android.server.wm.WindowContainer.sendAppVisibilityToClients(WindowContainer.java:1311)
07-06 00:00:59.937 W/WindowManager(  715): 	at com.android.server.wm.WindowToken.setClientVisible(WindowToken.java:389)
07-06 00:00:59.937 W/WindowManager(  715): 	at com.android.server.wm.ActivityRecord.setClientVisible(ActivityRecord.java:6650)
07-06 00:00:59.937 W/WindowManager(  715): 	at com.android.server.wm.ActivityRecord.commitVisibility(ActivityRecord.java:5561)
07-06 00:00:59.937 W/WindowManager(  715): 	at com.android.server.wm.Transition.finishTransition(Transition.java:1391)
07-06 00:00:59.937 W/WindowManager(  715): 	at com.android.server.wm.TransitionController.finishTransition(TransitionController.java:1029)
07-06 00:00:59.937 W/WindowManager(  715): 	at com.android.server.wm.WindowOrganizerController.finishTransition(WindowOrganizerController.java:496)
07-06 00:00:59.937 W/WindowManager(  715): 	at android.window.IWindowOrganizerController$Stub.onTransact(IWindowOrganizerController.java:261)
07-06 00:00:59.937 W/WindowManager(  715): 	at com.android.server.wm.WindowOrganizerController.onTransact(WindowOrganizerController.java:223)
07-06 00:00:59.937 W/WindowManager(  715): 	at android.os.Binder.execTransactInternal(Binder.java:1426)
07-06 00:00:59.937 W/WindowManager(  715): 	at android.os.Binder.execTransact(Binder.java:1365)
07-06 00:00:59.937 W/Process (  715): Unable to open /proc/21986/status
07-06 00:00:59.953 V/WindowManagerShell(  972): Playing animation for (#195) android.os.BinderProxy@80dfead@0
07-06 00:00:59.955 V/ShellRecents(  972): RecentsTransitionHandler.startAnimation: no controller found
07-06 00:00:59.956 V/WindowManagerShell(  972): Transition doesn't have explicit remote, search filters for match for {id=195 t=OPEN f=0x0 trk=0 r=[0@Point(0, 0)] c=[{m=OPEN f=NONE leash=Surface(name=Task=206)/@0x44b6b8c sb=Rect(0, 0 - 1084, 2412) eb=Rect(0, 0 - 1084, 2412) epz=Point(1084, 2412) d=0 taskParent=-1},{m=TO_BACK f=SHOW_WALLPAPER leash=Surface(name=Task=1)/@0x929a2d5 sb=Rect(0, 0 - 1084, 2412) eb=Rect(0, 0 - 1084, 2412) epz=Point(1084, 2412) d=0 taskParent=-1},{m=TO_BACK f=IS_WALLPAPER leash=Surface(name=WallpaperWindowToken{d6cca47 showWhenLocked=false})/@0xc156aea sb=Rect(0, 0 - 1084, 2412) eb=Rect(0, 0 - 1084, 2412) epz=Point(1084, 2412) d=0}]}
07-06 00:00:59.959 V/WindowManagerShell(  972):  Checking filter Pair{{types=[] flags=0x0] notFlags=0x0 checks=[{atype=undefined independent=true modes=[CLOSE,TO_BACK] flags=IN_TASK_WITH_EMBEDDED_ACTIVITY mustBeTask=false order=ANY topActivity=null launchCookie=null taskFragmentToken=android.os.BinderProxy@9757ff windowingMode=undefined}]} RemoteTransition { remoteTransition = android.window.IRemoteTransition$Stub$Proxy@b7a59cc, appThread = android.app.IApplicationThread$Stub$Proxy@a3c9415, debugName = overlayBackTransition }}
07-06 00:00:59.959 V/WindowManagerShell(  972):  Checking filter Pair{{types=[] flags=0x0] notFlags=0x0 checks=[{atype=dream independent=true modes=[OPEN,TO_FRONT] flags=NONE mustBeTask=false order=ANY topActivity=null launchCookie=null windowingMode=undefined},{atype=home independent=true modes=[CLOSE,TO_BACK] flags=NONE mustBeTask=false order=ANY topActivity=null launchCookie=null windowingMode=undefined}]} RemoteTransition { remoteTransition = android.window.IRemoteTransition$Stub$Proxy@e27a32a, appThread = android.app.IApplicationThread$Stub$Proxy@713751b, debugName = LauncherToDream }}
07-06 00:00:59.959 V/WindowManagerShell(  972):  Checking filter Pair{{types=[] flags=0x0] notFlags=0x100 checks=[{atype=home independent=true modes=[OPEN,TO_FRONT] flags=NONE mustBeTask=false order=TOP topActivity=ComponentInfo{com.google.android.apps.nexuslauncher/com.google.android.apps.nexuslauncher.NexusLauncherActivity} launchCookie=null windowingMode=undefined},{atype=standard independent=true modes=[CLOSE,TO_BACK] flags=NONE mustBeTask=false order=ANY topActivity=null launchCookie=null windowingMode=undefined},{NOT atype=undefined independent=true modes=[] flags=NONE mustBeTask=true order=ANY topActivity=null launchCookie=null customAnim=true windowingMode=undefined}]} RemoteTransition { remoteTransition = android.window.IRemoteTransition$Stub$Proxy@ed946b8, appThread = android.app.IApplicationThread$Stub$Proxy@5f5c91, debugName = QuickstepLaunchHome }}
07-06 00:00:59.959 V/WindowManagerShell(  972):  Delegate animation for (#195) to null
07-06 00:00:59.964 V/WindowManagerShell(  972): start default transition animation, info = {id=195 t=OPEN f=0x0 trk=0 r=[0@Point(0, 0)] c=[{m=OPEN f=NONE leash=Surface(name=Task=206)/@0x44b6b8c sb=Rect(0, 0 - 1084, 2412) eb=Rect(0, 0 - 1084, 2412) epz=Point(1084, 2412) d=0 taskParent=-1},{m=TO_BACK f=SHOW_WALLPAPER leash=Surface(name=Task=1)/@0x929a2d5 sb=Rect(0, 0 - 1084, 2412) eb=Rect(0, 0 - 1084, 2412) epz=Point(1084, 2412) d=0 taskParent=-1},{m=TO_BACK f=IS_WALLPAPER leash=Surface(name=WallpaperWindowToken{d6cca47 showWhenLocked=false})/@0xc156aea sb=Rect(0, 0 - 1084, 2412) eb=Rect(0, 0 - 1084, 2412) epz=Point(1084, 2412) d=0}]}
07-06 00:00:59.969 V/WindowManagerShell(  972): loadAnimation: anim=android.view.animation.AnimationSet@d34578d animAttr=0x13 type=OPEN isEntrance=false
07-06 00:00:59.972 V/WindowManagerShell(  972): loadAnimation: anim=android.view.animation.AnimationSet@19bdf89 animAttr=0x12 type=OPEN isEntrance=true
07-06 00:00:59.974 V/WindowManagerShell(  972):  animated by com.android.wm.shell.transition.DefaultTransitionHandler@a9e94ad
07-06 00:00:59.978 W/Looper  (  972): Slow dispatch took 57ms wmshell.main app=com.android.systemui main=false group=TOP_APP h=android.os.Handler c=com.android.wm.shell.transition.RemoteTransitionHandler$1$$ExternalSyntheticLambda0@a701b8e m=0
07-06 00:00:59.991 E/BpTransactionCompletedListener(  567): Failed to transact (-32)
07-06 00:01:00.006 D/RecentsView( 1124): onTaskRemoved: 205, not handling task stack changes
07-06 00:01:00.007 D/RecentsView( 1124): onTaskRemoved: 205, not handling task stack changes
07-06 00:01:00.082 D/nativeloader(22265): InitDefaultPublicLibraries for_preload=1: libandroid.so:libaaudio.so:libamidi.so:libbinder_ndk.so:libc.so:libcamera2ndk.so:libdl.so:libEGL.so:libGLESv1_CM.so:libGLESv2.so:libGLESv3.so:libicu.so:libicui18n.so:libicuuc.so:libjnigraphics.so:liblog.so:libmediandk.so:libm.so:libnativehelper.so:libnativewindow.so:libOpenMAXAL.so:libOpenSLES.so:libRS.so:libstdc++.so:libsync.so:libvulkan.so:libwebviewchromium_plat_support.so:libz.so
07-06 00:01:00.099 D/nativeloader(22265): Load libicu_jni.so using APEX ns com_android_art for caller /apex/com.android.art/javalib/core-oj.jar: ok
07-06 00:01:00.100 D/app_process(22265): u_setTimeZoneFilesDirectory("/apex/com.android.tzdata/etc/tz/versioned/9/icu") succeeded. 
07-06 00:01:00.100 D/app_process(22265): I18n APEX ICU file found: /apex/com.android.i18n/etc/icu/icudt76l.dat
07-06 00:01:00.103 D/nativeloader(22265): Load libjavacore.so using APEX ns com_android_art for caller /apex/com.android.art/javalib/core-oj.jar: ok
07-06 00:01:00.105 D/nativeloader(22265): Load libopenjdk.so using APEX ns com_android_art for caller /apex/com.android.art/javalib/core-oj.jar: ok
07-06 00:01:00.107 W/app_process(22265): Unexpected CPU variant for x86: x86_64.
07-06 00:01:00.107 W/app_process(22265): Known variants: atom, sandybridge, silvermont, goldmont, goldmont-plus, goldmont-without-sha-xsaves, tremont, kabylake, alderlake, default
07-06 00:01:00.110 W/app_process(22265): ClassLoaderContext shared library size mismatch. Expected=2, found=0 (PCL[]{PCL[/system/framework/android.test.base.jar*2789897741]#PCL[/system/framework/android.test.mock.jar*3361312393]} | PCL[])
07-06 00:01:00.113 W/app_process(22265): ClassLoaderContext classpath size mismatch. expected=0, found=1 (PCL[]{PCL[/system/framework/android.test.runner.jar*895143020]#PCL[/system/framework/android.test.base.jar*2789897741]} | PCL[/system/framework/android.test.runner.jar*895143020])
07-06 00:01:00.145 D/nativeloader(22265): Load libframework-connectivity-tiramisu-jni.so using APEX ns com_android_tethering for caller /apex/com.android.tethering/javalib/framework-connectivity-t.jar: ok
07-06 00:01:00.149 D/AndroidRuntime(22265): Calling main entry com.android.commands.uiautomator.Launcher
07-06 00:01:00.161 I/AconfigPackage(22265): android.media.swcodec.flags is mapped to com.android.media.swcodec
07-06 00:01:00.162 I/AconfigPackage(22265): com.google.android.settings.simplemode.flags is mapped to system_ext
07-06 00:01:00.163 I/AconfigPackage(22265): com.google.android.systemui is mapped to system_ext
07-06 00:01:00.163 I/AconfigPackage(22265): com.google.android.apps.nexuslauncher is mapped to system_ext
07-06 00:01:00.163 I/AconfigPackage(22265): com.android.settings.accessibility is mapped to system_ext
07-06 00:01:00.163 I/AconfigPackage(22265): com.android.settings.flags is mapped to system_ext
07-06 00:01:00.163 I/AconfigPackage(22265): com.google.android.apps.miphone.aiai.matchmaker.overview.ui is mapped to system_ext
07-06 00:01:00.163 I/AconfigPackage(22265): com.google.android.settings.flags is mapped to system_ext
07-06 00:01:00.163 I/AconfigPackage(22265): com.android.launcher3 is mapped to system_ext
07-06 00:01:00.163 I/AconfigPackage(22265): com.android.wallpaper is mapped to system_ext
07-06 00:01:00.163 I/AconfigPackage(22265): com.android.settings.media_drm is mapped to system_ext
07-06 00:01:00.163 I/AconfigPackage(22265): com.android.systemui.accessibility.accessibilitymenu is mapped to system_ext
07-06 00:01:00.164 I/AconfigPackage(22265): com.android.settings.keyboard is mapped to system_ext
07-06 00:01:00.164 I/AconfigPackage(22265): com.android.server.policy.feature.flags is mapped to system_ext
07-06 00:01:00.164 I/AconfigPackage(22265): com.android.settings.factory_reset is mapped to system_ext
07-06 00:01:00.164 I/AconfigPackage(22265): com.google.android.haptics.flags is mapped to system_ext
07-06 00:01:00.164 I/AconfigPackage(22265): com.android.permission.flags is mapped to com.android.permission
07-06 00:01:00.164 I/AconfigPackage(22265): com.android.icu is mapped to com.android.i18n
07-06 00:01:00.165 I/AconfigPackage(22265): com.android.appsearch.flags is mapped to com.android.appsearch
07-06 00:01:00.165 I/AconfigPackage(22265): android.uprobestats.mainline.flags is mapped to com.android.uprobestats
07-06 00:01:00.165 I/AconfigPackage(22265): android.provider.flags is mapped to com.android.configinfrastructure
07-06 00:01:00.165 I/AconfigPackage(22265): com.android.server.deviceconfig is mapped to com.android.configinfrastructure
07-06 00:01:00.166 I/AconfigPackage(22265): com.android.nfc.flags is mapped to system
07-06 00:01:00.166 I/AconfigPackage(22265): android.app.admin.flags is mapped to system
07-06 00:01:00.166 I/AconfigPackage(22265): android.database.sqlite is mapped to system
07-06 00:01:00.166 I/AconfigPackage(22265): com.android.providers.calendar is mapped to system
07-06 00:01:00.166 I/AconfigPackage(22265): com.android.server.power.feature.flags is mapped to system
07-06 00:01:00.166 I/AconfigPackage(22265): com.android.media.performance.flags is mapped to system
07-06 00:01:00.166 I/AconfigPackage(22265): android.app.contextualsearch.flags is mapped to system
07-06 00:01:00.166 I/AconfigPackage(22265): android.app.ondeviceintelligence.flags is mapped to system
07-06 00:01:00.166 I/AconfigPackage(22265): com.android.media.projection.flags is mapped to system
07-06 00:01:00.166 I/AconfigPackage(22265): android.companion is mapped to system
07-06 00:01:00.166 I/AconfigPackage(22265): android.service.controls.flags is mapped to system
07-06 00:01:00.166 I/AconfigPackage(22265): com.android.text.flags is mapped to system
07-06 00:01:00.166 I/AconfigPackage(22265): com.android.providers.contactkeys.flags is mapped to system
07-06 00:01:00.170 I/AconfigPackage(22265): com.android.intentresolver is mapped to system
07-06 00:01:00.170 I/AconfigPackage(22265): android.companion.virtualdevice.flags is mapped to system
07-06 00:01:00.170 I/AconfigPackage(22265): android.uprobestats.flags is mapped to system
07-06 00:01:00.170 I/AconfigPackage(22265): com.android.net.thread.platform.flags is mapped to system
07-06 00:01:00.171 I/AconfigPackage(22265): android.view.contentprotection.flags is mapped to system
07-06 00:01:00.171 I/AconfigPackage(22265): com.android.server.dreams is mapped to system
