07-06 00:01:07.999 I/AconfigPackage(22371): com.android.art.flags is mapped to com.android.art
07-06 00:01:07.999 I/AconfigPackage(22371): com.android.libcore is mapped to com.android.art
07-06 00:01:07.999 I/AconfigPackage(22371): com.android.media.extractor.flags is mapped to com.android.media
07-06 00:01:07.999 I/AconfigPackage(22371): com.android.media.mainline.flags is mapped to com.android.media
07-06 00:01:08.000 I/AconfigPackage(22371): com.android.wifi.flags is mapped to com.android.wifi
07-06 00:01:08.000 I/AconfigPackage(22371): com.android.org.conscrypt.flags is mapped to com.android.conscrypt
07-06 00:01:08.000 I/AconfigPackage(22371): com.android.healthfitness.flags is mapped to com.android.healthfitness
07-06 00:01:08.001 I/AconfigPackage(22371): com.google.android.input.twoshay.flags is mapped to vendor
07-06 00:01:08.001 I/AconfigPackage(22371): libgooglecamerahal.flags is mapped to vendor
07-06 00:01:08.003 I/AconfigPackage(22371): com.android.ipsec.flags is mapped to com.android.ipsec
07-06 00:01:08.003 V/GraphicsEnvironment(22370): Currently set values for:
07-06 00:01:08.003 I/AconfigPackage(22371): com.android.nfc.module.flags is mapped to com.android.nfcservices
07-06 00:01:08.003 I/AconfigPackage(22371): com.android.adservices.ondevicepersonalization.flags is mapped to com.android.ondevicepersonalization
07-06 00:01:08.003 V/GraphicsEnvironment(22370):   angle_gl_driver_selection_pkgs=[]
07-06 00:01:08.004 I/AconfigPackage(22371): com.android.bluetooth.flags is mapped to com.android.bt
07-06 00:01:08.004 I/AconfigPackage(22371): com.android.devicelock.flags is mapped to com.android.devicelock
07-06 00:01:08.004 V/GraphicsEnvironment(22370):   angle_gl_driver_selection_values=[]
07-06 00:01:08.004 I/AconfigPackage(22371): android.os.profiling is mapped to com.android.profiling
07-06 00:01:08.004 V/GraphicsEnvironment(22370): com.huiyi.mockchat is not listed in per-application setting
07-06 00:01:08.008 V/GraphicsEnvironment(22370): ANGLE allowlist from config: com.dreamgames.royalmatch com.dts.freefiremax com.dxx.firenow com.gramgames.mergedragons com.ludo.king com.mojang.minecraftpe com.my.defense com.nintendo.zaka com.os.airforce com.playrix.fishdomdd.gplay io.teslatech.callbreak jp.konami.prospia net.peakgames.toonblast
07-06 00:01:08.008 V/GraphicsEnvironment(22370): com.huiyi.mockchat is not listed in ANGLE allowlist or settings, returning default
07-06 00:01:08.008 I/AconfigPackage(22371): com.android.os.statsd.flags is mapped to com.android.os.statsd
07-06 00:01:08.008 V/GraphicsEnvironment(22370): Neither updatable production driver nor prerelease driver is supported.
07-06 00:01:08.009 I/AconfigPackage(22371): com.android.cellbroadcastreceiver.flags is mapped to com.android.cellbroadcast
07-06 00:01:08.010 I/AconfigPackage(22371): com.android.adservices.flags is mapped to com.android.adservices
07-06 00:01:08.010 I/AconfigPackage(22371): com.android.sdksandbox.flags is mapped to com.android.adservices
07-06 00:01:08.011 I/AconfigPackage(22371): com.android.uwb.flags is mapped to com.android.uwb
07-06 00:01:08.012 I/AconfigPackage(22371): com.android.ranging.flags is mapped to com.android.uwb
07-06 00:01:08.013 I/AconfigPackage(22371): android.graphics.pdf.flags is mapped to com.android.mediaprovider
07-06 00:01:08.013 I/AconfigPackage(22371): com.android.providers.media.flags is mapped to com.android.mediaprovider
07-06 00:01:08.013 I/AconfigPackage(22371): android.graphics.pdf.flags.readonly is mapped to com.android.mediaprovider
07-06 00:01:08.013 I/AconfigPackage(22371): com.android.net.ct.flags is mapped to com.android.tethering
07-06 00:01:08.013 I/AconfigPackage(22371): com.android.net.flags is mapped to com.android.tethering
07-06 00:01:08.013 I/AconfigPackage(22371): android.net.vcn is mapped to com.android.tethering
07-06 00:01:08.013 I/AconfigPackage(22371): com.android.nearby.flags is mapped to com.android.tethering
07-06 00:01:08.014 I/AconfigPackage(22371): android.net.http is mapped to com.android.tethering
07-06 00:01:08.014 I/AconfigPackage(22371): com.android.net.thread.flags is mapped to com.android.tethering
07-06 00:01:08.014 I/AconfigPackage(22371): com.android.system.virtualmachine.flags is mapped to com.android.virt
07-06 00:01:08.016 E/FeatureFlagsImplExport(22371): android.os.flagging.AconfigStorageReadException: ERROR_PACKAGE_NOT_FOUND: package android.xr cannot be found on the device
07-06 00:01:08.021 D/UiAutomationConnection(22371): Created on user UserHandle{0}
07-06 00:01:08.021 I/UiAutomation(22371): Initialized for user 0 on display 0
07-06 00:01:08.021 W/UiAutomation(22371): Created with deprecatead constructor, assumes DEFAULT_DISPLAY
07-06 00:01:08.024 D/AccessibilityManagerService(  715): changeCurrentUserForTestAutomationIfNeededLocked(0): ignoring because device doesn't support visible background users
07-06 00:01:08.025 I/UiAutomationManager(  715): Registering UiTestAutomationService (id=com.android.server.accessibility/UiAutomation, flags=0x0) when called by user 0
07-06 00:01:08.025 V/AccessibilityManagerService(  715): onUserStateChangedLocked for userId: 0, forceUpdate: false
07-06 00:01:08.038 W/MagnificationConnectionManager(  715): requestConnection duplicated request: connect=false, mConnectionState=DISCONNECTED
07-06 00:01:08.042 W/IPCThreadState(  715): Sending oneway calls to frozen process.
07-06 00:01:08.048 V/UiAutomation(22371): Init UiAutomation@cb18423[id=636, displayId=0, flags=0]
07-06 00:01:08.051 W/IPCThreadState(  715): Sending oneway calls to frozen process.
07-06 00:01:08.051 W/IPCThreadState(  715): Sending oneway calls to frozen process.
07-06 00:01:08.051 W/IPCThreadState(  715): Sending oneway calls to frozen process.
07-06 00:01:08.051 W/IPCThreadState(  715): Sending oneway calls to frozen process.
07-06 00:01:08.051 W/IPCThreadState(  715): Sending oneway calls to frozen process.
07-06 00:01:08.052 W/IPCThreadState(  715): Sending oneway calls to frozen process.
07-06 00:01:08.052 W/IPCThreadState(  715): Sending oneway calls to frozen process.
07-06 00:01:08.052 W/IPCThreadState(  715): Sending oneway calls to frozen process.
07-06 00:01:08.052 W/IPCThreadState(  715): Sending oneway calls to frozen process.
07-06 00:01:08.056 I/netd    (  488): tetherGetStats() -> {[]} <7.75ms>
07-06 00:01:08.057 W/Looper  (  972): Slow dispatch took 34ms wmshell.anim app=com.android.systemui main=false group=TOP_APP h=android.view.Choreographer$FrameHandler c=android.view.Choreographer$FrameDisplayEventReceiver@df2daec m=0
07-06 00:01:08.060 W/IPCThreadState(  715): Sending oneway calls to frozen process.
07-06 00:01:08.060 W/IPCThreadState(  715): Sending oneway calls to frozen process.
07-06 00:01:08.062 W/IPCThreadState(  715): Sending oneway calls to frozen process.
07-06 00:01:08.062 W/IPCThreadState(  715): Sending oneway calls to frozen process.
07-06 00:01:08.063 W/IPCThreadState(  715): Sending oneway calls to frozen process.
07-06 00:01:08.066 V/AccessibilityManagerService(  715): onUserStateChangedLocked for userId: 0, forceUpdate: false
07-06 00:01:08.068 W/MagnificationConnectionManager(  715): requestConnection duplicated request: connect=false, mConnectionState=DISCONNECTED
07-06 00:01:08.068 W/IPCThreadState(  715): Sending oneway calls to frozen process.
07-06 00:01:08.068 W/IPCThreadState(  715): Sending oneway calls to frozen process.
07-06 00:01:08.069 W/IPCThreadState(  715): Sending oneway calls to frozen process.
07-06 00:01:08.071 W/IPCThreadState(  715): Sending oneway calls to frozen process.
07-06 00:01:08.071 W/IPCThreadState(  715): Sending oneway calls to frozen process.
07-06 00:01:08.071 W/IPCThreadState(  715): Sending oneway calls to frozen process.
07-06 00:01:08.071 W/IPCThreadState(  715): Sending oneway calls to frozen process.
07-06 00:01:08.072 W/IPCThreadState(  715): Sending oneway calls to frozen process.
07-06 00:01:08.072 W/IPCThreadState(  715): Sending oneway calls to frozen process.
07-06 00:01:08.073 W/IPCThreadState(  715): Sending oneway calls to frozen process.
07-06 00:01:08.073 W/IPCThreadState(  715): Sending oneway calls to frozen process.
07-06 00:01:08.075 W/IPCThreadState(  715): Sending oneway calls to frozen process.
07-06 00:01:08.075 W/IPCThreadState(  715): Sending oneway calls to frozen process.
07-06 00:01:08.075 W/IPCThreadState(  715): Sending oneway calls to frozen process.
07-06 00:01:08.076 W/IPCThreadState(  715): Sending oneway calls to frozen process.
07-06 00:01:08.080 W/IPCThreadState(  715): Sending oneway calls to frozen process.
07-06 00:01:08.081 W/IPCThreadState(  715): Sending oneway calls to frozen process.
07-06 00:01:08.081 W/IPCThreadState(  715): Sending oneway calls to frozen process.
07-06 00:01:08.081 V/WindowManagerShell(  972): Transition animation finished (aborted=false), notifying core (#197) android.os.BinderProxy@c4869fc@0
07-06 00:01:08.081 W/IPCThreadState(  715): Sending oneway calls to frozen process.
07-06 00:01:08.081 W/IPCThreadState(  715): Sending oneway calls to frozen process.
07-06 00:01:08.082 W/IPCThreadState(  715): Sending oneway calls to frozen process.
07-06 00:01:08.085 V/WindowManager(  715): Finish Transition (#197): created at 07-06 00:01:07.169 collect-started=0.107ms request-sent=70.278ms started=81.98ms ready=383.51ms sent=418.884ms commit=152.546ms finished=915.499ms
07-06 00:01:08.086 W/IPCThreadState(  715): Sending oneway calls to frozen process.
07-06 00:01:08.086 W/IPCThreadState(  715): Sending oneway calls to frozen process.
07-06 00:01:08.086 W/IPCThreadState(  715): Sending oneway calls to frozen process.
07-06 00:01:08.088 W/IPCThreadState(  715): Sending oneway calls to frozen process.
07-06 00:01:08.091 V/WindowManagerShell(  972): Track 0 became idle
07-06 00:01:08.091 V/WindowManagerShell(  972): All active transition animations finished
07-06 00:01:08.091 W/IPCThreadState(  715): Sending oneway calls to frozen process.
07-06 00:01:08.092 W/IPCThreadState(  715): Sending oneway calls to frozen process.
07-06 00:01:08.092 W/IPCThreadState(  715): Sending oneway calls to frozen process.
07-06 00:01:08.092 W/IPCThreadState(  715): Sending oneway calls to frozen process.
07-06 00:01:08.092 W/IPCThreadState(  715): Sending oneway calls to frozen process.
07-06 00:01:08.093 W/IPCThreadState(  715): Sending oneway calls to frozen process.
07-06 00:01:08.093 W/IPCThreadState(  715): Sending oneway calls to frozen process.
07-06 00:01:08.095 W/IPCThreadState(  715): Sending oneway calls to frozen process.
07-06 00:01:08.096 W/IPCThreadState(  715): Sending oneway calls to frozen process.
07-06 00:01:08.097 W/IPCThreadState(  715): Sending oneway calls to frozen process.
07-06 00:01:08.119 D/VRI[NexusLauncherActivity]( 1124): visibilityChanged oldVisibility=true newVisibility=false
07-06 00:01:08.124 D/NexusLauncherModelDelegate( 1124): notifySmartspaceEvent: SmartspaceTargetEvent{mSmartspaceTarget=null, mSmartspaceActionId='null', mEventType=7}
07-06 00:01:08.152 D/CompatChangeReporter(22370): Compat change id reported: 279646685; UID 10217; state: ENABLED
07-06 00:01:08.192 W/OptProp (  715): Cannot read opt property android.window.PROPERTY_COMPAT_ENABLE_FAKE_FOCUS
07-06 00:01:08.209 D/BackgroundInstallControlService(  715): Package event received: 0
07-06 00:01:08.210 D/BackgroundInstallControlService(  715): Package event received: 0
07-06 00:01:08.216 I/DisplayManager(22370): Choreographer implicitly registered for the refresh rate.
07-06 00:01:08.229 I/.huiyi.mockchat(22370): AssetManager2(0x79075aadd258) locale list changing from [] to [en-US]
07-06 00:01:08.290 I/EGL_emulation(22370): Opening libGLESv1_CM_emulation.so
07-06 00:01:08.292 I/EGL_emulation(22370): Opening libGLESv2_emulation.so
07-06 00:01:08.306 W/HWUI    (22370): Failed to choose config with EGL_SWAP_BEHAVIOR_PRESERVED, retrying without...
07-06 00:01:08.307 W/HWUI    (22370): Failed to initialize 101010-2 format, error = EGL_SUCCESS
07-06 00:01:08.398 E/ashmem  (22370): Pinning is deprecated since Android Q. Please use trim or other methods.
07-06 00:01:08.421 D/CompatChangeReporter(22370): Compat change id reported: 309578419; UID 10217; state: ENABLED
07-06 00:01:08.423 D/DesktopModeFlags(22370): Toggle override initialized to: OVERRIDE_UNSET
07-06 00:01:08.503 D/CompatChangeReporter(22370): Compat change id reported: 352594277; UID 10217; state: ENABLED
07-06 00:01:08.515 D/CompatChangeReporter(22370): Compat change id reported: 349153669; UID 10217; state: ENABLED
07-06 00:01:08.520 W/HWUI    (22370): Unknown dataspace 0
07-06 00:01:08.494 I/servicemanager(    0): Caller(pid=22370,uid=10217,sid=u:r:untrusted_app:s0:c217,c256,c512,c768) Found android.hardware.graphics.allocator.IAllocator/default in device VINTF manifest.
07-06 00:01:08.498 I/servicemanager(    0): Caller(pid=22370,uid=10217,sid=u:r:untrusted_app:s0:c217,c256,c512,c768) Found android.hardware.graphics.allocator.IAllocator/default in device VINTF manifest.
07-06 00:01:08.502 I/servicemanager(    0): Caller(pid=22370,uid=10217,sid=u:r:untrusted_app:s0:c217,c256,c512,c768) Found mapper/ranchu in device VINTF manifest.
07-06 00:01:09.079 V/AccessibilityManagerService(  715): onUserStateChangedLocked for userId: 0, forceUpdate: false
07-06 00:01:09.083 D/BackgroundInstallControlService(  715): Package event received: 0
07-06 00:01:09.087 W/MagnificationConnectionManager(  715): requestConnection duplicated request: connect=false, mConnectionState=DISCONNECTED
07-06 00:01:09.090 D/AccessibilityManagerService(  715): restoreCurrentUserForTestAutomationIfNeededLocked(): ignoring because device doesn't support visible background users
07-06 00:01:09.091 W/IPCThreadState(  715): Sending oneway calls to frozen process.
07-06 00:01:09.091 W/IPCThreadState(  715): Sending oneway calls to frozen process.
07-06 00:01:09.091 W/IPCThreadState(  715): Sending oneway calls to frozen process.
07-06 00:01:09.091 W/IPCThreadState(  715): Sending oneway calls to frozen process.
07-06 00:01:09.092 W/IPCThreadState(  715): Sending oneway calls to frozen process.
07-06 00:01:09.092 W/IPCThreadState(  715): Sending oneway calls to frozen process.
07-06 00:01:09.092 D/AndroidRuntime(22371): Shutting down VM
07-06 00:01:09.092 W/IPCThreadState(  715): Sending oneway calls to frozen process.
07-06 00:01:09.092 W/IPCThreadState(  715): Sending oneway calls to frozen process.
07-06 00:01:09.092 W/IPCThreadState(22371): call to talkWithDriver in joinThreadPool returned error: -9 (Bad file descriptor), FD: -1
07-06 00:01:09.093 W/IPCThreadState(22371): call to talkWithDriver in joinThreadPool returned error: -9 (Bad file descriptor), FD: -1
07-06 00:01:09.093 W/IPCThreadState(  715): Sending oneway calls to frozen process.
07-06 00:01:09.093 W/IPCThreadState(  715): Sending oneway calls to frozen process.
07-06 00:01:09.093 W/IPCThreadState(  715): Sending oneway calls to frozen process.
07-06 00:01:09.095 W/IPCThreadState(22371): call to talkWithDriver in joinThreadPool returned error: -9 (Bad file descriptor), FD: -1
07-06 00:01:09.096 W/IPCThreadState(  715): Sending oneway calls to frozen process.
07-06 00:01:09.096 W/IPCThreadState(  715): Sending oneway calls to frozen process.
07-06 00:01:09.097 W/IPCThreadState(  715): Sending oneway calls to frozen process.
07-06 00:01:09.097 W/IPCThreadState(  715): Sending oneway calls to frozen process.
07-06 00:01:09.098 W/IPCThreadState(  715): Sending oneway calls to frozen process.
07-06 00:01:09.100 W/IPCThreadState(  715): Sending oneway calls to frozen process.
07-06 00:01:09.100 W/IPCThreadState(  715): Sending oneway calls to frozen process.
07-06 00:01:09.100 W/IPCThreadState(  715): Sending oneway calls to frozen process.
07-06 00:01:09.101 W/IPCThreadState(  715): Sending oneway calls to frozen process.
07-06 00:01:09.103 V/AccessibilityManagerService(  715): onUserStateChangedLocked for userId: 0, forceUpdate: false
07-06 00:01:09.107 I/netd    (  488): tetherGetStats() -> {[]} <1.85ms>
07-06 00:01:09.116 W/MagnificationConnectionManager(  715): requestConnection duplicated request: connect=false, mConnectionState=DISCONNECTED
07-06 00:01:09.120 W/IPCThreadState(  715): Sending oneway calls to frozen process.
07-06 00:01:09.120 W/IPCThreadState(  715): Sending oneway calls to frozen process.
07-06 00:01:09.120 W/IPCThreadState(  715): Sending oneway calls to frozen process.
07-06 00:01:09.121 W/IPCThreadState(  715): Sending oneway calls to frozen process.
07-06 00:01:09.121 W/IPCThreadState(  715): Sending oneway calls to frozen process.
07-06 00:01:09.124 W/IPCThreadState(  715): Sending oneway calls to frozen process.
07-06 00:01:09.125 W/IPCThreadState(  715): Sending oneway calls to frozen process.
07-06 00:01:09.125 W/IPCThreadState(  715): Sending oneway calls to frozen process.
07-06 00:01:09.125 W/IPCThreadState(  715): Sending oneway calls to frozen process.
07-06 00:01:09.125 W/IPCThreadState(  715): Sending oneway calls to frozen process.
07-06 00:01:09.132 W/IPCThreadState(  715): Sending oneway calls to frozen process.
07-06 00:01:09.133 W/IPCThreadState(  715): Sending oneway calls to frozen process.
07-06 00:01:09.133 W/IPCThreadState(  715): Sending oneway calls to frozen process.
07-06 00:01:09.134 W/IPCThreadState(  715): Sending oneway calls to frozen process.
07-06 00:01:09.135 W/IPCThreadState(  715): Sending oneway calls to frozen process.
07-06 00:01:09.136 W/IPCThreadState(  715): Sending oneway calls to frozen process.
07-06 00:01:09.138 W/IPCThreadState(  715): Sending oneway calls to frozen process.
07-06 00:01:09.139 W/IPCThreadState(  715): Sending oneway calls to frozen process.
07-06 00:01:09.140 W/IPCThreadState(  715): Sending oneway calls to frozen process.
07-06 00:01:09.140 W/IPCThreadState(  715): Sending oneway calls to frozen process.
07-06 00:01:09.140 W/IPCThreadState(  715): Sending oneway calls to frozen process.
07-06 00:01:09.140 W/IPCThreadState(  715): Sending oneway calls to frozen process.
07-06 00:01:09.141 W/IPCThreadState(  715): Sending oneway calls to frozen process.
07-06 00:01:09.142 W/IPCThreadState(  715): Sending oneway calls to frozen process.
07-06 00:01:09.143 W/IPCThreadState(  715): Sending oneway calls to frozen process.
07-06 00:01:09.143 W/IPCThreadState(  715): Sending oneway calls to frozen process.
07-06 00:01:09.143 W/IPCThreadState(  715): Sending oneway calls to frozen process.
07-06 00:01:09.144 W/IPCThreadState(  715): Sending oneway calls to frozen process.
07-06 00:01:09.144 W/IPCThreadState(  715): Sending oneway calls to frozen process.
07-06 00:01:09.144 W/IPCThreadState(  715): Sending oneway calls to frozen process.
07-06 00:01:09.612 W/.huiyi.mockchat(22370): Method boolean androidx.compose.runtime.snapshots.SnapshotStateList.conditionalUpdate(boolean, kotlin.jvm.functions.Function1) failed lock verification and will run slower.
07-06 00:01:09.612 W/.huiyi.mockchat(22370): Common causes for lock verification issues are non-optimized dex code
07-06 00:01:09.612 W/.huiyi.mockchat(22370): and incorrect proguard optimizations.
07-06 00:01:09.612 W/.huiyi.mockchat(22370): Method boolean androidx.compose.runtime.snapshots.SnapshotStateList.conditionalUpdate$default(androidx.compose.runtime.snapshots.SnapshotStateList, boolean, kotlin.jvm.functions.Function1, int, java.lang.Object) failed lock verification and will run slower.
07-06 00:01:09.612 W/.huiyi.mockchat(22370): Method java.lang.Object androidx.compose.runtime.snapshots.SnapshotStateList.mutate(kotlin.jvm.functions.Function1) failed lock verification and will run slower.
07-06 00:01:09.613 W/.huiyi.mockchat(22370): Method void androidx.compose.runtime.snapshots.SnapshotStateList.update(boolean, kotlin.jvm.functions.Function1) failed lock verification and will run slower.
07-06 00:01:09.613 W/.huiyi.mockchat(22370): Method void androidx.compose.runtime.snapshots.SnapshotStateList.update$default(androidx.compose.runtime.snapshots.SnapshotStateList, boolean, kotlin.jvm.functions.Function1, int, java.lang.Object) failed lock verification and will run slower.
07-06 00:01:09.625 I/.huiyi.mockchat(22370): Compiler allocated 5042KB to compile void android.view.ViewRootImpl.performTraversals()
07-06 00:01:09.679 D/WifiClientModeImpl[27601:wlan0](  715): updateLinkLayerStatsRssiSpeedFrequencyCapabilities rssi=-50 TxLinkspeed=2 freq=2447 RxLinkSpeed=2
07-06 00:01:09.679 D/WifiDataStall(  715): tx tput in kbps: 11000
07-06 00:01:09.679 D/WifiDataStall(  715): rx tput in kbps: 11000
07-06 00:01:09.679 V/WifiConfigManager(  715): Updating scan detail cache freq=2447 BSSID=00:13:10:85:fe:01 RSSI=-50 for "AndroidWifi"NONE
07-06 00:01:09.680 D/WifiThroughputPredictor(  715):  utilization (LLS) 80 isBluetoothConnected: false final utilization: 80
07-06 00:01:09.680 D/WifiThroughputPredictor(  715):  BW: 0 RSSI: -50 Nss: 1 Mode: 1 symDur: 4000 snrDb 30 bitPerTone: 4500 rate: 54 throughput: 11
07-06 00:01:09.680 D/WifiThroughputPredictor(  715):  utilization (LLS) 80 isBluetoothConnected: false final utilization: 80
07-06 00:01:09.681 D/WifiThroughputPredictor(  715):  BW: 0 RSSI: -50 Nss: 1 Mode: 1 symDur: 4000 snrDb 30 bitPerTone: 4500 rate: 54 throughput: 11
07-06 00:01:09.687 D/WifiThroughputPredictor(  715):  utilization (LLS) 80 isBluetoothConnected: false final utilization: 80
07-06 00:01:09.687 D/WifiThroughputPredictor(  715):  BW: 0 RSSI: -50 Nss: 1 Mode: 1 symDur: 4000 snrDb 30 bitPerTone: 4500 rate: 54 throughput: 11
07-06 00:01:09.688 D/WifiThroughputPredictor(  715):  utilization (LLS) 80 isBluetoothConnected: false final utilization: 80
07-06 00:01:09.688 D/WifiThroughputPredictor(  715):  BW: 0 RSSI: -50 Nss: 1 Mode: 1 symDur: 4000 snrDb 30 bitPerTone: 4500 rate: 54 throughput: 11
07-06 00:01:09.689 D/WifiScoreCard(  715): BSSID update SIGNAL_POLL ID: 1559335064 SSID: "AndroidWifi", BSSID: 00:13:10:85:fe:01, MAC: 02:15:b2:00:00:00, IP: /10.0.2.16, Security type: 0, Supplicant state: COMPLETED, Wi-Fi standard: legacy, RSSI: -50, Link speed: 2Mbps, Tx Link speed: 2Mbps, Max Supported Tx Link speed: 11Mbps, Rx Link speed: 2Mbps, Max Supported Rx Link speed: 11Mbps, Frequency: 2447MHz, Net ID: 0, Metered hint: false, score: 60, isUsable: true, CarrierMerged: false, SubscriptionId: -1, IsPrimary: 1, Trusted: true, Restricted: false, Ephemeral: false, OEM paid: false, OEM private: false, OSU AP: false, FQDN: <none>, Provider friendly name: <none>, Requesting package name: <none>"AndroidWifi"openMLO Information: , Is TID-To-Link negotiation supported by the AP: false, AP MLD Address: <none>, AP MLO Link Id: <none>, AP MLO Affiliated links: <none>, Vendor Data: <none>
07-06 00:01:09.689 D/WifiScoreCard(  715): txRate: 2 txSpeed: 2
07-06 00:01:09.689 D/WifiScoreCard(  715): network update SIGNAL_POLL "AndroidWifi" ID: 1201260005 RSSI -50 txSpeed -1
07-06 00:01:09.689 D/WifiClientModeImpl[27601:wlan0](  715):  ClientModeImpl$L2ConnectedState screen=on 1 0 "AndroidWifi" 00:13:10:85:fe:01 rssi=-50 f=2447 sc=60 link=2 tx=1.0, 0.0, 0.0 rx=1.0 bcn=0 [on:0 tx:0 rx:0 period:3010] from screen [on:0 period:884641849] score=60
07-06 00:01:09.707 D/CoreBackPreview(  715): Window{1da1e19 u0 com.huiyi.mockchat/com.huiyi.mockchat.MainActivity}: Setting back callback OnBackInvokedCallbackInfo{mCallback=android.window.IOnBackInvokedCallback$Stub$Proxy@20e0faf, mPriority=0, mIsAnimationCallback=false, mOverrideBehavior=0}
07-06 00:01:10.025 I/ActivityTaskManager(  715): Displayed com.huiyi.mockchat/.MainActivity for user 0: +2s873ms
07-06 00:01:10.031 I/Choreographer(22370): Skipped 76 frames!  The application may be doing too much work on its main thread.
07-06 00:01:10.047 I/HWUI    (22370): Davey! duration=1497ms; Flags=1, FrameTimelineVsyncId=983502, IntendedVsync=38389484338208, Vsync=38389484338208, InputEventId=0, HandleInputStart=38389497346940, AnimationStart=38389497393440, PerformTraversalsStart=38389497771040, DrawStart=38390876693840, FrameDeadline=38389501004874, FrameStartTime=38389496405940, FrameInterval=16666666, WorkloadTarget=16666666, SyncQueued=38390899625940, SyncStart=38390900185840, IssueDrawCommandsStart=38390900288840, SwapBuffers=38390962556440, FrameCompleted=38390982190640, DequeueBufferDuration=50500, QueueBufferDuration=1380900, GpuCompleted=38390982190640, SwapBuffersCompleted=38390971862740, DisplayPresentTime=0, CommandSubmissionCompleted=38390962556440, 
07-06 00:01:10.051 D/wpa_supplicant(  960): nl80211: Drv Event 64 (NL80211_CMD_NOTIFY_CQM) received for wlan0
07-06 00:01:10.052 D/wpa_supplicant(  960): nl80211: Beacon loss event
07-06 00:01:10.052 D/wpa_supplicant(  960): wlan0: Event BEACON_LOSS (53) received
07-06 00:01:10.052 I/wpa_supplicant(  960): wlan0: CTRL-EVENT-BEACON-LOSS 
07-06 00:01:10.046 I/logd    (    0): logdr: UID=2000 GID=2000 PID=22410 n tail=0 logMask=99 pid=0 start=0ns deadline=0ns
07-06 00:01:10.070 I/FontLog ( 1314): Received query Noto Color Emoji Compat, URI content://com.google.android.gms.fonts [CONTEXT service_id=132 ]
07-06 00:01:10.070 I/FontLog ( 1314): Query [emojicompat-emoji-font] resolved to {Noto Color Emoji Compat, wdth 100.0, wght 400, ital 0.0, bestEffort false}, isVf false} [CONTEXT service_id=132 ]
07-06 00:01:10.090 I/FontLog ( 1314): Fetch {Noto Color Emoji Compat, wdth 100.0, wght 400, ital 0.0, bestEffort false}, isVf false} end status Status{statusCode=SUCCESS, resolution=null} [CONTEXT service_id=132 ]
07-06 00:01:10.135 I/FontLog ( 1314): Pulling font file for id = 106, cache size = 9 [CONTEXT service_id=132 ]
07-06 00:01:10.145 I/FontLog ( 1314): Pulling font file for id = 106, cache size = 9 [CONTEXT service_id=132 ]
07-06 00:01:10.145 I/ImeTracker(  715): com.huiyi.mockchat:68acf514: onRequestHide at ORIGIN_SERVER reason HIDE_UNSPECIFIED_WINDOW fromUser false
07-06 00:01:10.164 D/InsetsController(22370): hide(ime(), fromIme=false)
07-06 00:01:10.164 I/ImeTracker(22370): com.huiyi.mockchat:68acf514: onCancelled at PHASE_CLIENT_ALREADY_HIDDEN
07-06 00:01:10.168 I/GoogleInputMethodService( 1395): GoogleInputMethodService.onFinishInput():2043 
07-06 00:01:10.169 I/Module  ( 1395): DeviceLockedStatusModuleProvider$Module.updateDeviceLockedStatus():100 repeatCheckTimes = 0, locked = false
07-06 00:01:10.169 I/ImeTracker(  715): system_server:b76ff0b2: onRequestHide at ORIGIN_SERVER reason IME_REQUESTED_CHANGED_LISTENER fromUser false
07-06 00:01:10.171 I/GoogleInputMethodService( 1395): GoogleInputMethodService.onStartInput():1293 onStartInput(EditorInfo{EditorInfo{packageName=com.huiyi.mockchat, inputType=0, inputTypeString=NULL, enableLearning=false, autoCorrection=false, autoComplete=false, imeOptions=0, privateImeOptions=null, actionName=UNSPECIFIED, actionLabel=null, initialSelStart=-1, initialSelEnd=-1, initialCapsMode=0, label=null, fieldId=0, fieldName=null, extras=null, hintText=null, hintLocales=[]}}, false)
07-06 00:01:10.172 I/ImeTracker(  715): system_server:b76ff0b2: onCancelled at PHASE_SERVER_SHOULD_HIDE
07-06 00:01:10.173 D/BaseDepthController( 1124): setSurface:
07-06 00:01:10.173 D/BaseDepthController( 1124): 	mWaitingOnSurfaceValidity: false
07-06 00:01:10.173 D/BaseDepthController( 1124): 	mBaseSurface: null
07-06 00:01:10.174 D/BaseDepthController( 1124): mSurface is null and mCurrentBlur is: 0
07-06 00:01:10.175 D/StateManager( 1124): goToState - fromState: Normal, toState: Normal, partial trace:
07-06 00:01:10.175 D/StateManager( 1124): 	at com.android.launcher3.statemanager.StateManager.moveToRestState(go/retraceme 43e00d9cd0eb17b3d9dd30fc1741b1c71445c4c0f7c8c9b81300265c86c5b873:4)
07-06 00:01:10.175 D/StateManager( 1124): 	at com.android.launcher3.statemanager.StateManager.moveToRestState(go/retraceme 43e00d9cd0eb17b3d9dd30fc1741b1c71445c4c0f7c8c9b81300265c86c5b873:1)
07-06 00:01:10.175 D/StateManager( 1124): 	at com.android.launcher3.statemanager.StatefulActivity.onStop(go/retraceme 43e00d9cd0eb17b3d9dd30fc1741b1c71445c4c0f7c8c9b81300265c86c5b873:34)
07-06 00:01:10.176 D/StatsLog( 1124): LAUNCHER_ONSTOP
07-06 00:01:10.177 W/IPCThreadState(  715): Sending oneway calls to frozen process.
07-06 00:01:10.177 W/IPCThreadState(  715): Sending oneway calls to frozen process.
07-06 00:01:10.177 W/IPCThreadState(  715): Sending oneway calls to frozen process.
07-06 00:01:10.179 W/IPCThreadState(  715): Sending oneway calls to frozen process.
07-06 00:01:10.180 W/IPCThreadState(  715): Sending oneway calls to frozen process.
07-06 00:01:10.180 W/IPCThreadState(  715): Sending oneway calls to frozen process.
07-06 00:01:10.180 W/IPCThreadState(  715): Sending oneway calls to frozen process.
07-06 00:01:10.181 W/IPCThreadState(  715): Sending oneway calls to frozen process.
07-06 00:01:10.181 W/IPCThreadState(  715): Sending oneway calls to frozen process.
07-06 00:01:10.181 W/IPCThreadState(  715): Sending oneway calls to frozen process.
07-06 00:01:10.181 W/IPCThreadState(  715): Sending oneway calls to frozen process.
07-06 00:01:10.181 W/IPCThreadState(  715): Sending oneway calls to frozen process.
07-06 00:01:10.183 W/IPCThreadState(  715): Sending oneway calls to frozen process.
07-06 00:01:10.183 W/IPCThreadState(  715): Sending oneway calls to frozen process.
07-06 00:01:10.183 W/IPCThreadState(  715): Sending oneway calls to frozen process.
07-06 00:01:10.183 W/IPCThreadState(  715): Sending oneway calls to frozen process.
07-06 00:01:10.183 W/IPCThreadState(  715): Sending oneway calls to frozen process.
07-06 00:01:10.184 W/IPCThreadState(  715): Sending oneway calls to frozen process.
07-06 00:01:10.184 W/IPCThreadState(  715): Sending oneway calls to frozen process.
07-06 00:01:10.184 W/IPCThreadState(  715): Sending oneway calls to frozen process.
07-06 00:01:10.184 W/IPCThreadState(  715): Sending oneway calls to frozen process.
07-06 00:01:10.184 D/StatsLog( 1124): LAUNCHER_GOOGLE_SEARCH_RESTORE_LIST_SIZE_AFTER_ACTIVITY_RESTART
07-06 00:01:10.184 W/IPCThreadState(  715): Sending oneway calls to frozen process.
07-06 00:01:10.185 I/AppWidgetServiceImpl(  715): setAppWidgetHidden() 0
07-06 00:01:10.187 W/IPCThreadState(  715): Sending oneway calls to frozen process.
07-06 00:01:10.187 W/IPCThreadState(  715): Sending oneway calls to frozen process.
07-06 00:01:10.188 W/IPCThreadState(  715): Sending oneway calls to frozen process.
07-06 00:01:10.188 W/IPCThreadState(  715): Sending oneway calls to frozen process.
07-06 00:01:10.188 W/IPCThreadState(  715): Sending oneway calls to frozen process.
07-06 00:01:10.193 W/IPCThreadState(  715): Sending oneway calls to frozen process.
07-06 00:01:10.193 W/IPCThreadState(  715): Sending oneway calls to frozen process.
07-06 00:01:10.196 W/IPCThreadState(  715): Sending oneway calls to frozen process.
07-06 00:01:10.199 W/IPCThreadState(  715): Sending oneway calls to frozen process.
07-06 00:01:10.200 W/IPCThreadState(  715): Sending oneway calls to frozen process.
07-06 00:01:10.200 W/IPCThreadState(  715): Sending oneway calls to frozen process.
07-06 00:01:10.200 W/IPCThreadState(  715): Sending oneway calls to frozen process.
07-06 00:01:10.200 W/IPCThreadState(  715): Sending oneway calls to frozen process.
07-06 00:01:10.201 W/IPCThreadState(  715): Sending oneway calls to frozen process.
07-06 00:01:10.201 W/IPCThreadState(  715): Sending oneway calls to frozen process.
07-06 00:01:10.201 W/IPCThreadState(  715): Sending oneway calls to frozen process.
07-06 00:01:10.201 W/IPCThreadState(  715): Sending oneway calls to frozen process.
07-06 00:01:10.202 W/IPCThreadState(  715): Sending oneway calls to frozen process.
07-06 00:01:10.202 W/IPCThreadState(  715): Sending oneway calls to frozen process.
07-06 00:01:10.202 W/IPCThreadState(  715): Sending oneway calls to frozen process.
07-06 00:01:10.203 W/PackageConfigPersister(  715): App-specific configuration not found for packageName: com.huiyi.mockchat and userId: 0
07-06 00:01:10.205 W/NotificationCenter( 1395): NotificationCenter$NotificationQueue.notifyPendingNotificationsOnExecutor():877 Heavy notify work detected on UI thread: [kig->jjs] takes 33ms
07-06 00:01:10.207 I/Module  ( 1395): DeviceLockedStatusModuleProvider$Module.updateDeviceLockedStatus():100 repeatCheckTimes = 1, locked = false
07-06 00:01:10.207 D/BackgroundInstallControlService(  715): Package event received: 0
07-06 00:01:10.228 I/netd    (  488): tetherGetStats() -> {[]} <0.92ms>
07-06 00:01:10.417 W/IPCThreadState(  630): Sending oneway calls to frozen process.
07-06 00:01:10.422 W/IPCThreadState(  630): Sending oneway calls to frozen process.
07-06 00:01:10.434 W/WindowOnBackDispatcher(  972): sendCancelIfRunning: isInProgress=false callback=android.view.ViewRootImpl$$ExternalSyntheticLambda13@436b801
07-06 00:01:10.434 D/CoreBackPreview(  715): Window{e5e5191 u0 Splash Screen com.huiyi.mockchat EXITING}: Setting back callback null
07-06 00:01:11.058 D/WindowManager(  715): captureDisplay
07-06 00:01:11.148 I/logd    (    0): logdr: UID=2000 GID=2000 PID=22417 n tail=0 logMask=99 pid=0 start=0ns deadline=0ns
07-06 00:01:11.187 D/SatelliteController( 1112): iisInCarrierRoamingNbIotNtn: satellite is disabled
07-06 00:01:11.230 E/TaskPersister(  715): File error accessing recents directory (directory doesn't exist?).
07-06 00:01:12.255 I/logd    (    0): logdr: UID=2000 GID=2000 PID=22420 n tail=0 logMask=99 pid=0 start=0ns deadline=0ns
07-06 00:01:12.695 D/WifiClientModeImpl[27601:wlan0](  715): updateLinkLayerStatsRssiSpeedFrequencyCapabilities rssi=-50 TxLinkspeed=1 freq=2447 RxLinkSpeed=2
07-06 00:01:12.695 D/WifiDataStall(  715): tx tput in kbps: 11000
07-06 00:01:12.695 D/WifiDataStall(  715): rx tput in kbps: 11000
07-06 00:01:12.695 V/WifiConfigManager(  715): Updating scan detail cache freq=2447 BSSID=00:13:10:85:fe:01 RSSI=-50 for "AndroidWifi"NONE
07-06 00:01:12.696 D/WifiThroughputPredictor(  715):  utilization (LLS) 80 isBluetoothConnected: false final utilization: 80
07-06 00:01:12.696 D/WifiThroughputPredictor(  715):  BW: 0 RSSI: -50 Nss: 1 Mode: 1 symDur: 4000 snrDb 30 bitPerTone: 4500 rate: 54 throughput: 11
07-06 00:01:12.696 D/WifiThroughputPredictor(  715):  utilization (LLS) 80 isBluetoothConnected: false final utilization: 80
07-06 00:01:12.696 D/WifiThroughputPredictor(  715):  BW: 0 RSSI: -50 Nss: 1 Mode: 1 symDur: 4000 snrDb 30 bitPerTone: 4500 rate: 54 throughput: 11
07-06 00:01:12.697 D/WifiThroughputPredictor(  715):  utilization (LLS) 80 isBluetoothConnected: false final utilization: 80
07-06 00:01:12.697 D/WifiThroughputPredictor(  715):  BW: 0 RSSI: -50 Nss: 1 Mode: 1 symDur: 4000 snrDb 30 bitPerTone: 4500 rate: 54 throughput: 11
07-06 00:01:12.698 D/WifiThroughputPredictor(  715):  utilization (LLS) 80 isBluetoothConnected: false final utilization: 80
07-06 00:01:12.699 D/WifiThroughputPredictor(  715):  BW: 0 RSSI: -50 Nss: 1 Mode: 1 symDur: 4000 snrDb 30 bitPerTone: 4500 rate: 54 throughput: 11
07-06 00:01:12.699 D/WifiScoreCard(  715): BSSID update SIGNAL_POLL ID: 1559335064 SSID: "AndroidWifi", BSSID: 00:13:10:85:fe:01, MAC: 02:15:b2:00:00:00, IP: /10.0.2.16, Security type: 0, Supplicant state: COMPLETED, Wi-Fi standard: legacy, RSSI: -50, Link speed: 1Mbps, Tx Link speed: 1Mbps, Max Supported Tx Link speed: 11Mbps, Rx Link speed: 2Mbps, Max Supported Rx Link speed: 11Mbps, Frequency: 2447MHz, Net ID: 0, Metered hint: false, score: 60, isUsable: true, CarrierMerged: false, SubscriptionId: -1, IsPrimary: 1, Trusted: true, Restricted: false, Ephemeral: false, OEM paid: false, OEM private: false, OSU AP: false, FQDN: <none>, Provider friendly name: <none>, Requesting package name: <none>"AndroidWifi"openMLO Information: , Is TID-To-Link negotiation supported by the AP: false, AP MLD Address: <none>, AP MLO Link Id: <none>, AP MLO Affiliated links: <none>, Vendor Data: <none>
07-06 00:01:12.699 D/WifiScoreCard(  715): txRate: 1 txSpeed: 1
07-06 00:01:12.700 D/WifiScoreCard(  715): network update SIGNAL_POLL "AndroidWifi" ID: 1201260005 RSSI -50 txSpeed -1
07-06 00:01:12.700 D/WifiClientModeImpl[27601:wlan0](  715):  ClientModeImpl$L2ConnectedState screen=on 1 0 "AndroidWifi" 00:13:10:85:fe:01 rssi=-50 f=2447 sc=60 link=1 tx=0.3, 0.0, 0.0 rx=0.3 bcn=0 [on:0 tx:0 rx:0 period:3010] from screen [on:0 period:884644860] score=60
07-06 00:01:13.366 I/logd    (    0): logdr: UID=2000 GID=2000 PID=22423 n tail=0 logMask=99 pid=0 start=0ns deadline=0ns
07-06 00:01:13.519 D/ProfileInstaller(22370): Installing profile for com.huiyi.mockchat
07-06 00:01:14.468 I/logd    (    0): logdr: UID=2000 GID=2000 PID=22427 n tail=0 logMask=99 pid=0 start=0ns deadline=0ns
07-06 00:01:15.065 I/HuiyiRuntime(21840): dynamic_playbook_cloud_refresh sessionId=837d7449-c91f-4f17-b6a3-752716992087 mode=EXPRESS_SELF chatKey=com.huiyi.mockchat|Application icon localFallbackReady=true cloudAttempted=true cloudSuccess=true cacheReplaced=false staleRefreshDiscarded=true discardedReason=CHAT_KEY_CHANGED cloudContractValidation=PASS
07-06 00:01:15.576 I/logd    (    0): logdr: UID=2000 GID=2000 PID=22430 n tail=0 logMask=99 pid=0 start=0ns deadline=0ns
07-06 00:01:15.706 D/WifiClientModeImpl[27601:wlan0](  715): updateLinkLayerStatsRssiSpeedFrequencyCapabilities rssi=-50 TxLinkspeed=1 freq=2447 RxLinkSpeed=2
07-06 00:01:15.706 D/WifiDataStall(  715): tx tput in kbps: 11000
07-06 00:01:15.706 D/WifiDataStall(  715): rx tput in kbps: 11000
07-06 00:01:15.706 V/WifiConfigManager(  715): Updating scan detail cache freq=2447 BSSID=00:13:10:85:fe:01 RSSI=-50 for "AndroidWifi"NONE
07-06 00:01:15.707 D/WifiThroughputPredictor(  715):  utilization (LLS) 80 isBluetoothConnected: false final utilization: 80
07-06 00:01:15.707 D/WifiThroughputPredictor(  715):  BW: 0 RSSI: -50 Nss: 1 Mode: 1 symDur: 4000 snrDb 30 bitPerTone: 4500 rate: 54 throughput: 11
07-06 00:01:15.707 D/WifiThroughputPredictor(  715):  utilization (LLS) 80 isBluetoothConnected: false final utilization: 80
07-06 00:01:15.707 D/WifiThroughputPredictor(  715):  BW: 0 RSSI: -50 Nss: 1 Mode: 1 symDur: 4000 snrDb 30 bitPerTone: 4500 rate: 54 throughput: 11
07-06 00:01:15.707 D/WifiThroughputPredictor(  715):  utilization (LLS) 80 isBluetoothConnected: false final utilization: 80
07-06 00:01:15.707 D/WifiThroughputPredictor(  715):  BW: 0 RSSI: -50 Nss: 1 Mode: 1 symDur: 4000 snrDb 30 bitPerTone: 4500 rate: 54 throughput: 11
07-06 00:01:15.707 D/WifiThroughputPredictor(  715):  utilization (LLS) 80 isBluetoothConnected: false final utilization: 80
07-06 00:01:15.707 D/WifiThroughputPredictor(  715):  BW: 0 RSSI: -50 Nss: 1 Mode: 1 symDur: 4000 snrDb 30 bitPerTone: 4500 rate: 54 throughput: 11
07-06 00:01:15.708 D/WifiScoreCard(  715): BSSID update SIGNAL_POLL ID: 1559335064 SSID: "AndroidWifi", BSSID: 00:13:10:85:fe:01, MAC: 02:15:b2:00:00:00, IP: /10.0.2.16, Security type: 0, Supplicant state: COMPLETED, Wi-Fi standard: legacy, RSSI: -50, Link speed: 1Mbps, Tx Link speed: 1Mbps, Max Supported Tx Link speed: 11Mbps, Rx Link speed: 2Mbps, Max Supported Rx Link speed: 11Mbps, Frequency: 2447MHz, Net ID: 0, Metered hint: false, score: 60, isUsable: true, CarrierMerged: false, SubscriptionId: -1, IsPrimary: 1, Trusted: true, Restricted: false, Ephemeral: false, OEM paid: false, OEM private: false, OSU AP: false, FQDN: <none>, Provider friendly name: <none>, Requesting package name: <none>"AndroidWifi"openMLO Information: , Is TID-To-Link negotiation supported by the AP: false, AP MLD Address: <none>, AP MLO Link Id: <none>, AP MLO Affiliated links: <none>, Vendor Data: <none>
07-06 00:01:15.708 D/WifiScoreCard(  715): txRate: 1 txSpeed: 1
07-06 00:01:15.708 D/WifiScoreCard(  715): network update SIGNAL_POLL "AndroidWifi" ID: 1201260005 RSSI -50 txSpeed -1
07-06 00:01:15.708 D/WifiClientModeImpl[27601:wlan0](  715):  ClientModeImpl$L2ConnectedState screen=on 1 0 "AndroidWifi" 00:13:10:85:fe:01 rssi=-50 f=2447 sc=60 link=1 tx=0.9, 0.0, 0.0 rx=0.9 bcn=0 [on:0 tx:0 rx:0 period:3007] from screen [on:0 period:884647868] score=60
07-06 00:01:16.207 I/netd    (  488): tetherGetStats() -> {[]} <0.42ms>
07-06 00:01:16.686 I/logd    (    0): logdr: UID=2000 GID=2000 PID=22433 n tail=0 logMask=99 pid=0 start=0ns deadline=0ns
07-06 00:01:17.798 I/logd    (    0): logdr: UID=2000 GID=2000 PID=22436 n tail=0 logMask=99 pid=0 start=0ns deadline=0ns
07-06 00:01:17.988 D/wpa_supplicant(  960): nl80211: Drv Event 64 (NL80211_CMD_NOTIFY_CQM) received for wlan0
07-06 00:01:17.989 D/wpa_supplicant(  960): nl80211: Beacon loss event
07-06 00:01:17.989 D/wpa_supplicant(  960): wlan0: Event BEACON_LOSS (53) received
07-06 00:01:17.989 I/wpa_supplicant(  960): wlan0: CTRL-EVENT-BEACON-LOSS 
07-06 00:01:18.712 D/WifiClientModeImpl[27601:wlan0](  715): updateLinkLayerStatsRssiSpeedFrequencyCapabilities rssi=-50 TxLinkspeed=1 freq=2447 RxLinkSpeed=2
07-06 00:01:18.712 D/WifiDataStall(  715): tx tput in kbps: 11000
07-06 00:01:18.712 D/WifiDataStall(  715): rx tput in kbps: 11000
07-06 00:01:18.712 V/WifiConfigManager(  715): Updating scan detail cache freq=2447 BSSID=00:13:10:85:fe:01 RSSI=-50 for "AndroidWifi"NONE
07-06 00:01:18.713 D/WifiThroughputPredictor(  715):  utilization (LLS) 80 isBluetoothConnected: false final utilization: 80
07-06 00:01:18.713 D/WifiThroughputPredictor(  715):  BW: 0 RSSI: -50 Nss: 1 Mode: 1 symDur: 4000 snrDb 30 bitPerTone: 4500 rate: 54 throughput: 11
07-06 00:01:18.713 D/WifiThroughputPredictor(  715):  utilization (LLS) 80 isBluetoothConnected: false final utilization: 80
07-06 00:01:18.713 D/WifiThroughputPredictor(  715):  BW: 0 RSSI: -50 Nss: 1 Mode: 1 symDur: 4000 snrDb 30 bitPerTone: 4500 rate: 54 throughput: 11
07-06 00:01:18.713 D/WifiThroughputPredictor(  715):  utilization (LLS) 80 isBluetoothConnected: false final utilization: 80
07-06 00:01:18.713 D/WifiThroughputPredictor(  715):  BW: 0 RSSI: -50 Nss: 1 Mode: 1 symDur: 4000 snrDb 30 bitPerTone: 4500 rate: 54 throughput: 11
07-06 00:01:18.713 D/WifiThroughputPredictor(  715):  utilization (LLS) 80 isBluetoothConnected: false final utilization: 80
07-06 00:01:18.713 D/WifiThroughputPredictor(  715):  BW: 0 RSSI: -50 Nss: 1 Mode: 1 symDur: 4000 snrDb 30 bitPerTone: 4500 rate: 54 throughput: 11
07-06 00:01:18.714 D/WifiScoreCard(  715): BSSID update SIGNAL_POLL ID: 1559335064 SSID: "AndroidWifi", BSSID: 00:13:10:85:fe:01, MAC: 02:15:b2:00:00:00, IP: /10.0.2.16, Security type: 0, Supplicant state: COMPLETED, Wi-Fi standard: legacy, RSSI: -50, Link speed: 1Mbps, Tx Link speed: 1Mbps, Max Supported Tx Link speed: 11Mbps, Rx Link speed: 2Mbps, Max Supported Rx Link speed: 11Mbps, Frequency: 2447MHz, Net ID: 0, Metered hint: false, score: 60, isUsable: true, CarrierMerged: false, SubscriptionId: -1, IsPrimary: 1, Trusted: true, Restricted: false, Ephemeral: false, OEM paid: false, OEM private: false, OSU AP: false, FQDN: <none>, Provider friendly name: <none>, Requesting package name: <none>"AndroidWifi"openMLO Information: , Is TID-To-Link negotiation supported by the AP: false, AP MLD Address: <none>, AP MLO Link Id: <none>, AP MLO Affiliated links: <none>, Vendor Data: <none>
07-06 00:01:18.715 D/WifiScoreCard(  715): txRate: 1 txSpeed: 1
07-06 00:01:18.715 D/WifiScoreCard(  715): network update SIGNAL_POLL "AndroidWifi" ID: 1201260005 RSSI -50 txSpeed -1
07-06 00:01:18.715 D/WifiClientModeImpl[27601:wlan0](  715):  ClientModeImpl$L2ConnectedState screen=on 1 0 "AndroidWifi" 00:13:10:85:fe:01 rssi=-50 f=2447 sc=60 link=1 tx=0.3, 0.0, 0.0 rx=0.3 bcn=0 [on:0 tx:0 rx:0 period:3007] from screen [on:0 period:884650875] score=60
07-06 00:01:18.905 I/logd    (    0): logdr: UID=2000 GID=2000 PID=22439 n tail=0 logMask=99 pid=0 start=0ns deadline=0ns
07-06 00:01:19.999 I/logd    (    0): logdr: UID=2000 GID=2000 PID=22442 n tail=0 logMask=99 pid=0 start=0ns deadline=0ns
07-06 00:01:21.096 I/logd    (    0): logdr: UID=2000 GID=2000 PID=22445 n tail=0 logMask=99 pid=0 start=0ns deadline=0ns
07-06 00:01:21.181 D/SatelliteController( 1112): iisInCarrierRoamingNbIotNtn: satellite is disabled
07-06 00:01:21.585 D/ApfFilter( 1058): (wlan0): Adding RA fe80::2 -> ff02::1 1800s fec0::/64 86400s/14400s DNS 1200000s fec0::3 
07-06 00:01:21.588 D/WifiVendorHal(  715): installPacketFilter filter length 1893
07-06 00:01:21.589 D/WifiClientModeImpl[27601:wlan0](  715):  ClientModeImpl$ConnectableState screen=on len=1893
07-06 00:01:21.717 D/WifiClientModeImpl[27601:wlan0](  715): updateLinkLayerStatsRssiSpeedFrequencyCapabilities rssi=-50 TxLinkspeed=1 freq=2447 RxLinkSpeed=2
07-06 00:01:21.718 D/WifiDataStall(  715): tx tput in kbps: 11000
07-06 00:01:21.718 D/WifiDataStall(  715): rx tput in kbps: 11000
07-06 00:01:21.718 V/WifiConfigManager(  715): Updating scan detail cache freq=2447 BSSID=00:13:10:85:fe:01 RSSI=-50 for "AndroidWifi"NONE
07-06 00:01:21.718 D/WifiThroughputPredictor(  715):  utilization (LLS) 80 isBluetoothConnected: false final utilization: 80
07-06 00:01:21.718 D/WifiThroughputPredictor(  715):  BW: 0 RSSI: -50 Nss: 1 Mode: 1 symDur: 4000 snrDb 30 bitPerTone: 4500 rate: 54 throughput: 11
07-06 00:01:21.718 D/WifiThroughputPredictor(  715):  utilization (LLS) 80 isBluetoothConnected: false final utilization: 80
07-06 00:01:21.719 D/WifiThroughputPredictor(  715):  BW: 0 RSSI: -50 Nss: 1 Mode: 1 symDur: 4000 snrDb 30 bitPerTone: 4500 rate: 54 throughput: 11
07-06 00:01:21.719 D/WifiThroughputPredictor(  715):  utilization (LLS) 80 isBluetoothConnected: false final utilization: 80
07-06 00:01:21.719 D/WifiThroughputPredictor(  715):  BW: 0 RSSI: -50 Nss: 1 Mode: 1 symDur: 4000 snrDb 30 bitPerTone: 4500 rate: 54 throughput: 11
07-06 00:01:21.719 D/WifiThroughputPredictor(  715):  utilization (LLS) 80 isBluetoothConnected: false final utilization: 80
07-06 00:01:21.719 D/WifiThroughputPredictor(  715):  BW: 0 RSSI: -50 Nss: 1 Mode: 1 symDur: 4000 snrDb 30 bitPerTone: 4500 rate: 54 throughput: 11
07-06 00:01:21.719 D/WifiScoreCard(  715): BSSID update SIGNAL_POLL ID: 1559335064 SSID: "AndroidWifi", BSSID: 00:13:10:85:fe:01, MAC: 02:15:b2:00:00:00, IP: /10.0.2.16, Security type: 0, Supplicant state: COMPLETED, Wi-Fi standard: legacy, RSSI: -50, Link speed: 1Mbps, Tx Link speed: 1Mbps, Max Supported Tx Link speed: 11Mbps, Rx Link speed: 2Mbps, Max Supported Rx Link speed: 11Mbps, Frequency: 2447MHz, Net ID: 0, Metered hint: false, score: 60, isUsable: true, CarrierMerged: false, SubscriptionId: -1, IsPrimary: 1, Trusted: true, Restricted: false, Ephemeral: false, OEM paid: false, OEM private: false, OSU AP: false, FQDN: <none>, Provider friendly name: <none>, Requesting package name: <none>"AndroidWifi"openMLO Information: , Is TID-To-Link negotiation supported by the AP: false, AP MLD Address: <none>, AP MLO Link Id: <none>, AP MLO Affiliated links: <none>, Vendor Data: <none>
07-06 00:01:21.720 D/WifiScoreCard(  715): txRate: 1 txSpeed: 1
07-06 00:01:21.720 D/WifiScoreCard(  715): network update SIGNAL_POLL "AndroidWifi" ID: 1201260005 RSSI -50 txSpeed -1
07-06 00:01:21.720 D/WifiClientModeImpl[27601:wlan0](  715):  ClientModeImpl$L2ConnectedState screen=on 1 0 "AndroidWifi" 00:13:10:85:fe:01 rssi=-50 f=2447 sc=60 link=1 tx=0.1, 0.0, 0.0 rx=0.3 bcn=0 [on:0 tx:0 rx:0 period:3004] from screen [on:0 period:884653880] score=60
07-06 00:01:22.202 D/WindowManager(  715): captureDisplay
07-06 00:01:22.187 I/logd    (    0): logdr: UID=2000 GID=2000 PID=22448 n tail=0 logMask=99 pid=0 start=0ns deadline=0ns
07-06 00:01:23.313 I/logd    (    0): logdr: UID=2000 GID=2000 PID=22451 n tail=0 logMask=99 pid=0 start=0ns deadline=0ns
07-06 00:01:24.022 I/HuiyiRuntime(21840): dynamic_playbook_cloud_refresh sessionId=3ea50800-682c-4cd5-99ab-4a91398c00f2 mode=NEXT_SENTENCE chatKey=com.huiyi.mockchat|Home screen 1 of 1 localFallbackReady=true cloudAttempted=true cloudSuccess=true cacheReplaced=false staleRefreshDiscarded=true discardedReason=CHAT_KEY_CHANGED cloudContractValidation=PASS
07-06 00:01:24.421 I/logd    (    0): logdr: UID=2000 GID=2000 PID=22454 n tail=0 logMask=99 pid=0 start=0ns deadline=0ns
