07-06 00:01:00.171 I/AconfigPackage(22265): com.android.graphics.surfaceflinger.flags is mapped to system
07-06 00:01:00.171 I/AconfigPackage(22265): com.android.hardware.input is mapped to system
07-06 00:01:00.172 I/AconfigPackage(22265): android.sdk is mapped to system
07-06 00:01:00.172 I/AconfigPackage(22265): com.android.input.flags is mapped to system
07-06 00:01:00.172 I/AconfigPackage(22265): android.tracing is mapped to system
07-06 00:01:00.172 I/AconfigPackage(22265): com.android.server.biometrics is mapped to system
07-06 00:01:00.172 I/AconfigPackage(22265): android.view.contentcapture.flags is mapped to system
07-06 00:01:00.173 I/AconfigPackage(22265): android.app.job is mapped to system
07-06 00:01:00.173 I/AconfigPackage(22265): android.content.res is mapped to system
07-06 00:01:00.173 I/AconfigPackage(22265): android.net.platform.flags is mapped to system
07-06 00:01:00.173 I/AconfigPackage(22265): com.android.aconfig.flags is mapped to system
07-06 00:01:00.173 I/AconfigPackage(22265): com.android.graphics.flags is mapped to system
07-06 00:01:00.173 I/AconfigPackage(22265): android.server.app is mapped to system
07-06 00:01:00.173 I/AconfigPackage(22265): android.speech.flags is mapped to system
07-06 00:01:00.173 I/AconfigPackage(22265): com.android.server.stats is mapped to system
07-06 00:01:00.175 I/AconfigPackage(22265): android.hardware.biometrics is mapped to system
07-06 00:01:00.175 I/AconfigPackage(22265): android.car.feature is mapped to system
07-06 00:01:00.175 I/AconfigPackage(22265): android.adpf is mapped to system
07-06 00:01:00.176 I/AconfigPackage(22265): android.location.flags is mapped to system
07-06 00:01:00.180 I/AconfigPackage(22265): com.android.settingslib.flags is mapped to system
07-06 00:01:00.180 I/AconfigPackage(22265): com.android.managedprovisioning.flags is mapped to system
07-06 00:01:00.180 I/AconfigPackage(22265): android.app.assist.flags is mapped to system
07-06 00:01:00.180 I/AconfigPackage(22265): com.android.server.net is mapped to system
07-06 00:01:00.180 I/AconfigPackage(22265): com.android.settingslib.widget.flags is mapped to system
07-06 00:01:00.180 I/AconfigPackage(22265): com.android.internal.camera.flags is mapped to system
07-06 00:01:00.180 I/AconfigPackage(22265): com.android.hardware.libsensor.flags is mapped to system
07-06 00:01:00.180 I/AconfigPackage(22265): com.android.internal.jank is mapped to system
07-06 00:01:00.180 I/AconfigPackage(22265): com.android.providers.settings is mapped to system
07-06 00:01:00.181 I/AconfigPackage(22265): android.multiuser is mapped to system
07-06 00:01:00.181 I/AconfigPackage(22265): com.android.server.power.optimization is mapped to system
07-06 00:01:00.181 I/AconfigPackage(22265): com.android.calllogbackup is mapped to system
07-06 00:01:00.181 I/AconfigPackage(22265): com.android.media.flags is mapped to system
07-06 00:01:00.181 I/AconfigPackage(22265): com.android.server.flags is mapped to system
07-06 00:01:00.181 I/AconfigPackage(22265): com.android.graphics.libvulkan.flags is mapped to system
07-06 00:01:00.181 I/AconfigPackage(22265): android.app.appfunctions.flags is mapped to system
07-06 00:01:00.181 I/AconfigPackage(22265): android.app.smartspace.flags is mapped to system
07-06 00:01:00.181 I/AconfigPackage(22265): com.android.providers.contacts.flags is mapped to system
07-06 00:01:00.181 I/AconfigPackage(22265): com.android.shell.flags is mapped to system
07-06 00:01:00.183 I/AconfigPackage(22265): com.android.media.aaudio is mapped to system
07-06 00:01:00.183 I/AconfigPackage(22265): android.hardware.radio is mapped to system
07-06 00:01:00.183 I/AconfigPackage(22265): com.google.wear.services.infra.flags is mapped to system
07-06 00:01:00.183 I/AconfigPackage(22265): suspend_service.flags is mapped to system
07-06 00:01:00.183 I/AconfigPackage(22265): android.media.midi is mapped to system
07-06 00:01:00.183 I/AconfigPackage(22265): com.android.libcore.readonly is mapped to system
07-06 00:01:00.183 I/AconfigPackage(22265): com.android.settingslib.widget.selectorwithwidgetpreference.flags is mapped to system
07-06 00:01:00.183 I/AconfigPackage(22265): android.service.notification is mapped to system
07-06 00:01:00.183 I/AconfigPackage(22265): com.android.systemui.shared is mapped to system
07-06 00:01:00.183 I/AconfigPackage(22265): android.app.jank is mapped to system
07-06 00:01:00.183 I/AconfigPackage(22265): android.app.wearable is mapped to system
07-06 00:01:00.184 I/AconfigPackage(22265): com.android.media.audio is mapped to system
07-06 00:01:00.184 I/AconfigPackage(22265): android.service.chooser is mapped to system
07-06 00:01:00.184 I/AconfigPackage(22265): com.android.server.compat is mapped to system
07-06 00:01:00.184 I/AconfigPackage(22265): com.android.server.alarm is mapped to system
07-06 00:01:00.184 I/AconfigPackage(22265): com.android.apex.flags is mapped to system
07-06 00:01:00.184 I/AconfigPackage(22265): android.service.quickaccesswallet is mapped to system
07-06 00:01:00.184 I/AconfigPackage(22265): android.app.usage is mapped to system
07-06 00:01:00.184 I/AconfigPackage(22265): com.android.server.accessibility is mapped to system
07-06 00:01:00.184 I/AconfigPackage(22265): android.app.supervision.flags is mapped to system
07-06 00:01:00.184 I/AconfigPackage(22265): com.android.server.utils is mapped to system
07-06 00:01:00.185 I/AconfigPackage(22265): android.chre.flags is mapped to system
07-06 00:01:00.185 I/AconfigPackage(22265): android.content.flags is mapped to system
07-06 00:01:00.185 I/AconfigPackage(22265): android.media.codec is mapped to system
07-06 00:01:00.185 I/AconfigPackage(22265): com.android.internal.os is mapped to system
07-06 00:01:00.185 I/AconfigPackage(22265): com.android.nfc.nci.flags is mapped to system
07-06 00:01:00.185 I/AconfigPackage(22265): android.app is mapped to system
07-06 00:01:00.185 I/AconfigPackage(22265): android.security.keystore2 is mapped to system
07-06 00:01:00.185 I/AconfigPackage(22265): android.crashrecovery.flags is mapped to system
07-06 00:01:00.185 I/AconfigPackage(22265): com.android.tradeinmode.flags is mapped to system
07-06 00:01:00.185 I/AconfigPackage(22265): android.hardware.flags is mapped to system
07-06 00:01:00.185 I/AconfigPackage(22265): com.android.server.telecom.flags is mapped to system
07-06 00:01:00.185 I/AconfigPackage(22265): com.android.settingslib.media.flags is mapped to system
07-06 00:01:00.185 I/AconfigPackage(22265): com.android.server.policy is mapped to system
07-06 00:01:00.185 I/AconfigPackage(22265): android.media.audiopolicy is mapped to system
07-06 00:01:00.185 I/AconfigPackage(22265): com.android.egg.flags is mapped to system
07-06 00:01:00.185 I/AconfigPackage(22265): com.android.internal.compat.flags is mapped to system
07-06 00:01:00.186 I/AconfigPackage(22265): android.security is mapped to system
07-06 00:01:00.186 I/AconfigPackage(22265): android.service.autofill is mapped to system
07-06 00:01:00.186 I/AconfigPackage(22265): com.example.android.aconfig.demo.flags is mapped to system
07-06 00:01:00.186 I/AconfigPackage(22265): android.view.flags is mapped to system
07-06 00:01:00.186 I/AconfigPackage(22265): android.companion.virtual.flags is mapped to system
07-06 00:01:00.186 I/AconfigPackage(22265): com.android.aconfig_new_storage is mapped to system
07-06 00:01:00.186 I/AconfigPackage(22265): com.android.server.feature.flags is mapped to system
07-06 00:01:00.186 I/AconfigPackage(22265): com.android.systemui is mapped to system
07-06 00:01:00.186 I/AconfigPackage(22265): com.android.server.power.batterysaver is mapped to system
07-06 00:01:00.186 I/AconfigPackage(22265): android.widget.flags is mapped to system
07-06 00:01:00.186 I/AconfigPackage(22265): com.android.media.editing.flags is mapped to system
07-06 00:01:00.186 I/AconfigPackage(22265): com.android.media.codec.flags is mapped to system
07-06 00:01:00.186 I/AconfigPackage(22265): com.android.server.powerstats is mapped to system
07-06 00:01:00.186 I/AconfigPackage(22265): com.android.graphics.egl.flags is mapped to system
07-06 00:01:00.186 I/AconfigPackage(22265): com.android.media.audioserver is mapped to system
07-06 00:01:00.186 I/AconfigPackage(22265): com.android.server.deviceidle is mapped to system
07-06 00:01:00.187 I/AconfigPackage(22265): android.nfc is mapped to system
07-06 00:01:00.187 I/AconfigPackage(22265): android.permission.flags is mapped to system
07-06 00:01:00.187 I/AconfigPackage(22265): android.service.voice.flags is mapped to system
07-06 00:01:00.187 I/AconfigPackage(22265): android.content.pm is mapped to system
07-06 00:01:00.187 I/AconfigPackage(22265): com.android.server.power.hint is mapped to system
07-06 00:01:00.187 I/AconfigPackage(22265): android.os is mapped to system
07-06 00:01:00.191 I/AconfigPackage(22265): android.service.dreams is mapped to system
07-06 00:01:00.192 I/AconfigPackage(22265): com.android.graphics.libgui.flags is mapped to system
07-06 00:01:00.192 I/AconfigPackage(22265): android.hardware.usb.flags is mapped to system
07-06 00:01:00.192 I/AconfigPackage(22265): android.provider is mapped to system
07-06 00:01:00.192 I/AconfigPackage(22265): com.android.server.job is mapped to system
07-06 00:01:00.192 I/AconfigPackage(22265): com.android.internal.foldables.flags is mapped to system
07-06 00:01:00.192 I/AconfigPackage(22265): com.android.internal.telephony.flags is mapped to system
07-06 00:01:00.192 I/AconfigPackage(22265): android.webkit is mapped to system
07-06 00:01:00.192 I/AconfigPackage(22265): android.credentials.flags is mapped to system
07-06 00:01:00.192 I/AconfigPackage(22265): com.android.server.display.feature.flags is mapped to system
07-06 00:01:00.192 I/AconfigPackage(22265): com.android.server.notification is mapped to system
07-06 00:01:00.193 I/AconfigPackage(22265): android.appwidget.flags is mapped to system
07-06 00:01:00.193 I/AconfigPackage(22265): com.android.frameworks.sensorservice.flags is mapped to system
07-06 00:01:00.193 I/AconfigPackage(22265): com.android.printspooler.flags is mapped to system
07-06 00:01:00.193 I/AconfigPackage(22265): com.android.window.flags is mapped to system
07-06 00:01:00.193 I/AconfigPackage(22265): android.adaptiveauth is mapped to system
07-06 00:01:00.193 I/AconfigPackage(22265): android.net.wifi.flags is mapped to system
07-06 00:01:00.193 I/AconfigPackage(22265): android.media.tv.flags is mapped to system
07-06 00:01:00.193 I/AconfigPackage(22265): com.android.server.usb.flags is mapped to system
07-06 00:01:00.194 I/AconfigPackage(22265): android.os.vibrator is mapped to system
07-06 00:01:00.194 I/AconfigPackage(22265): android.hardware.devicestate.feature.flags is mapped to system
07-06 00:01:00.195 I/AconfigPackage(22265): com.android.server.usage is mapped to system
07-06 00:01:00.195 I/AconfigPackage(22265): android.server is mapped to system
07-06 00:01:00.195 I/AconfigPackage(22265): com.android.wm.shell is mapped to system
07-06 00:01:00.195 I/AconfigPackage(22265): android.view.inputmethod is mapped to system
07-06 00:01:00.195 I/AconfigPackage(22265): com.android.graphics.hwui.flags is mapped to system
07-06 00:01:00.195 I/AconfigPackage(22265): com.android.server.backup is mapped to system
07-06 00:01:00.195 I/AconfigPackage(22265): com.android.internal.pm.pkg.component.flags is mapped to system
07-06 00:01:00.195 I/AconfigPackage(22265): android.view.accessibility is mapped to system
07-06 00:01:00.195 I/AconfigPackage(22265): com.google.wear.sdk is mapped to system
07-06 00:01:00.195 I/AconfigPackage(22265): android.media.audio is mapped to system
07-06 00:01:00.196 I/AconfigPackage(22265): com.android.server.am is mapped to system
07-06 00:01:00.196 I/AconfigPackage(22265): com.android.media.playback.flags is mapped to system
07-06 00:01:00.198 I/AconfigPackage(22265): com.android.art.flags is mapped to com.android.art
07-06 00:01:00.198 I/AconfigPackage(22265): com.android.libcore is mapped to com.android.art
07-06 00:01:00.199 I/AconfigPackage(22265): com.android.media.extractor.flags is mapped to com.android.media
07-06 00:01:00.199 I/AconfigPackage(22265): com.android.media.mainline.flags is mapped to com.android.media
07-06 00:01:00.199 I/AconfigPackage(22265): com.android.wifi.flags is mapped to com.android.wifi
07-06 00:01:00.199 I/AconfigPackage(22265): com.android.org.conscrypt.flags is mapped to com.android.conscrypt
07-06 00:01:00.200 I/AconfigPackage(22265): com.android.healthfitness.flags is mapped to com.android.healthfitness
07-06 00:01:00.200 I/AconfigPackage(22265): com.google.android.input.twoshay.flags is mapped to vendor
07-06 00:01:00.200 I/AconfigPackage(22265): libgooglecamerahal.flags is mapped to vendor
07-06 00:01:00.200 I/AconfigPackage(22265): com.android.ipsec.flags is mapped to com.android.ipsec
07-06 00:01:00.201 I/AconfigPackage(22265): com.android.nfc.module.flags is mapped to com.android.nfcservices
07-06 00:01:00.201 I/AconfigPackage(22265): com.android.adservices.ondevicepersonalization.flags is mapped to com.android.ondevicepersonalization
07-06 00:01:00.201 I/AconfigPackage(22265): com.android.bluetooth.flags is mapped to com.android.bt
07-06 00:01:00.201 D/nativeloader(22267): Configuring clns-9 for other apk /data/app/~~Fl5F1LsE_v39Or_Zo7C-QQ==/com.huiyi.mockchat-DnhKqqzO2ScSL_g4XCgczg==/base.apk. target_sdk_version=35, uses_libraries=, library_path=/data/app/~~Fl5F1LsE_v39Or_Zo7C-QQ==/com.huiyi.mockchat-DnhKqqzO2ScSL_g4XCgczg==/lib/x86_64:/data/app/~~Fl5F1LsE_v39Or_Zo7C-QQ==/com.huiyi.mockchat-DnhKqqzO2ScSL_g4XCgczg==/base.apk!/lib/x86_64, permitted_path=/data:/mnt/expand:/data/user/0/com.huiyi.mockchat
07-06 00:01:00.201 I/AconfigPackage(22265): com.android.devicelock.flags is mapped to com.android.devicelock
07-06 00:01:00.202 I/AconfigPackage(22265): android.os.profiling is mapped to com.android.profiling
07-06 00:01:00.202 I/AconfigPackage(22265): com.android.os.statsd.flags is mapped to com.android.os.statsd
07-06 00:01:00.202 I/AconfigPackage(22265): com.android.cellbroadcastreceiver.flags is mapped to com.android.cellbroadcast
07-06 00:01:00.202 I/AconfigPackage(22265): com.android.adservices.flags is mapped to com.android.adservices
07-06 00:01:00.203 I/AconfigPackage(22265): com.android.sdksandbox.flags is mapped to com.android.adservices
07-06 00:01:00.204 I/AconfigPackage(22265): com.android.uwb.flags is mapped to com.android.uwb
07-06 00:01:00.204 I/AconfigPackage(22265): com.android.ranging.flags is mapped to com.android.uwb
07-06 00:01:00.204 I/AconfigPackage(22265): android.graphics.pdf.flags is mapped to com.android.mediaprovider
07-06 00:01:00.205 I/AconfigPackage(22265): com.android.providers.media.flags is mapped to com.android.mediaprovider
07-06 00:01:00.205 I/AconfigPackage(22265): android.graphics.pdf.flags.readonly is mapped to com.android.mediaprovider
07-06 00:01:00.205 I/AconfigPackage(22265): com.android.net.ct.flags is mapped to com.android.tethering
07-06 00:01:00.205 I/AconfigPackage(22265): com.android.net.flags is mapped to com.android.tethering
07-06 00:01:00.206 I/AconfigPackage(22265): android.net.vcn is mapped to com.android.tethering
07-06 00:01:00.206 I/AconfigPackage(22265): com.android.nearby.flags is mapped to com.android.tethering
07-06 00:01:00.206 W/AccessibilityManagerService(  715):  wait for adding window timeout: 706
07-06 00:01:00.207 I/AconfigPackage(22265): android.net.http is mapped to com.android.tethering
07-06 00:01:00.207 I/AconfigPackage(22265): com.android.net.thread.flags is mapped to com.android.tethering
07-06 00:01:00.207 D/CompatChangeReporter(22267): Compat change id reported: 202956589; UID 10217; state: ENABLED
07-06 00:01:00.208 I/AconfigPackage(22265): com.android.system.virtualmachine.flags is mapped to com.android.virt
07-06 00:01:00.208 E/FeatureFlagsImplExport(22265): android.os.flagging.AconfigStorageReadException: ERROR_PACKAGE_NOT_FOUND: package android.xr cannot be found on the device
07-06 00:01:00.213 I/.huiyi.mockchat(22267): AssetManager2(0x79075aad2fd8) locale list changing from [] to [en-US]
07-06 00:01:00.215 D/UiAutomationConnection(22265): Created on user UserHandle{0}
07-06 00:01:00.215 I/UiAutomation(22265): Initialized for user 0 on display 0
07-06 00:01:00.216 W/UiAutomation(22265): Created with deprecatead constructor, assumes DEFAULT_DISPLAY
07-06 00:01:00.221 D/AccessibilityManagerService(  715): changeCurrentUserForTestAutomationIfNeededLocked(0): ignoring because device doesn't support visible background users
07-06 00:01:00.221 I/UiAutomationManager(  715): Registering UiTestAutomationService (id=com.android.server.accessibility/UiAutomation, flags=0x0) when called by user 0
07-06 00:01:00.227 V/AccessibilityManagerService(  715): onUserStateChangedLocked for userId: 0, forceUpdate: false
07-06 00:01:00.231 V/GraphicsEnvironment(22267): Currently set values for:
07-06 00:01:00.231 V/GraphicsEnvironment(22267):   angle_gl_driver_selection_pkgs=[]
07-06 00:01:00.231 V/GraphicsEnvironment(22267):   angle_gl_driver_selection_values=[]
07-06 00:01:00.231 V/GraphicsEnvironment(22267): com.huiyi.mockchat is not listed in per-application setting
07-06 00:01:00.232 V/GraphicsEnvironment(22267): ANGLE allowlist from config: com.dreamgames.royalmatch com.dts.freefiremax com.dxx.firenow com.gramgames.mergedragons com.ludo.king com.mojang.minecraftpe com.my.defense com.nintendo.zaka com.os.airforce com.playrix.fishdomdd.gplay io.teslatech.callbreak jp.konami.prospia net.peakgames.toonblast
07-06 00:01:00.232 V/GraphicsEnvironment(22267): com.huiyi.mockchat is not listed in ANGLE allowlist or settings, returning default
07-06 00:01:00.232 V/GraphicsEnvironment(22267): Neither updatable production driver nor prerelease driver is supported.
07-06 00:01:00.252 W/MagnificationConnectionManager(  715): requestConnection duplicated request: connect=false, mConnectionState=DISCONNECTED
07-06 00:01:00.253 I/netd    (  488): tetherGetStats() -> {[]} <1.72ms>
07-06 00:01:00.256 V/UiAutomation(22265): Init UiAutomation@591b67b[id=632, displayId=0, flags=0]
07-06 00:01:00.256 W/IPCThreadState(  715): Sending oneway calls to frozen process.
07-06 00:01:00.256 W/IPCThreadState(  715): Sending oneway calls to frozen process.
07-06 00:01:00.257 W/IPCThreadState(  715): Sending oneway calls to frozen process.
07-06 00:01:00.257 V/AccessibilityManagerService(  715): onUserStateChangedLocked for userId: 0, forceUpdate: false
07-06 00:01:00.260 W/IPCThreadState(  715): Sending oneway calls to frozen process.
07-06 00:01:00.260 W/IPCThreadState(  715): Sending oneway calls to frozen process.
07-06 00:01:00.260 W/IPCThreadState(  715): Sending oneway calls to frozen process.
07-06 00:01:00.261 W/IPCThreadState(  715): Sending oneway calls to frozen process.
07-06 00:01:00.264 W/MagnificationConnectionManager(  715): requestConnection duplicated request: connect=false, mConnectionState=DISCONNECTED
07-06 00:01:00.268 W/IPCThreadState(  715): Sending oneway calls to frozen process.
07-06 00:01:00.268 W/IPCThreadState(  715): Sending oneway calls to frozen process.
07-06 00:01:00.268 W/IPCThreadState(  715): Sending oneway calls to frozen process.
07-06 00:01:00.269 W/IPCThreadState(  715): Sending oneway calls to frozen process.
07-06 00:01:00.269 W/IPCThreadState(  715): Sending oneway calls to frozen process.
07-06 00:01:00.269 W/IPCThreadState(  715): Sending oneway calls to frozen process.
07-06 00:01:00.269 W/IPCThreadState(  715): Sending oneway calls to frozen process.
07-06 00:01:00.273 W/IPCThreadState(  715): Sending oneway calls to frozen process.
07-06 00:01:00.273 W/IPCThreadState(  715): Sending oneway calls to frozen process.
07-06 00:01:00.274 W/IPCThreadState(  715): Sending oneway calls to frozen process.
07-06 00:01:00.274 W/IPCThreadState(  715): Sending oneway calls to frozen process.
07-06 00:01:00.275 V/WindowManagerShell(  972): Transition animation finished (aborted=false), notifying core (#195) android.os.BinderProxy@80dfead@0
07-06 00:01:00.277 W/IPCThreadState(  715): Sending oneway calls to frozen process.
07-06 00:01:00.277 W/IPCThreadState(  715): Sending oneway calls to frozen process.
07-06 00:01:00.277 W/IPCThreadState(  715): Sending oneway calls to frozen process.
07-06 00:01:00.277 W/IPCThreadState(  715): Sending oneway calls to frozen process.
07-06 00:01:00.277 W/IPCThreadState(  715): Sending oneway calls to frozen process.
07-06 00:01:00.277 W/IPCThreadState(  715): Sending oneway calls to frozen process.
07-06 00:01:00.278 W/IPCThreadState(  715): Sending oneway calls to frozen process.
07-06 00:01:00.278 W/IPCThreadState(  715): Sending oneway calls to frozen process.
07-06 00:01:00.278 W/IPCThreadState(  715): Sending oneway calls to frozen process.
07-06 00:01:00.280 W/IPCThreadState(  715): Sending oneway calls to frozen process.
07-06 00:01:00.280 W/IPCThreadState(  715): Sending oneway calls to frozen process.
07-06 00:01:00.280 W/IPCThreadState(  715): Sending oneway calls to frozen process.
07-06 00:01:00.281 W/IPCThreadState(  715): Sending oneway calls to frozen process.
07-06 00:01:00.281 W/IPCThreadState(  715): Sending oneway calls to frozen process.
07-06 00:01:00.282 W/IPCThreadState(  715): Sending oneway calls to frozen process.
07-06 00:01:00.283 W/IPCThreadState(  715): Sending oneway calls to frozen process.
07-06 00:01:00.284 W/IPCThreadState(  715): Sending oneway calls to frozen process.
07-06 00:01:00.284 W/IPCThreadState(  715): Sending oneway calls to frozen process.
07-06 00:01:00.284 W/IPCThreadState(  715): Sending oneway calls to frozen process.
07-06 00:01:00.284 W/IPCThreadState(  715): Sending oneway calls to frozen process.
07-06 00:01:00.284 W/IPCThreadState(  715): Sending oneway calls to frozen process.
07-06 00:01:00.284 W/IPCThreadState(  715): Sending oneway calls to frozen process.
07-06 00:01:00.288 V/WindowManagerShell(  972): Track 0 became idle
07-06 00:01:00.288 V/WindowManagerShell(  972): All active transition animations finished
07-06 00:01:00.288 D/ScalingWorkspaceRevealAnim( 1124): alpha of workspace at the end of animation: 1.0
07-06 00:01:00.289 W/IPCThreadState(  715): Sending oneway calls to frozen process.
07-06 00:01:00.289 V/WindowManager(  715): Finish Transition (#195): created at 07-06 00:00:59.529 collect-started=0.084ms request-sent=27.347ms started=45.965ms ready=295.771ms sent=324.96ms commit=137.481ms finished=748.372ms
07-06 00:01:00.292 W/IPCThreadState(  715): Sending oneway calls to frozen process.
07-06 00:01:00.292 W/IPCThreadState(  715): Sending oneway calls to frozen process.
07-06 00:01:00.292 W/IPCThreadState(  715): Sending oneway calls to frozen process.
07-06 00:01:00.292 W/IPCThreadState(  715): Sending oneway calls to frozen process.
07-06 00:01:00.317 D/CompatChangeReporter(22267): Compat change id reported: 279646685; UID 10217; state: ENABLED
07-06 00:01:00.317 D/VRI[NexusLauncherActivity]( 1124): visibilityChanged oldVisibility=true newVisibility=false
07-06 00:01:00.319 D/NexusLauncherModelDelegate( 1124): notifySmartspaceEvent: SmartspaceTargetEvent{mSmartspaceTarget=null, mSmartspaceActionId='null', mEventType=7}
07-06 00:01:00.349 W/OptProp (  715): Cannot read opt property android.window.PROPERTY_COMPAT_ENABLE_FAKE_FOCUS
07-06 00:01:00.349 D/CompatChangeReporter(  715): Compat change id reported: 324203798; UID 10217; state: ENABLED
07-06 00:01:00.374 I/WifiService(  715): isFeatureSupported uid=1000 returns [WIFI_FEATURE_INFRA, WIFI_FEATURE_P2P, WIFI_FEATURE_MOBILE_HOTSPOT, WIFI_FEATURE_WPA3_SAE, WIFI_FEATURE_WPA3_SUITE_B, WIFI_FEATURE_OWE, WIFI_FEATURE_DPP, WIFI_FEATURE_AP_RAND_MAC, WIFI_FEATURE_MBO, WIFI_FEATURE_FILS_SHA256, WIFI_FEATURE_FILS_SHA384, WIFI_FEATURE_SAE_PK, WIFI_FEATURE_DPP_ENROLLEE_RESPONDER, WIFI_FEATURE_PASSPOINT_TERMS_AND_CONDITIONS, WIFI_FEATURE_WFD_R2, WIFI_FEATURE_DECORATED_IDENTITY, WIFI_FEATURE_TRUST_ON_FIRST_USE, WIFI_FEATURE_SET_TLS_MINIMUM_VERSION, WIFI_FEATURE_TLS_V1_3, WIFI_FEATURE_WEP, WIFI_FEATURE_WPA_PERSONAL]
07-06 00:01:00.385 D/BackgroundInstallControlService(  715): Package event received: 0
07-06 00:01:00.388 D/BackgroundInstallControlService(  715): Package event received: 0
07-06 00:01:00.391 I/DisplayManager(22267): Choreographer implicitly registered for the refresh rate.
07-06 00:01:00.409 D/TelephonyManager(  715): requestModemActivityInfo: Sending result to app: ModemActivityInfo{ mTimestamp=38381361 mSleepTimeMs=4620 mIdleTimeMs=1540 mActivityStatsTechSpecificInfo=[{mRat=UNKNOWN,mFrequencyRange=UNKNOWN,mTxTimeMs[]=[110, 330, 660, 880, 990],mRxTimeMs=990}]}
07-06 00:01:00.417 I/.huiyi.mockchat(22267): AssetManager2(0x79075aadd258) locale list changing from [] to [en-US]
07-06 00:01:00.432 I/netd    (  488): tetherGetStats() -> {[]} <0.85ms>
07-06 00:01:00.440 I/system_server(  715): Background concurrent mark compact GC freed 20MB AllocSpace bytes, 82(1616KB) LOS objects, 40% free, 35MB/59MB, paused 3.653ms,5.285ms total 624.757ms
07-06 00:01:00.441 I/BpBinder(  715): onLastStrongRef automatically unlinking death recipients: 
07-06 00:01:00.441 I/EGL_emulation(22267): Opening libGLESv1_CM_emulation.so
07-06 00:01:00.443 I/EGL_emulation(22267): Opening libGLESv2_emulation.so
07-06 00:01:00.457 W/HWUI    (22267): Failed to choose config with EGL_SWAP_BEHAVIOR_PRESERVED, retrying without...
07-06 00:01:00.458 W/HWUI    (22267): Failed to initialize 101010-2 format, error = EGL_SUCCESS
07-06 00:01:00.596 E/ashmem  (22267): Pinning is deprecated since Android Q. Please use trim or other methods.
07-06 00:01:00.621 D/CompatChangeReporter(22267): Compat change id reported: 309578419; UID 10217; state: ENABLED
07-06 00:01:00.624 D/DesktopModeFlags(22267): Toggle override initialized to: OVERRIDE_UNSET
07-06 00:01:00.647 D/WifiClientModeImpl[27601:wlan0](  715): updateLinkLayerStatsRssiSpeedFrequencyCapabilities rssi=-50 TxLinkspeed=2 freq=2447 RxLinkSpeed=2
07-06 00:01:00.648 D/WifiDataStall(  715): tx tput in kbps: 11000
07-06 00:01:00.648 D/WifiDataStall(  715): rx tput in kbps: 11000
07-06 00:01:00.648 V/WifiConfigManager(  715): Updating scan detail cache freq=2447 BSSID=00:13:10:85:fe:01 RSSI=-50 for "AndroidWifi"NONE
07-06 00:01:00.648 D/WifiThroughputPredictor(  715):  utilization (LLS) 80 isBluetoothConnected: false final utilization: 80
07-06 00:01:00.648 D/WifiThroughputPredictor(  715):  BW: 0 RSSI: -50 Nss: 1 Mode: 1 symDur: 4000 snrDb 30 bitPerTone: 4500 rate: 54 throughput: 11
07-06 00:01:00.648 D/WifiThroughputPredictor(  715):  utilization (LLS) 80 isBluetoothConnected: false final utilization: 80
07-06 00:01:00.648 D/WifiThroughputPredictor(  715):  BW: 0 RSSI: -50 Nss: 1 Mode: 1 symDur: 4000 snrDb 30 bitPerTone: 4500 rate: 54 throughput: 11
07-06 00:01:00.649 D/WifiThroughputPredictor(  715):  utilization (LLS) 80 isBluetoothConnected: false final utilization: 80
07-06 00:01:00.649 D/WifiThroughputPredictor(  715):  BW: 0 RSSI: -50 Nss: 1 Mode: 1 symDur: 4000 snrDb 30 bitPerTone: 4500 rate: 54 throughput: 11
07-06 00:01:00.649 D/WifiThroughputPredictor(  715):  utilization (LLS) 80 isBluetoothConnected: false final utilization: 80
07-06 00:01:00.649 D/WifiThroughputPredictor(  715):  BW: 0 RSSI: -50 Nss: 1 Mode: 1 symDur: 4000 snrDb 30 bitPerTone: 4500 rate: 54 throughput: 11
07-06 00:01:00.650 D/WifiScoreCard(  715): BSSID update SIGNAL_POLL ID: 1559335064 SSID: "AndroidWifi", BSSID: 00:13:10:85:fe:01, MAC: 02:15:b2:00:00:00, IP: /10.0.2.16, Security type: 0, Supplicant state: COMPLETED, Wi-Fi standard: legacy, RSSI: -50, Link speed: 2Mbps, Tx Link speed: 2Mbps, Max Supported Tx Link speed: 11Mbps, Rx Link speed: 2Mbps, Max Supported Rx Link speed: 11Mbps, Frequency: 2447MHz, Net ID: 0, Metered hint: false, score: 60, isUsable: true, CarrierMerged: false, SubscriptionId: -1, IsPrimary: 1, Trusted: true, Restricted: false, Ephemeral: false, OEM paid: false, OEM private: false, OSU AP: false, FQDN: <none>, Provider friendly name: <none>, Requesting package name: <none>"AndroidWifi"openMLO Information: , Is TID-To-Link negotiation supported by the AP: false, AP MLD Address: <none>, AP MLO Link Id: <none>, AP MLO Affiliated links: <none>, Vendor Data: <none>
07-06 00:01:00.650 D/WifiScoreCard(  715): txRate: 1 txSpeed: 2
07-06 00:01:00.650 D/WifiScoreCard(  715): network update SIGNAL_POLL "AndroidWifi" ID: 1201260005 RSSI -50 txSpeed -1
07-06 00:01:00.652 D/WifiClientModeImpl[27601:wlan0](  715):  ClientModeImpl$L2ConnectedState screen=on 1 0 "AndroidWifi" 00:13:10:85:fe:01 rssi=-50 f=2447 sc=60 link=2 tx=0.5, 0.0, 0.0 rx=0.5 bcn=0 [on:0 tx:0 rx:0 period:3005] from screen [on:0 period:884632812] score=60
07-06 00:01:00.718 D/CompatChangeReporter(22267): Compat change id reported: 352594277; UID 10217; state: ENABLED
07-06 00:01:00.731 D/CompatChangeReporter(22267): Compat change id reported: 349153669; UID 10217; state: ENABLED
07-06 00:01:00.736 W/HWUI    (22267): Unknown dataspace 0
07-06 00:01:00.711 I/servicemanager(    0): Caller(pid=22267,uid=10217,sid=u:r:untrusted_app:s0:c217,c256,c512,c768) Found android.hardware.graphics.allocator.IAllocator/default in device VINTF manifest.
07-06 00:01:00.719 I/servicemanager(    0): Caller(pid=22267,uid=10217,sid=u:r:untrusted_app:s0:c217,c256,c512,c768) Found android.hardware.graphics.allocator.IAllocator/default in device VINTF manifest.
07-06 00:01:00.726 I/servicemanager(    0): Caller(pid=22267,uid=10217,sid=u:r:untrusted_app:s0:c217,c256,c512,c768) Found mapper/ranchu in device VINTF manifest.
07-06 00:01:01.181 D/SatelliteController( 1112): iisInCarrierRoamingNbIotNtn: satellite is disabled
07-06 00:01:01.382 V/AccessibilityManagerService(  715): onUserStateChangedLocked for userId: 0, forceUpdate: false
07-06 00:01:01.393 D/BackgroundInstallControlService(  715): Package event received: 0
07-06 00:01:01.400 W/MagnificationConnectionManager(  715): requestConnection duplicated request: connect=false, mConnectionState=DISCONNECTED
07-06 00:01:01.400 D/AccessibilityManagerService(  715): restoreCurrentUserForTestAutomationIfNeededLocked(): ignoring because device doesn't support visible background users
07-06 00:01:01.401 I/netd    (  488): tetherGetStats() -> {[]} <1.44ms>
07-06 00:01:01.405 W/IPCThreadState(  715): Sending oneway calls to frozen process.
07-06 00:01:01.407 W/IPCThreadState(  715): Sending oneway calls to frozen process.
07-06 00:01:01.408 W/IPCThreadState(  715): Sending oneway calls to frozen process.
07-06 00:01:01.409 W/IPCThreadState(22265): call to talkWithDriver in joinThreadPool returned error: -9 (Bad file descriptor), FD: -1
07-06 00:01:01.410 D/AndroidRuntime(22265): Shutting down VM
07-06 00:01:01.410 W/IPCThreadState(22265): call to talkWithDriver in joinThreadPool returned error: -9 (Bad file descriptor), FD: -1
07-06 00:01:01.411 W/IPCThreadState(22265): call to talkWithDriver in joinThreadPool returned error: -9 (Bad file descriptor), FD: -1
07-06 00:01:01.411 W/IPCThreadState(  715): Sending oneway calls to frozen process.
07-06 00:01:01.415 I/HuiyiRuntime(21840): dynamic_playbook_cloud_refresh sessionId=30bf25e8-f2a2-4904-b180-1e1710335db1 mode=NEXT_SENTENCE chatKey=com.huiyi.mockchat|Application icon localFallbackReady=true cloudAttempted=true cloudSuccess=true cacheReplaced=false staleRefreshDiscarded=true discardedReason=CHAT_KEY_CHANGED cloudContractValidation=PASS
07-06 00:01:01.416 W/IPCThreadState(  715): Sending oneway calls to frozen process.
07-06 00:01:01.417 W/IPCThreadState(  715): Sending oneway calls to frozen process.
07-06 00:01:01.417 W/IPCThreadState(  715): Sending oneway calls to frozen process.
07-06 00:01:01.419 W/IPCThreadState(  715): Sending oneway calls to frozen process.
07-06 00:01:01.419 W/IPCThreadState(  715): Sending oneway calls to frozen process.
07-06 00:01:01.422 V/AccessibilityManagerService(  715): onUserStateChangedLocked for userId: 0, forceUpdate: false
07-06 00:01:01.425 W/MagnificationConnectionManager(  715): requestConnection duplicated request: connect=false, mConnectionState=DISCONNECTED
07-06 00:01:01.428 W/IPCThreadState(  715): Sending oneway calls to frozen process.
07-06 00:01:01.429 W/IPCThreadState(  715): Sending oneway calls to frozen process.
07-06 00:01:01.430 W/IPCThreadState(  715): Sending oneway calls to frozen process.
07-06 00:01:01.430 W/IPCThreadState(  715): Sending oneway calls to frozen process.
07-06 00:01:01.432 W/IPCThreadState(  715): Sending oneway calls to frozen process.
07-06 00:01:01.432 W/IPCThreadState(  715): Sending oneway calls to frozen process.
07-06 00:01:01.432 W/IPCThreadState(  715): Sending oneway calls to frozen process.
07-06 00:01:01.434 W/IPCThreadState(  715): Sending oneway calls to frozen process.
07-06 00:01:01.434 W/IPCThreadState(  715): Sending oneway calls to frozen process.
07-06 00:01:01.435 W/IPCThreadState(  715): Sending oneway calls to frozen process.
07-06 00:01:01.435 W/IPCThreadState(  715): Sending oneway calls to frozen process.
07-06 00:01:01.435 W/IPCThreadState(  715): Sending oneway calls to frozen process.
07-06 00:01:01.435 W/IPCThreadState(  715): Sending oneway calls to frozen process.
07-06 00:01:01.435 W/IPCThreadState(  715): Sending oneway calls to frozen process.
07-06 00:01:01.436 W/IPCThreadState(  715): Sending oneway calls to frozen process.
07-06 00:01:01.437 W/IPCThreadState(  715): Sending oneway calls to frozen process.
07-06 00:01:01.437 W/IPCThreadState(  715): Sending oneway calls to frozen process.
07-06 00:01:01.439 W/IPCThreadState(  715): Sending oneway calls to frozen process.
07-06 00:01:01.439 W/IPCThreadState(  715): Sending oneway calls to frozen process.
07-06 00:01:01.440 W/IPCThreadState(  715): Sending oneway calls to frozen process.
07-06 00:01:01.440 W/IPCThreadState(  715): Sending oneway calls to frozen process.
07-06 00:01:01.440 W/IPCThreadState(  715): Sending oneway calls to frozen process.
07-06 00:01:01.440 W/IPCThreadState(  715): Sending oneway calls to frozen process.
07-06 00:01:01.440 W/IPCThreadState(  715): Sending oneway calls to frozen process.
07-06 00:01:01.441 W/IPCThreadState(  715): Sending oneway calls to frozen process.
07-06 00:01:01.441 W/IPCThreadState(  715): Sending oneway calls to frozen process.
07-06 00:01:01.441 W/IPCThreadState(  715): Sending oneway calls to frozen process.
07-06 00:01:01.442 W/IPCThreadState(  715): Sending oneway calls to frozen process.
07-06 00:01:01.442 W/IPCThreadState(  715): Sending oneway calls to frozen process.
07-06 00:01:01.442 W/IPCThreadState(  715): Sending oneway calls to frozen process.
07-06 00:01:01.443 W/IPCThreadState(  715): Sending oneway calls to frozen process.
07-06 00:01:01.443 W/IPCThreadState(  715): Sending oneway calls to frozen process.
07-06 00:01:01.443 W/IPCThreadState(  715): Sending oneway calls to frozen process.
07-06 00:01:01.443 W/IPCThreadState(  715): Sending oneway calls to frozen process.
07-06 00:01:01.444 W/IPCThreadState(  715): Sending oneway calls to frozen process.
07-06 00:01:01.444 W/IPCThreadState(  715): Sending oneway calls to frozen process.
07-06 00:01:01.853 I/.huiyi.mockchat(22267): Compiler allocated 5042KB to compile void android.view.ViewRootImpl.performTraversals()
07-06 00:01:01.860 D/wpa_supplicant(  960): nl80211: Drv Event 64 (NL80211_CMD_NOTIFY_CQM) received for wlan0
07-06 00:01:01.860 D/wpa_supplicant(  960): nl80211: Beacon loss event
07-06 00:01:01.860 D/wpa_supplicant(  960): wlan0: Event BEACON_LOSS (53) received
07-06 00:01:01.860 I/wpa_supplicant(  960): wlan0: CTRL-EVENT-BEACON-LOSS 
07-06 00:01:01.887 W/.huiyi.mockchat(22267): Method boolean androidx.compose.runtime.snapshots.SnapshotStateList.conditionalUpdate(boolean, kotlin.jvm.functions.Function1) failed lock verification and will run slower.
07-06 00:01:01.887 W/.huiyi.mockchat(22267): Common causes for lock verification issues are non-optimized dex code
07-06 00:01:01.887 W/.huiyi.mockchat(22267): and incorrect proguard optimizations.
07-06 00:01:01.888 W/.huiyi.mockchat(22267): Method boolean androidx.compose.runtime.snapshots.SnapshotStateList.conditionalUpdate$default(androidx.compose.runtime.snapshots.SnapshotStateList, boolean, kotlin.jvm.functions.Function1, int, java.lang.Object) failed lock verification and will run slower.
07-06 00:01:01.888 W/.huiyi.mockchat(22267): Method java.lang.Object androidx.compose.runtime.snapshots.SnapshotStateList.mutate(kotlin.jvm.functions.Function1) failed lock verification and will run slower.
07-06 00:01:01.889 W/.huiyi.mockchat(22267): Method void androidx.compose.runtime.snapshots.SnapshotStateList.update(boolean, kotlin.jvm.functions.Function1) failed lock verification and will run slower.
07-06 00:01:01.889 W/.huiyi.mockchat(22267): Method void androidx.compose.runtime.snapshots.SnapshotStateList.update$default(androidx.compose.runtime.snapshots.SnapshotStateList, boolean, kotlin.jvm.functions.Function1, int, java.lang.Object) failed lock verification and will run slower.
07-06 00:01:01.983 D/CoreBackPreview(  715): Window{398ea06 u0 com.huiyi.mockchat/com.huiyi.mockchat.MainActivity}: Setting back callback OnBackInvokedCallbackInfo{mCallback=android.window.IOnBackInvokedCallback$Stub$Proxy@504afea, mPriority=0, mIsAnimationCallback=false, mOverrideBehavior=0}
07-06 00:01:02.449 I/ActivityTaskManager(  715): Displayed com.huiyi.mockchat/.MainActivity for user 0: +2s922ms
07-06 00:01:02.450 I/Choreographer(22267): Skipped 86 frames!  The application may be doing too much work on its main thread.
07-06 00:01:02.507 I/FontLog ( 1314): Received query Noto Color Emoji Compat, URI content://com.google.android.gms.fonts [CONTEXT service_id=132 ]
07-06 00:01:02.507 I/FontLog ( 1314): Query [emojicompat-emoji-font] resolved to {Noto Color Emoji Compat, wdth 100.0, wght 400, ital 0.0, bestEffort false}, isVf false} [CONTEXT service_id=132 ]
07-06 00:01:02.514 I/FontLog ( 1314): Fetch {Noto Color Emoji Compat, wdth 100.0, wght 400, ital 0.0, bestEffort false}, isVf false} end status Status{statusCode=SUCCESS, resolution=null} [CONTEXT service_id=132 ]
07-06 00:01:02.523 I/HWUI    (22267): Davey! duration=1688ms; Flags=1, FrameTimelineVsyncId=981368, IntendedVsync=38381709338519, Vsync=38381726005185, InputEventId=0, HandleInputStart=38381727587440, AnimationStart=38381727702240, PerformTraversalsStart=38381728028040, DrawStart=38383256066840, FrameDeadline=38381726005185, FrameStartTime=38381726754940, FrameInterval=16666666, WorkloadTarget=16666666, SyncQueued=38383303354040, SyncStart=38383304469740, IssueDrawCommandsStart=38383305707540, SwapBuffers=38383387251940, FrameCompleted=38383398913140, DequeueBufferDuration=40200, QueueBufferDuration=363300, GpuCompleted=38383398913140, SwapBuffersCompleted=38383390050540, DisplayPresentTime=0, CommandSubmissionCompleted=38383387251940, 
07-06 00:01:02.528 I/netd    (  488): tetherGetStats() -> {[]} <5.03ms>
07-06 00:01:02.541 I/FontLog ( 1314): Pulling font file for id = 105, cache size = 8 [CONTEXT service_id=132 ]
07-06 00:01:02.552 I/FontLog ( 1314): Pulling font file for id = 105, cache size = 8 [CONTEXT service_id=132 ]
07-06 00:01:02.615 I/ImeTracker(  715): com.huiyi.mockchat:57060545: onRequestHide at ORIGIN_SERVER reason HIDE_UNSPECIFIED_WINDOW fromUser false
07-06 00:01:02.637 I/GoogleInputMethodService( 1395): GoogleInputMethodService.onFinishInput():2043 
07-06 00:01:02.652 I/Module  ( 1395): DeviceLockedStatusModuleProvider$Module.updateDeviceLockedStatus():100 repeatCheckTimes = 0, locked = false
07-06 00:01:02.656 I/ImeTracker(  715): system_server:b802ecc6: onRequestHide at ORIGIN_SERVER reason IME_REQUESTED_CHANGED_LISTENER fromUser false
07-06 00:01:02.660 D/InsetsController(22267): hide(ime(), fromIme=false)
07-06 00:01:02.661 I/ImeTracker(22267): com.huiyi.mockchat:57060545: onCancelled at PHASE_CLIENT_ALREADY_HIDDEN
07-06 00:01:02.678 I/ImeTracker(  715): system_server:b802ecc6: onCancelled at PHASE_SERVER_SHOULD_HIDE
07-06 00:01:02.683 I/GoogleInputMethodService( 1395): GoogleInputMethodService.onStartInput():1293 onStartInput(EditorInfo{EditorInfo{packageName=com.huiyi.mockchat, inputType=0, inputTypeString=NULL, enableLearning=false, autoCorrection=false, autoComplete=false, imeOptions=0, privateImeOptions=null, actionName=UNSPECIFIED, actionLabel=null, initialSelStart=-1, initialSelEnd=-1, initialCapsMode=0, label=null, fieldId=0, fieldName=null, extras=null, hintText=null, hintLocales=[]}}, false)
07-06 00:01:02.685 W/PackageConfigPersister(  715): App-specific configuration not found for packageName: com.huiyi.mockchat and userId: 0
07-06 00:01:02.691 I/Module  ( 1395): DeviceLockedStatusModuleProvider$Module.updateDeviceLockedStatus():100 repeatCheckTimes = 1, locked = false
07-06 00:01:02.703 D/BaseDepthController( 1124): setSurface:
07-06 00:01:02.703 D/BaseDepthController( 1124): 	mWaitingOnSurfaceValidity: false
07-06 00:01:02.703 D/BaseDepthController( 1124): 	mBaseSurface: null
07-06 00:01:02.704 D/BaseDepthController( 1124): mSurface is null and mCurrentBlur is: 0
07-06 00:01:02.704 D/StateManager( 1124): goToState - fromState: Normal, toState: Normal, partial trace:
07-06 00:01:02.704 D/StateManager( 1124): 	at com.android.launcher3.statemanager.StateManager.moveToRestState(go/retraceme 43e00d9cd0eb17b3d9dd30fc1741b1c71445c4c0f7c8c9b81300265c86c5b873:4)
07-06 00:01:02.704 D/StateManager( 1124): 	at com.android.launcher3.statemanager.StateManager.moveToRestState(go/retraceme 43e00d9cd0eb17b3d9dd30fc1741b1c71445c4c0f7c8c9b81300265c86c5b873:1)
07-06 00:01:02.704 D/StateManager( 1124): 	at com.android.launcher3.statemanager.StatefulActivity.onStop(go/retraceme 43e00d9cd0eb17b3d9dd30fc1741b1c71445c4c0f7c8c9b81300265c86c5b873:34)
07-06 00:01:02.704 D/StatsLog( 1124): LAUNCHER_ONSTOP
07-06 00:01:02.706 I/AppWidgetServiceImpl(  715): setAppWidgetHidden() 0
07-06 00:01:02.722 D/StatsLog( 1124): LAUNCHER_GOOGLE_SEARCH_RESTORE_LIST_SIZE_AFTER_ACTIVITY_RESTART
07-06 00:01:02.777 D/BackgroundInstallControlService(  715): Package event received: 0
07-06 00:01:02.836 W/IPCThreadState(  630): Sending oneway calls to frozen process.
07-06 00:01:02.875 W/WindowOnBackDispatcher(  972): sendCancelIfRunning: isInProgress=false callback=android.view.ViewRootImpl$$ExternalSyntheticLambda13@a2bd1f4
07-06 00:01:02.876 D/CoreBackPreview(  715): Window{a3a391e u0 Splash Screen com.huiyi.mockchat EXITING}: Setting back callback null
07-06 00:01:02.916 D/BackgroundInstallControlService(  715): Package event received: 0
07-06 00:01:03.030 W/dumpsys (22318): Thread Pool max thread count is 0. Cannot cache binder as linkToDeath cannot be implemented. serviceName: window
07-06 00:01:03.039 I/system_server(  715): AssetManager2(0x79075ab9f178) locale list changing from [] to [en-US]
07-06 00:01:03.048 I/system_server(  715): AssetManager2(0x79075aba10b8) locale list changing from [] to [en-US]
07-06 00:01:03.050 I/system_server(  715): AssetManager2(0x79075aba0758) locale list changing from [] to [en-US]
07-06 00:01:03.052 I/system_server(  715): AssetManager2(0x79075aba48f8) locale list changing from [] to [en-US]
07-06 00:01:03.053 I/system_server(  715): AssetManager2(0x79075ab98d78) locale list changing from [] to [en-US]
07-06 00:01:03.064 I/system_server(  715): AssetManager2(0x79075ab98a58) locale list changing from [] to [en-US]
07-06 00:01:03.120 W/AppOps  (  715): Noting op not finished: uid 10216 pkg com.huiyi.v4 code 24 startTime of in progress event=1783296061393
07-06 00:01:03.151 W/WindowOnBackDispatcher(21840): sendCancelIfRunning: isInProgress=false callback=android.view.ViewRootImpl$$ExternalSyntheticLambda13@a564ee0
07-06 00:01:03.153 D/CoreBackPreview(  715): Window{2554d98 u0 com.huiyi.v4}: Setting back callback null
07-06 00:01:03.161 W/WindowOnBackDispatcher(21840): sendCancelIfRunning: isInProgress=false callback=android.view.ViewRootImpl$$ExternalSyntheticLambda13@c1f97ac
07-06 00:01:03.161 D/CoreBackPreview(  715): Window{d14ece0 u0 com.huiyi.v4}: Setting back callback null
07-06 00:01:03.171 W/NotificationHistory(  715): Attempted to remove channel for locked/gone/disabled user 0
07-06 00:01:03.196 I/NotificationListener( 1124): received notification removed event - android#UserHandle{0},category=-1
07-06 00:01:03.200 D/CoreBackPreview(  715): Window{c6a71ba u0 com.huiyi.v4}: Setting back callback OnBackInvokedCallbackInfo{mCallback=android.window.IOnBackInvokedCallback$Stub$Proxy@3797e12, mPriority=0, mIsAnimationCallback=false, mOverrideBehavior=0}
07-06 00:01:03.319 W/screencap(22323): Thread Pool max thread count is 0. Cannot cache binder as linkToDeath cannot be implemented. serviceName: SurfaceFlingerAIDL
07-06 00:01:03.320 W/BpBinder(22323): Linking to death on android.gui.ISurfaceComposer but there are no threads (yet?) listening to incoming transactions. See ProcessState::startThreadPool and ProcessState::setThreadPoolMaxThreadCount. Generally you should setup the binder threadpool before other initialization steps.
07-06 00:01:03.326 W/ProcessState(22323): Extra binder thread started, but 0 threads requested. Do not use *startThreadPool when zero threads are requested.
07-06 00:01:03.363 E/HwcComposer(  567): getLuts failed Status(-8, EX_SERVICE_SPECIFIC): '8: '
07-06 00:01:03.363 E/HWComposer(  567): getLuts: getLuts failed for display 4619827259835644672: UNSUPPORTED (8)
07-06 00:01:03.367 I/servicemanager(    0): Caller(pid=22323,uid=2000,sid=u:r:shell:s0) Found android.hardware.graphics.allocator.IAllocator/default in device VINTF manifest.
07-06 00:01:03.377 I/servicemanager(    0): Caller(pid=22323,uid=2000,sid=u:r:shell:s0) Found android.hardware.graphics.allocator.IAllocator/default in device VINTF manifest.
07-06 00:01:03.384 I/servicemanager(    0): Caller(pid=22323,uid=2000,sid=u:r:shell:s0) Found mapper/ranchu in device VINTF manifest.
07-06 00:01:03.535 W/NotificationHistory(  715): Attempted to add notif for locked/gone/disabled user 0
07-06 00:01:03.537 D/BackgroundInstallControlService(  715): Package event received: 0
07-06 00:01:03.548 I/NotificationListener( 1124): received notification posted event - android#UserHandle{0},category=-1
07-06 00:01:03.550 W/AiAiEcho( 1480): LyftNotificationParser Ridesharing ETA not enabled
07-06 00:01:03.551 I/AiAiEcho( 1480): SmartspaceNotificationPredictor no parser can handle this notification or notification is invalid
07-06 00:01:03.577 D/ActivityManager(  715): freezing 1907 com.android.keychain
07-06 00:01:03.579 D/ActivityManager(  715): freezing 1206 com.android.settings
07-06 00:01:03.591 D/ActivityManager(  715): freezing 2714 com.android.dynsystem:dynsystem
07-06 00:01:03.593 D/ActivityManager(  715): freezing 2679 com.android.dynsystem
07-06 00:01:03.595 D/ActivityManager(  715): freezing 1777 com.android.localtransport
07-06 00:01:03.623 D/LocalImageResolver(  972): Couldn't use ImageDecoder for drawable, falling back to non-resized load.
07-06 00:01:03.643 D/LocalImageResolver(  972): Couldn't use ImageDecoder for drawable, falling back to non-resized load.
07-06 00:01:03.656 E/TaskPersister(  715): File error accessing recents directory (directory doesn't exist?).
07-06 00:01:03.658 D/WifiClientModeImpl[27601:wlan0](  715): updateLinkLayerStatsRssiSpeedFrequencyCapabilities rssi=-50 TxLinkspeed=1 freq=2447 RxLinkSpeed=2
07-06 00:01:03.658 D/WifiDataStall(  715): tx tput in kbps: 11000
07-06 00:01:03.658 D/WifiDataStall(  715): rx tput in kbps: 11000
07-06 00:01:03.660 V/WifiConfigManager(  715): Updating scan detail cache freq=2447 BSSID=00:13:10:85:fe:01 RSSI=-50 for "AndroidWifi"NONE
07-06 00:01:03.661 D/WifiThroughputPredictor(  715):  utilization (LLS) 80 isBluetoothConnected: false final utilization: 80
07-06 00:01:03.661 D/WifiThroughputPredictor(  715):  BW: 0 RSSI: -50 Nss: 1 Mode: 1 symDur: 4000 snrDb 30 bitPerTone: 4500 rate: 54 throughput: 11
07-06 00:01:03.661 D/WifiThroughputPredictor(  715):  utilization (LLS) 80 isBluetoothConnected: false final utilization: 80
07-06 00:01:03.661 D/WifiThroughputPredictor(  715):  BW: 0 RSSI: -50 Nss: 1 Mode: 1 symDur: 4000 snrDb 30 bitPerTone: 4500 rate: 54 throughput: 11
07-06 00:01:03.661 D/WifiThroughputPredictor(  715):  utilization (LLS) 80 isBluetoothConnected: false final utilization: 80
07-06 00:01:03.661 D/WifiThroughputPredictor(  715):  BW: 0 RSSI: -50 Nss: 1 Mode: 1 symDur: 4000 snrDb 30 bitPerTone: 4500 rate: 54 throughput: 11
07-06 00:01:03.662 D/WifiThroughputPredictor(  715):  utilization (LLS) 80 isBluetoothConnected: false final utilization: 80
07-06 00:01:03.663 D/WifiThroughputPredictor(  715):  BW: 0 RSSI: -50 Nss: 1 Mode: 1 symDur: 4000 snrDb 30 bitPerTone: 4500 rate: 54 throughput: 11
07-06 00:01:03.664 D/WifiScoreCard(  715): BSSID update SIGNAL_POLL ID: 1559335064 SSID: "AndroidWifi", BSSID: 00:13:10:85:fe:01, MAC: 02:15:b2:00:00:00, IP: /10.0.2.16, Security type: 0, Supplicant state: COMPLETED, Wi-Fi standard: legacy, RSSI: -50, Link speed: 1Mbps, Tx Link speed: 1Mbps, Max Supported Tx Link speed: 11Mbps, Rx Link speed: 2Mbps, Max Supported Rx Link speed: 11Mbps, Frequency: 2447MHz, Net ID: 0, Metered hint: false, score: 60, isUsable: true, CarrierMerged: false, SubscriptionId: -1, IsPrimary: 1, Trusted: true, Restricted: false, Ephemeral: false, OEM paid: false, OEM private: false, OSU AP: false, FQDN: <none>, Provider friendly name: <none>, Requesting package name: <none>"AndroidWifi"openMLO Information: , Is TID-To-Link negotiation supported by the AP: false, AP MLD Address: <none>, AP MLO Link Id: <none>, AP MLO Affiliated links: <none>, Vendor Data: <none>
07-06 00:01:03.665 D/WifiScoreCard(  715): txRate: 1 txSpeed: 1
07-06 00:01:03.665 D/WifiScoreCard(  715): network update SIGNAL_POLL "AndroidWifi" ID: 1201260005 RSSI -50 txSpeed -1
07-06 00:01:03.668 D/WifiClientModeImpl[27601:wlan0](  715):  ClientModeImpl$L2ConnectedState screen=on 1 0 "AndroidWifi" 00:13:10:85:fe:01 rssi=-50 f=2447 sc=60 link=1 tx=0.8, 0.0, 0.0 rx=0.8 bcn=0 [on:0 tx:0 rx:0 period:3016] from screen [on:0 period:884635828] score=60
07-06 00:01:03.809 D/WindowManager(  715): captureDisplay
