07-06 00:01:03.850 E/NotificationService(  715): Suppressing toast from package com.huiyi.v4 by user request.
07-06 00:01:03.857 I/FloatingBubbleService(21840): next_sentence_click_ack latencyMs=9 ackVisible=true
07-06 00:01:04.069 I/HuiyiRuntime(21840): dynamic_playbook_result sessionId=3ea50800-682c-4cd5-99ab-4a91398c00f2 mode=NEXT_SENTENCE chatKey=com.huiyi.mockchat|mock:49b3c0f5 source=CLOUD_ENHANCED decisionSource=CLOUD_ENHANCED_PLAYBOOK lastSpeaker=OTHER decision=NORMAL_REPLY routeCount=3 latencyMs=17 cacheHit=true localFallbackUsed=false cloudRefreshRecommended=true
07-06 00:01:04.074 D/AndroidRuntime(22332): >>>>>> START com.android.internal.os.RuntimeInit uid 2000 <<<<<<
07-06 00:01:04.089 I/AndroidRuntime(22332): Using default boot image
07-06 00:01:04.090 I/AndroidRuntime(22332): Leaving lock profiling enabled
07-06 00:01:04.096 I/app_process(22332): Core platform API reporting enabled, enforcing=false
07-06 00:01:04.097 W/AppOps  (  715): Noting op not finished: uid 10216 pkg com.huiyi.v4 code 24 startTime of in progress event=1783296061393
07-06 00:01:04.101 I/app_process(22332): Using CollectorTypeCMC GC.
07-06 00:01:04.136 I/resolv  (  488): GetAddrInfoHandler::run: {100 100 100 983140 10216 0}
07-06 00:01:04.137 D/CoreBackPreview(  715): Window{7f4e60e u0 com.huiyi.v4}: Setting back callback OnBackInvokedCallbackInfo{mCallback=android.window.IOnBackInvokedCallback$Stub$Proxy@4f317c5, mPriority=0, mIsAnimationCallback=false, mOverrideBehavior=0}
07-06 00:01:04.139 I/resolv  (  488): res_nmkquery: (QUERY, IN, AAAA)
07-06 00:01:04.140 I/resolv  (  488): resolv_cache_lookup: FOUND IN CACHE entry=0x7f740ca9b970
07-06 00:01:04.140 I/resolv  (  488): doQuery: rcode=0, ancount=2, return value=84
07-06 00:01:04.142 I/resolv  (  488): res_nmkquery: (QUERY, IN, A)
07-06 00:01:04.142 I/resolv  (  488): resolv_cache_lookup: FOUND IN CACHE entry=0x7f750ca9b010
07-06 00:01:04.142 I/resolv  (  488): doQuery: rcode=0, ancount=2, return value=60
07-06 00:01:04.335 D/nativeloader(22332): InitDefaultPublicLibraries for_preload=1: libandroid.so:libaaudio.so:libamidi.so:libbinder_ndk.so:libc.so:libcamera2ndk.so:libdl.so:libEGL.so:libGLESv1_CM.so:libGLESv2.so:libGLESv3.so:libicu.so:libicui18n.so:libicuuc.so:libjnigraphics.so:liblog.so:libmediandk.so:libm.so:libnativehelper.so:libnativewindow.so:libOpenMAXAL.so:libOpenSLES.so:libRS.so:libstdc++.so:libsync.so:libvulkan.so:libwebviewchromium_plat_support.so:libz.so
07-06 00:01:04.359 D/nativeloader(22332): Load libicu_jni.so using APEX ns com_android_art for caller /apex/com.android.art/javalib/core-oj.jar: ok
07-06 00:01:04.360 D/app_process(22332): u_setTimeZoneFilesDirectory("/apex/com.android.tzdata/etc/tz/versioned/9/icu") succeeded. 
07-06 00:01:04.360 D/app_process(22332): I18n APEX ICU file found: /apex/com.android.i18n/etc/icu/icudt76l.dat
07-06 00:01:04.362 D/nativeloader(22332): Load libjavacore.so using APEX ns com_android_art for caller /apex/com.android.art/javalib/core-oj.jar: ok
07-06 00:01:04.365 D/nativeloader(22332): Load libopenjdk.so using APEX ns com_android_art for caller /apex/com.android.art/javalib/core-oj.jar: ok
07-06 00:01:04.368 W/app_process(22332): Unexpected CPU variant for x86: x86_64.
07-06 00:01:04.368 W/app_process(22332): Known variants: atom, sandybridge, silvermont, goldmont, goldmont-plus, goldmont-without-sha-xsaves, tremont, kabylake, alderlake, default
07-06 00:01:04.371 W/app_process(22332): ClassLoaderContext shared library size mismatch. Expected=2, found=0 (PCL[]{PCL[/system/framework/android.test.base.jar*2789897741]#PCL[/system/framework/android.test.mock.jar*3361312393]} | PCL[])
07-06 00:01:04.375 W/app_process(22332): ClassLoaderContext classpath size mismatch. expected=0, found=1 (PCL[]{PCL[/system/framework/android.test.runner.jar*895143020]#PCL[/system/framework/android.test.base.jar*2789897741]} | PCL[/system/framework/android.test.runner.jar*895143020])
07-06 00:01:04.411 D/nativeloader(22332): Load libframework-connectivity-tiramisu-jni.so using APEX ns com_android_tethering for caller /apex/com.android.tethering/javalib/framework-connectivity-t.jar: ok
07-06 00:01:04.412 D/AndroidRuntime(22332): Calling main entry com.android.commands.uiautomator.Launcher
07-06 00:01:04.425 I/AconfigPackage(22332): android.media.swcodec.flags is mapped to com.android.media.swcodec
07-06 00:01:04.426 I/AconfigPackage(22332): com.google.android.settings.simplemode.flags is mapped to system_ext
07-06 00:01:04.426 I/AconfigPackage(22332): com.google.android.systemui is mapped to system_ext
07-06 00:01:04.427 I/AconfigPackage(22332): com.google.android.apps.nexuslauncher is mapped to system_ext
07-06 00:01:04.428 I/AconfigPackage(22332): com.android.settings.accessibility is mapped to system_ext
07-06 00:01:04.428 I/AconfigPackage(22332): com.android.settings.flags is mapped to system_ext
07-06 00:01:04.428 I/AconfigPackage(22332): com.google.android.apps.miphone.aiai.matchmaker.overview.ui is mapped to system_ext
07-06 00:01:04.428 I/AconfigPackage(22332): com.google.android.settings.flags is mapped to system_ext
07-06 00:01:04.428 I/AconfigPackage(22332): com.android.launcher3 is mapped to system_ext
07-06 00:01:04.428 I/AconfigPackage(22332): com.android.wallpaper is mapped to system_ext
07-06 00:01:04.428 I/AconfigPackage(22332): com.android.settings.media_drm is mapped to system_ext
07-06 00:01:04.429 I/AconfigPackage(22332): com.android.systemui.accessibility.accessibilitymenu is mapped to system_ext
07-06 00:01:04.429 I/AconfigPackage(22332): com.android.settings.keyboard is mapped to system_ext
07-06 00:01:04.429 I/AconfigPackage(22332): com.android.server.policy.feature.flags is mapped to system_ext
07-06 00:01:04.429 I/AconfigPackage(22332): com.android.settings.factory_reset is mapped to system_ext
07-06 00:01:04.429 I/AconfigPackage(22332): com.google.android.haptics.flags is mapped to system_ext
07-06 00:01:04.429 I/AconfigPackage(22332): com.android.permission.flags is mapped to com.android.permission
07-06 00:01:04.431 I/AconfigPackage(22332): com.android.icu is mapped to com.android.i18n
07-06 00:01:04.432 I/AconfigPackage(22332): com.android.appsearch.flags is mapped to com.android.appsearch
07-06 00:01:04.432 I/AconfigPackage(22332): android.uprobestats.mainline.flags is mapped to com.android.uprobestats
07-06 00:01:04.433 I/AconfigPackage(22332): android.provider.flags is mapped to com.android.configinfrastructure
07-06 00:01:04.433 I/AconfigPackage(22332): com.android.server.deviceconfig is mapped to com.android.configinfrastructure
07-06 00:01:04.433 I/AconfigPackage(22332): com.android.nfc.flags is mapped to system
07-06 00:01:04.434 I/AconfigPackage(22332): android.app.admin.flags is mapped to system
07-06 00:01:04.434 I/AconfigPackage(22332): android.database.sqlite is mapped to system
07-06 00:01:04.434 I/AconfigPackage(22332): com.android.providers.calendar is mapped to system
07-06 00:01:04.435 I/AconfigPackage(22332): com.android.server.power.feature.flags is mapped to system
07-06 00:01:04.435 I/AconfigPackage(22332): com.android.media.performance.flags is mapped to system
07-06 00:01:04.435 I/AconfigPackage(22332): android.app.contextualsearch.flags is mapped to system
07-06 00:01:04.435 I/AconfigPackage(22332): android.app.ondeviceintelligence.flags is mapped to system
07-06 00:01:04.435 I/AconfigPackage(22332): com.android.media.projection.flags is mapped to system
07-06 00:01:04.435 I/AconfigPackage(22332): android.companion is mapped to system
07-06 00:01:04.435 I/AconfigPackage(22332): android.service.controls.flags is mapped to system
07-06 00:01:04.435 I/AconfigPackage(22332): com.android.text.flags is mapped to system
07-06 00:01:04.435 I/AconfigPackage(22332): com.android.providers.contactkeys.flags is mapped to system
07-06 00:01:04.436 I/AconfigPackage(22332): com.android.intentresolver is mapped to system
07-06 00:01:04.436 I/AconfigPackage(22332): android.companion.virtualdevice.flags is mapped to system
07-06 00:01:04.436 I/AconfigPackage(22332): android.uprobestats.flags is mapped to system
07-06 00:01:04.436 I/AconfigPackage(22332): com.android.net.thread.platform.flags is mapped to system
07-06 00:01:04.436 I/AconfigPackage(22332): android.view.contentprotection.flags is mapped to system
07-06 00:01:04.436 I/AconfigPackage(22332): com.android.server.dreams is mapped to system
07-06 00:01:04.436 I/AconfigPackage(22332): com.android.graphics.surfaceflinger.flags is mapped to system
07-06 00:01:04.436 I/AconfigPackage(22332): com.android.hardware.input is mapped to system
07-06 00:01:04.437 I/AconfigPackage(22332): android.sdk is mapped to system
07-06 00:01:04.437 I/AconfigPackage(22332): com.android.input.flags is mapped to system
07-06 00:01:04.437 I/AconfigPackage(22332): android.tracing is mapped to system
07-06 00:01:04.438 I/AconfigPackage(22332): com.android.server.biometrics is mapped to system
07-06 00:01:04.439 I/AconfigPackage(22332): android.view.contentcapture.flags is mapped to system
07-06 00:01:04.439 I/AconfigPackage(22332): android.app.job is mapped to system
07-06 00:01:04.439 I/AconfigPackage(22332): android.content.res is mapped to system
07-06 00:01:04.439 I/AconfigPackage(22332): android.net.platform.flags is mapped to system
07-06 00:01:04.439 I/AconfigPackage(22332): com.android.aconfig.flags is mapped to system
07-06 00:01:04.439 I/AconfigPackage(22332): com.android.graphics.flags is mapped to system
07-06 00:01:04.440 I/AconfigPackage(22332): android.server.app is mapped to system
07-06 00:01:04.440 I/AconfigPackage(22332): android.speech.flags is mapped to system
07-06 00:01:04.440 I/AconfigPackage(22332): com.android.server.stats is mapped to system
07-06 00:01:04.440 I/AconfigPackage(22332): android.hardware.biometrics is mapped to system
07-06 00:01:04.440 I/AconfigPackage(22332): android.car.feature is mapped to system
07-06 00:01:04.440 I/AconfigPackage(22332): android.adpf is mapped to system
07-06 00:01:04.440 I/AconfigPackage(22332): android.location.flags is mapped to system
07-06 00:01:04.440 I/AconfigPackage(22332): com.android.settingslib.flags is mapped to system
07-06 00:01:04.440 I/AconfigPackage(22332): com.android.managedprovisioning.flags is mapped to system
07-06 00:01:04.440 I/AconfigPackage(22332): android.app.assist.flags is mapped to system
07-06 00:01:04.440 I/AconfigPackage(22332): com.android.server.net is mapped to system
07-06 00:01:04.440 I/AconfigPackage(22332): com.android.settingslib.widget.flags is mapped to system
07-06 00:01:04.440 I/AconfigPackage(22332): com.android.internal.camera.flags is mapped to system
07-06 00:01:04.440 I/AconfigPackage(22332): com.android.hardware.libsensor.flags is mapped to system
07-06 00:01:04.441 I/AconfigPackage(22332): com.android.internal.jank is mapped to system
07-06 00:01:04.441 I/AconfigPackage(22332): com.android.providers.settings is mapped to system
07-06 00:01:04.441 I/AconfigPackage(22332): android.multiuser is mapped to system
07-06 00:01:04.441 I/AconfigPackage(22332): com.android.server.power.optimization is mapped to system
07-06 00:01:04.441 I/AconfigPackage(22332): com.android.calllogbackup is mapped to system
07-06 00:01:04.441 I/AconfigPackage(22332): com.android.media.flags is mapped to system
07-06 00:01:04.441 I/AconfigPackage(22332): com.android.server.flags is mapped to system
07-06 00:01:04.441 I/AconfigPackage(22332): com.android.graphics.libvulkan.flags is mapped to system
07-06 00:01:04.441 I/AconfigPackage(22332): android.app.appfunctions.flags is mapped to system
07-06 00:01:04.441 I/AconfigPackage(22332): android.app.smartspace.flags is mapped to system
07-06 00:01:04.441 I/AconfigPackage(22332): com.android.providers.contacts.flags is mapped to system
07-06 00:01:04.441 I/AconfigPackage(22332): com.android.shell.flags is mapped to system
07-06 00:01:04.441 I/AconfigPackage(22332): com.android.media.aaudio is mapped to system
07-06 00:01:04.441 I/AconfigPackage(22332): android.hardware.radio is mapped to system
07-06 00:01:04.441 I/AconfigPackage(22332): com.google.wear.services.infra.flags is mapped to system
07-06 00:01:04.442 I/AconfigPackage(22332): suspend_service.flags is mapped to system
07-06 00:01:04.442 I/AconfigPackage(22332): android.media.midi is mapped to system
07-06 00:01:04.442 I/AconfigPackage(22332): com.android.libcore.readonly is mapped to system
07-06 00:01:04.442 I/AconfigPackage(22332): com.android.settingslib.widget.selectorwithwidgetpreference.flags is mapped to system
07-06 00:01:04.445 I/AconfigPackage(22332): android.service.notification is mapped to system
07-06 00:01:04.446 I/AconfigPackage(22332): com.android.systemui.shared is mapped to system
07-06 00:01:04.446 I/AconfigPackage(22332): android.app.jank is mapped to system
07-06 00:01:04.446 I/AconfigPackage(22332): android.app.wearable is mapped to system
07-06 00:01:04.446 I/AconfigPackage(22332): com.android.media.audio is mapped to system
07-06 00:01:04.446 I/AconfigPackage(22332): android.service.chooser is mapped to system
07-06 00:01:04.446 I/AconfigPackage(22332): com.android.server.compat is mapped to system
07-06 00:01:04.446 I/AconfigPackage(22332): com.android.server.alarm is mapped to system
07-06 00:01:04.446 I/AconfigPackage(22332): com.android.apex.flags is mapped to system
07-06 00:01:04.446 I/AconfigPackage(22332): android.service.quickaccesswallet is mapped to system
07-06 00:01:04.447 I/AconfigPackage(22332): android.app.usage is mapped to system
07-06 00:01:04.447 I/AconfigPackage(22332): com.android.server.accessibility is mapped to system
07-06 00:01:04.447 I/AconfigPackage(22332): android.app.supervision.flags is mapped to system
07-06 00:01:04.448 I/AconfigPackage(22332): com.android.server.utils is mapped to system
07-06 00:01:04.448 I/AconfigPackage(22332): android.chre.flags is mapped to system
07-06 00:01:04.448 I/AconfigPackage(22332): android.content.flags is mapped to system
07-06 00:01:04.448 I/AconfigPackage(22332): android.media.codec is mapped to system
07-06 00:01:04.448 I/AconfigPackage(22332): com.android.internal.os is mapped to system
07-06 00:01:04.448 I/AconfigPackage(22332): com.android.nfc.nci.flags is mapped to system
07-06 00:01:04.448 I/AconfigPackage(22332): android.app is mapped to system
07-06 00:01:04.448 I/AconfigPackage(22332): android.security.keystore2 is mapped to system
07-06 00:01:04.449 I/AconfigPackage(22332): android.crashrecovery.flags is mapped to system
07-06 00:01:04.449 I/AconfigPackage(22332): com.android.tradeinmode.flags is mapped to system
07-06 00:01:04.449 I/AconfigPackage(22332): android.hardware.flags is mapped to system
07-06 00:01:04.449 I/AconfigPackage(22332): com.android.server.telecom.flags is mapped to system
07-06 00:01:04.450 I/AconfigPackage(22332): com.android.settingslib.media.flags is mapped to system
07-06 00:01:04.450 I/AconfigPackage(22332): com.android.server.policy is mapped to system
07-06 00:01:04.451 I/AconfigPackage(22332): android.media.audiopolicy is mapped to system
07-06 00:01:04.451 I/AconfigPackage(22332): com.android.egg.flags is mapped to system
07-06 00:01:04.451 I/AconfigPackage(22332): com.android.internal.compat.flags is mapped to system
07-06 00:01:04.451 I/AconfigPackage(22332): android.security is mapped to system
07-06 00:01:04.451 I/AconfigPackage(22332): android.service.autofill is mapped to system
07-06 00:01:04.451 I/AconfigPackage(22332): com.example.android.aconfig.demo.flags is mapped to system
07-06 00:01:04.451 I/AconfigPackage(22332): android.view.flags is mapped to system
07-06 00:01:04.451 I/AconfigPackage(22332): android.companion.virtual.flags is mapped to system
07-06 00:01:04.452 I/AconfigPackage(22332): com.android.aconfig_new_storage is mapped to system
07-06 00:01:04.452 I/AconfigPackage(22332): com.android.server.feature.flags is mapped to system
07-06 00:01:04.452 I/AconfigPackage(22332): com.android.systemui is mapped to system
07-06 00:01:04.452 I/AconfigPackage(22332): com.android.server.power.batterysaver is mapped to system
07-06 00:01:04.452 I/AconfigPackage(22332): android.widget.flags is mapped to system
07-06 00:01:04.452 I/AconfigPackage(22332): com.android.media.editing.flags is mapped to system
07-06 00:01:04.452 I/AconfigPackage(22332): com.android.media.codec.flags is mapped to system
07-06 00:01:04.452 I/AconfigPackage(22332): com.android.server.powerstats is mapped to system
07-06 00:01:04.453 I/AconfigPackage(22332): com.android.graphics.egl.flags is mapped to system
07-06 00:01:04.453 I/AconfigPackage(22332): com.android.media.audioserver is mapped to system
07-06 00:01:04.453 I/AconfigPackage(22332): com.android.server.deviceidle is mapped to system
07-06 00:01:04.453 I/AconfigPackage(22332): android.nfc is mapped to system
07-06 00:01:04.453 I/AconfigPackage(22332): android.permission.flags is mapped to system
07-06 00:01:04.453 I/AconfigPackage(22332): android.service.voice.flags is mapped to system
07-06 00:01:04.453 I/AconfigPackage(22332): android.content.pm is mapped to system
07-06 00:01:04.454 I/AconfigPackage(22332): com.android.server.power.hint is mapped to system
07-06 00:01:04.454 I/AconfigPackage(22332): android.os is mapped to system
07-06 00:01:04.455 I/AconfigPackage(22332): android.service.dreams is mapped to system
07-06 00:01:04.455 I/AconfigPackage(22332): com.android.graphics.libgui.flags is mapped to system
07-06 00:01:04.455 I/AconfigPackage(22332): android.hardware.usb.flags is mapped to system
07-06 00:01:04.455 I/AconfigPackage(22332): android.provider is mapped to system
07-06 00:01:04.455 I/AconfigPackage(22332): com.android.server.job is mapped to system
07-06 00:01:04.456 I/AconfigPackage(22332): com.android.internal.foldables.flags is mapped to system
07-06 00:01:04.456 I/AconfigPackage(22332): com.android.internal.telephony.flags is mapped to system
07-06 00:01:04.456 I/AconfigPackage(22332): android.webkit is mapped to system
07-06 00:01:04.456 I/AconfigPackage(22332): android.credentials.flags is mapped to system
07-06 00:01:04.456 I/AconfigPackage(22332): com.android.server.display.feature.flags is mapped to system
07-06 00:01:04.456 I/AconfigPackage(22332): com.android.server.notification is mapped to system
07-06 00:01:04.457 I/AconfigPackage(22332): android.appwidget.flags is mapped to system
07-06 00:01:04.457 I/AconfigPackage(22332): com.android.frameworks.sensorservice.flags is mapped to system
07-06 00:01:04.457 I/AconfigPackage(22332): com.android.printspooler.flags is mapped to system
07-06 00:01:04.458 I/AconfigPackage(22332): com.android.window.flags is mapped to system
07-06 00:01:04.458 I/AconfigPackage(22332): android.adaptiveauth is mapped to system
07-06 00:01:04.458 I/AconfigPackage(22332): android.net.wifi.flags is mapped to system
07-06 00:01:04.459 I/AconfigPackage(22332): android.media.tv.flags is mapped to system
07-06 00:01:04.459 I/AconfigPackage(22332): com.android.server.usb.flags is mapped to system
07-06 00:01:04.459 I/AconfigPackage(22332): android.os.vibrator is mapped to system
07-06 00:01:04.459 I/AconfigPackage(22332): android.hardware.devicestate.feature.flags is mapped to system
07-06 00:01:04.459 I/AconfigPackage(22332): com.android.server.usage is mapped to system
07-06 00:01:04.459 I/AconfigPackage(22332): android.server is mapped to system
07-06 00:01:04.459 I/AconfigPackage(22332): com.android.wm.shell is mapped to system
07-06 00:01:04.459 I/AconfigPackage(22332): android.view.inputmethod is mapped to system
07-06 00:01:04.460 I/AconfigPackage(22332): com.android.graphics.hwui.flags is mapped to system
07-06 00:01:04.460 I/AconfigPackage(22332): com.android.server.backup is mapped to system
07-06 00:01:04.460 I/AconfigPackage(22332): com.android.internal.pm.pkg.component.flags is mapped to system
07-06 00:01:04.460 I/AconfigPackage(22332): android.view.accessibility is mapped to system
07-06 00:01:04.460 I/AconfigPackage(22332): com.google.wear.sdk is mapped to system
07-06 00:01:04.460 I/AconfigPackage(22332): android.media.audio is mapped to system
07-06 00:01:04.460 I/AconfigPackage(22332): com.android.server.am is mapped to system
07-06 00:01:04.460 I/AconfigPackage(22332): com.android.media.playback.flags is mapped to system
07-06 00:01:04.461 I/AconfigPackage(22332): com.android.art.flags is mapped to com.android.art
07-06 00:01:04.461 I/AconfigPackage(22332): com.android.libcore is mapped to com.android.art
07-06 00:01:04.461 I/AconfigPackage(22332): com.android.media.extractor.flags is mapped to com.android.media
07-06 00:01:04.461 I/AconfigPackage(22332): com.android.media.mainline.flags is mapped to com.android.media
07-06 00:01:04.463 I/AconfigPackage(22332): com.android.wifi.flags is mapped to com.android.wifi
07-06 00:01:04.463 I/AconfigPackage(22332): com.android.org.conscrypt.flags is mapped to com.android.conscrypt
07-06 00:01:04.464 I/AconfigPackage(22332): com.android.healthfitness.flags is mapped to com.android.healthfitness
07-06 00:01:04.464 I/AconfigPackage(22332): com.google.android.input.twoshay.flags is mapped to vendor
07-06 00:01:04.465 I/AconfigPackage(22332): libgooglecamerahal.flags is mapped to vendor
07-06 00:01:04.465 I/AconfigPackage(22332): com.android.ipsec.flags is mapped to com.android.ipsec
07-06 00:01:04.465 I/AconfigPackage(22332): com.android.nfc.module.flags is mapped to com.android.nfcservices
07-06 00:01:04.465 I/AconfigPackage(22332): com.android.adservices.ondevicepersonalization.flags is mapped to com.android.ondevicepersonalization
07-06 00:01:04.466 I/AconfigPackage(22332): com.android.bluetooth.flags is mapped to com.android.bt
07-06 00:01:04.468 I/AconfigPackage(22332): com.android.devicelock.flags is mapped to com.android.devicelock
07-06 00:01:04.468 I/AconfigPackage(22332): android.os.profiling is mapped to com.android.profiling
07-06 00:01:04.468 I/AconfigPackage(22332): com.android.os.statsd.flags is mapped to com.android.os.statsd
07-06 00:01:04.470 I/AconfigPackage(22332): com.android.cellbroadcastreceiver.flags is mapped to com.android.cellbroadcast
07-06 00:01:04.470 I/AconfigPackage(22332): com.android.adservices.flags is mapped to com.android.adservices
07-06 00:01:04.470 I/AconfigPackage(22332): com.android.sdksandbox.flags is mapped to com.android.adservices
07-06 00:01:04.471 I/AconfigPackage(22332): com.android.uwb.flags is mapped to com.android.uwb
07-06 00:01:04.471 I/AconfigPackage(22332): com.android.ranging.flags is mapped to com.android.uwb
07-06 00:01:04.471 I/AconfigPackage(22332): android.graphics.pdf.flags is mapped to com.android.mediaprovider
07-06 00:01:04.471 I/AconfigPackage(22332): com.android.providers.media.flags is mapped to com.android.mediaprovider
07-06 00:01:04.471 I/AconfigPackage(22332): android.graphics.pdf.flags.readonly is mapped to com.android.mediaprovider
07-06 00:01:04.471 I/AconfigPackage(22332): com.android.net.ct.flags is mapped to com.android.tethering
07-06 00:01:04.471 I/AconfigPackage(22332): com.android.net.flags is mapped to com.android.tethering
07-06 00:01:04.472 I/AconfigPackage(22332): android.net.vcn is mapped to com.android.tethering
07-06 00:01:04.472 I/AconfigPackage(22332): com.android.nearby.flags is mapped to com.android.tethering
07-06 00:01:04.473 I/AconfigPackage(22332): android.net.http is mapped to com.android.tethering
07-06 00:01:04.473 I/AconfigPackage(22332): com.android.net.thread.flags is mapped to com.android.tethering
07-06 00:01:04.474 I/AconfigPackage(22332): com.android.system.virtualmachine.flags is mapped to com.android.virt
07-06 00:01:04.475 E/FeatureFlagsImplExport(22332): android.os.flagging.AconfigStorageReadException: ERROR_PACKAGE_NOT_FOUND: package android.xr cannot be found on the device
07-06 00:01:04.477 D/UiAutomationConnection(22332): Created on user UserHandle{0}
07-06 00:01:04.477 I/UiAutomation(22332): Initialized for user 0 on display 0
07-06 00:01:04.477 W/UiAutomation(22332): Created with deprecatead constructor, assumes DEFAULT_DISPLAY
07-06 00:01:04.478 D/AccessibilityManagerService(  715): changeCurrentUserForTestAutomationIfNeededLocked(0): ignoring because device doesn't support visible background users
07-06 00:01:04.480 I/UiAutomationManager(  715): Registering UiTestAutomationService (id=com.android.server.accessibility/UiAutomation, flags=0x0) when called by user 0
07-06 00:01:04.481 V/AccessibilityManagerService(  715): onUserStateChangedLocked for userId: 0, forceUpdate: false
07-06 00:01:04.488 W/MagnificationConnectionManager(  715): requestConnection duplicated request: connect=false, mConnectionState=DISCONNECTED
07-06 00:01:04.492 W/IPCThreadState(  715): Sending oneway calls to frozen process.
07-06 00:01:04.493 W/IPCThreadState(  715): Sending oneway calls to frozen process.
07-06 00:01:04.493 W/IPCThreadState(  715): Sending oneway calls to frozen process.
07-06 00:01:04.495 W/IPCThreadState(  715): Sending oneway calls to frozen process.
07-06 00:01:04.495 W/IPCThreadState(  715): Sending oneway calls to frozen process.
07-06 00:01:04.496 V/UiAutomation(22332): Init UiAutomation@a059704[id=634, displayId=0, flags=0]
07-06 00:01:04.496 W/IPCThreadState(  715): Sending oneway calls to frozen process.
07-06 00:01:04.498 V/AccessibilityManagerService(  715): onUserStateChangedLocked for userId: 0, forceUpdate: false
07-06 00:01:04.499 W/IPCThreadState(  715): Sending oneway calls to frozen process.
07-06 00:01:04.500 W/IPCThreadState(  715): Sending oneway calls to frozen process.
07-06 00:01:04.501 W/IPCThreadState(  715): Sending oneway calls to frozen process.
07-06 00:01:04.501 W/IPCThreadState(  715): Sending oneway calls to frozen process.
07-06 00:01:04.502 W/MagnificationConnectionManager(  715): requestConnection duplicated request: connect=false, mConnectionState=DISCONNECTED
07-06 00:01:04.503 W/IPCThreadState(  715): Sending oneway calls to frozen process.
07-06 00:01:04.503 W/IPCThreadState(  715): Sending oneway calls to frozen process.
07-06 00:01:04.503 W/IPCThreadState(  715): Sending oneway calls to frozen process.
07-06 00:01:04.504 W/IPCThreadState(  715): Sending oneway calls to frozen process.
07-06 00:01:04.504 W/IPCThreadState(  715): Sending oneway calls to frozen process.
07-06 00:01:04.504 W/IPCThreadState(  715): Sending oneway calls to frozen process.
07-06 00:01:04.507 W/IPCThreadState(  715): Sending oneway calls to frozen process.
07-06 00:01:04.507 W/IPCThreadState(  715): Sending oneway calls to frozen process.
07-06 00:01:04.509 I/netd    (  488): tetherGetStats() -> {[]} <0.77ms>
07-06 00:01:04.510 W/IPCThreadState(  715): Sending oneway calls to frozen process.
07-06 00:01:04.511 W/IPCThreadState(  715): Sending oneway calls to frozen process.
07-06 00:01:04.512 W/IPCThreadState(  715): Sending oneway calls to frozen process.
07-06 00:01:04.512 W/IPCThreadState(  715): Sending oneway calls to frozen process.
07-06 00:01:04.512 W/IPCThreadState(  715): Sending oneway calls to frozen process.
07-06 00:01:04.513 W/IPCThreadState(  715): Sending oneway calls to frozen process.
07-06 00:01:04.515 W/IPCThreadState(  715): Sending oneway calls to frozen process.
07-06 00:01:04.517 W/IPCThreadState(  715): Sending oneway calls to frozen process.
07-06 00:01:04.519 W/IPCThreadState(  715): Sending oneway calls to frozen process.
07-06 00:01:04.520 W/IPCThreadState(  715): Sending oneway calls to frozen process.
07-06 00:01:04.521 W/IPCThreadState(  715): Sending oneway calls to frozen process.
07-06 00:01:04.521 W/IPCThreadState(  715): Sending oneway calls to frozen process.
07-06 00:01:04.524 W/IPCThreadState(  715): Sending oneway calls to frozen process.
07-06 00:01:04.524 W/IPCThreadState(  715): Sending oneway calls to frozen process.
07-06 00:01:04.525 W/IPCThreadState(  715): Sending oneway calls to frozen process.
07-06 00:01:04.525 W/IPCThreadState(  715): Sending oneway calls to frozen process.
07-06 00:01:04.526 W/IPCThreadState(  715): Sending oneway calls to frozen process.
07-06 00:01:04.526 W/IPCThreadState(  715): Sending oneway calls to frozen process.
07-06 00:01:04.527 W/IPCThreadState(  715): Sending oneway calls to frozen process.
07-06 00:01:04.527 W/IPCThreadState(  715): Sending oneway calls to frozen process.
07-06 00:01:04.527 W/IPCThreadState(  715): Sending oneway calls to frozen process.
07-06 00:01:04.528 W/IPCThreadState(  715): Sending oneway calls to frozen process.
07-06 00:01:04.528 W/IPCThreadState(  715): Sending oneway calls to frozen process.
07-06 00:01:04.528 W/IPCThreadState(  715): Sending oneway calls to frozen process.
07-06 00:01:04.528 W/IPCThreadState(  715): Sending oneway calls to frozen process.
07-06 00:01:04.529 W/IPCThreadState(  715): Sending oneway calls to frozen process.
07-06 00:01:04.529 W/IPCThreadState(  715): Sending oneway calls to frozen process.
07-06 00:01:04.529 W/IPCThreadState(  715): Sending oneway calls to frozen process.
07-06 00:01:04.529 W/IPCThreadState(  715): Sending oneway calls to frozen process.
07-06 00:01:04.530 W/IPCThreadState(  715): Sending oneway calls to frozen process.
07-06 00:01:04.531 W/IPCThreadState(  715): Sending oneway calls to frozen process.
07-06 00:01:04.531 W/IPCThreadState(  715): Sending oneway calls to frozen process.
07-06 00:01:04.958 I/AidlLazyServiceRegistrar(21829): Process has 0 (of 1 available) client(s) in use after notification artd has clients: 0
07-06 00:01:04.958 I/AidlLazyServiceRegistrar(21829): Trying to shut down the service. No clients in use for any service in process.
07-06 00:01:04.935 I/servicemanager(    0): Notifying artd they don't (previously: do) have clients when we now have no record of a client
07-06 00:01:04.960 I/AidlLazyServiceRegistrar(21829): Unregistered all clients and exiting
07-06 00:01:04.936 I/servicemanager(    0): Caller(pid=21829,uid=1082,sid=u:r:artd:s0) Unregistering artd
07-06 00:01:04.937 I/BpBinder(    0): onLastStrongRef automatically unlinking death recipients:
07-06 00:01:04.942 I/init    (    0): Service 'artd' (pid 21829) exited with status 0 oneshot service took 42.907001 seconds in background
07-06 00:01:04.943 I/init    (    0): Sending signal 9 to service 'artd' (pid 21829) process group...
07-06 00:01:04.945 I/libprocessgroup(    0): Removed cgroup /sys/fs/cgroup/system/uid_1082/pid_21829
07-06 00:01:05.315 I/bbax    ( 1501): (REDACTED) getHotwordActive::active query: %s, watch: %s, devices connected: %s
07-06 00:01:05.524 W/AccessibilityNodeInfoDumper(22332): Fetch time: 8ms
07-06 00:01:05.527 V/AccessibilityManagerService(  715): onUserStateChangedLocked for userId: 0, forceUpdate: false
07-06 00:01:05.529 D/BackgroundInstallControlService(  715): Package event received: 0
07-06 00:01:05.536 W/MagnificationConnectionManager(  715): requestConnection duplicated request: connect=false, mConnectionState=DISCONNECTED
07-06 00:01:05.537 D/AccessibilityManagerService(  715): restoreCurrentUserForTestAutomationIfNeededLocked(): ignoring because device doesn't support visible background users
07-06 00:01:05.538 W/IPCThreadState(  715): Sending oneway calls to frozen process.
07-06 00:01:05.539 W/IPCThreadState(  715): Sending oneway calls to frozen process.
07-06 00:01:05.539 W/IPCThreadState(  715): Sending oneway calls to frozen process.
07-06 00:01:05.539 W/IPCThreadState(  715): Sending oneway calls to frozen process.
07-06 00:01:05.539 W/IPCThreadState(  715): Sending oneway calls to frozen process.
07-06 00:01:05.540 W/IPCThreadState(  715): Sending oneway calls to frozen process.
07-06 00:01:05.540 D/AndroidRuntime(22332): Shutting down VM
07-06 00:01:05.540 W/IPCThreadState(  715): Sending oneway calls to frozen process.
07-06 00:01:05.540 W/IPCThreadState(22332): call to talkWithDriver in joinThreadPool returned error: -9 (Bad file descriptor), FD: -1
07-06 00:01:05.540 W/IPCThreadState(  715): Sending oneway calls to frozen process.
07-06 00:01:05.540 W/IPCThreadState(22332): call to talkWithDriver in joinThreadPool returned error: -9 (Bad file descriptor), FD: -1
07-06 00:01:05.543 W/IPCThreadState(  715): Sending oneway calls to frozen process.
07-06 00:01:05.543 W/IPCThreadState(22332): call to talkWithDriver in joinThreadPool returned error: -9 (Bad file descriptor), FD: -1
07-06 00:01:05.543 W/IPCThreadState(22332): call to talkWithDriver in joinThreadPool returned error: -9 (Bad file descriptor), FD: -1
07-06 00:01:05.544 W/IPCThreadState(  715): Sending oneway calls to frozen process.
07-06 00:01:05.545 V/AccessibilityManagerService(  715): onUserStateChangedLocked for userId: 0, forceUpdate: false
07-06 00:01:05.546 D/ProfileInstaller(22267): Installing profile for com.huiyi.mockchat
07-06 00:01:05.548 W/MagnificationConnectionManager(  715): requestConnection duplicated request: connect=false, mConnectionState=DISCONNECTED
07-06 00:01:05.549 W/IPCThreadState(  715): Sending oneway calls to frozen process.
07-06 00:01:05.549 W/IPCThreadState(  715): Sending oneway calls to frozen process.
07-06 00:01:05.549 W/IPCThreadState(  715): Sending oneway calls to frozen process.
07-06 00:01:05.551 W/IPCThreadState(  715): Sending oneway calls to frozen process.
07-06 00:01:05.551 W/IPCThreadState(  715): Sending oneway calls to frozen process.
07-06 00:01:05.551 W/IPCThreadState(  715): Sending oneway calls to frozen process.
07-06 00:01:05.551 W/IPCThreadState(  715): Sending oneway calls to frozen process.
07-06 00:01:05.552 I/netd    (  488): tetherGetStats() -> {[]} <0.74ms>
07-06 00:01:05.552 W/IPCThreadState(  715): Sending oneway calls to frozen process.
07-06 00:01:05.552 W/IPCThreadState(  715): Sending oneway calls to frozen process.
07-06 00:01:05.552 W/IPCThreadState(  715): Sending oneway calls to frozen process.
07-06 00:01:05.553 W/IPCThreadState(  715): Sending oneway calls to frozen process.
07-06 00:01:05.553 W/IPCThreadState(  715): Sending oneway calls to frozen process.
07-06 00:01:05.553 W/IPCThreadState(  715): Sending oneway calls to frozen process.
07-06 00:01:05.553 W/IPCThreadState(  715): Sending oneway calls to frozen process.
07-06 00:01:05.553 W/IPCThreadState(  715): Sending oneway calls to frozen process.
07-06 00:01:05.554 W/IPCThreadState(  715): Sending oneway calls to frozen process.
07-06 00:01:05.554 W/IPCThreadState(  715): Sending oneway calls to frozen process.
07-06 00:01:05.554 W/IPCThreadState(  715): Sending oneway calls to frozen process.
07-06 00:01:05.556 W/IPCThreadState(  715): Sending oneway calls to frozen process.
07-06 00:01:05.557 W/IPCThreadState(  715): Sending oneway calls to frozen process.
07-06 00:01:05.557 W/IPCThreadState(  715): Sending oneway calls to frozen process.
07-06 00:01:05.559 W/IPCThreadState(  715): Sending oneway calls to frozen process.
07-06 00:01:05.560 W/IPCThreadState(  715): Sending oneway calls to frozen process.
07-06 00:01:05.560 W/IPCThreadState(  715): Sending oneway calls to frozen process.
07-06 00:01:05.560 W/IPCThreadState(  715): Sending oneway calls to frozen process.
07-06 00:01:05.560 W/IPCThreadState(  715): Sending oneway calls to frozen process.
07-06 00:01:05.561 W/IPCThreadState(  715): Sending oneway calls to frozen process.
07-06 00:01:05.561 W/IPCThreadState(  715): Sending oneway calls to frozen process.
07-06 00:01:05.561 W/IPCThreadState(  715): Sending oneway calls to frozen process.
07-06 00:01:05.561 W/IPCThreadState(  715): Sending oneway calls to frozen process.
07-06 00:01:05.561 W/IPCThreadState(  715): Sending oneway calls to frozen process.
07-06 00:01:05.562 W/IPCThreadState(  715): Sending oneway calls to frozen process.
07-06 00:01:05.562 W/IPCThreadState(  715): Sending oneway calls to frozen process.
07-06 00:01:05.562 W/IPCThreadState(  715): Sending oneway calls to frozen process.
07-06 00:01:05.562 W/IPCThreadState(  715): Sending oneway calls to frozen process.
07-06 00:01:05.564 W/IPCThreadState(  715): Sending oneway calls to frozen process.
07-06 00:01:05.564 W/IPCThreadState(  715): Sending oneway calls to frozen process.
07-06 00:01:05.564 W/IPCThreadState(  715): Sending oneway calls to frozen process.
07-06 00:01:05.565 W/IPCThreadState(  715): Sending oneway calls to frozen process.
07-06 00:01:05.565 W/IPCThreadState(  715): Sending oneway calls to frozen process.
07-06 00:01:06.575 I/logd    (    0): logdr: UID=2000 GID=2000 PID=22356 n tail=0 logMask=99 pid=0 start=0ns deadline=0ns
07-06 00:01:06.673 D/WifiClientModeImpl[27601:wlan0](  715): updateLinkLayerStatsRssiSpeedFrequencyCapabilities rssi=-50 TxLinkspeed=2 freq=2447 RxLinkSpeed=2
07-06 00:01:06.673 D/WifiDataStall(  715): tx tput in kbps: 11000
07-06 00:01:06.674 D/WifiDataStall(  715): rx tput in kbps: 11000
07-06 00:01:06.674 V/WifiConfigManager(  715): Updating scan detail cache freq=2447 BSSID=00:13:10:85:fe:01 RSSI=-50 for "AndroidWifi"NONE
07-06 00:01:06.675 D/WifiThroughputPredictor(  715):  utilization (LLS) 80 isBluetoothConnected: false final utilization: 80
07-06 00:01:06.675 D/WifiThroughputPredictor(  715):  BW: 0 RSSI: -50 Nss: 1 Mode: 1 symDur: 4000 snrDb 30 bitPerTone: 4500 rate: 54 throughput: 11
07-06 00:01:06.675 D/WifiThroughputPredictor(  715):  utilization (LLS) 80 isBluetoothConnected: false final utilization: 80
07-06 00:01:06.675 D/WifiThroughputPredictor(  715):  BW: 0 RSSI: -50 Nss: 1 Mode: 1 symDur: 4000 snrDb 30 bitPerTone: 4500 rate: 54 throughput: 11
07-06 00:01:06.676 D/WifiThroughputPredictor(  715):  utilization (LLS) 80 isBluetoothConnected: false final utilization: 80
07-06 00:01:06.676 D/WifiThroughputPredictor(  715):  BW: 0 RSSI: -50 Nss: 1 Mode: 1 symDur: 4000 snrDb 30 bitPerTone: 4500 rate: 54 throughput: 11
07-06 00:01:06.676 D/WifiThroughputPredictor(  715):  utilization (LLS) 80 isBluetoothConnected: false final utilization: 80
07-06 00:01:06.676 D/WifiThroughputPredictor(  715):  BW: 0 RSSI: -50 Nss: 1 Mode: 1 symDur: 4000 snrDb 30 bitPerTone: 4500 rate: 54 throughput: 11
07-06 00:01:06.678 D/WifiScoreCard(  715): BSSID update SIGNAL_POLL ID: 1559335064 SSID: "AndroidWifi", BSSID: 00:13:10:85:fe:01, MAC: 02:15:b2:00:00:00, IP: /10.0.2.16, Security type: 0, Supplicant state: COMPLETED, Wi-Fi standard: legacy, RSSI: -50, Link speed: 2Mbps, Tx Link speed: 2Mbps, Max Supported Tx Link speed: 11Mbps, Rx Link speed: 2Mbps, Max Supported Rx Link speed: 11Mbps, Frequency: 2447MHz, Net ID: 0, Metered hint: false, score: 60, isUsable: true, CarrierMerged: false, SubscriptionId: -1, IsPrimary: 1, Trusted: true, Restricted: false, Ephemeral: false, OEM paid: false, OEM private: false, OSU AP: false, FQDN: <none>, Provider friendly name: <none>, Requesting package name: <none>"AndroidWifi"openMLO Information: , Is TID-To-Link negotiation supported by the AP: false, AP MLD Address: <none>, AP MLO Link Id: <none>, AP MLO Affiliated links: <none>, Vendor Data: <none>
07-06 00:01:06.678 D/WifiScoreCard(  715): txRate: 3 txSpeed: 2
07-06 00:01:06.678 D/WifiScoreCard(  715): network update SIGNAL_POLL "AndroidWifi" ID: 1201260005 RSSI -50 txSpeed -1
07-06 00:01:06.678 D/WifiClientModeImpl[27601:wlan0](  715):  ClientModeImpl$L2ConnectedState screen=on 1 0 "AndroidWifi" 00:13:10:85:fe:01 rssi=-50 f=2447 sc=60 link=2 tx=2.8, 0.0, 0.0 rx=2.8 bcn=0 [on:0 tx:0 rx:0 period:3009] from screen [on:0 period:884638838] score=60
07-06 00:01:06.694 I/ActivityManager(  715): Force stopping com.huiyi.mockchat appid=10217 user=0: from pid 22361
07-06 00:01:06.696 I/ActivityManager(  715): Killing 22267:com.huiyi.mockchat/u0a217 (adj 0): stop com.huiyi.mockchat due to from pid 22361
07-06 00:01:06.699 W/ActivityTaskManager(  715): Force removing ActivityRecord{266831686 u0 com.huiyi.mockchat/.MainActivity t206 f}}: app died, no saved state
07-06 00:01:06.701 V/WindowManagerShell(  972): Transition requested (#196): android.os.BinderProxy@16c1521 TransitionRequestInfo { type = CLOSE, triggerTask = TaskInfo{userId=0 taskId=206 effectiveUid=10217 displayId=0 isRunning=false baseIntent=Intent { flg=0x10000000 cmp=com.huiyi.mockchat/.MainActivity } baseActivity=null topActivity=null origActivity=null realActivity=ComponentInfo{com.huiyi.mockchat/com.huiyi.mockchat.MainActivity} numActivities=0 lastActiveTime=38381304 supportsMultiWindow=true resizeMode=1 isResizeable=true minWidth=-1 minHeight=-1 defaultMinSize=220 token=WCT{android.window.IWindowContainerToken$Stub$Proxy@1fb3d46} topActivityType=1 pictureInPictureParams=null shouldDockBigOverlays=false launchIntoPipHostTaskId=-1 lastParentTaskIdBeforePip=-1 displayCutoutSafeInsets=Rect(0, 0 - 0, 0) topActivityInfo=null launchCookies=[] positionInParent=Point(0, 0) parentTaskId=-1 isFocused=true isVisible=true isVisibleRequested=true isTopActivityNoDisplay=false isSleeping=false locusId=null displayAreaFeatureId=1 isTopActivityTransparent=false isActivityStackTransparent=true lastNonFullscreenBounds=Rect(286, 664 - 798, 1748) capturedLink=null capturedLinkTimestamp=0 requestedVisibleTypes=-9 topActivityRequestOpenInBrowserEducationTimestamp=0 appCompatTaskInfo=AppCompatTaskInfo { topActivityInSizeCompat=false eligibleForLetterboxEducation= false isLetterboxEducationEnabled= false isLetterboxDoubleTapEnabled= false eligibleForUserAspectRatioButton= false topActivityBoundsLetterboxed= false isFromLetterboxDoubleTap= false topActivityLetterboxVerticalPosition= -1 topActivityLetterboxHorizontalPosition= -1 topActivityLetterboxWidth=-1 topActivityLetterboxHeight=-1 topActivityAppBounds=Rect(0, 0 - 0, 0) isUserFullscreenOverrideEnabled=false isSystemFullscreenOverrideEnabled=false hasMinAspectRatioOverride=false topActivityLetterboxBounds=null cameraCompatTaskInfo=CameraCompatTaskInfo { freeformCameraCompatMode=undefined}} topActivityMainWindowFrame=null}, pipChange = null, remoteTransition = null, displayChange = null, flags = 0, debugId = 196 }
07-06 00:01:06.703 D/BackgroundInstallControlService(  715): Package event received: 0
07-06 00:01:06.703 I/BpBinder(  567): onLastStrongRef automatically unlinking death recipients: 
07-06 00:01:06.708 W/IPCThreadState(  715): Sending oneway calls to frozen process.
07-06 00:01:06.708 W/IPCThreadState(  715): Sending oneway calls to frozen process.
07-06 00:01:06.709 W/IPCThreadState(  715): Sending oneway calls to frozen process.
07-06 00:01:06.709 W/IPCThreadState(  715): Sending oneway calls to frozen process.
07-06 00:01:06.709 W/IPCThreadState(  715): Sending oneway calls to frozen process.
07-06 00:01:06.712 D/ViewRootImpl( 1124): Skipping stats log for color mode
07-06 00:01:06.716 D/BackgroundInstallControlService(  715): Package event received: 0
07-06 00:01:06.716 D/BackgroundInstallControlService(  715): Package event received: 0
07-06 00:01:06.717 D/StatsLog( 1124): LAUNCHER_ONRESUME
07-06 00:01:06.717 I/AppWidgetServiceImpl(  715): startListening() 0
07-06 00:01:06.719 I/AppsFilter(  715): interaction: PackageSetting{82e8969 com.android.microdroid.empty_payload/10212} -> PackageSetting{57de558 com.huiyi.mockchat/10217} BLOCKED
07-06 00:01:06.719 I/AppsFilter(  715): interaction: PackageSetting{b28278c com.huiyi.v4/10216} -> PackageSetting{57de558 com.huiyi.mockchat/10217} BLOCKED
07-06 00:01:06.720 I/netd    (  488): tetherGetStats() -> {[]} <1.32ms>
07-06 00:01:06.721 I/AppWidgetServiceImpl(  715): startListening() 0
07-06 00:01:06.723 D/WindowManagerShell(  972): setLauncherKeepClearAreaHeight: visible=true, height=497
07-06 00:01:06.723 I/BpBinder(  567): onLastStrongRef automatically unlinking death recipients: 
07-06 00:01:06.725 D/NexusLauncherModelDelegate( 1124): notifySmartspaceEvent: SmartspaceTargetEvent{mSmartspaceTarget=null, mSmartspaceActionId='null', mEventType=6}
07-06 00:01:06.744 D/BaseDepthController( 1124): setSurface:
07-06 00:01:06.744 D/BaseDepthController( 1124): 	mWaitingOnSurfaceValidity: false
07-06 00:01:06.744 D/BaseDepthController( 1124): 	mBaseSurface: Surface(name=com.google.android.apps.nexuslauncher/com.google.android.apps.nexuslauncher.NexusLauncherActivity)/@0xcfe1a4e
07-06 00:01:06.744 I/system_server(  715): AssetManager2(0x79075ab9fad8) locale list changing from [] to [en-US]
07-06 00:01:06.749 I/ImeTracker(  715): com.huiyi.mockchat:10e469b9: onRequestHide at ORIGIN_SERVER reason HIDE_REMOVE_CLIENT fromUser false
07-06 00:01:06.750 I/ImeTracker(  715): com.huiyi.mockchat:10e469b9: onCancelled at PHASE_SERVER_SHOULD_HIDE
07-06 00:01:06.753 I/adbd    (  576): Remote process closed the socket (on MSG_PEEK)
07-06 00:01:06.756 I/Zygote  (  491): Process 22267 exited due to signal 9 (Killed)
07-06 00:01:06.756 D/QuickstepModelDelegate( 1124): notifyAppTargetEvent action=1 launchLocation=workspace/0/[-1,-1]/[1,1]
07-06 00:01:06.762 I/WindowManager(  715): WIN DEATH: Window{398ea06 u0 com.huiyi.mockchat/com.huiyi.mockchat.MainActivity}
07-06 00:01:06.768 I/AiAiEcho( 1480): Predicting[0]:  [CONTEXT sampling_count=5 ]
07-06 00:01:06.768 I/AiAiEcho( 1480): EchoTargets: 
07-06 00:01:06.768 I/AiAiEcho( 1480): Filtered by AiAi flag check: 
07-06 00:01:06.768 I/AiAiEcho( 1480): [CONTEXT ratelimit_period="10 SECONDS" ]
07-06 00:01:06.768 I/AiAiEcho( 1480): #remoteViewsTwiddler: feature disabled.
07-06 00:01:06.772 W/ActivityTaskManager(  715): Unable to send transaction to client proc com.huiyi.mockchat: no app thread
07-06 00:01:06.799 I/system_server(  715): AssetManager2(0x79075aba74b8) locale list changing from [] to [en-US]
07-06 00:01:06.802 I/AppWidgetServiceImpl(  715): Received broadcast: android.intent.action.PACKAGE_RESTARTED on user 0
07-06 00:01:06.803 I/AppWidgetServiceImpl(  715): Updating package stopped masked state for uid 10217 package com.huiyi.mockchat isStopped true
07-06 00:01:06.805 I/libprocessgroup(  715): Removed cgroup /sys/fs/cgroup/apps/uid_10217/pid_22267
07-06 00:01:06.816 I/NotificationListener( 1124): Handling notification state refresh for android#0
07-06 00:01:06.816 I/NotificationListener( 1124): Handling notification state refresh for com.google.android.apps.wellbeing#0
07-06 00:01:06.816 I/NotificationListener( 1124): Handling notification state refresh for android#0
07-06 00:01:06.818 V/ActivityManager(  715): Got obituary of 22267:com.huiyi.mockchat
07-06 00:01:06.818 W/ActivityManager(  715): setHasOverlayUi called on unknown pid: 22267
07-06 00:01:06.820 V/WindowManagerShell(  972): onTransitionReady(transaction=3070901631406)
07-06 00:01:06.822 V/WindowManagerShell(  972): onTransitionReady (#196) android.os.BinderProxy@16c1521: {id=196 t=CLOSE f=0x0 trk=0 r=[0@Point(0, 0)] c=[
07-06 00:01:06.822 V/WindowManagerShell(  972):         {m=TO_FRONT f=SHOW_WALLPAPER|MOVE_TO_TOP leash=Surface(name=Task=1)/@0xec89b07 sb=Rect(0, 0 - 1084, 2412) eb=Rect(0, 0 - 1084, 2412) epz=Point(1084, 2412) d=0 taskParent=-1},
07-06 00:01:06.822 V/WindowManagerShell(  972):         {m=CLOSE f=NONE leash=Surface(name=Task=206)/@0x9105434 sb=Rect(0, 0 - 1084, 2412) eb=Rect(0, 0 - 1084, 2412) epz=Point(1084, 2412) d=0 taskParent=-1},
07-06 00:01:06.822 V/WindowManagerShell(  972):         {m=TO_FRONT f=IS_WALLPAPER leash=Surface(name=WallpaperWindowToken{d6cca47 showWhenLocked=false})/@0x9d3e25d sb=Rect(0, 0 - 1084, 2412) eb=Rect(0, 0 - 1084, 2412) epz=Point(1084, 2412) d=0}
07-06 00:01:06.822 V/WindowManagerShell(  972):     ]}
07-06 00:01:06.822 V/WindowManagerShell(  972): Playing animation for (#196) android.os.BinderProxy@16c1521@0
07-06 00:01:06.823 V/ShellRecents(  972): RecentsTransitionHandler.startAnimation: no controller found
07-06 00:01:06.824 V/WindowManagerShell(  972): Transition doesn't have explicit remote, search filters for match for {id=196 t=CLOSE f=0x0 trk=0 r=[0@Point(0, 0)] c=[{m=TO_FRONT f=SHOW_WALLPAPER|MOVE_TO_TOP leash=Surface(name=Task=1)/@0xec89b07 sb=Rect(0, 0 - 1084, 2412) eb=Rect(0, 0 - 1084, 2412) epz=Point(1084, 2412) d=0 taskParent=-1},{m=CLOSE f=NONE leash=Surface(name=Task=206)/@0x9105434 sb=Rect(0, 0 - 1084, 2412) eb=Rect(0, 0 - 1084, 2412) epz=Point(1084, 2412) d=0 taskParent=-1},{m=TO_FRONT f=IS_WALLPAPER leash=Surface(name=WallpaperWindowToken{d6cca47 showWhenLocked=false})/@0x9d3e25d sb=Rect(0, 0 - 1084, 2412) eb=Rect(0, 0 - 1084, 2412) epz=Point(1084, 2412) d=0}]}
07-06 00:01:06.824 V/WindowManagerShell(  972):  Checking filter Pair{{types=[] flags=0x0] notFlags=0x0 checks=[{atype=undefined independent=true modes=[CLOSE,TO_BACK] flags=IN_TASK_WITH_EMBEDDED_ACTIVITY mustBeTask=false order=ANY topActivity=null launchCookie=null taskFragmentToken=android.os.BinderProxy@9757ff windowingMode=undefined}]} RemoteTransition { remoteTransition = android.window.IRemoteTransition$Stub$Proxy@b7a59cc, appThread = android.app.IApplicationThread$Stub$Proxy@a3c9415, debugName = overlayBackTransition }}
07-06 00:01:06.825 V/WindowManagerShell(  972):  Checking filter Pair{{types=[] flags=0x0] notFlags=0x0 checks=[{atype=dream independent=true modes=[OPEN,TO_FRONT] flags=NONE mustBeTask=false order=ANY topActivity=null launchCookie=null windowingMode=undefined},{atype=home independent=true modes=[CLOSE,TO_BACK] flags=NONE mustBeTask=false order=ANY topActivity=null launchCookie=null windowingMode=undefined}]} RemoteTransition { remoteTransition = android.window.IRemoteTransition$Stub$Proxy@e27a32a, appThread = android.app.IApplicationThread$Stub$Proxy@713751b, debugName = LauncherToDream }}
07-06 00:01:06.825 V/WindowManagerShell(  972):  Checking filter Pair{{types=[] flags=0x0] notFlags=0x100 checks=[{atype=home independent=true modes=[OPEN,TO_FRONT] flags=NONE mustBeTask=false order=TOP topActivity=ComponentInfo{com.google.android.apps.nexuslauncher/com.google.android.apps.nexuslauncher.NexusLauncherActivity} launchCookie=null windowingMode=undefined},{atype=standard independent=true modes=[CLOSE,TO_BACK] flags=NONE mustBeTask=false order=ANY topActivity=null launchCookie=null windowingMode=undefined},{NOT atype=undefined independent=true modes=[] flags=NONE mustBeTask=true order=ANY topActivity=null launchCookie=null customAnim=true windowingMode=undefined}]} RemoteTransition { remoteTransition = android.window.IRemoteTransition$Stub$Proxy@ed946b8, appThread = android.app.IApplicationThread$Stub$Proxy@5f5c91, debugName = QuickstepLaunchHome }}
