07-06 03:14:30.169 I/AndroidRuntime( 1861): Using default boot image
07-06 03:14:30.169 I/AndroidRuntime( 1861): Leaving lock profiling enabled
07-06 03:14:30.172 W/AppOps  (  715): Noting op not finished: uid 10216 pkg com.huiyi.v4 code 24 startTime of in progress event=1783307669676
07-06 03:14:30.173 I/app_process( 1861): Core platform API reporting enabled, enforcing=false
07-06 03:14:30.173 I/app_process( 1861): Using CollectorTypeCMC GC.
07-06 03:14:30.211 D/CoreBackPreview(  715): Window{f86520b u0 com.huiyi.v4}: Setting back callback OnBackInvokedCallbackInfo{mCallback=android.window.IOnBackInvokedCallback$Stub$Proxy@49b3da6, mPriority=0, mIsAnimationCallback=false, mOverrideBehavior=0}
07-06 03:14:30.216 I/resolv  (  488): GetAddrInfoHandler::run: {100 100 100 983140 10216 0}
07-06 03:14:30.221 I/resolv  (  488): res_nmkquery: (QUERY, IN, AAAA)
07-06 03:14:30.221 I/resolv  (  488): res_nmkquery: (QUERY, IN, A)
07-06 03:14:30.221 I/resolv  (  488): resolv_cache_lookup: FOUND IN CACHE entry=0x7f740ca9b970
07-06 03:14:30.221 I/resolv  (  488): doQuery: rcode=0, ancount=2, return value=84
07-06 03:14:30.223 I/resolv  (  488): resolv_cache_lookup: FOUND IN CACHE entry=0x7f750ca9b010
07-06 03:14:30.223 I/resolv  (  488): doQuery: rcode=0, ancount=2, return value=60
07-06 03:14:30.297 W/NotificationHistory(  715): Attempted to add notif for locked/gone/disabled user 0
07-06 03:14:30.301 D/BackgroundInstallControlService(  715): Package event received: 0
07-06 03:14:30.317 W/AiAiEcho( 1480): LyftNotificationParser Ridesharing ETA not enabled
07-06 03:14:30.317 I/AiAiEcho( 1480): SmartspaceNotificationPredictor no parser can handle this notification or notification is invalid
07-06 03:14:30.320 I/NotificationListener( 1124): received notification posted event - android#UserHandle{0},category=-1
07-06 03:14:30.333 D/nativeloader( 1861): InitDefaultPublicLibraries for_preload=1: libandroid.so:libaaudio.so:libamidi.so:libbinder_ndk.so:libc.so:libcamera2ndk.so:libdl.so:libEGL.so:libGLESv1_CM.so:libGLESv2.so:libGLESv3.so:libicu.so:libicui18n.so:libicuuc.so:libjnigraphics.so:liblog.so:libmediandk.so:libm.so:libnativehelper.so:libnativewindow.so:libOpenMAXAL.so:libOpenSLES.so:libRS.so:libstdc++.so:libsync.so:libvulkan.so:libwebviewchromium_plat_support.so:libz.so
07-06 03:14:30.357 D/nativeloader( 1861): Load libicu_jni.so using APEX ns com_android_art for caller /apex/com.android.art/javalib/core-oj.jar: ok
07-06 03:14:30.357 D/app_process( 1861): u_setTimeZoneFilesDirectory("/apex/com.android.tzdata/etc/tz/versioned/9/icu") succeeded. 
07-06 03:14:30.360 D/app_process( 1861): I18n APEX ICU file found: /apex/com.android.i18n/etc/icu/icudt76l.dat
07-06 03:14:30.362 D/nativeloader( 1861): Load libjavacore.so using APEX ns com_android_art for caller /apex/com.android.art/javalib/core-oj.jar: ok
07-06 03:14:30.365 D/nativeloader( 1861): Load libopenjdk.so using APEX ns com_android_art for caller /apex/com.android.art/javalib/core-oj.jar: ok
07-06 03:14:30.366 W/app_process( 1861): Unexpected CPU variant for x86: x86_64.
07-06 03:14:30.366 W/app_process( 1861): Known variants: atom, sandybridge, silvermont, goldmont, goldmont-plus, goldmont-without-sha-xsaves, tremont, kabylake, alderlake, default
07-06 03:14:30.372 W/app_process( 1861): ClassLoaderContext shared library size mismatch. Expected=2, found=0 (PCL[]{PCL[/system/framework/android.test.base.jar*2789897741]#PCL[/system/framework/android.test.mock.jar*3361312393]} | PCL[])
07-06 03:14:30.373 W/app_process( 1861): ClassLoaderContext classpath size mismatch. expected=0, found=1 (PCL[]{PCL[/system/framework/android.test.runner.jar*895143020]#PCL[/system/framework/android.test.base.jar*2789897741]} | PCL[/system/framework/android.test.runner.jar*895143020])
07-06 03:14:30.397 D/LocalImageResolver(  972): Couldn't use ImageDecoder for drawable, falling back to non-resized load.
07-06 03:14:30.404 D/nativeloader( 1861): Load libframework-connectivity-tiramisu-jni.so using APEX ns com_android_tethering for caller /apex/com.android.tethering/javalib/framework-connectivity-t.jar: ok
07-06 03:14:30.404 D/AndroidRuntime( 1861): Calling main entry com.android.commands.uiautomator.Launcher
07-06 03:14:30.411 I/AconfigPackage( 1861): android.media.swcodec.flags is mapped to com.android.media.swcodec
07-06 03:14:30.412 I/AconfigPackage( 1861): com.google.android.settings.simplemode.flags is mapped to system_ext
07-06 03:14:30.412 I/AconfigPackage( 1861): com.google.android.systemui is mapped to system_ext
07-06 03:14:30.413 I/AconfigPackage( 1861): com.google.android.apps.nexuslauncher is mapped to system_ext
07-06 03:14:30.413 I/AconfigPackage( 1861): com.android.settings.accessibility is mapped to system_ext
07-06 03:14:30.413 I/AconfigPackage( 1861): com.android.settings.flags is mapped to system_ext
07-06 03:14:30.413 I/AconfigPackage( 1861): com.google.android.apps.miphone.aiai.matchmaker.overview.ui is mapped to system_ext
07-06 03:14:30.413 I/AconfigPackage( 1861): com.google.android.settings.flags is mapped to system_ext
07-06 03:14:30.413 I/AconfigPackage( 1861): com.android.launcher3 is mapped to system_ext
07-06 03:14:30.413 I/AconfigPackage( 1861): com.android.wallpaper is mapped to system_ext
07-06 03:14:30.413 I/AconfigPackage( 1861): com.android.settings.media_drm is mapped to system_ext
07-06 03:14:30.414 I/AconfigPackage( 1861): com.android.systemui.accessibility.accessibilitymenu is mapped to system_ext
07-06 03:14:30.414 I/AconfigPackage( 1861): com.android.settings.keyboard is mapped to system_ext
07-06 03:14:30.414 I/AconfigPackage( 1861): com.android.server.policy.feature.flags is mapped to system_ext
07-06 03:14:30.414 I/AconfigPackage( 1861): com.android.settings.factory_reset is mapped to system_ext
07-06 03:14:30.414 I/AconfigPackage( 1861): com.google.android.haptics.flags is mapped to system_ext
07-06 03:14:30.414 I/AconfigPackage( 1861): com.android.permission.flags is mapped to com.android.permission
07-06 03:14:30.416 I/AconfigPackage( 1861): com.android.icu is mapped to com.android.i18n
07-06 03:14:30.417 I/AconfigPackage( 1861): com.android.appsearch.flags is mapped to com.android.appsearch
07-06 03:14:30.417 I/AconfigPackage( 1861): android.uprobestats.mainline.flags is mapped to com.android.uprobestats
07-06 03:14:30.418 I/AconfigPackage( 1861): android.provider.flags is mapped to com.android.configinfrastructure
07-06 03:14:30.418 I/AconfigPackage( 1861): com.android.server.deviceconfig is mapped to com.android.configinfrastructure
07-06 03:14:30.419 I/AconfigPackage( 1861): com.android.nfc.flags is mapped to system
07-06 03:14:30.419 I/AconfigPackage( 1861): android.app.admin.flags is mapped to system
07-06 03:14:30.420 I/AconfigPackage( 1861): android.database.sqlite is mapped to system
07-06 03:14:30.420 I/AconfigPackage( 1861): com.android.providers.calendar is mapped to system
07-06 03:14:30.420 I/AconfigPackage( 1861): com.android.server.power.feature.flags is mapped to system
07-06 03:14:30.420 I/AconfigPackage( 1861): com.android.media.performance.flags is mapped to system
07-06 03:14:30.422 I/AconfigPackage( 1861): android.app.contextualsearch.flags is mapped to system
07-06 03:14:30.422 I/AconfigPackage( 1861): android.app.ondeviceintelligence.flags is mapped to system
07-06 03:14:30.422 D/LocalImageResolver(  972): Couldn't use ImageDecoder for drawable, falling back to non-resized load.
07-06 03:14:30.422 I/AconfigPackage( 1861): com.android.media.projection.flags is mapped to system
07-06 03:14:30.423 I/AconfigPackage( 1861): android.companion is mapped to system
07-06 03:14:30.423 I/AconfigPackage( 1861): android.service.controls.flags is mapped to system
07-06 03:14:30.423 I/AconfigPackage( 1861): com.android.text.flags is mapped to system
07-06 03:14:30.423 I/AconfigPackage( 1861): com.android.providers.contactkeys.flags is mapped to system
07-06 03:14:30.423 I/AconfigPackage( 1861): com.android.intentresolver is mapped to system
07-06 03:14:30.423 I/AconfigPackage( 1861): android.companion.virtualdevice.flags is mapped to system
07-06 03:14:30.424 I/AconfigPackage( 1861): android.uprobestats.flags is mapped to system
07-06 03:14:30.424 I/AconfigPackage( 1861): com.android.net.thread.platform.flags is mapped to system
07-06 03:14:30.424 I/AconfigPackage( 1861): android.view.contentprotection.flags is mapped to system
07-06 03:14:30.424 I/AconfigPackage( 1861): com.android.server.dreams is mapped to system
07-06 03:14:30.424 I/AconfigPackage( 1861): com.android.graphics.surfaceflinger.flags is mapped to system
07-06 03:14:30.424 I/AconfigPackage( 1861): com.android.hardware.input is mapped to system
07-06 03:14:30.424 I/AconfigPackage( 1861): android.sdk is mapped to system
07-06 03:14:30.427 I/AconfigPackage( 1861): com.android.input.flags is mapped to system
07-06 03:14:30.427 I/AconfigPackage( 1861): android.tracing is mapped to system
07-06 03:14:30.427 I/AconfigPackage( 1861): com.android.server.biometrics is mapped to system
07-06 03:14:30.427 I/AconfigPackage( 1861): android.view.contentcapture.flags is mapped to system
07-06 03:14:30.427 I/AconfigPackage( 1861): android.app.job is mapped to system
07-06 03:14:30.427 I/AconfigPackage( 1861): android.content.res is mapped to system
07-06 03:14:30.427 I/AconfigPackage( 1861): android.net.platform.flags is mapped to system
07-06 03:14:30.428 I/AconfigPackage( 1861): com.android.aconfig.flags is mapped to system
07-06 03:14:30.428 I/AconfigPackage( 1861): com.android.graphics.flags is mapped to system
07-06 03:14:30.428 I/AconfigPackage( 1861): android.server.app is mapped to system
07-06 03:14:30.428 I/AconfigPackage( 1861): android.speech.flags is mapped to system
07-06 03:14:30.428 I/AconfigPackage( 1861): com.android.server.stats is mapped to system
07-06 03:14:30.428 I/AconfigPackage( 1861): android.hardware.biometrics is mapped to system
07-06 03:14:30.428 I/AconfigPackage( 1861): android.car.feature is mapped to system
07-06 03:14:30.428 I/AconfigPackage( 1861): android.adpf is mapped to system
07-06 03:14:30.430 I/AconfigPackage( 1861): android.location.flags is mapped to system
07-06 03:14:30.430 I/AconfigPackage( 1861): com.android.settingslib.flags is mapped to system
07-06 03:14:30.431 I/AconfigPackage( 1861): com.android.managedprovisioning.flags is mapped to system
07-06 03:14:30.432 I/AconfigPackage( 1861): android.app.assist.flags is mapped to system
07-06 03:14:30.432 I/AconfigPackage( 1861): com.android.server.net is mapped to system
07-06 03:14:30.432 I/AconfigPackage( 1861): com.android.settingslib.widget.flags is mapped to system
07-06 03:14:30.432 I/AconfigPackage( 1861): com.android.internal.camera.flags is mapped to system
07-06 03:14:30.432 I/AconfigPackage( 1861): com.android.hardware.libsensor.flags is mapped to system
07-06 03:14:30.433 I/AconfigPackage( 1861): com.android.internal.jank is mapped to system
07-06 03:14:30.433 I/AconfigPackage( 1861): com.android.providers.settings is mapped to system
07-06 03:14:30.433 I/AconfigPackage( 1861): android.multiuser is mapped to system
07-06 03:14:30.433 I/AconfigPackage( 1861): com.android.server.power.optimization is mapped to system
07-06 03:14:30.434 I/AconfigPackage( 1861): com.android.calllogbackup is mapped to system
07-06 03:14:30.434 I/AconfigPackage( 1861): com.android.media.flags is mapped to system
07-06 03:14:30.435 I/AconfigPackage( 1861): com.android.server.flags is mapped to system
07-06 03:14:30.435 I/AconfigPackage( 1861): com.android.graphics.libvulkan.flags is mapped to system
07-06 03:14:30.435 I/AconfigPackage( 1861): android.app.appfunctions.flags is mapped to system
07-06 03:14:30.435 I/AconfigPackage( 1861): android.app.smartspace.flags is mapped to system
07-06 03:14:30.435 I/AconfigPackage( 1861): com.android.providers.contacts.flags is mapped to system
07-06 03:14:30.435 I/AconfigPackage( 1861): com.android.shell.flags is mapped to system
07-06 03:14:30.435 I/AconfigPackage( 1861): com.android.media.aaudio is mapped to system
07-06 03:14:30.436 I/AconfigPackage( 1861): android.hardware.radio is mapped to system
07-06 03:14:30.436 I/AconfigPackage( 1861): com.google.wear.services.infra.flags is mapped to system
07-06 03:14:30.436 I/AconfigPackage( 1861): suspend_service.flags is mapped to system
07-06 03:14:30.436 I/AconfigPackage( 1861): android.media.midi is mapped to system
07-06 03:14:30.436 I/AconfigPackage( 1861): com.android.libcore.readonly is mapped to system
07-06 03:14:30.436 I/AconfigPackage( 1861): com.android.settingslib.widget.selectorwithwidgetpreference.flags is mapped to system
07-06 03:14:30.436 I/AconfigPackage( 1861): android.service.notification is mapped to system
07-06 03:14:30.436 I/AconfigPackage( 1861): com.android.systemui.shared is mapped to system
07-06 03:14:30.437 I/AconfigPackage( 1861): android.app.jank is mapped to system
07-06 03:14:30.437 I/AconfigPackage( 1861): android.app.wearable is mapped to system
07-06 03:14:30.437 I/AconfigPackage( 1861): com.android.media.audio is mapped to system
07-06 03:14:30.437 I/AconfigPackage( 1861): android.service.chooser is mapped to system
07-06 03:14:30.437 I/AconfigPackage( 1861): com.android.server.compat is mapped to system
07-06 03:14:30.438 I/AconfigPackage( 1861): com.android.server.alarm is mapped to system
07-06 03:14:30.438 I/AconfigPackage( 1861): com.android.apex.flags is mapped to system
07-06 03:14:30.438 I/AconfigPackage( 1861): android.service.quickaccesswallet is mapped to system
07-06 03:14:30.439 I/AconfigPackage( 1861): android.app.usage is mapped to system
07-06 03:14:30.439 I/AconfigPackage( 1861): com.android.server.accessibility is mapped to system
07-06 03:14:30.439 I/AconfigPackage( 1861): android.app.supervision.flags is mapped to system
07-06 03:14:30.439 I/AconfigPackage( 1861): com.android.server.utils is mapped to system
07-06 03:14:30.439 I/AconfigPackage( 1861): android.chre.flags is mapped to system
07-06 03:14:30.439 I/AconfigPackage( 1861): android.content.flags is mapped to system
07-06 03:14:30.439 I/AconfigPackage( 1861): android.media.codec is mapped to system
07-06 03:14:30.439 I/AconfigPackage( 1861): com.android.internal.os is mapped to system
07-06 03:14:30.439 I/AconfigPackage( 1861): com.android.nfc.nci.flags is mapped to system
07-06 03:14:30.439 I/AconfigPackage( 1861): android.app is mapped to system
07-06 03:14:30.439 I/AconfigPackage( 1861): android.security.keystore2 is mapped to system
07-06 03:14:30.439 I/AconfigPackage( 1861): android.crashrecovery.flags is mapped to system
07-06 03:14:30.439 I/AconfigPackage( 1861): com.android.tradeinmode.flags is mapped to system
07-06 03:14:30.440 I/AconfigPackage( 1861): android.hardware.flags is mapped to system
07-06 03:14:30.440 I/AconfigPackage( 1861): com.android.server.telecom.flags is mapped to system
07-06 03:14:30.440 I/AconfigPackage( 1861): com.android.settingslib.media.flags is mapped to system
07-06 03:14:30.440 I/AconfigPackage( 1861): com.android.server.policy is mapped to system
07-06 03:14:30.440 I/AconfigPackage( 1861): android.media.audiopolicy is mapped to system
07-06 03:14:30.440 I/AconfigPackage( 1861): com.android.egg.flags is mapped to system
07-06 03:14:30.440 I/AconfigPackage( 1861): com.android.internal.compat.flags is mapped to system
07-06 03:14:30.440 I/AconfigPackage( 1861): android.security is mapped to system
07-06 03:14:30.440 I/AconfigPackage( 1861): android.service.autofill is mapped to system
07-06 03:14:30.440 I/AconfigPackage( 1861): com.example.android.aconfig.demo.flags is mapped to system
07-06 03:14:30.440 I/AconfigPackage( 1861): android.view.flags is mapped to system
07-06 03:14:30.440 I/AconfigPackage( 1861): android.companion.virtual.flags is mapped to system
07-06 03:14:30.440 I/AconfigPackage( 1861): com.android.aconfig_new_storage is mapped to system
07-06 03:14:30.440 I/AconfigPackage( 1861): com.android.server.feature.flags is mapped to system
07-06 03:14:30.440 I/AconfigPackage( 1861): com.android.systemui is mapped to system
07-06 03:14:30.441 I/AconfigPackage( 1861): com.android.server.power.batterysaver is mapped to system
07-06 03:14:30.441 I/AconfigPackage( 1861): android.widget.flags is mapped to system
07-06 03:14:30.441 I/AconfigPackage( 1861): com.android.media.editing.flags is mapped to system
07-06 03:14:30.441 I/AconfigPackage( 1861): com.android.media.codec.flags is mapped to system
07-06 03:14:30.441 I/AconfigPackage( 1861): com.android.server.powerstats is mapped to system
07-06 03:14:30.441 I/AconfigPackage( 1861): com.android.graphics.egl.flags is mapped to system
07-06 03:14:30.441 I/AconfigPackage( 1861): com.android.media.audioserver is mapped to system
07-06 03:14:30.441 I/AconfigPackage( 1861): com.android.server.deviceidle is mapped to system
07-06 03:14:30.441 I/AconfigPackage( 1861): android.nfc is mapped to system
07-06 03:14:30.441 I/AconfigPackage( 1861): android.permission.flags is mapped to system
07-06 03:14:30.441 I/AconfigPackage( 1861): android.service.voice.flags is mapped to system
07-06 03:14:30.441 I/AconfigPackage( 1861): android.content.pm is mapped to system
07-06 03:14:30.441 I/AconfigPackage( 1861): com.android.server.power.hint is mapped to system
07-06 03:14:30.441 I/AconfigPackage( 1861): android.os is mapped to system
07-06 03:14:30.441 I/AconfigPackage( 1861): android.service.dreams is mapped to system
07-06 03:14:30.442 I/AconfigPackage( 1861): com.android.graphics.libgui.flags is mapped to system
07-06 03:14:30.442 I/AconfigPackage( 1861): android.hardware.usb.flags is mapped to system
07-06 03:14:30.442 I/AconfigPackage( 1861): android.provider is mapped to system
07-06 03:14:30.442 I/AconfigPackage( 1861): com.android.server.job is mapped to system
07-06 03:14:30.442 I/AconfigPackage( 1861): com.android.internal.foldables.flags is mapped to system
07-06 03:14:30.442 I/AconfigPackage( 1861): com.android.internal.telephony.flags is mapped to system
07-06 03:14:30.442 I/AconfigPackage( 1861): android.webkit is mapped to system
07-06 03:14:30.442 I/AconfigPackage( 1861): android.credentials.flags is mapped to system
07-06 03:14:30.442 I/AconfigPackage( 1861): com.android.server.display.feature.flags is mapped to system
07-06 03:14:30.442 I/AconfigPackage( 1861): com.android.server.notification is mapped to system
07-06 03:14:30.442 I/AconfigPackage( 1861): android.appwidget.flags is mapped to system
07-06 03:14:30.442 I/AconfigPackage( 1861): com.android.frameworks.sensorservice.flags is mapped to system
07-06 03:14:30.442 I/AconfigPackage( 1861): com.android.printspooler.flags is mapped to system
07-06 03:14:30.442 I/AconfigPackage( 1861): com.android.window.flags is mapped to system
07-06 03:14:30.442 I/AconfigPackage( 1861): android.adaptiveauth is mapped to system
07-06 03:14:30.443 I/AconfigPackage( 1861): android.net.wifi.flags is mapped to system
07-06 03:14:30.443 I/AconfigPackage( 1861): android.media.tv.flags is mapped to system
07-06 03:14:30.443 I/AconfigPackage( 1861): com.android.server.usb.flags is mapped to system
07-06 03:14:30.443 I/AconfigPackage( 1861): android.os.vibrator is mapped to system
07-06 03:14:30.443 I/AconfigPackage( 1861): android.hardware.devicestate.feature.flags is mapped to system
07-06 03:14:30.443 I/AconfigPackage( 1861): com.android.server.usage is mapped to system
07-06 03:14:30.443 I/AconfigPackage( 1861): android.server is mapped to system
07-06 03:14:30.446 I/AconfigPackage( 1861): com.android.wm.shell is mapped to system
07-06 03:14:30.446 I/AconfigPackage( 1861): android.view.inputmethod is mapped to system
07-06 03:14:30.446 I/AconfigPackage( 1861): com.android.graphics.hwui.flags is mapped to system
07-06 03:14:30.446 I/AconfigPackage( 1861): com.android.server.backup is mapped to system
07-06 03:14:30.447 I/AconfigPackage( 1861): com.android.internal.pm.pkg.component.flags is mapped to system
07-06 03:14:30.447 I/AconfigPackage( 1861): android.view.accessibility is mapped to system
07-06 03:14:30.447 I/AconfigPackage( 1861): com.google.wear.sdk is mapped to system
07-06 03:14:30.447 I/AconfigPackage( 1861): android.media.audio is mapped to system
07-06 03:14:30.447 I/AconfigPackage( 1861): com.android.server.am is mapped to system
07-06 03:14:30.447 I/AconfigPackage( 1861): com.android.media.playback.flags is mapped to system
07-06 03:14:30.448 I/AconfigPackage( 1861): com.android.art.flags is mapped to com.android.art
07-06 03:14:30.448 I/AconfigPackage( 1861): com.android.libcore is mapped to com.android.art
07-06 03:14:30.448 I/AconfigPackage( 1861): com.android.media.extractor.flags is mapped to com.android.media
07-06 03:14:30.449 I/AconfigPackage( 1861): com.android.media.mainline.flags is mapped to com.android.media
07-06 03:14:30.449 I/AconfigPackage( 1861): com.android.wifi.flags is mapped to com.android.wifi
07-06 03:14:30.449 I/AconfigPackage( 1861): com.android.org.conscrypt.flags is mapped to com.android.conscrypt
07-06 03:14:30.449 I/AconfigPackage( 1861): com.android.healthfitness.flags is mapped to com.android.healthfitness
07-06 03:14:30.451 I/AconfigPackage( 1861): com.google.android.input.twoshay.flags is mapped to vendor
07-06 03:14:30.451 I/AconfigPackage( 1861): libgooglecamerahal.flags is mapped to vendor
07-06 03:14:30.451 I/AconfigPackage( 1861): com.android.ipsec.flags is mapped to com.android.ipsec
07-06 03:14:30.452 I/AconfigPackage( 1861): com.android.nfc.module.flags is mapped to com.android.nfcservices
07-06 03:14:30.452 I/AconfigPackage( 1861): com.android.adservices.ondevicepersonalization.flags is mapped to com.android.ondevicepersonalization
07-06 03:14:30.453 I/AconfigPackage( 1861): com.android.bluetooth.flags is mapped to com.android.bt
07-06 03:14:30.453 I/AconfigPackage( 1861): com.android.devicelock.flags is mapped to com.android.devicelock
07-06 03:14:30.453 I/AconfigPackage( 1861): android.os.profiling is mapped to com.android.profiling
07-06 03:14:30.454 I/AconfigPackage( 1861): com.android.os.statsd.flags is mapped to com.android.os.statsd
07-06 03:14:30.454 I/AconfigPackage( 1861): com.android.cellbroadcastreceiver.flags is mapped to com.android.cellbroadcast
07-06 03:14:30.456 I/AconfigPackage( 1861): com.android.adservices.flags is mapped to com.android.adservices
07-06 03:14:30.457 I/AconfigPackage( 1861): com.android.sdksandbox.flags is mapped to com.android.adservices
07-06 03:14:30.457 I/AconfigPackage( 1861): com.android.uwb.flags is mapped to com.android.uwb
07-06 03:14:30.457 I/AconfigPackage( 1861): com.android.ranging.flags is mapped to com.android.uwb
07-06 03:14:30.457 I/AconfigPackage( 1861): android.graphics.pdf.flags is mapped to com.android.mediaprovider
07-06 03:14:30.457 I/AconfigPackage( 1861): com.android.providers.media.flags is mapped to com.android.mediaprovider
07-06 03:14:30.459 I/AconfigPackage( 1861): android.graphics.pdf.flags.readonly is mapped to com.android.mediaprovider
07-06 03:14:30.460 I/AconfigPackage( 1861): com.android.net.ct.flags is mapped to com.android.tethering
07-06 03:14:30.460 I/AconfigPackage( 1861): com.android.net.flags is mapped to com.android.tethering
07-06 03:14:30.460 I/AconfigPackage( 1861): android.net.vcn is mapped to com.android.tethering
07-06 03:14:30.460 I/AconfigPackage( 1861): com.android.nearby.flags is mapped to com.android.tethering
07-06 03:14:30.460 I/AconfigPackage( 1861): android.net.http is mapped to com.android.tethering
07-06 03:14:30.461 I/AconfigPackage( 1861): com.android.net.thread.flags is mapped to com.android.tethering
07-06 03:14:30.461 I/AconfigPackage( 1861): com.android.system.virtualmachine.flags is mapped to com.android.virt
07-06 03:14:30.461 E/FeatureFlagsImplExport( 1861): android.os.flagging.AconfigStorageReadException: ERROR_PACKAGE_NOT_FOUND: package android.xr cannot be found on the device
07-06 03:14:30.464 D/UiAutomationConnection( 1861): Created on user UserHandle{0}
07-06 03:14:30.465 I/UiAutomation( 1861): Initialized for user 0 on display 0
07-06 03:14:30.465 W/UiAutomation( 1861): Created with deprecatead constructor, assumes DEFAULT_DISPLAY
07-06 03:14:30.466 D/AccessibilityManagerService(  715): changeCurrentUserForTestAutomationIfNeededLocked(0): ignoring because device doesn't support visible background users
07-06 03:14:30.466 I/UiAutomationManager(  715): Registering UiTestAutomationService (id=com.android.server.accessibility/UiAutomation, flags=0x0) when called by user 0
07-06 03:14:30.466 V/AccessibilityManagerService(  715): onUserStateChangedLocked for userId: 0, forceUpdate: false
07-06 03:14:30.472 W/MagnificationConnectionManager(  715): requestConnection duplicated request: connect=false, mConnectionState=DISCONNECTED
07-06 03:14:30.476 W/IPCThreadState(  715): Sending oneway calls to frozen process.
07-06 03:14:30.476 W/IPCThreadState(  715): Sending oneway calls to frozen process.
07-06 03:14:30.477 W/IPCThreadState(  715): Sending oneway calls to frozen process.
07-06 03:14:30.477 W/IPCThreadState(  715): Sending oneway calls to frozen process.
07-06 03:14:30.477 W/IPCThreadState(  715): Sending oneway calls to frozen process.
07-06 03:14:30.477 W/IPCThreadState(  715): Sending oneway calls to frozen process.
07-06 03:14:30.478 W/IPCThreadState(  715): Sending oneway calls to frozen process.
07-06 03:14:30.479 V/UiAutomation( 1861): Init UiAutomation@9804ad2[id=947, displayId=0, flags=0]
07-06 03:14:30.480 W/IPCThreadState(  715): Sending oneway calls to frozen process.
07-06 03:14:30.480 V/AccessibilityManagerService(  715): onUserStateChangedLocked for userId: 0, forceUpdate: false
07-06 03:14:30.480 W/IPCThreadState(  715): Sending oneway calls to frozen process.
07-06 03:14:30.481 W/IPCThreadState(  715): Sending oneway calls to frozen process.
07-06 03:14:30.481 W/MagnificationConnectionManager(  715): requestConnection duplicated request: connect=false, mConnectionState=DISCONNECTED
07-06 03:14:30.484 W/IPCThreadState(  715): Sending oneway calls to frozen process.
07-06 03:14:30.484 W/IPCThreadState(  715): Sending oneway calls to frozen process.
07-06 03:14:30.485 W/IPCThreadState(  715): Sending oneway calls to frozen process.
07-06 03:14:30.485 W/IPCThreadState(  715): Sending oneway calls to frozen process.
07-06 03:14:30.485 W/IPCThreadState(  715): Sending oneway calls to frozen process.
07-06 03:14:30.487 W/IPCThreadState(  715): Sending oneway calls to frozen process.
07-06 03:14:30.489 W/IPCThreadState(  715): Sending oneway calls to frozen process.
07-06 03:14:30.490 W/IPCThreadState(  715): Sending oneway calls to frozen process.
07-06 03:14:30.490 W/IPCThreadState(  715): Sending oneway calls to frozen process.
07-06 03:14:30.490 W/IPCThreadState(  715): Sending oneway calls to frozen process.
07-06 03:14:30.490 I/netd    (  488): tetherGetStats() -> {[]} <0.47ms>
07-06 03:14:30.490 W/IPCThreadState(  715): Sending oneway calls to frozen process.
07-06 03:14:30.490 W/IPCThreadState(  715): Sending oneway calls to frozen process.
07-06 03:14:30.491 W/IPCThreadState(  715): Sending oneway calls to frozen process.
07-06 03:14:30.491 W/IPCThreadState(  715): Sending oneway calls to frozen process.
07-06 03:14:30.491 W/IPCThreadState(  715): Sending oneway calls to frozen process.
07-06 03:14:30.491 W/IPCThreadState(  715): Sending oneway calls to frozen process.
07-06 03:14:30.493 W/IPCThreadState(  715): Sending oneway calls to frozen process.
07-06 03:14:30.493 W/IPCThreadState(  715): Sending oneway calls to frozen process.
07-06 03:14:30.493 W/IPCThreadState(  715): Sending oneway calls to frozen process.
07-06 03:14:30.494 W/IPCThreadState(  715): Sending oneway calls to frozen process.
07-06 03:14:30.495 W/IPCThreadState(  715): Sending oneway calls to frozen process.
07-06 03:14:30.495 W/IPCThreadState(  715): Sending oneway calls to frozen process.
07-06 03:14:30.495 W/IPCThreadState(  715): Sending oneway calls to frozen process.
07-06 03:14:30.495 W/IPCThreadState(  715): Sending oneway calls to frozen process.
07-06 03:14:30.496 W/IPCThreadState(  715): Sending oneway calls to frozen process.
07-06 03:14:30.496 W/IPCThreadState(  715): Sending oneway calls to frozen process.
07-06 03:14:30.496 W/IPCThreadState(  715): Sending oneway calls to frozen process.
07-06 03:14:30.496 W/IPCThreadState(  715): Sending oneway calls to frozen process.
07-06 03:14:30.496 W/IPCThreadState(  715): Sending oneway calls to frozen process.
07-06 03:14:30.496 W/IPCThreadState(  715): Sending oneway calls to frozen process.
07-06 03:14:30.497 W/IPCThreadState(  715): Sending oneway calls to frozen process.
07-06 03:14:30.498 W/IPCThreadState(  715): Sending oneway calls to frozen process.
07-06 03:14:30.499 W/IPCThreadState(  715): Sending oneway calls to frozen process.
07-06 03:14:30.499 W/IPCThreadState(  715): Sending oneway calls to frozen process.
07-06 03:14:30.500 W/IPCThreadState(  715): Sending oneway calls to frozen process.
07-06 03:14:30.501 W/IPCThreadState(  715): Sending oneway calls to frozen process.
07-06 03:14:30.502 W/IPCThreadState(  715): Sending oneway calls to frozen process.
07-06 03:14:30.502 W/IPCThreadState(  715): Sending oneway calls to frozen process.
07-06 03:14:30.502 W/IPCThreadState(  715): Sending oneway calls to frozen process.
07-06 03:14:30.502 W/IPCThreadState(  715): Sending oneway calls to frozen process.
07-06 03:14:31.425 D/SatelliteController( 1112): iisInCarrierRoamingNbIotNtn: satellite is disabled
07-06 03:14:31.505 W/AccessibilityNodeInfoDumper( 1861): Fetch time: 7ms
07-06 03:14:31.513 V/AccessibilityManagerService(  715): onUserStateChangedLocked for userId: 0, forceUpdate: false
07-06 03:14:31.516 D/BackgroundInstallControlService(  715): Package event received: 0
07-06 03:14:31.518 W/MagnificationConnectionManager(  715): requestConnection duplicated request: connect=false, mConnectionState=DISCONNECTED
07-06 03:14:31.518 D/AccessibilityManagerService(  715): restoreCurrentUserForTestAutomationIfNeededLocked(): ignoring because device doesn't support visible background users
07-06 03:14:31.520 W/IPCThreadState(  715): Sending oneway calls to frozen process.
07-06 03:14:31.520 W/IPCThreadState(  715): Sending oneway calls to frozen process.
07-06 03:14:31.520 W/IPCThreadState(  715): Sending oneway calls to frozen process.
07-06 03:14:31.520 W/IPCThreadState(  715): Sending oneway calls to frozen process.
07-06 03:14:31.520 W/IPCThreadState(  715): Sending oneway calls to frozen process.
07-06 03:14:31.520 W/IPCThreadState(  715): Sending oneway calls to frozen process.
07-06 03:14:31.521 W/IPCThreadState(  715): Sending oneway calls to frozen process.
07-06 03:14:31.522 W/IPCThreadState(  715): Sending oneway calls to frozen process.
07-06 03:14:31.522 W/IPCThreadState(  715): Sending oneway calls to frozen process.
07-06 03:14:31.524 W/IPCThreadState( 1861): call to talkWithDriver in joinThreadPool returned error: -9 (Bad file descriptor), FD: -1
07-06 03:14:31.524 W/IPCThreadState(  715): Sending oneway calls to frozen process.
07-06 03:14:31.524 W/IPCThreadState( 1861): call to talkWithDriver in joinThreadPool returned error: -9 (Bad file descriptor), FD: -1
07-06 03:14:31.524 D/AndroidRuntime( 1861): Shutting down VM
07-06 03:14:31.524 W/IPCThreadState(  715): Sending oneway calls to frozen process.
07-06 03:14:31.525 W/IPCThreadState(  715): Sending oneway calls to frozen process.
07-06 03:14:31.525 W/IPCThreadState( 1861): call to talkWithDriver in joinThreadPool returned error: -9 (Bad file descriptor), FD: -1
07-06 03:14:31.528 W/IPCThreadState(  715): Sending oneway calls to frozen process.
07-06 03:14:31.529 W/IPCThreadState(  715): Sending oneway calls to frozen process.
07-06 03:14:31.529 W/IPCThreadState(  715): Sending oneway calls to frozen process.
07-06 03:14:31.530 W/IPCThreadState(  715): Sending oneway calls to frozen process.
07-06 03:14:31.531 W/IPCThreadState(  715): Sending oneway calls to frozen process.
07-06 03:14:31.531 W/IPCThreadState(  715): Sending oneway calls to frozen process.
07-06 03:14:31.531 W/IPCThreadState(  715): Sending oneway calls to frozen process.
07-06 03:14:31.532 W/IPCThreadState(  715): Sending oneway calls to frozen process.
07-06 03:14:31.533 V/AccessibilityManagerService(  715): onUserStateChangedLocked for userId: 0, forceUpdate: false
07-06 03:14:31.538 W/MagnificationConnectionManager(  715): requestConnection duplicated request: connect=false, mConnectionState=DISCONNECTED
07-06 03:14:31.539 W/IPCThreadState(  715): Sending oneway calls to frozen process.
07-06 03:14:31.539 I/netd    (  488): tetherGetStats() -> {[]} <1.93ms>
07-06 03:14:31.539 W/IPCThreadState(  715): Sending oneway calls to frozen process.
07-06 03:14:31.540 W/IPCThreadState(  715): Sending oneway calls to frozen process.
07-06 03:14:31.540 W/IPCThreadState(  715): Sending oneway calls to frozen process.
07-06 03:14:31.540 W/IPCThreadState(  715): Sending oneway calls to frozen process.
07-06 03:14:31.540 W/IPCThreadState(  715): Sending oneway calls to frozen process.
07-06 03:14:31.541 W/IPCThreadState(  715): Sending oneway calls to frozen process.
07-06 03:14:31.541 W/IPCThreadState(  715): Sending oneway calls to frozen process.
07-06 03:14:31.541 W/IPCThreadState(  715): Sending oneway calls to frozen process.
07-06 03:14:31.541 W/IPCThreadState(  715): Sending oneway calls to frozen process.
07-06 03:14:31.542 W/IPCThreadState(  715): Sending oneway calls to frozen process.
07-06 03:14:31.542 W/IPCThreadState(  715): Sending oneway calls to frozen process.
07-06 03:14:31.543 W/IPCThreadState(  715): Sending oneway calls to frozen process.
07-06 03:14:31.543 W/IPCThreadState(  715): Sending oneway calls to frozen process.
07-06 03:14:31.543 W/IPCThreadState(  715): Sending oneway calls to frozen process.
07-06 03:14:31.544 W/IPCThreadState(  715): Sending oneway calls to frozen process.
07-06 03:14:31.544 W/IPCThreadState(  715): Sending oneway calls to frozen process.
07-06 03:14:31.544 W/IPCThreadState(  715): Sending oneway calls to frozen process.
07-06 03:14:31.544 W/IPCThreadState(  715): Sending oneway calls to frozen process.
07-06 03:14:31.545 W/IPCThreadState(  715): Sending oneway calls to frozen process.
07-06 03:14:31.545 W/IPCThreadState(  715): Sending oneway calls to frozen process.
07-06 03:14:31.545 W/IPCThreadState(  715): Sending oneway calls to frozen process.
07-06 03:14:31.545 W/IPCThreadState(  715): Sending oneway calls to frozen process.
07-06 03:14:31.545 W/IPCThreadState(  715): Sending oneway calls to frozen process.
07-06 03:14:31.545 W/IPCThreadState(  715): Sending oneway calls to frozen process.
07-06 03:14:31.545 W/IPCThreadState(  715): Sending oneway calls to frozen process.
07-06 03:14:31.546 W/IPCThreadState(  715): Sending oneway calls to frozen process.
07-06 03:14:31.546 W/IPCThreadState(  715): Sending oneway calls to frozen process.
07-06 03:14:31.547 W/IPCThreadState(  715): Sending oneway calls to frozen process.
07-06 03:14:31.553 W/IPCThreadState(  715): Sending oneway calls to frozen process.
07-06 03:14:32.517 D/ProfileInstaller( 1618): Installing profile for com.huiyi.mockchat
07-06 03:14:32.558 I/logd    (    0): logdr: UID=2000 GID=2000 PID=1915 n tail=0 logMask=99 pid=0 start=0ns deadline=0ns
