07-05 08:34:08.133 D/nativeloader(18939): InitDefaultPublicLibraries for_preload=1: libandroid.so:libaaudio.so:libamidi.so:libbinder_ndk.so:libc.so:libcamera2ndk.so:libdl.so:libEGL.so:libGLESv1_CM.so:libGLESv2.so:libGLESv3.so:libicu.so:libicui18n.so:libicuuc.so:libjnigraphics.so:liblog.so:libmediandk.so:libm.so:libnativehelper.so:libnativewindow.so:libOpenMAXAL.so:libOpenSLES.so:libRS.so:libstdc++.so:libsync.so:libvulkan.so:libwebviewchromium_plat_support.so:libz.so
07-05 08:34:08.148 D/nativeloader(18939): Load libicu_jni.so using APEX ns com_android_art for caller /apex/com.android.art/javalib/core-oj.jar: ok
07-05 08:34:08.148 D/app_process(18939): u_setTimeZoneFilesDirectory("/apex/com.android.tzdata/etc/tz/versioned/9/icu") succeeded. 
07-05 08:34:08.148 D/app_process(18939): I18n APEX ICU file found: /apex/com.android.i18n/etc/icu/icudt76l.dat
07-05 08:34:08.149 D/nativeloader(18939): Load libjavacore.so using APEX ns com_android_art for caller /apex/com.android.art/javalib/core-oj.jar: ok
07-05 08:34:08.154 D/nativeloader(18939): Load libopenjdk.so using APEX ns com_android_art for caller /apex/com.android.art/javalib/core-oj.jar: ok
07-05 08:34:08.156 W/app_process(18939): Unexpected CPU variant for x86: x86_64.
07-05 08:34:08.156 W/app_process(18939): Known variants: atom, sandybridge, silvermont, goldmont, goldmont-plus, goldmont-without-sha-xsaves, tremont, kabylake, alderlake, default
07-05 08:34:08.157 W/app_process(18939): ClassLoaderContext shared library size mismatch. Expected=2, found=0 (PCL[]{PCL[/system/framework/android.test.base.jar*2789897741]#PCL[/system/framework/android.test.mock.jar*3361312393]} | PCL[])
07-05 08:34:08.158 W/app_process(18939): ClassLoaderContext classpath size mismatch. expected=0, found=1 (PCL[]{PCL[/system/framework/android.test.runner.jar*895143020]#PCL[/system/framework/android.test.base.jar*2789897741]} | PCL[/system/framework/android.test.runner.jar*895143020])
07-05 08:34:08.182 D/nativeloader(18939): Load libframework-connectivity-tiramisu-jni.so using APEX ns com_android_tethering for caller /apex/com.android.tethering/javalib/framework-connectivity-t.jar: ok
07-05 08:34:08.182 D/AndroidRuntime(18939): Calling main entry com.android.commands.uiautomator.Launcher
07-05 08:34:08.191 I/AconfigPackage(18939): android.media.swcodec.flags is mapped to com.android.media.swcodec
07-05 08:34:08.191 I/AconfigPackage(18939): com.google.android.settings.simplemode.flags is mapped to system_ext
07-05 08:34:08.191 I/AconfigPackage(18939): com.google.android.systemui is mapped to system_ext
07-05 08:34:08.191 I/AconfigPackage(18939): com.google.android.apps.nexuslauncher is mapped to system_ext
07-05 08:34:08.192 I/AconfigPackage(18939): com.android.settings.accessibility is mapped to system_ext
07-05 08:34:08.192 I/AconfigPackage(18939): com.android.settings.flags is mapped to system_ext
07-05 08:34:08.192 I/AconfigPackage(18939): com.google.android.apps.miphone.aiai.matchmaker.overview.ui is mapped to system_ext
07-05 08:34:08.193 I/AconfigPackage(18939): com.google.android.settings.flags is mapped to system_ext
07-05 08:34:08.193 I/AconfigPackage(18939): com.android.launcher3 is mapped to system_ext
07-05 08:34:08.193 I/AconfigPackage(18939): com.android.wallpaper is mapped to system_ext
07-05 08:34:08.193 I/AconfigPackage(18939): com.android.settings.media_drm is mapped to system_ext
07-05 08:34:08.193 I/AconfigPackage(18939): com.android.systemui.accessibility.accessibilitymenu is mapped to system_ext
07-05 08:34:08.193 I/AconfigPackage(18939): com.android.settings.keyboard is mapped to system_ext
07-05 08:34:08.193 I/AconfigPackage(18939): com.android.server.policy.feature.flags is mapped to system_ext
07-05 08:34:08.193 I/AconfigPackage(18939): com.android.settings.factory_reset is mapped to system_ext
07-05 08:34:08.193 I/AconfigPackage(18939): com.google.android.haptics.flags is mapped to system_ext
07-05 08:34:08.193 I/AconfigPackage(18939): com.android.permission.flags is mapped to com.android.permission
07-05 08:34:08.194 I/AconfigPackage(18939): com.android.icu is mapped to com.android.i18n
07-05 08:34:08.194 I/AconfigPackage(18939): com.android.appsearch.flags is mapped to com.android.appsearch
07-05 08:34:08.194 I/AconfigPackage(18939): android.uprobestats.mainline.flags is mapped to com.android.uprobestats
07-05 08:34:08.194 I/AconfigPackage(18939): android.provider.flags is mapped to com.android.configinfrastructure
07-05 08:34:08.194 I/AconfigPackage(18939): com.android.server.deviceconfig is mapped to com.android.configinfrastructure
07-05 08:34:08.194 I/AconfigPackage(18939): com.android.nfc.flags is mapped to system
07-05 08:34:08.195 I/AconfigPackage(18939): android.app.admin.flags is mapped to system
07-05 08:34:08.195 I/AconfigPackage(18939): android.database.sqlite is mapped to system
07-05 08:34:08.195 I/AconfigPackage(18939): com.android.providers.calendar is mapped to system
07-05 08:34:08.195 I/AconfigPackage(18939): com.android.server.power.feature.flags is mapped to system
07-05 08:34:08.195 I/AconfigPackage(18939): com.android.media.performance.flags is mapped to system
07-05 08:34:08.195 I/AconfigPackage(18939): android.app.contextualsearch.flags is mapped to system
07-05 08:34:08.195 I/AconfigPackage(18939): android.app.ondeviceintelligence.flags is mapped to system
07-05 08:34:08.195 I/AconfigPackage(18939): com.android.media.projection.flags is mapped to system
07-05 08:34:08.195 I/AconfigPackage(18939): android.companion is mapped to system
07-05 08:34:08.195 I/AconfigPackage(18939): android.service.controls.flags is mapped to system
07-05 08:34:08.195 I/AconfigPackage(18939): com.android.text.flags is mapped to system
07-05 08:34:08.195 I/AconfigPackage(18939): com.android.providers.contactkeys.flags is mapped to system
07-05 08:34:08.195 I/AconfigPackage(18939): com.android.intentresolver is mapped to system
07-05 08:34:08.196 I/AconfigPackage(18939): android.companion.virtualdevice.flags is mapped to system
07-05 08:34:08.196 I/AconfigPackage(18939): android.uprobestats.flags is mapped to system
07-05 08:34:08.196 I/AconfigPackage(18939): com.android.net.thread.platform.flags is mapped to system
07-05 08:34:08.197 I/AconfigPackage(18939): android.view.contentprotection.flags is mapped to system
07-05 08:34:08.197 I/AconfigPackage(18939): com.android.server.dreams is mapped to system
07-05 08:34:08.197 I/AconfigPackage(18939): com.android.graphics.surfaceflinger.flags is mapped to system
07-05 08:34:08.197 I/AconfigPackage(18939): com.android.hardware.input is mapped to system
07-05 08:34:08.197 I/AconfigPackage(18939): android.sdk is mapped to system
07-05 08:34:08.197 I/AconfigPackage(18939): com.android.input.flags is mapped to system
07-05 08:34:08.197 I/AconfigPackage(18939): android.tracing is mapped to system
07-05 08:34:08.198 I/AconfigPackage(18939): com.android.server.biometrics is mapped to system
07-05 08:34:08.198 I/AconfigPackage(18939): android.view.contentcapture.flags is mapped to system
07-05 08:34:08.198 I/AconfigPackage(18939): android.app.job is mapped to system
07-05 08:34:08.198 I/AconfigPackage(18939): android.content.res is mapped to system
07-05 08:34:08.198 I/AconfigPackage(18939): android.net.platform.flags is mapped to system
07-05 08:34:08.198 I/AconfigPackage(18939): com.android.aconfig.flags is mapped to system
07-05 08:34:08.198 I/AconfigPackage(18939): com.android.graphics.flags is mapped to system
07-05 08:34:08.198 I/AconfigPackage(18939): android.server.app is mapped to system
07-05 08:34:08.198 I/AconfigPackage(18939): android.speech.flags is mapped to system
07-05 08:34:08.198 I/AconfigPackage(18939): com.android.server.stats is mapped to system
07-05 08:34:08.199 I/AconfigPackage(18939): android.hardware.biometrics is mapped to system
07-05 08:34:08.199 I/AconfigPackage(18939): android.car.feature is mapped to system
07-05 08:34:08.199 I/AconfigPackage(18939): android.adpf is mapped to system
07-05 08:34:08.199 I/AconfigPackage(18939): android.location.flags is mapped to system
07-05 08:34:08.199 I/AconfigPackage(18939): com.android.settingslib.flags is mapped to system
07-05 08:34:08.199 I/AconfigPackage(18939): com.android.managedprovisioning.flags is mapped to system
07-05 08:34:08.199 I/AconfigPackage(18939): android.app.assist.flags is mapped to system
07-05 08:34:08.199 I/AconfigPackage(18939): com.android.server.net is mapped to system
07-05 08:34:08.200 I/AconfigPackage(18939): com.android.settingslib.widget.flags is mapped to system
07-05 08:34:08.204 I/AconfigPackage(18939): com.android.internal.camera.flags is mapped to system
07-05 08:34:08.204 I/AconfigPackage(18939): com.android.hardware.libsensor.flags is mapped to system
07-05 08:34:08.205 I/AconfigPackage(18939): com.android.internal.jank is mapped to system
07-05 08:34:08.205 I/AconfigPackage(18939): com.android.providers.settings is mapped to system
07-05 08:34:08.205 I/AconfigPackage(18939): android.multiuser is mapped to system
07-05 08:34:08.205 I/AconfigPackage(18939): com.android.server.power.optimization is mapped to system
07-05 08:34:08.206 I/AconfigPackage(18939): com.android.calllogbackup is mapped to system
07-05 08:34:08.206 I/AconfigPackage(18939): com.android.media.flags is mapped to system
07-05 08:34:08.206 I/AconfigPackage(18939): com.android.server.flags is mapped to system
07-05 08:34:08.206 I/AconfigPackage(18939): com.android.graphics.libvulkan.flags is mapped to system
07-05 08:34:08.206 I/AconfigPackage(18939): android.app.appfunctions.flags is mapped to system
07-05 08:34:08.206 I/AconfigPackage(18939): android.app.smartspace.flags is mapped to system
07-05 08:34:08.206 I/AconfigPackage(18939): com.android.providers.contacts.flags is mapped to system
07-05 08:34:08.207 I/AconfigPackage(18939): com.android.shell.flags is mapped to system
07-05 08:34:08.207 I/AconfigPackage(18939): com.android.media.aaudio is mapped to system
07-05 08:34:08.207 I/AconfigPackage(18939): android.hardware.radio is mapped to system
07-05 08:34:08.208 I/AconfigPackage(18939): com.google.wear.services.infra.flags is mapped to system
07-05 08:34:08.208 I/AconfigPackage(18939): suspend_service.flags is mapped to system
07-05 08:34:08.208 I/AconfigPackage(18939): android.media.midi is mapped to system
07-05 08:34:08.208 I/AconfigPackage(18939): com.android.libcore.readonly is mapped to system
07-05 08:34:08.208 I/AconfigPackage(18939): com.android.settingslib.widget.selectorwithwidgetpreference.flags is mapped to system
07-05 08:34:08.209 I/AconfigPackage(18939): android.service.notification is mapped to system
07-05 08:34:08.209 I/AconfigPackage(18939): com.android.systemui.shared is mapped to system
07-05 08:34:08.209 I/AconfigPackage(18939): android.app.jank is mapped to system
07-05 08:34:08.209 I/AconfigPackage(18939): android.app.wearable is mapped to system
07-05 08:34:08.209 I/AconfigPackage(18939): com.android.media.audio is mapped to system
07-05 08:34:08.209 I/AconfigPackage(18939): android.service.chooser is mapped to system
07-05 08:34:08.209 I/AconfigPackage(18939): com.android.server.compat is mapped to system
07-05 08:34:08.209 I/AconfigPackage(18939): com.android.server.alarm is mapped to system
07-05 08:34:08.209 I/AconfigPackage(18939): com.android.apex.flags is mapped to system
07-05 08:34:08.210 I/AconfigPackage(18939): android.service.quickaccesswallet is mapped to system
07-05 08:34:08.210 I/AconfigPackage(18939): android.app.usage is mapped to system
07-05 08:34:08.210 I/AconfigPackage(18939): com.android.server.accessibility is mapped to system
07-05 08:34:08.210 I/AconfigPackage(18939): android.app.supervision.flags is mapped to system
07-05 08:34:08.210 I/AconfigPackage(18939): com.android.server.utils is mapped to system
07-05 08:34:08.210 I/AconfigPackage(18939): android.chre.flags is mapped to system
07-05 08:34:08.210 I/AconfigPackage(18939): android.content.flags is mapped to system
07-05 08:34:08.210 I/AconfigPackage(18939): android.media.codec is mapped to system
07-05 08:34:08.210 I/AconfigPackage(18939): com.android.internal.os is mapped to system
07-05 08:34:08.210 I/AconfigPackage(18939): com.android.nfc.nci.flags is mapped to system
07-05 08:34:08.210 I/AconfigPackage(18939): android.app is mapped to system
07-05 08:34:08.210 I/AconfigPackage(18939): android.security.keystore2 is mapped to system
07-05 08:34:08.210 I/AconfigPackage(18939): android.crashrecovery.flags is mapped to system
07-05 08:34:08.210 I/AconfigPackage(18939): com.android.tradeinmode.flags is mapped to system
07-05 08:34:08.210 I/AconfigPackage(18939): android.hardware.flags is mapped to system
07-05 08:34:08.211 I/AconfigPackage(18939): com.android.server.telecom.flags is mapped to system
07-05 08:34:08.211 I/AconfigPackage(18939): com.android.settingslib.media.flags is mapped to system
07-05 08:34:08.211 I/AconfigPackage(18939): com.android.server.policy is mapped to system
07-05 08:34:08.212 I/AconfigPackage(18939): android.media.audiopolicy is mapped to system
07-05 08:34:08.212 I/AconfigPackage(18939): com.android.egg.flags is mapped to system
07-05 08:34:08.212 I/AconfigPackage(18939): com.android.internal.compat.flags is mapped to system
07-05 08:34:08.212 I/AconfigPackage(18939): android.security is mapped to system
07-05 08:34:08.212 I/AconfigPackage(18939): android.service.autofill is mapped to system
07-05 08:34:08.212 I/AconfigPackage(18939): com.example.android.aconfig.demo.flags is mapped to system
07-05 08:34:08.213 I/AconfigPackage(18939): android.view.flags is mapped to system
07-05 08:34:08.213 I/AconfigPackage(18939): android.companion.virtual.flags is mapped to system
07-05 08:34:08.213 I/AconfigPackage(18939): com.android.aconfig_new_storage is mapped to system
07-05 08:34:08.213 I/AconfigPackage(18939): com.android.server.feature.flags is mapped to system
07-05 08:34:08.213 I/AconfigPackage(18939): com.android.systemui is mapped to system
07-05 08:34:08.213 I/AconfigPackage(18939): com.android.server.power.batterysaver is mapped to system
07-05 08:34:08.213 I/AconfigPackage(18939): android.widget.flags is mapped to system
07-05 08:34:08.213 I/AconfigPackage(18939): com.android.media.editing.flags is mapped to system
07-05 08:34:08.213 I/AconfigPackage(18939): com.android.media.codec.flags is mapped to system
07-05 08:34:08.213 I/AconfigPackage(18939): com.android.server.powerstats is mapped to system
07-05 08:34:08.213 I/AconfigPackage(18939): com.android.graphics.egl.flags is mapped to system
07-05 08:34:08.213 I/AconfigPackage(18939): com.android.media.audioserver is mapped to system
07-05 08:34:08.214 I/AconfigPackage(18939): com.android.server.deviceidle is mapped to system
07-05 08:34:08.214 I/AconfigPackage(18939): android.nfc is mapped to system
07-05 08:34:08.214 I/AconfigPackage(18939): android.permission.flags is mapped to system
07-05 08:34:08.214 I/AconfigPackage(18939): android.service.voice.flags is mapped to system
07-05 08:34:08.214 I/AconfigPackage(18939): android.content.pm is mapped to system
07-05 08:34:08.214 I/AconfigPackage(18939): com.android.server.power.hint is mapped to system
07-05 08:34:08.214 I/AconfigPackage(18939): android.os is mapped to system
07-05 08:34:08.214 I/AconfigPackage(18939): android.service.dreams is mapped to system
07-05 08:34:08.215 I/AconfigPackage(18939): com.android.graphics.libgui.flags is mapped to system
07-05 08:34:08.215 I/AconfigPackage(18939): android.hardware.usb.flags is mapped to system
07-05 08:34:08.215 I/AconfigPackage(18939): android.provider is mapped to system
07-05 08:34:08.215 I/AconfigPackage(18939): com.android.server.job is mapped to system
07-05 08:34:08.215 I/AconfigPackage(18939): com.android.internal.foldables.flags is mapped to system
07-05 08:34:08.215 I/AconfigPackage(18939): com.android.internal.telephony.flags is mapped to system
07-05 08:34:08.216 I/AconfigPackage(18939): android.webkit is mapped to system
07-05 08:34:08.216 I/AconfigPackage(18939): android.credentials.flags is mapped to system
07-05 08:34:08.221 I/AconfigPackage(18939): com.android.server.display.feature.flags is mapped to system
07-05 08:34:08.221 I/AconfigPackage(18939): com.android.server.notification is mapped to system
07-05 08:34:08.222 I/AconfigPackage(18939): android.appwidget.flags is mapped to system
07-05 08:34:08.222 I/AconfigPackage(18939): com.android.frameworks.sensorservice.flags is mapped to system
07-05 08:34:08.222 I/AconfigPackage(18939): com.android.printspooler.flags is mapped to system
07-05 08:34:08.222 I/AconfigPackage(18939): com.android.window.flags is mapped to system
07-05 08:34:08.222 I/AconfigPackage(18939): android.adaptiveauth is mapped to system
07-05 08:34:08.222 I/AconfigPackage(18939): android.net.wifi.flags is mapped to system
07-05 08:34:08.222 I/AconfigPackage(18939): android.media.tv.flags is mapped to system
07-05 08:34:08.222 I/AconfigPackage(18939): com.android.server.usb.flags is mapped to system
07-05 08:34:08.223 I/AconfigPackage(18939): android.os.vibrator is mapped to system
07-05 08:34:08.223 I/AconfigPackage(18939): android.hardware.devicestate.feature.flags is mapped to system
07-05 08:34:08.223 I/AconfigPackage(18939): com.android.server.usage is mapped to system
07-05 08:34:08.223 I/AconfigPackage(18939): android.server is mapped to system
07-05 08:34:08.223 I/AconfigPackage(18939): com.android.wm.shell is mapped to system
07-05 08:34:08.223 I/AconfigPackage(18939): android.view.inputmethod is mapped to system
07-05 08:34:08.223 I/AconfigPackage(18939): com.android.graphics.hwui.flags is mapped to system
07-05 08:34:08.223 I/AconfigPackage(18939): com.android.server.backup is mapped to system
07-05 08:34:08.223 I/AconfigPackage(18939): com.android.internal.pm.pkg.component.flags is mapped to system
07-05 08:34:08.224 I/AconfigPackage(18939): android.view.accessibility is mapped to system
07-05 08:34:08.224 I/AconfigPackage(18939): com.google.wear.sdk is mapped to system
07-05 08:34:08.225 I/AconfigPackage(18939): android.media.audio is mapped to system
07-05 08:34:08.225 I/AconfigPackage(18939): com.android.server.am is mapped to system
07-05 08:34:08.225 I/AconfigPackage(18939): com.android.media.playback.flags is mapped to system
07-05 08:34:08.226 I/AconfigPackage(18939): com.android.art.flags is mapped to com.android.art
07-05 08:34:08.226 I/AconfigPackage(18939): com.android.libcore is mapped to com.android.art
07-05 08:34:08.226 I/AconfigPackage(18939): com.android.media.extractor.flags is mapped to com.android.media
07-05 08:34:08.226 I/AconfigPackage(18939): com.android.media.mainline.flags is mapped to com.android.media
07-05 08:34:08.226 I/AconfigPackage(18939): com.android.wifi.flags is mapped to com.android.wifi
07-05 08:34:08.226 I/AconfigPackage(18939): com.android.org.conscrypt.flags is mapped to com.android.conscrypt
07-05 08:34:08.226 I/AconfigPackage(18939): com.android.healthfitness.flags is mapped to com.android.healthfitness
07-05 08:34:08.227 I/AconfigPackage(18939): com.google.android.input.twoshay.flags is mapped to vendor
07-05 08:34:08.227 I/AconfigPackage(18939): libgooglecamerahal.flags is mapped to vendor
07-05 08:34:08.227 I/AconfigPackage(18939): com.android.ipsec.flags is mapped to com.android.ipsec
07-05 08:34:08.227 I/AconfigPackage(18939): com.android.nfc.module.flags is mapped to com.android.nfcservices
07-05 08:34:08.227 I/AconfigPackage(18939): com.android.adservices.ondevicepersonalization.flags is mapped to com.android.ondevicepersonalization
07-05 08:34:08.227 I/AconfigPackage(18939): com.android.bluetooth.flags is mapped to com.android.bt
07-05 08:34:08.228 I/AconfigPackage(18939): com.android.devicelock.flags is mapped to com.android.devicelock
07-05 08:34:08.228 I/AconfigPackage(18939): android.os.profiling is mapped to com.android.profiling
07-05 08:34:08.228 I/AconfigPackage(18939): com.android.os.statsd.flags is mapped to com.android.os.statsd
07-05 08:34:08.229 I/AconfigPackage(18939): com.android.cellbroadcastreceiver.flags is mapped to com.android.cellbroadcast
07-05 08:34:08.229 I/AconfigPackage(18939): com.android.adservices.flags is mapped to com.android.adservices
07-05 08:34:08.229 I/AconfigPackage(18939): com.android.sdksandbox.flags is mapped to com.android.adservices
07-05 08:34:08.229 I/AconfigPackage(18939): com.android.uwb.flags is mapped to com.android.uwb
07-05 08:34:08.229 I/AconfigPackage(18939): com.android.ranging.flags is mapped to com.android.uwb
07-05 08:34:08.230 I/AconfigPackage(18939): android.graphics.pdf.flags is mapped to com.android.mediaprovider
07-05 08:34:08.230 I/AconfigPackage(18939): com.android.providers.media.flags is mapped to com.android.mediaprovider
07-05 08:34:08.230 I/AconfigPackage(18939): android.graphics.pdf.flags.readonly is mapped to com.android.mediaprovider
07-05 08:34:08.230 I/AconfigPackage(18939): com.android.net.ct.flags is mapped to com.android.tethering
07-05 08:34:08.230 I/AconfigPackage(18939): com.android.net.flags is mapped to com.android.tethering
07-05 08:34:08.230 I/AconfigPackage(18939): android.net.vcn is mapped to com.android.tethering
07-05 08:34:08.230 I/AconfigPackage(18939): com.android.nearby.flags is mapped to com.android.tethering
07-05 08:34:08.230 I/AconfigPackage(18939): android.net.http is mapped to com.android.tethering
07-05 08:34:08.231 I/AconfigPackage(18939): com.android.net.thread.flags is mapped to com.android.tethering
07-05 08:34:08.231 I/AconfigPackage(18939): com.android.system.virtualmachine.flags is mapped to com.android.virt
07-05 08:34:08.232 E/FeatureFlagsImplExport(18939): android.os.flagging.AconfigStorageReadException: ERROR_PACKAGE_NOT_FOUND: package android.xr cannot be found on the device
07-05 08:34:08.239 D/UiAutomationConnection(18939): Created on user UserHandle{0}
07-05 08:34:08.240 I/UiAutomation(18939): Initialized for user 0 on display 0
07-05 08:34:08.240 W/UiAutomation(18939): Created with deprecatead constructor, assumes DEFAULT_DISPLAY
07-05 08:34:08.242 D/AccessibilityManagerService(  715): changeCurrentUserForTestAutomationIfNeededLocked(0): ignoring because device doesn't support visible background users
07-05 08:34:08.242 I/UiAutomationManager(  715): Registering UiTestAutomationService (id=com.android.server.accessibility/UiAutomation, flags=0x0) when called by user 0
07-05 08:34:08.243 V/AccessibilityManagerService(  715): onUserStateChangedLocked for userId: 0, forceUpdate: false
07-05 08:34:08.247 W/MagnificationConnectionManager(  715): requestConnection duplicated request: connect=false, mConnectionState=DISCONNECTED
07-05 08:34:08.249 W/IPCThreadState(  715): Sending oneway calls to frozen process.
07-05 08:34:08.249 W/IPCThreadState(  715): Sending oneway calls to frozen process.
07-05 08:34:08.249 W/IPCThreadState(  715): Sending oneway calls to frozen process.
07-05 08:34:08.249 W/IPCThreadState(  715): Sending oneway calls to frozen process.
07-05 08:34:08.250 W/IPCThreadState(  715): Sending oneway calls to frozen process.
07-05 08:34:08.250 W/IPCThreadState(  715): Sending oneway calls to frozen process.
07-05 08:34:08.251 W/IPCThreadState(  715): Sending oneway calls to frozen process.
07-05 08:34:08.251 W/IPCThreadState(  715): Sending oneway calls to frozen process.
07-05 08:34:08.251 W/IPCThreadState(  715): Sending oneway calls to frozen process.
07-05 08:34:08.253 W/IPCThreadState(  715): Sending oneway calls to frozen process.
07-05 08:34:08.253 W/IPCThreadState(  715): Sending oneway calls to frozen process.
07-05 08:34:08.254 W/IPCThreadState(  715): Sending oneway calls to frozen process.
07-05 08:34:08.254 W/IPCThreadState(  715): Sending oneway calls to frozen process.
07-05 08:34:08.255 W/IPCThreadState(  715): Sending oneway calls to frozen process.
07-05 08:34:08.255 W/IPCThreadState(  715): Sending oneway calls to frozen process.
07-05 08:34:08.256 W/IPCThreadState(  715): Sending oneway calls to frozen process.
07-05 08:34:08.256 V/UiAutomation(18939): Init UiAutomation@25cbcc4[id=556, displayId=0, flags=0]
07-05 08:34:08.256 W/IPCThreadState(  715): Sending oneway calls to frozen process.
07-05 08:34:08.257 W/IPCThreadState(  715): Sending oneway calls to frozen process.
07-05 08:34:08.257 V/AccessibilityManagerService(  715): onUserStateChangedLocked for userId: 0, forceUpdate: false
07-05 08:34:08.257 I/netd    (  488): tetherGetStats() -> {[]} <0.55ms>
07-05 08:34:08.258 W/MagnificationConnectionManager(  715): requestConnection duplicated request: connect=false, mConnectionState=DISCONNECTED
07-05 08:34:08.259 W/IPCThreadState(  715): Sending oneway calls to frozen process.
07-05 08:34:08.259 W/IPCThreadState(  715): Sending oneway calls to frozen process.
07-05 08:34:08.259 W/IPCThreadState(  715): Sending oneway calls to frozen process.
07-05 08:34:08.259 W/IPCThreadState(  715): Sending oneway calls to frozen process.
07-05 08:34:08.259 W/IPCThreadState(  715): Sending oneway calls to frozen process.
07-05 08:34:08.259 W/IPCThreadState(  715): Sending oneway calls to frozen process.
07-05 08:34:08.259 W/IPCThreadState(  715): Sending oneway calls to frozen process.
07-05 08:34:08.260 W/IPCThreadState(  715): Sending oneway calls to frozen process.
07-05 08:34:08.260 W/IPCThreadState(  715): Sending oneway calls to frozen process.
07-05 08:34:08.261 W/IPCThreadState(  715): Sending oneway calls to frozen process.
07-05 08:34:08.261 W/IPCThreadState(  715): Sending oneway calls to frozen process.
07-05 08:34:08.261 W/IPCThreadState(  715): Sending oneway calls to frozen process.
07-05 08:34:08.262 W/IPCThreadState(  715): Sending oneway calls to frozen process.
07-05 08:34:08.262 W/IPCThreadState(  715): Sending oneway calls to frozen process.
07-05 08:34:08.263 W/IPCThreadState(  715): Sending oneway calls to frozen process.
07-05 08:34:08.263 W/IPCThreadState(  715): Sending oneway calls to frozen process.
07-05 08:34:08.264 W/IPCThreadState(  715): Sending oneway calls to frozen process.
07-05 08:34:08.265 W/IPCThreadState(  715): Sending oneway calls to frozen process.
07-05 08:34:08.266 W/IPCThreadState(  715): Sending oneway calls to frozen process.
07-05 08:34:08.266 W/IPCThreadState(  715): Sending oneway calls to frozen process.
07-05 08:34:08.267 W/IPCThreadState(  715): Sending oneway calls to frozen process.
07-05 08:34:08.267 W/IPCThreadState(  715): Sending oneway calls to frozen process.
07-05 08:34:08.267 W/IPCThreadState(  715): Sending oneway calls to frozen process.
07-05 08:34:08.268 W/IPCThreadState(  715): Sending oneway calls to frozen process.
07-05 08:34:08.268 W/IPCThreadState(  715): Sending oneway calls to frozen process.
07-05 08:34:08.268 W/IPCThreadState(  715): Sending oneway calls to frozen process.
07-05 08:34:08.269 W/IPCThreadState(  715): Sending oneway calls to frozen process.
07-05 08:34:08.374 E/TaskPersister(  715): File error accessing recents directory (directory doesn't exist?).
07-05 08:34:08.700 I/HuiyiRuntime(18413): dynamic_playbook_cloud_refresh sessionId=3ebc98aa-4bea-4c87-b1fa-5d725e382a28 mode=EXPRESS_SELF chatKey=com.huiyi.mockchat|MockChatLab localFallbackReady=true cloudAttempted=true cloudSuccess=true cacheReplaced=false staleRefreshDiscarded=true discardedReason=CHAT_KEY_CHANGED cloudContractValidation=PASS
07-05 08:34:09.273 W/AccessibilityNodeInfoDumper(18939): Fetch time: 3ms
07-05 08:34:09.274 V/AccessibilityManagerService(  715): onUserStateChangedLocked for userId: 0, forceUpdate: false
07-05 08:34:09.276 D/BackgroundInstallControlService(  715): Package event received: 0
07-05 08:34:09.280 W/MagnificationConnectionManager(  715): requestConnection duplicated request: connect=false, mConnectionState=DISCONNECTED
07-05 08:34:09.280 D/AccessibilityManagerService(  715): restoreCurrentUserForTestAutomationIfNeededLocked(): ignoring because device doesn't support visible background users
07-05 08:34:09.281 W/IPCThreadState(  715): Sending oneway calls to frozen process.
07-05 08:34:09.281 W/IPCThreadState(18939): call to talkWithDriver in joinThreadPool returned error: -9 (Bad file descriptor), FD: -1
07-05 08:34:09.281 W/IPCThreadState(  715): Sending oneway calls to frozen process.
07-05 08:34:09.282 W/IPCThreadState(  715): Sending oneway calls to frozen process.
07-05 08:34:09.282 W/IPCThreadState(18939): call to talkWithDriver in joinThreadPool returned error: -9 (Bad file descriptor), FD: -1
07-05 08:34:09.282 W/IPCThreadState(  715): Sending oneway calls to frozen process.
07-05 08:34:09.282 W/IPCThreadState(  715): Sending oneway calls to frozen process.
07-05 08:34:09.282 W/IPCThreadState(18939): call to talkWithDriver in joinThreadPool returned error: -9 (Bad file descriptor), FD: -1
07-05 08:34:09.282 W/IPCThreadState(  715): Sending oneway calls to frozen process.
07-05 08:34:09.283 W/IPCThreadState(18939): call to talkWithDriver in joinThreadPool returned error: -9 (Bad file descriptor), FD: -1
07-05 08:34:09.283 D/AndroidRuntime(18939): Shutting down VM
07-05 08:34:09.283 W/IPCThreadState(  715): Sending oneway calls to frozen process.
07-05 08:34:09.285 W/IPCThreadState(  715): Sending oneway calls to frozen process.
07-05 08:34:09.285 W/IPCThreadState(  715): Sending oneway calls to frozen process.
07-05 08:34:09.286 V/AccessibilityManagerService(  715): onUserStateChangedLocked for userId: 0, forceUpdate: false
07-05 08:34:09.288 W/MagnificationConnectionManager(  715): requestConnection duplicated request: connect=false, mConnectionState=DISCONNECTED
07-05 08:34:09.289 W/IPCThreadState(  715): Sending oneway calls to frozen process.
07-05 08:34:09.289 W/IPCThreadState(  715): Sending oneway calls to frozen process.
07-05 08:34:09.289 W/IPCThreadState(  715): Sending oneway calls to frozen process.
07-05 08:34:09.289 W/IPCThreadState(  715): Sending oneway calls to frozen process.
07-05 08:34:09.289 W/IPCThreadState(  715): Sending oneway calls to frozen process.
07-05 08:34:09.289 W/IPCThreadState(  715): Sending oneway calls to frozen process.
07-05 08:34:09.290 W/IPCThreadState(  715): Sending oneway calls to frozen process.
07-05 08:34:09.290 W/IPCThreadState(  715): Sending oneway calls to frozen process.
07-05 08:34:09.290 W/IPCThreadState(  715): Sending oneway calls to frozen process.
07-05 08:34:09.290 W/IPCThreadState(  715): Sending oneway calls to frozen process.
07-05 08:34:09.290 W/IPCThreadState(  715): Sending oneway calls to frozen process.
07-05 08:34:09.290 W/IPCThreadState(  715): Sending oneway calls to frozen process.
07-05 08:34:09.290 W/IPCThreadState(  715): Sending oneway calls to frozen process.
07-05 08:34:09.290 W/IPCThreadState(  715): Sending oneway calls to frozen process.
07-05 08:34:09.290 W/IPCThreadState(  715): Sending oneway calls to frozen process.
07-05 08:34:09.292 W/IPCThreadState(  715): Sending oneway calls to frozen process.
07-05 08:34:09.292 W/IPCThreadState(  715): Sending oneway calls to frozen process.
07-05 08:34:09.292 W/IPCThreadState(  715): Sending oneway calls to frozen process.
07-05 08:34:09.292 W/IPCThreadState(  715): Sending oneway calls to frozen process.
07-05 08:34:09.293 I/netd    (  488): tetherGetStats() -> {[]} <0.91ms>
07-05 08:34:09.293 W/IPCThreadState(  715): Sending oneway calls to frozen process.
07-05 08:34:09.293 W/IPCThreadState(  715): Sending oneway calls to frozen process.
07-05 08:34:09.293 W/IPCThreadState(  715): Sending oneway calls to frozen process.
07-05 08:34:09.293 W/IPCThreadState(  715): Sending oneway calls to frozen process.
07-05 08:34:09.293 W/IPCThreadState(  715): Sending oneway calls to frozen process.
07-05 08:34:09.294 W/IPCThreadState(  715): Sending oneway calls to frozen process.
07-05 08:34:09.294 W/IPCThreadState(  715): Sending oneway calls to frozen process.
07-05 08:34:09.294 W/IPCThreadState(  715): Sending oneway calls to frozen process.
07-05 08:34:09.294 W/IPCThreadState(  715): Sending oneway calls to frozen process.
07-05 08:34:09.294 W/IPCThreadState(  715): Sending oneway calls to frozen process.
07-05 08:34:09.295 W/IPCThreadState(  715): Sending oneway calls to frozen process.
07-05 08:34:09.295 W/IPCThreadState(  715): Sending oneway calls to frozen process.
07-05 08:34:09.295 W/IPCThreadState(  715): Sending oneway calls to frozen process.
07-05 08:34:09.295 W/IPCThreadState(  715): Sending oneway calls to frozen process.
07-05 08:34:09.296 W/IPCThreadState(  715): Sending oneway calls to frozen process.
07-05 08:34:09.296 W/IPCThreadState(  715): Sending oneway calls to frozen process.
07-05 08:34:09.297 W/IPCThreadState(  715): Sending oneway calls to frozen process.
07-05 08:34:10.287 I/logd    (    0): logdr: UID=2000 GID=2000 PID=18963 n tail=0 logMask=99 pid=0 start=0ns deadline=0ns
