--------- beginning of system
07-06 03:14:25.488 I/ActivityManager(  715): Force stopping com.huiyi.mockchat appid=10217 user=0: from pid 1600
07-06 03:14:25.490 I/ActivityManager(  715): Killing 420:com.huiyi.mockchat/u0a217 (adj 0): stop com.huiyi.mockchat due to from pid 1600
07-06 03:14:25.491 D/CompatChangeReporter(  715): Compat change id reported: 151861875; UID 10217; state: ENABLED
07-06 03:14:25.493 W/ActivityTaskManager(  715): Force removing ActivityRecord{166272376 u0 com.huiyi.mockchat/.MainActivity t272 f}}: app died, no saved state
07-06 03:14:25.496 V/WindowManagerShell(  972): Transition requested (#314): android.os.BinderProxy@baf2619 TransitionRequestInfo { type = CLOSE, triggerTask = TaskInfo{userId=0 taskId=272 effectiveUid=10217 displayId=0 isRunning=false baseIntent=Intent { flg=0x10000000 cmp=com.huiyi.mockchat/.MainActivity } baseActivity=null topActivity=null origActivity=null realActivity=ComponentInfo{com.huiyi.mockchat/com.huiyi.mockchat.MainActivity} numActivities=0 lastActiveTime=49950780 supportsMultiWindow=true resizeMode=1 isResizeable=true minWidth=-1 minHeight=-1 defaultMinSize=220 token=WCT{android.window.IWindowContainerToken$Stub$Proxy@78506de} topActivityType=1 pictureInPictureParams=null shouldDockBigOverlays=false launchIntoPipHostTaskId=-1 lastParentTaskIdBeforePip=-1 displayCutoutSafeInsets=Rect(0, 0 - 0, 0) topActivityInfo=null launchCookies=[] positionInParent=Point(0, 0) parentTaskId=-1 isFocused=true isVisible=true isVisibleRequested=true isTopActivityNoDisplay=false isSleeping=false locusId=null displayAreaFeatureId=1 isTopActivityTransparent=false isActivityStackTransparent=true lastNonFullscreenBounds=Rect(286, 664 - 798, 1748) capturedLink=null capturedLinkTimestamp=0 requestedVisibleTypes=-9 topActivityRequestOpenInBrowserEducationTimestamp=0 appCompatTaskInfo=AppCompatTaskInfo { topActivityInSizeCompat=false eligibleForLetterboxEducation= false isLetterboxEducationEnabled= false isLetterboxDoubleTapEnabled= false eligibleForUserAspectRatioButton= false topActivityBoundsLetterboxed= false isFromLetterboxDoubleTap= false topActivityLetterboxVerticalPosition= -1 topActivityLetterboxHorizontalPosition= -1 topActivityLetterboxWidth=-1 topActivityLetterboxHeight=-1 topActivityAppBounds=Rect(0, 0 - 0, 0) isUserFullscreenOverrideEnabled=false isSystemFullscreenOverrideEnabled=false hasMinAspectRatioOverride=false topActivityLetterboxBounds=null cameraCompatTaskInfo=CameraCompatTaskInfo { freeformCameraCompatMode=undefined}} topActivityMainWindowFrame=null}, pipChange = null, remoteTransition = null, displayChange = null, flags = 0, debugId = 314 }
07-06 03:14:25.497 D/BackgroundInstallControlService(  715): Package event received: 0
--------- beginning of main
07-06 03:14:25.500 I/BpBinder(  567): onLastStrongRef automatically unlinking death recipients: 
07-06 03:14:25.504 D/ViewRootImpl( 1124): Skipping stats log for color mode
07-06 03:14:25.505 W/InputDispatcher(  715): channel '22543dd com.huiyi.mockchat/com.huiyi.mockchat.MainActivity' ~ Consumer closed input channel or an error occurred.  events=0x9
07-06 03:14:25.505 E/InputDispatcher(  715): channel '22543dd com.huiyi.mockchat/com.huiyi.mockchat.MainActivity' ~ Channel is unrecoverably broken and will be disposed!
07-06 03:14:25.505 I/WindowManager(  715): WINDOW DIED Window{22543dd u0 com.huiyi.mockchat/com.huiyi.mockchat.MainActivity}
07-06 03:14:25.508 I/adbd    (  576): Remote process closed the socket (on MSG_PEEK)
07-06 03:14:25.509 I/ImeTracker(  715): com.huiyi.mockchat:e1e90c5: onRequestHide at ORIGIN_SERVER reason HIDE_REMOVE_CLIENT fromUser false
07-06 03:14:25.509 I/ImeTracker(  715): com.huiyi.mockchat:e1e90c5: onCancelled at PHASE_SERVER_SHOULD_HIDE
07-06 03:14:25.511 I/Zygote  (  491): Process 420 exited due to signal 9 (Killed)
07-06 03:14:25.515 I/AppWidgetServiceImpl(  715): startListening() 0
07-06 03:14:25.515 D/StatsLog( 1124): LAUNCHER_ONRESUME
07-06 03:14:25.516 I/libprocessgroup(  715): Removed cgroup /sys/fs/cgroup/apps/uid_10217/pid_420
07-06 03:14:25.516 I/WindowManager(  715): WIN DEATH: Window{22543dd u0 com.huiyi.mockchat/com.huiyi.mockchat.MainActivity EXITING}
07-06 03:14:25.516 D/WindowManagerShell(  972): setLauncherKeepClearAreaHeight: visible=true, height=497
07-06 03:14:25.517 I/netd    (  488): tetherGetStats() -> {[]} <0.58ms>
07-06 03:14:25.517 D/BackgroundInstallControlService(  715): Package event received: 0
07-06 03:14:25.517 D/BackgroundInstallControlService(  715): Package event received: 0
07-06 03:14:25.520 W/IPCThreadState(  715): Sending oneway calls to frozen process.
07-06 03:14:25.520 W/IPCThreadState(  715): Sending oneway calls to frozen process.
07-06 03:14:25.520 W/IPCThreadState(  715): Sending oneway calls to frozen process.
07-06 03:14:25.521 W/IPCThreadState(  715): Sending oneway calls to frozen process.
07-06 03:14:25.522 I/BpBinder(  567): onLastStrongRef automatically unlinking death recipients: 
07-06 03:14:25.522 W/IPCThreadState(  715): Sending oneway calls to frozen process.
07-06 03:14:25.522 W/IPCThreadState(  715): Sending oneway calls to frozen process.
07-06 03:14:25.523 W/IPCThreadState(  715): Sending oneway calls to frozen process.
07-06 03:14:25.523 W/IPCThreadState(  715): Sending oneway calls to frozen process.
07-06 03:14:25.523 D/QuickstepModelDelegate( 1124): notifyAppTargetEvent action=1 launchLocation=workspace/0/[-1,-1]/[1,1]
07-06 03:14:25.524 W/IPCThreadState(  715): Sending oneway calls to frozen process.
07-06 03:14:25.524 W/IPCThreadState(  715): Sending oneway calls to frozen process.
07-06 03:14:25.525 W/IPCThreadState(  715): Sending oneway calls to frozen process.
07-06 03:14:25.525 D/NexusLauncherModelDelegate( 1124): notifySmartspaceEvent: SmartspaceTargetEvent{mSmartspaceTarget=null, mSmartspaceActionId='null', mEventType=6}
07-06 03:14:25.525 W/IPCThreadState(  715): Sending oneway calls to frozen process.
07-06 03:14:25.527 W/IPCThreadState(  715): Sending oneway calls to frozen process.
07-06 03:14:25.527 W/IPCThreadState(  715): Sending oneway calls to frozen process.
07-06 03:14:25.528 W/IPCThreadState(  715): Sending oneway calls to frozen process.
07-06 03:14:25.531 W/IPCThreadState(  715): Sending oneway calls to frozen process.
07-06 03:14:25.531 I/AiAiEcho( 1480): Predicting[0]:  [CONTEXT sampling_count=5 ]
07-06 03:14:25.531 I/AiAiEcho( 1480): EchoTargets: 
07-06 03:14:25.531 I/AiAiEcho( 1480): Filtered by AiAi flag check: 
07-06 03:14:25.531 I/AiAiEcho( 1480): [CONTEXT ratelimit_period="10 SECONDS" ]
07-06 03:14:25.531 W/IPCThreadState(  715): Sending oneway calls to frozen process.
07-06 03:14:25.531 W/IPCThreadState(  715): Sending oneway calls to frozen process.
07-06 03:14:25.531 I/AiAiEcho( 1480): #remoteViewsTwiddler: feature disabled.
07-06 03:14:25.531 W/IPCThreadState(  715): Sending oneway calls to frozen process.
07-06 03:14:25.532 W/IPCThreadState(  715): Sending oneway calls to frozen process.
07-06 03:14:25.532 W/IPCThreadState(  715): Sending oneway calls to frozen process.
07-06 03:14:25.532 W/IPCThreadState(  715): Sending oneway calls to frozen process.
07-06 03:14:25.532 I/AiAiEcho( 1480): #postPredictionTargets: Sending updates to UISurface home with targets# 0 (types=[])
07-06 03:14:25.533 W/IPCThreadState(  715): Sending oneway calls to frozen process.
07-06 03:14:25.533 W/IPCThreadState(  715): Sending oneway calls to frozen process.
07-06 03:14:25.534 W/IPCThreadState(  715): Sending oneway calls to frozen process.
07-06 03:14:25.536 W/IPCThreadState(  715): Sending oneway calls to frozen process.
07-06 03:14:25.537 W/IPCThreadState(  715): Sending oneway calls to frozen process.
07-06 03:14:25.538 W/IPCThreadState(  715): Sending oneway calls to frozen process.
07-06 03:14:25.538 D/BaseDepthController( 1124): setSurface:
07-06 03:14:25.538 D/BaseDepthController( 1124): 	mWaitingOnSurfaceValidity: false
07-06 03:14:25.538 D/BaseDepthController( 1124): 	mBaseSurface: Surface(name=com.google.android.apps.nexuslauncher/com.google.android.apps.nexuslauncher.NexusLauncherActivity)/@0xcfe1a4e
07-06 03:14:25.538 W/IPCThreadState(  715): Sending oneway calls to frozen process.
07-06 03:14:25.539 W/IPCThreadState(  715): Sending oneway calls to frozen process.
07-06 03:14:25.540 W/IPCThreadState(  715): Sending oneway calls to frozen process.
07-06 03:14:25.541 W/IPCThreadState(  715): Sending oneway calls to frozen process.
07-06 03:14:25.545 W/IPCThreadState(  715): Sending oneway calls to frozen process.
07-06 03:14:25.545 W/IPCThreadState(  715): Sending oneway calls to frozen process.
07-06 03:14:25.546 W/IPCThreadState(  715): Sending oneway calls to frozen process.
07-06 03:14:25.546 W/IPCThreadState(  715): Sending oneway calls to frozen process.
07-06 03:14:25.546 W/IPCThreadState(  715): Sending oneway calls to frozen process.
07-06 03:14:25.547 W/IPCThreadState(  715): Sending oneway calls to frozen process.
07-06 03:14:25.548 W/IPCThreadState(  715): Sending oneway calls to frozen process.
07-06 03:14:25.548 W/IPCThreadState(  715): Sending oneway calls to frozen process.
07-06 03:14:25.548 W/IPCThreadState(  715): Sending oneway calls to frozen process.
07-06 03:14:25.549 W/IPCThreadState(  715): Sending oneway calls to frozen process.
07-06 03:14:25.550 W/IPCThreadState(  715): Sending oneway calls to frozen process.
07-06 03:14:25.552 W/IPCThreadState(  715): Sending oneway calls to frozen process.
07-06 03:14:25.552 W/IPCThreadState(  715): Sending oneway calls to frozen process.
07-06 03:14:25.553 W/IPCThreadState(  715): Sending oneway calls to frozen process.
07-06 03:14:25.553 W/IPCThreadState(  715): Sending oneway calls to frozen process.
07-06 03:14:25.560 I/AppsFilter(  715): interaction: PackageSetting{82e8969 com.android.microdroid.empty_payload/10212} -> PackageSetting{bac0a8c com.huiyi.mockchat/10217} BLOCKED
07-06 03:14:25.560 I/AppsFilter(  715): interaction: PackageSetting{2dc8c76 com.huiyi.v4/10216} -> PackageSetting{bac0a8c com.huiyi.mockchat/10217} BLOCKED
07-06 03:14:25.564 W/ActivityManager(  715): setHasOverlayUi called on unknown pid: 420
07-06 03:14:25.565 V/WindowManager(  715): Unknown focus tokens, dropping reportFocusChanged
07-06 03:14:25.583 V/ActivityManager(  715): Got obituary of 420:com.huiyi.mockchat
07-06 03:14:25.588 I/system_server(  715): AssetManager2(0x79075ab57698) locale list changing from [] to [en-US]
07-06 03:14:25.617 I/AppWidgetServiceImpl(  715): Received broadcast: android.intent.action.PACKAGE_RESTARTED on user 0
07-06 03:14:25.618 I/AppWidgetServiceImpl(  715): Updating package stopped masked state for uid 10217 package com.huiyi.mockchat isStopped true
07-06 03:14:25.620 D/CarrierSvcBindHelper( 1112): onHandleForceStop: [com.huiyi.mockchat]
07-06 03:14:25.622 D/CarrierSvcBindHelper( 1112): No carrier app for: 0
07-06 03:14:25.624 W/ActivityTaskManager(  715): Unable to send transaction to client proc com.huiyi.mockchat: no app thread
07-06 03:14:25.636 I/NotificationListener( 1124): Handling notification state refresh for android#0
07-06 03:14:25.636 I/NotificationListener( 1124): Handling notification state refresh for com.google.android.apps.wellbeing#0
07-06 03:14:25.636 I/NotificationListener( 1124): Handling notification state refresh for android#0
07-06 03:14:25.637 D/SsBaseTemplateCard( 1124): No text view can be set up
07-06 03:14:25.637 D/SsBaseTemplateCard( 1124): Passed-in item info is null
07-06 03:14:25.637 D/SsBaseTemplateCard( 1124): Passed-in item info is null
07-06 03:14:25.637 D/SsBaseTemplateCard( 1124): Passed-in item info is null
07-06 03:14:25.637 I/SsBaseTemplateCard( 1124): Secondary card pane is null
07-06 03:14:25.647 I/system_server(  715): AssetManager2(0x79075ab94278) locale list changing from [] to [en-US]
07-06 03:14:25.648 V/WindowManagerShell(  972): onTransitionReady(transaction=3070901641532)
07-06 03:14:25.648 V/WindowManagerShell(  972): onTransitionReady (#314) android.os.BinderProxy@baf2619: {id=314 t=CLOSE f=0x0 trk=0 r=[0@Point(0, 0)] c=[
07-06 03:14:25.648 V/WindowManagerShell(  972):         {m=TO_FRONT f=SHOW_WALLPAPER|MOVE_TO_TOP leash=Surface(name=Task=1)/@0x409738c sb=Rect(0, 0 - 1084, 2412) eb=Rect(0, 0 - 1084, 2412) epz=Point(1084, 2412) d=0 taskParent=-1},
07-06 03:14:25.648 V/WindowManagerShell(  972):         {m=CLOSE f=NONE leash=Surface(name=Task=272)/@0x3830ad5 sb=Rect(0, 0 - 1084, 2412) eb=Rect(0, 0 - 1084, 2412) epz=Point(1084, 2412) d=0 taskParent=-1},
07-06 03:14:25.648 V/WindowManagerShell(  972):         {m=TO_FRONT f=IS_WALLPAPER leash=Surface(name=WallpaperWindowToken{d6cca47 showWhenLocked=false})/@0x1d6b2ea sb=Rect(0, 0 - 1084, 2412) eb=Rect(0, 0 - 1084, 2412) epz=Point(1084, 2412) d=0}
07-06 03:14:25.648 V/WindowManagerShell(  972):     ]}
07-06 03:14:25.649 V/WindowManagerShell(  972): Playing animation for (#314) android.os.BinderProxy@baf2619@0
07-06 03:14:25.649 V/ShellRecents(  972): RecentsTransitionHandler.startAnimation: no controller found
07-06 03:14:25.649 V/WindowManagerShell(  972): Transition doesn't have explicit remote, search filters for match for {id=314 t=CLOSE f=0x0 trk=0 r=[0@Point(0, 0)] c=[{m=TO_FRONT f=SHOW_WALLPAPER|MOVE_TO_TOP leash=Surface(name=Task=1)/@0x409738c sb=Rect(0, 0 - 1084, 2412) eb=Rect(0, 0 - 1084, 2412) epz=Point(1084, 2412) d=0 taskParent=-1},{m=CLOSE f=NONE leash=Surface(name=Task=272)/@0x3830ad5 sb=Rect(0, 0 - 1084, 2412) eb=Rect(0, 0 - 1084, 2412) epz=Point(1084, 2412) d=0 taskParent=-1},{m=TO_FRONT f=IS_WALLPAPER leash=Surface(name=WallpaperWindowToken{d6cca47 showWhenLocked=false})/@0x1d6b2ea sb=Rect(0, 0 - 1084, 2412) eb=Rect(0, 0 - 1084, 2412) epz=Point(1084, 2412) d=0}]}
07-06 03:14:25.652 V/WindowManagerShell(  972):  Checking filter Pair{{types=[] flags=0x0] notFlags=0x0 checks=[{atype=undefined independent=true modes=[CLOSE,TO_BACK] flags=IN_TASK_WITH_EMBEDDED_ACTIVITY mustBeTask=false order=ANY topActivity=null launchCookie=null taskFragmentToken=android.os.BinderProxy@9757ff windowingMode=undefined}]} RemoteTransition { remoteTransition = android.window.IRemoteTransition$Stub$Proxy@b7a59cc, appThread = android.app.IApplicationThread$Stub$Proxy@a3c9415, debugName = overlayBackTransition }}
07-06 03:14:25.653 V/WindowManagerShell(  972):  Checking filter Pair{{types=[] flags=0x0] notFlags=0x0 checks=[{atype=dream independent=true modes=[OPEN,TO_FRONT] flags=NONE mustBeTask=false order=ANY topActivity=null launchCookie=null windowingMode=undefined},{atype=home independent=true modes=[CLOSE,TO_BACK] flags=NONE mustBeTask=false order=ANY topActivity=null launchCookie=null windowingMode=undefined}]} RemoteTransition { remoteTransition = android.window.IRemoteTransition$Stub$Proxy@e27a32a, appThread = android.app.IApplicationThread$Stub$Proxy@713751b, debugName = LauncherToDream }}
07-06 03:14:25.653 V/WindowManagerShell(  972):  Checking filter Pair{{types=[] flags=0x0] notFlags=0x100 checks=[{atype=home independent=true modes=[OPEN,TO_FRONT] flags=NONE mustBeTask=false order=TOP topActivity=ComponentInfo{com.google.android.apps.nexuslauncher/com.google.android.apps.nexuslauncher.NexusLauncherActivity} launchCookie=null windowingMode=undefined},{atype=standard independent=true modes=[CLOSE,TO_BACK] flags=NONE mustBeTask=false order=ANY topActivity=null launchCookie=null windowingMode=undefined},{NOT atype=undefined independent=true modes=[] flags=NONE mustBeTask=true order=ANY topActivity=null launchCookie=null customAnim=true windowingMode=undefined}]} RemoteTransition { remoteTransition = android.window.IRemoteTransition$Stub$Proxy@ed946b8, appThread = android.app.IApplicationThread$Stub$Proxy@5f5c91, debugName = QuickstepLaunchHome }}
07-06 03:14:25.653 D/RemoteTransitionHandler(  972): Found filterPair{{types=[] flags=0x0] notFlags=0x100 checks=[{atype=home independent=true modes=[OPEN,TO_FRONT] flags=NONE mustBeTask=false order=TOP topActivity=ComponentInfo{com.google.android.apps.nexuslauncher/com.google.android.apps.nexuslauncher.NexusLauncherActivity} launchCookie=null windowingMode=undefined},{atype=standard independent=true modes=[CLOSE,TO_BACK] flags=NONE mustBeTask=false order=ANY topActivity=null launchCookie=null windowingMode=undefined},{NOT atype=undefined independent=true modes=[] flags=NONE mustBeTask=true order=ANY topActivity=null launchCookie=null customAnim=true windowingMode=undefined}]} RemoteTransition { remoteTransition = android.window.IRemoteTransition$Stub$Proxy@ed946b8, appThread = android.app.IApplicationThread$Stub$Proxy@5f5c91, debugName = QuickstepLaunchHome }}
07-06 03:14:25.654 V/WindowManagerShell(  972):  Delegate animation for (#314) to RemoteTransition { remoteTransition = android.window.IRemoteTransition$Stub$Proxy@ed946b8, appThread = android.app.IApplicationThread$Stub$Proxy@5f5c91, debugName = QuickstepLaunchHome }
07-06 03:14:25.685 D/StateManager( 1124): createAtomicAnimation - fromState: Background, toState: Normal, partial trace:
07-06 03:14:25.685 D/StateManager( 1124): 	at com.android.quickstep.util.ScalingWorkspaceRevealAnim.<init>(go/retraceme 43e00d9cd0eb17b3d9dd30fc1741b1c71445c4c0f7c8c9b81300265c86c5b873:39)
07-06 03:14:25.685 D/StateManager( 1124): 	at com.android.launcher3.QuickstepTransitionManager.createWallpaperOpenAnimations(go/retraceme 43e00d9cd0eb17b3d9dd30fc1741b1c71445c4c0f7c8c9b81300265c86c5b873:168)
07-06 03:14:25.685 D/StateManager( 1124): 	at com.android.launcher3.QuickstepTransitionManager$WallpaperOpenLauncherAnimationRunner.onAnimationStart(go/retraceme 43e00d9cd0eb17b3d9dd30fc1741b1c71445c4c0f7c8c9b81300265c86c5b873:17)
07-06 03:14:25.686 D/b/311077782( 1124): LauncherAnimationRunner.setAnimation
07-06 03:14:25.688 I/s.nexuslauncher( 1124): AssetManager2(0x79075ab06f18) locale list changing from [] to [en-US]
07-06 03:14:25.693 W/HWUI    ( 1124): Image decoding logging dropped!
07-06 03:14:25.693 V/WindowManager(  715): Sent Transition (#314) createdAt=07-06 03:14:25.493 via request=TransitionRequestInfo { type = CLOSE, triggerTask = TaskInfo{userId=0 taskId=272 effectiveUid=10217 displayId=0 isRunning=false baseIntent=Intent { flg=0x10000000 cmp=com.huiyi.mockchat/.MainActivity } baseActivity=null topActivity=null origActivity=null realActivity=ComponentInfo{com.huiyi.mockchat/com.huiyi.mockchat.MainActivity} numActivities=0 lastActiveTime=49950780 supportsMultiWindow=true resizeMode=1 isResizeable=true minWidth=-1 minHeight=-1 defaultMinSize=220 token=WCT{RemoteToken{b5d0bf2 Task{20c4c51 #272 type=standard A=10217:com.huiyi.mockchat}}} topActivityType=1 pictureInPictureParams=null shouldDockBigOverlays=false launchIntoPipHostTaskId=-1 lastParentTaskIdBeforePip=-1 displayCutoutSafeInsets=Rect(0, 0 - 0, 0) topActivityInfo=null launchCookies=[] positionInParent=Point(0, 0) parentTaskId=-1 isFocused=true isVisible=true isVisibleRequested=true isTopActivityNoDisplay=false isSleeping=false locusId=null displayAreaFeatureId=1 isTopActivityTransparent=false isActivityStackTransparent=true lastNonFullscreenBounds=Rect(286, 664 - 798, 1748) capturedLink=null capturedLinkTimestamp=0 requestedVisibleTypes=-9 topActivityRequestOpenInBrowserEducationTimestamp=0 appCompatTaskInfo=AppCompatTaskInfo { topActivityInSizeCompat=false eligibleForLetterboxEducation= false isLetterboxEducationEnabled= false isLetterboxDoubleTapEnabled= false eligibleForUserAspectRatioButton= false topActivityBoundsLetterboxed= false isFromLetterboxDoubleTap= false topActivityLetterboxVerticalPosition= -1 topActivityLetterboxHorizontalPosition= -1 topActivityLetterboxWidth=-1 topActivityLetterboxHeight=-1 topActivityAppBounds=Rect(0, 0 - 0, 0) isUserFullscreenOverrideEnabled=false isSystemFullscreenOverrideEnabled=false hasMinAspectRatioOverride=false topActivityLetterboxBounds=null cameraCompatTaskInfo=CameraCompatTaskInfo { freeformCameraCompatMode=undefined}} topActivityMainWindowFrame=null}, pipChange = null, remoteTransition = null, displayChange = null, flags = 0, debugId = 314 }
07-06 03:14:25.693 V/WindowManager(  715):     startWCT=WindowContainerTransaction { changes= {} hops= [] errorCallbackToken=null taskFragmentOrganizer=null }
07-06 03:14:25.694 V/WindowManager(  715):     info={id=314 t=CLOSE f=0x0 trk=0 r=[0@Point(0, 0)] c=[
07-06 03:14:25.694 V/WindowManager(  715):         {WCT{RemoteToken{ba7d2de Task{f5e704d #1 type=home}}} m=TO_FRONT f=SHOW_WALLPAPER|MOVE_TO_TOP leash=Surface(name=Task=1)/@0x55c111d sb=Rect(0, 0 - 1084, 2412) eb=Rect(0, 0 - 1084, 2412) epz=Point(1084, 2412) d=0 taskParent=-1},
07-06 03:14:25.694 V/WindowManager(  715):         {WCT{RemoteToken{b5d0bf2 Task{20c4c51 #272 type=standard A=10217:com.huiyi.mockchat}}} m=CLOSE f=NONE leash=Surface(name=Task=272)/@0x81c9354 sb=Rect(0, 0 - 1084, 2412) eb=Rect(0, 0 - 1084, 2412) epz=Point(1084, 2412) d=0 taskParent=-1},
07-06 03:14:25.694 V/WindowManager(  715):         {m=TO_FRONT f=IS_WALLPAPER leash=Surface(name=WallpaperWindowToken{d6cca47 showWhenLocked=false})/@0x17505f4 sb=Rect(0, 0 - 1084, 2412) eb=Rect(0, 0 - 1084, 2412) epz=Point(1084, 2412) d=0}
07-06 03:14:25.694 V/WindowManager(  715):     ]}
07-06 03:14:25.702 V/WindowManagerShell(  972):  animated by com.android.wm.shell.transition.RemoteTransitionHandler@1403b21
07-06 03:14:25.702 W/Looper  (  972): Slow dispatch took 55ms wmshell.main app=com.android.systemui main=false group=FOREGROUND h=android.os.Handler c=com.android.wm.shell.transition.Transitions$TransitionPlayerImpl$$ExternalSyntheticLambda0@8a03c78 m=0
07-06 03:14:25.716 I/HuiyiRuntime(32689): dynamic_playbook_cloud_refresh sessionId=6da0ea3f-eb90-4922-aafb-a3705dacb702 mode=NEXT_SENTENCE chatKey=com.huiyi.mockchat|MockChatLab localFallbackReady=true cloudAttempted=true cloudSuccess=true cacheReplaced=true staleRefreshDiscarded=false discardedReason=NONE cloudContractValidation=PASS
07-06 03:14:25.717 I/ImeTracker(  715): com.google.android.apps.nexuslauncher:5d184f23: onRequestHide at ORIGIN_SERVER reason HIDE_UNSPECIFIED_WINDOW fromUser false
07-06 03:14:25.732 I/GoogleInputMethodService( 1395): GoogleInputMethodService.onFinishInput():2043 
07-06 03:14:25.733 I/Module  ( 1395): DeviceLockedStatusModuleProvider$Module.updateDeviceLockedStatus():100 repeatCheckTimes = 0, locked = false
07-06 03:14:25.736 D/InsetsController( 1124): hide(ime(), fromIme=false)
07-06 03:14:25.737 I/ImeTracker( 1124): com.google.android.apps.nexuslauncher:5d184f23: onCancelled at PHASE_CLIENT_ALREADY_HIDDEN
07-06 03:14:25.738 I/GoogleInputMethodService( 1395): GoogleInputMethodService.onStartInput():1293 onStartInput(EditorInfo{EditorInfo{packageName=com.google.android.apps.nexuslauncher, inputType=0, inputTypeString=NULL, enableLearning=false, autoCorrection=false, autoComplete=false, imeOptions=0, privateImeOptions=null, actionName=UNSPECIFIED, actionLabel=null, initialSelStart=-1, initialSelEnd=-1, initialCapsMode=0, label=null, fieldId=0, fieldName=null, extras=null, hintText=null, hintLocales=[]}}, false)
07-06 03:14:25.739 I/BpBinder(  567): onLastStrongRef automatically unlinking death recipients: 
07-06 03:14:25.740 I/RanchuHwc(  516): logCompositionFallbackIfChanged: layer 935 CompositionType fallback from 2 to 1
07-06 03:14:25.740 I/RanchuHwc(  516): logCompositionFallbackIfChanged: layer 934 CompositionType fallback from 2 to 1
07-06 03:14:25.741 W/PackageConfigPersister(  715): App-specific configuration not found for packageName: com.google.android.apps.nexuslauncher and userId: 0
07-06 03:14:25.742 I/ImeTracker(  715): system_server:e24a9cfc: onRequestHide at ORIGIN_SERVER reason IME_REQUESTED_CHANGED_LISTENER fromUser false
07-06 03:14:25.747 I/Module  ( 1395): DeviceLockedStatusModuleProvider$Module.updateDeviceLockedStatus():100 repeatCheckTimes = 1, locked = false
07-06 03:14:25.748 I/ImeTracker(  715): system_server:e24a9cfc: onCancelled at PHASE_SERVER_SHOULD_HIDE
07-06 03:14:25.779 W/ActivityTaskManager(  715): Unable to send transaction to client proc com.huiyi.mockchat: no app thread
07-06 03:14:25.969 W/ActivityTaskManager(  715): callingPackage for (uid=2000, pid=1610) has no WPC
07-06 03:14:25.979 V/GrammaticalInflectionUtils(  715): AttributionSource: AttributionSource { uid = 10217, packageName = null, attributionTag = null, token = android.os.Binder@2b6457c, deviceId = 0, next = null } does not have READ_SYSTEM_GRAMMATICAL_GENDER permission.
07-06 03:14:25.980 W/OptProp (  715): Cannot read opt property android.window.PROPERTY_COMPAT_ALLOW_USER_ASPECT_RATIO_OVERRIDE
07-06 03:14:25.980 W/OptProp (  715): Cannot read opt property android.window.PROPERTY_COMPAT_ALLOW_USER_ASPECT_RATIO_FULLSCREEN_OVERRIDE
07-06 03:14:25.980 W/OptProp (  715): Cannot read opt property android.window.PROPERTY_COMPAT_ALLOW_RESIZEABLE_ACTIVITY_OVERRIDES
07-06 03:14:25.981 W/OptProp (  715): Cannot read opt property android.window.PROPERTY_COMPAT_ALLOW_MIN_ASPECT_RATIO_OVERRIDE
07-06 03:14:25.993 W/OptProp (  715): Cannot read opt property android.window.PROPERTY_COMPAT_ALLOW_ORIENTATION_OVERRIDE
07-06 03:14:26.000 V/SplashScreenExceptionList(  715): SplashScreen checking exception for package com.huiyi.mockchat (target sdk:35) -> false
07-06 03:14:26.007 I/ActivityTaskManager(  715): Add Task{20c4c51 #272 type=standard A=10217:com.huiyi.mockchat} to hidden list because adding Task{e9f6c0 #273 type=standard A=10217:com.huiyi.mockchat}
07-06 03:14:26.013 I/ActivityTaskManager(  715): START u0 {flg=0x10000000 xflg=0x5 cmp=com.huiyi.mockchat/.MainActivity (has extras)} with LAUNCH_MULTIPLE from uid 2000 (BAL_ALLOW_PERMISSION) result code=0
07-06 03:14:26.014 D/CompatChangeReporter(  715): Compat change id reported: 309578419; UID 10217; state: ENABLED
07-06 03:14:26.017 V/WindowManagerShell(  972): Transition requested (#315): android.os.BinderProxy@a0a2290 TransitionRequestInfo { type = OPEN, triggerTask = TaskInfo{userId=0 taskId=273 effectiveUid=10217 displayId=0 isRunning=true baseIntent=Intent { flg=0x10000000 cmp=com.huiyi.mockchat/.MainActivity } baseActivity=ComponentInfo{com.huiyi.mockchat/com.huiyi.mockchat.MainActivity} topActivity=ComponentInfo{com.huiyi.mockchat/com.huiyi.mockchat.MainActivity} origActivity=null realActivity=ComponentInfo{com.huiyi.mockchat/com.huiyi.mockchat.MainActivity} numActivities=1 lastActiveTime=49986962 supportsMultiWindow=true resizeMode=1 isResizeable=true minWidth=-1 minHeight=-1 defaultMinSize=220 token=WCT{android.window.IWindowContainerToken$Stub$Proxy@838c789} topActivityType=1 pictureInPictureParams=null shouldDockBigOverlays=false launchIntoPipHostTaskId=-1 lastParentTaskIdBeforePip=-1 displayCutoutSafeInsets=Rect(0, 0 - 0, 0) topActivityInfo=ActivityInfo{9eee38e com.huiyi.mockchat.MainActivity} launchCookies=[] positionInParent=Point(0, 0) parentTaskId=-1 isFocused=false isVisible=false isVisibleRequested=false isTopActivityNoDisplay=false isSleeping=false locusId=null displayAreaFeatureId=1 isTopActivityTransparent=false isActivityStackTransparent=false lastNonFullscreenBounds=Rect(286, 664 - 798, 1748) capturedLink=null capturedLinkTimestamp=0 requestedVisibleTypes=-9 topActivityRequestOpenInBrowserEducationTimestamp=0 appCompatTaskInfo=AppCompatTaskInfo { topActivityInSizeCompat=false eligibleForLetterboxEducation= false isLetterboxEducationEnabled= true isLetterboxDoubleTapEnabled= false eligibleForUserAspectRatioButton= false topActivityBoundsLetterboxed= false isFromLetterboxDoubleTap= false topActivityLetterboxVerticalPosition= -1 topActivityLetterboxHorizontalPosition= -1 topActivityLetterboxWidth=-1 topActivityLetterboxHeight=-1 topActivityAppBounds=Rect(0, 0 - 1084, 2412) isUserFullscreenOverrideEnabled=false isSystemFullscreenOverrideEnabled=false hasMinAspectRatioOverride=false topActivityLetterboxBounds=null cameraCompatTaskInfo=CameraCompatTaskInfo { freeformCameraCompatMode=inactive}} topActivityMainWindowFrame=null}, pipChange = null, remoteTransition = null, displayChange = null, flags = 0, debugId = 315 }
07-06 03:14:26.017 D/ShellSplitScreen(  972): logExit: no-op, mLoggerSessionId is null
07-06 03:14:26.026 W/HWUI    (  972): Image decoding logging dropped!
07-06 03:14:26.029 D/SplashScreenView(  972): Build android.window.SplashScreenView{1e4bfcb V.E...... ......ID 0,0-0,0}
07-06 03:14:26.029 D/SplashScreenView(  972): Icon: view: android.widget.ImageView{2d7b3a8 V.ED..... ......I. 0,0-0,0 #1020542 android:id/splashscreen_icon_view} drawable: com.android.wm.shell.startingsurface.SplashscreenIconDrawableFactory$ImmobileIconDrawable@a84dec1 size: 395
07-06 03:14:26.029 D/SplashScreenView(  972): Branding: view: android.view.View{b7d666 G.ED..... ......I. 0,0-0,0 #1020541 android:id/splashscreen_branding_view} drawable: null size w: 0 h: 0
07-06 03:14:26.042 I/BpBinder(  567): onLastStrongRef automatically unlinking death recipients: 
07-06 03:14:26.053 W/IPCThreadState(  630): Sending oneway calls to frozen process.
07-06 03:14:26.055 W/IPCThreadState(  630): Sending oneway calls to frozen process.
07-06 03:14:26.065 W/SplitSelectStateCtor( 1124): Missing session instanceIds
07-06 03:14:26.065 D/StatsLog( 1124): LAUNCHER_SPLIT_SELECTION_EXIT_INTERRUPTED
07-06 03:14:26.068 D/WindowManagerShell(  972): setLauncherKeepClearAreaHeight: visible=false, height=497
07-06 03:14:26.068 V/GrammaticalInflectionUtils(  715): AttributionSource: AttributionSource { uid = 10217, packageName = null, attributionTag = null, token = android.os.Binder@2b6457c, deviceId = 0, next = null } does not have READ_SYSTEM_GRAMMATICAL_GENDER permission.
07-06 03:14:26.073 I/AppsFilter(  715): interaction: PackageSetting{82e8969 com.android.microdroid.empty_payload/10212} -> PackageSetting{cf7ddd8 com.huiyi.mockchat/10217} BLOCKED
07-06 03:14:26.073 I/AppsFilter(  715): interaction: PackageSetting{2dc8c76 com.huiyi.v4/10216} -> PackageSetting{cf7ddd8 com.huiyi.mockchat/10217} BLOCKED
07-06 03:14:26.092 I/AppWidgetServiceImpl(  715): Received broadcast: android.intent.action.PACKAGE_UNSTOPPED on user 0
07-06 03:14:26.093 I/AppWidgetServiceImpl(  715): Updating package stopped masked state for uid 10217 package com.huiyi.mockchat isStopped false
07-06 03:14:26.095 D/CoreBackPreview(  715): Window{fd7beec u0 Splash Screen com.huiyi.mockchat}: Setting back callback OnBackInvokedCallbackInfo{mCallback=android.window.IOnBackInvokedCallback$Stub$Proxy@7f7336d, mPriority=0, mIsAnimationCallback=false, mOverrideBehavior=0}
07-06 03:14:26.096 D/BackgroundInstallControlService(  715): Package event received: 0
07-06 03:14:26.109 D/Zygote  (  491): Forked child process 1618
07-06 03:14:26.117 I/ActivityManager(  715): Start proc 1618:com.huiyi.mockchat/u0a217 for next-top-activity {com.huiyi.mockchat/com.huiyi.mockchat.MainActivity}
07-06 03:14:26.137 I/ActivityManager(  715): ProcessObserver broadcast disabled
07-06 03:14:26.139 W/ActivityManager(  715): Slow operation: 70ms so far, now at startProcess: done updating pids map
07-06 03:14:26.151 I/.huiyi.mockchat( 1618): Late-enabling -Xcheck:jni
07-06 03:14:26.192 I/.huiyi.mockchat( 1618): Using CollectorTypeCMC GC.
07-06 03:14:26.193 W/.huiyi.mockchat( 1618): Unexpected CPU variant for x86: x86_64.
07-06 03:14:26.193 W/.huiyi.mockchat( 1618): Known variants: atom, sandybridge, silvermont, goldmont, goldmont-plus, goldmont-without-sha-xsaves, tremont, kabylake, alderlake, default
07-06 03:14:26.200 I/adbd    (  576): jdwp connection from 1618
07-06 03:14:26.209 D/nativeloader( 1618): Load libframework-connectivity-tiramisu-jni.so using APEX ns com_android_tethering for caller /apex/com.android.tethering/javalib/framework-connectivity-t.jar: ok
07-06 03:14:26.245 D/BackgroundInstallControlService(  715): Package event received: 0
07-06 03:14:26.288 V/WindowManager(  715): Sent Transition (#315) createdAt=07-06 03:14:25.984 via request=TransitionRequestInfo { type = OPEN, triggerTask = TaskInfo{userId=0 taskId=273 effectiveUid=10217 displayId=0 isRunning=true baseIntent=Intent { flg=0x10000000 cmp=com.huiyi.mockchat/.MainActivity } baseActivity=ComponentInfo{com.huiyi.mockchat/com.huiyi.mockchat.MainActivity} topActivity=ComponentInfo{com.huiyi.mockchat/com.huiyi.mockchat.MainActivity} origActivity=null realActivity=ComponentInfo{com.huiyi.mockchat/com.huiyi.mockchat.MainActivity} numActivities=1 lastActiveTime=49986962 supportsMultiWindow=true resizeMode=1 isResizeable=true minWidth=-1 minHeight=-1 defaultMinSize=220 token=WCT{RemoteToken{5dd51b4 Task{e9f6c0 #273 type=standard A=10217:com.huiyi.mockchat}}} topActivityType=1 pictureInPictureParams=null shouldDockBigOverlays=false launchIntoPipHostTaskId=-1 lastParentTaskIdBeforePip=-1 displayCutoutSafeInsets=Rect(0, 0 - 0, 0) topActivityInfo=ActivityInfo{358d1dd com.huiyi.mockchat.MainActivity} launchCookies=[] positionInParent=Point(0, 0) parentTaskId=-1 isFocused=false isVisible=false isVisibleRequested=false isTopActivityNoDisplay=false isSleeping=false locusId=null displayAreaFeatureId=1 isTopActivityTransparent=false isActivityStackTransparent=false lastNonFullscreenBounds=Rect(286, 664 - 798, 1748) capturedLink=null capturedLinkTimestamp=0 requestedVisibleTypes=-9 topActivityRequestOpenInBrowserEducationTimestamp=0 appCompatTaskInfo=AppCompatTaskInfo { topActivityInSizeCompat=false eligibleForLetterboxEducation= false isLetterboxEducationEnabled= true isLetterboxDoubleTapEnabled= false eligibleForUserAspectRatioButton= false topActivityBoundsLetterboxed= false isFromLetterboxDoubleTap= false topActivityLetterboxVerticalPosition= -1 topActivityLetterboxHorizontalPosition= -1 topActivityLetterboxWidth=-1 topActivityLetterboxHeight=-1 topActivityAppBounds=Rect(0, 0 - 1084, 2412) isUserFullscreenOverrideEnabled=false isSystemFullscreenOverrideEnabled=false hasMinAspectRatioOverride=false topActivityLetterboxBounds=null cameraCompatTaskInfo=CameraCompatTaskInfo { freeformCameraCompatMode=inactive}} topActivityMainWindowFrame=null}, pipChange = null, remoteTransition = null, displayChange = null, flags = 0, debugId = 315 }
07-06 03:14:26.289 D/AndroidRuntime( 1614): >>>>>> START com.android.internal.os.RuntimeInit uid 2000 <<<<<<
07-06 03:14:26.294 V/WindowManagerShell(  972): onTransitionReady(transaction=3070901641558)
07-06 03:14:26.297 V/WindowManagerShell(  972): onTransitionReady (#315) android.os.BinderProxy@a0a2290: {id=315 t=OPEN f=0x0 trk=0 r=[0@Point(0, 0)] c=[
07-06 03:14:26.297 V/WindowManagerShell(  972):         {m=OPEN f=NONE leash=Surface(name=Task=273)/@0x861fa31 sb=Rect(0, 0 - 1084, 2412) eb=Rect(0, 0 - 1084, 2412) epz=Point(1084, 2412) d=0 taskParent=-1},
07-06 03:14:26.297 V/WindowManagerShell(  972):         {m=TO_BACK f=SHOW_WALLPAPER leash=Surface(name=Task=1)/@0xed8a516 sb=Rect(0, 0 - 1084, 2412) eb=Rect(0, 0 - 1084, 2412) epz=Point(1084, 2412) d=0 taskParent=-1},
07-06 03:14:26.297 V/WindowManagerShell(  972):         {m=TO_BACK f=IS_WALLPAPER leash=Surface(name=WallpaperWindowToken{d6cca47 showWhenLocked=false})/@0x98f2e97 sb=Rect(0, 0 - 1084, 2412) eb=Rect(0, 0 - 1084, 2412) epz=Point(1084, 2412) d=0}
07-06 03:14:26.297 V/WindowManagerShell(  972):     ]}
07-06 03:14:26.298 V/WindowManagerShell(  972): Transition (#315) android.os.BinderProxy@a0a2290@0 ready while (#314) android.os.BinderProxy@baf2619@0 is still animating. Notify the animating transition in case they can be merged
07-06 03:14:26.302 I/AndroidRuntime( 1614): Using default boot image
07-06 03:14:26.302 I/AndroidRuntime( 1614): Leaving lock profiling enabled
07-06 03:14:26.305 V/WindowManager(  715):     startWCT=WindowContainerTransaction { changes= {} hops= [] errorCallbackToken=null taskFragmentOrganizer=null }
07-06 03:14:26.306 V/WindowManager(  715):     info={id=315 t=OPEN f=0x0 trk=0 r=[0@Point(0, 0)] c=[
07-06 03:14:26.306 V/WindowManager(  715):         {WCT{RemoteToken{5dd51b4 Task{e9f6c0 #273 type=standard A=10217:com.huiyi.mockchat}}} m=OPEN f=NONE leash=Surface(name=Task=273)/@0xe5dacfa sb=Rect(0, 0 - 1084, 2412) eb=Rect(0, 0 - 1084, 2412) epz=Point(1084, 2412) d=0 taskParent=-1},
07-06 03:14:26.306 V/WindowManager(  715):         {WCT{RemoteToken{ba7d2de Task{f5e704d #1 type=home}}} m=TO_BACK f=SHOW_WALLPAPER leash=Surface(name=Task=1)/@0x55c111d sb=Rect(0, 0 - 1084, 2412) eb=Rect(0, 0 - 1084, 2412) epz=Point(1084, 2412) d=0 taskParent=-1},
07-06 03:14:26.306 V/WindowManager(  715):         {m=TO_BACK f=IS_WALLPAPER leash=Surface(name=WallpaperWindowToken{d6cca47 showWhenLocked=false})/@0x17505f4 sb=Rect(0, 0 - 1084, 2412) eb=Rect(0, 0 - 1084, 2412) epz=Point(1084, 2412) d=0}
07-06 03:14:26.306 V/WindowManager(  715):     ]}
07-06 03:14:26.306 I/app_process( 1614): Core platform API reporting enabled, enforcing=false
07-06 03:14:26.308 I/app_process( 1614): Using CollectorTypeCMC GC.
07-06 03:14:26.369 V/WindowManagerShell(  972):    Merge into remote: RemoteTransition { remoteTransition = android.window.IRemoteTransition$Stub$Proxy@ed946b8, appThread = android.app.IApplicationThread$Stub$Proxy@5f5c91, debugName = QuickstepLaunchHome }
07-06 03:14:26.370 W/Looper  (  972): Slow dispatch took 72ms wmshell.main app=com.android.systemui main=false group=TOP_APP h=android.os.Handler c=com.android.wm.shell.transition.Transitions$TransitionPlayerImpl$$ExternalSyntheticLambda0@3da28f0 m=0
07-06 03:14:26.403 V/WindowManagerShell(  972): Transition animation finished (aborted=false), notifying core (#314) android.os.BinderProxy@baf2619@0
07-06 03:14:26.427 V/WindowManager(  715): Finish Transition (#314): created at 07-06 03:14:25.493 collect-started=0.078ms request-sent=0.15ms started=11.301ms ready=24.925ms sent=145.384ms commit=55.695ms finished=929.697ms
07-06 03:14:26.429 E/IPCThreadState(  715): Binder transaction failure. id: 7954528, BR_*: 29189, error: -22 (Invalid argument)
--------- beginning of kernel
07-06 03:14:26.405 I/binder  (    0): 795:715 cannot find target node
07-06 03:14:26.405 I/binder  (    0): 715:795 transaction async to 0:0 failed 7954528/29189/-22, size 64-0 line 3348
07-06 03:14:26.436 W/ActivityManager(  715): pid 715 system sent binder code 7 with flags 1 to frozen apps and got error -32
07-06 03:14:26.436 W/WindowManager(  715): Exception thrown during dispatchAppVisibility Window{22543dd u0 com.huiyi.mockchat/com.huiyi.mockchat.MainActivity EXITING}
07-06 03:14:26.436 W/WindowManager(  715): android.os.DeadObjectException
07-06 03:14:26.436 W/WindowManager(  715): 	at android.os.BinderProxy.transactNative(Native Method)
07-06 03:14:26.436 W/WindowManager(  715): 	at android.os.BinderProxy.transact(BinderProxy.java:592)
07-06 03:14:26.436 W/WindowManager(  715): 	at android.view.IWindow$Stub$Proxy.dispatchAppVisibility(IWindow.java:557)
07-06 03:14:26.436 W/WindowManager(  715): 	at com.android.server.wm.WindowState.sendAppVisibilityToClients(WindowState.java:3151)
07-06 03:14:26.436 W/WindowManager(  715): 	at com.android.server.wm.WindowContainer.sendAppVisibilityToClients(WindowContainer.java:1311)
07-06 03:14:26.436 W/WindowManager(  715): 	at com.android.server.wm.WindowToken.setClientVisible(WindowToken.java:389)
07-06 03:14:26.436 W/WindowManager(  715): 	at com.android.server.wm.ActivityRecord.setClientVisible(ActivityRecord.java:6650)
07-06 03:14:26.436 W/WindowManager(  715): 	at com.android.server.wm.ActivityRecord.commitVisibility(ActivityRecord.java:5561)
07-06 03:14:26.436 W/WindowManager(  715): 	at com.android.server.wm.Transition.finishTransition(Transition.java:1391)
07-06 03:14:26.436 W/WindowManager(  715): 	at com.android.server.wm.TransitionController.finishTransition(TransitionController.java:1029)
07-06 03:14:26.436 W/WindowManager(  715): 	at com.android.server.wm.WindowOrganizerController.finishTransition(WindowOrganizerController.java:496)
07-06 03:14:26.436 W/WindowManager(  715): 	at android.window.IWindowOrganizerController$Stub.onTransact(IWindowOrganizerController.java:261)
07-06 03:14:26.436 W/WindowManager(  715): 	at com.android.server.wm.WindowOrganizerController.onTransact(WindowOrganizerController.java:223)
07-06 03:14:26.436 W/WindowManager(  715): 	at android.os.Binder.execTransactInternal(Binder.java:1426)
07-06 03:14:26.436 W/WindowManager(  715): 	at android.os.Binder.execTransact(Binder.java:1365)
07-06 03:14:26.437 W/Process (  715): Unable to open /proc/420/status
07-06 03:14:26.477 V/WindowManagerShell(  972): Playing animation for (#315) android.os.BinderProxy@a0a2290@0
07-06 03:14:26.477 V/ShellRecents(  972): RecentsTransitionHandler.startAnimation: no controller found
07-06 03:14:26.477 V/WindowManagerShell(  972): Transition doesn't have explicit remote, search filters for match for {id=315 t=OPEN f=0x0 trk=0 r=[0@Point(0, 0)] c=[{m=OPEN f=NONE leash=Surface(name=Task=273)/@0x861fa31 sb=Rect(0, 0 - 1084, 2412) eb=Rect(0, 0 - 1084, 2412) epz=Point(1084, 2412) d=0 taskParent=-1},{m=TO_BACK f=SHOW_WALLPAPER leash=Surface(name=Task=1)/@0xed8a516 sb=Rect(0, 0 - 1084, 2412) eb=Rect(0, 0 - 1084, 2412) epz=Point(1084, 2412) d=0 taskParent=-1},{m=TO_BACK f=IS_WALLPAPER leash=Surface(name=WallpaperWindowToken{d6cca47 showWhenLocked=false})/@0x98f2e97 sb=Rect(0, 0 - 1084, 2412) eb=Rect(0, 0 - 1084, 2412) epz=Point(1084, 2412) d=0}]}
07-06 03:14:26.477 V/WindowManagerShell(  972):  Checking filter Pair{{types=[] flags=0x0] notFlags=0x0 checks=[{atype=undefined independent=true modes=[CLOSE,TO_BACK] flags=IN_TASK_WITH_EMBEDDED_ACTIVITY mustBeTask=false order=ANY topActivity=null launchCookie=null taskFragmentToken=android.os.BinderProxy@9757ff windowingMode=undefined}]} RemoteTransition { remoteTransition = android.window.IRemoteTransition$Stub$Proxy@b7a59cc, appThread = android.app.IApplicationThread$Stub$Proxy@a3c9415, debugName = overlayBackTransition }}
07-06 03:14:26.477 V/WindowManagerShell(  972):  Checking filter Pair{{types=[] flags=0x0] notFlags=0x0 checks=[{atype=dream independent=true modes=[OPEN,TO_FRONT] flags=NONE mustBeTask=false order=ANY topActivity=null launchCookie=null windowingMode=undefined},{atype=home independent=true modes=[CLOSE,TO_BACK] flags=NONE mustBeTask=false order=ANY topActivity=null launchCookie=null windowingMode=undefined}]} RemoteTransition { remoteTransition = android.window.IRemoteTransition$Stub$Proxy@e27a32a, appThread = android.app.IApplicationThread$Stub$Proxy@713751b, debugName = LauncherToDream }}
07-06 03:14:26.478 V/WindowManagerShell(  972):  Checking filter Pair{{types=[] flags=0x0] notFlags=0x100 checks=[{atype=home independent=true modes=[OPEN,TO_FRONT] flags=NONE mustBeTask=false order=TOP topActivity=ComponentInfo{com.google.android.apps.nexuslauncher/com.google.android.apps.nexuslauncher.NexusLauncherActivity} launchCookie=null windowingMode=undefined},{atype=standard independent=true modes=[CLOSE,TO_BACK] flags=NONE mustBeTask=false order=ANY topActivity=null launchCookie=null windowingMode=undefined},{NOT atype=undefined independent=true modes=[] flags=NONE mustBeTask=true order=ANY topActivity=null launchCookie=null customAnim=true windowingMode=undefined}]} RemoteTransition { remoteTransition = android.window.IRemoteTransition$Stub$Proxy@ed946b8, appThread = android.app.IApplicationThread$Stub$Proxy@5f5c91, debugName = QuickstepLaunchHome }}
07-06 03:14:26.478 V/WindowManagerShell(  972):  Delegate animation for (#315) to null
07-06 03:14:26.507 E/BpTransactionCompletedListener(  567): Failed to transact (-32)
07-06 03:14:26.518 D/RecentsView( 1124): onTaskRemoved: 272, not handling task stack changes
07-06 03:14:26.518 D/RecentsView( 1124): onTaskRemoved: 272, not handling task stack changes
07-06 03:14:26.521 V/WindowManagerShell(  972): start default transition animation, info = {id=315 t=OPEN f=0x0 trk=0 r=[0@Point(0, 0)] c=[{m=OPEN f=NONE leash=Surface(name=Task=273)/@0x861fa31 sb=Rect(0, 0 - 1084, 2412) eb=Rect(0, 0 - 1084, 2412) epz=Point(1084, 2412) d=0 taskParent=-1},{m=TO_BACK f=SHOW_WALLPAPER leash=Surface(name=Task=1)/@0xed8a516 sb=Rect(0, 0 - 1084, 2412) eb=Rect(0, 0 - 1084, 2412) epz=Point(1084, 2412) d=0 taskParent=-1},{m=TO_BACK f=IS_WALLPAPER leash=Surface(name=WallpaperWindowToken{d6cca47 showWhenLocked=false})/@0x98f2e97 sb=Rect(0, 0 - 1084, 2412) eb=Rect(0, 0 - 1084, 2412) epz=Point(1084, 2412) d=0}]}
07-06 03:14:26.528 D/nativeloader( 1614): InitDefaultPublicLibraries for_preload=1: libandroid.so:libaaudio.so:libamidi.so:libbinder_ndk.so:libc.so:libcamera2ndk.so:libdl.so:libEGL.so:libGLESv1_CM.so:libGLESv2.so:libGLESv3.so:libicu.so:libicui18n.so:libicuuc.so:libjnigraphics.so:liblog.so:libmediandk.so:libm.so:libnativehelper.so:libnativewindow.so:libOpenMAXAL.so:libOpenSLES.so:libRS.so:libstdc++.so:libsync.so:libvulkan.so:libwebviewchromium_plat_support.so:libz.so
07-06 03:14:26.536 V/WindowManagerShell(  972): loadAnimation: anim=android.view.animation.AnimationSet@383598f animAttr=0x13 type=OPEN isEntrance=false
07-06 03:14:26.537 V/WindowManagerShell(  972): loadAnimation: anim=android.view.animation.AnimationSet@6e5ffab animAttr=0x12 type=OPEN isEntrance=true
07-06 03:14:26.548 V/WindowManagerShell(  972):  animated by com.android.wm.shell.transition.DefaultTransitionHandler@a9e94ad
07-06 03:14:26.549 W/Looper  (  972): Slow dispatch took 146ms wmshell.main app=com.android.systemui main=false group=TOP_APP h=android.os.Handler c=com.android.wm.shell.transition.RemoteTransitionHandler$1$$ExternalSyntheticLambda0@d162608 m=0
07-06 03:14:26.552 W/Looper  (  972): Slow delivery took 113ms wmshell.main app=com.android.systemui main=false group=TOP_APP h=android.os.Handler c=android.window.TaskOrganizer$1$$ExternalSyntheticLambda4@434d1a1 m=0
07-06 03:14:26.556 D/nativeloader( 1614): Load libicu_jni.so using APEX ns com_android_art for caller /apex/com.android.art/javalib/core-oj.jar: ok
07-06 03:14:26.557 D/app_process( 1614): u_setTimeZoneFilesDirectory("/apex/com.android.tzdata/etc/tz/versioned/9/icu") succeeded. 
07-06 03:14:26.558 D/app_process( 1614): I18n APEX ICU file found: /apex/com.android.i18n/etc/icu/icudt76l.dat
07-06 03:14:26.560 D/nativeloader( 1614): Load libjavacore.so using APEX ns com_android_art for caller /apex/com.android.art/javalib/core-oj.jar: ok
07-06 03:14:26.564 D/nativeloader( 1614): Load libopenjdk.so using APEX ns com_android_art for caller /apex/com.android.art/javalib/core-oj.jar: ok
07-06 03:14:26.569 W/app_process( 1614): Unexpected CPU variant for x86: x86_64.
07-06 03:14:26.569 W/app_process( 1614): Known variants: atom, sandybridge, silvermont, goldmont, goldmont-plus, goldmont-without-sha-xsaves, tremont, kabylake, alderlake, default
07-06 03:14:26.575 W/app_process( 1614): ClassLoaderContext shared library size mismatch. Expected=2, found=0 (PCL[]{PCL[/system/framework/android.test.base.jar*2789897741]#PCL[/system/framework/android.test.mock.jar*3361312393]} | PCL[])
07-06 03:14:26.576 W/app_process( 1614): ClassLoaderContext classpath size mismatch. expected=0, found=1 (PCL[]{PCL[/system/framework/android.test.runner.jar*895143020]#PCL[/system/framework/android.test.base.jar*2789897741]} | PCL[/system/framework/android.test.runner.jar*895143020])
07-06 03:14:26.632 D/nativeloader( 1614): Load libframework-connectivity-tiramisu-jni.so using APEX ns com_android_tethering for caller /apex/com.android.tethering/javalib/framework-connectivity-t.jar: ok
07-06 03:14:26.637 W/AccessibilityManagerService(  715):  wait for adding window timeout: 1484
07-06 03:14:26.639 D/AndroidRuntime( 1614): Calling main entry com.android.commands.uiautomator.Launcher
07-06 03:14:26.656 I/AconfigPackage( 1614): android.media.swcodec.flags is mapped to com.android.media.swcodec
07-06 03:14:26.657 I/AconfigPackage( 1614): com.google.android.settings.simplemode.flags is mapped to system_ext
07-06 03:14:26.657 I/AconfigPackage( 1614): com.google.android.systemui is mapped to system_ext
07-06 03:14:26.657 I/AconfigPackage( 1614): com.google.android.apps.nexuslauncher is mapped to system_ext
07-06 03:14:26.657 I/AconfigPackage( 1614): com.android.settings.accessibility is mapped to system_ext
07-06 03:14:26.659 I/AconfigPackage( 1614): com.android.settings.flags is mapped to system_ext
07-06 03:14:26.659 I/AconfigPackage( 1614): com.google.android.apps.miphone.aiai.matchmaker.overview.ui is mapped to system_ext
07-06 03:14:26.659 I/AconfigPackage( 1614): com.google.android.settings.flags is mapped to system_ext
07-06 03:14:26.659 I/AconfigPackage( 1614): com.android.launcher3 is mapped to system_ext
07-06 03:14:26.660 I/AconfigPackage( 1614): com.android.wallpaper is mapped to system_ext
07-06 03:14:26.660 I/AconfigPackage( 1614): com.android.settings.media_drm is mapped to system_ext
07-06 03:14:26.660 I/AconfigPackage( 1614): com.android.systemui.accessibility.accessibilitymenu is mapped to system_ext
07-06 03:14:26.660 I/AconfigPackage( 1614): com.android.settings.keyboard is mapped to system_ext
07-06 03:14:26.660 I/AconfigPackage( 1614): com.android.server.policy.feature.flags is mapped to system_ext
07-06 03:14:26.660 I/AconfigPackage( 1614): com.android.settings.factory_reset is mapped to system_ext
07-06 03:14:26.660 I/AconfigPackage( 1614): com.google.android.haptics.flags is mapped to system_ext
07-06 03:14:26.662 I/AconfigPackage( 1614): com.android.permission.flags is mapped to com.android.permission
07-06 03:14:26.662 I/AconfigPackage( 1614): com.android.icu is mapped to com.android.i18n
07-06 03:14:26.663 I/AconfigPackage( 1614): com.android.appsearch.flags is mapped to com.android.appsearch
07-06 03:14:26.664 I/AconfigPackage( 1614): android.uprobestats.mainline.flags is mapped to com.android.uprobestats
07-06 03:14:26.664 I/AconfigPackage( 1614): android.provider.flags is mapped to com.android.configinfrastructure
07-06 03:14:26.664 I/AconfigPackage( 1614): com.android.server.deviceconfig is mapped to com.android.configinfrastructure
07-06 03:14:26.665 I/AconfigPackage( 1614): com.android.nfc.flags is mapped to system
07-06 03:14:26.666 I/AconfigPackage( 1614): android.app.admin.flags is mapped to system
07-06 03:14:26.667 I/AconfigPackage( 1614): android.database.sqlite is mapped to system
07-06 03:14:26.667 I/AconfigPackage( 1614): com.android.providers.calendar is mapped to system
07-06 03:14:26.668 I/AconfigPackage( 1614): com.android.server.power.feature.flags is mapped to system
