07-05 23:59:59.269 21796 21796 I AconfigPackage: com.android.graphics.libgui.flags is mapped to system
07-05 23:59:59.269 21796 21796 I AconfigPackage: android.hardware.usb.flags is mapped to system
07-05 23:59:59.269 21796 21796 I AconfigPackage: android.provider is mapped to system
07-05 23:59:59.269 21796 21796 I AconfigPackage: com.android.server.job is mapped to system
07-05 23:59:59.270 21796 21796 I AconfigPackage: com.android.internal.foldables.flags is mapped to system
07-05 23:59:59.270 21796 21796 I AconfigPackage: com.android.internal.telephony.flags is mapped to system
07-05 23:59:59.270 21796 21796 I AconfigPackage: android.webkit is mapped to system
07-05 23:59:59.270 21796 21796 I AconfigPackage: android.credentials.flags is mapped to system
07-05 23:59:59.270 21796 21796 I AconfigPackage: com.android.server.display.feature.flags is mapped to system
07-05 23:59:59.270 21796 21796 I AconfigPackage: com.android.server.notification is mapped to system
07-05 23:59:59.270 21796 21796 I AconfigPackage: android.appwidget.flags is mapped to system
07-05 23:59:59.271 21796 21796 I AconfigPackage: com.android.frameworks.sensorservice.flags is mapped to system
07-05 23:59:59.271 21796 21796 I AconfigPackage: com.android.printspooler.flags is mapped to system
07-05 23:59:59.271 21796 21796 I AconfigPackage: com.android.window.flags is mapped to system
07-05 23:59:59.271 21796 21796 I AconfigPackage: android.adaptiveauth is mapped to system
07-05 23:59:59.271 21796 21796 I AconfigPackage: android.net.wifi.flags is mapped to system
07-05 23:59:59.271 21796 21796 I AconfigPackage: android.media.tv.flags is mapped to system
07-05 23:59:59.271 21796 21796 I AconfigPackage: com.android.server.usb.flags is mapped to system
07-05 23:59:59.271 21796 21796 I AconfigPackage: android.os.vibrator is mapped to system
07-05 23:59:59.271 21796 21796 I AconfigPackage: android.hardware.devicestate.feature.flags is mapped to system
07-05 23:59:59.272 21796 21796 I AconfigPackage: com.android.server.usage is mapped to system
07-05 23:59:59.272 21796 21796 I AconfigPackage: android.server is mapped to system
07-05 23:59:59.272 21796 21796 I AconfigPackage: com.android.wm.shell is mapped to system
07-05 23:59:59.272 21796 21796 I AconfigPackage: android.view.inputmethod is mapped to system
07-05 23:59:59.272 21796 21796 I AconfigPackage: com.android.graphics.hwui.flags is mapped to system
07-05 23:59:59.272 21796 21796 I AconfigPackage: com.android.server.backup is mapped to system
07-05 23:59:59.272 21796 21796 I AconfigPackage: com.android.internal.pm.pkg.component.flags is mapped to system
07-05 23:59:59.272 21796 21796 I AconfigPackage: android.view.accessibility is mapped to system
07-05 23:59:59.272 21796 21796 I AconfigPackage: com.google.wear.sdk is mapped to system
07-05 23:59:59.272 21796 21796 I AconfigPackage: android.media.audio is mapped to system
07-05 23:59:59.273 21796 21796 I AconfigPackage: com.android.server.am is mapped to system
07-05 23:59:59.273 21796 21796 I AconfigPackage: com.android.media.playback.flags is mapped to system
07-05 23:59:59.273 21796 21796 I AconfigPackage: com.android.art.flags is mapped to com.android.art
07-05 23:59:59.273 21796 21796 I AconfigPackage: com.android.libcore is mapped to com.android.art
07-05 23:59:59.273 21796 21796 I AconfigPackage: com.android.media.extractor.flags is mapped to com.android.media
07-05 23:59:59.274 21796 21796 I AconfigPackage: com.android.media.mainline.flags is mapped to com.android.media
07-05 23:59:59.274 21796 21796 I AconfigPackage: com.android.wifi.flags is mapped to com.android.wifi
07-05 23:59:59.274 21796 21796 I AconfigPackage: com.android.org.conscrypt.flags is mapped to com.android.conscrypt
07-05 23:59:59.274 21796 21796 I AconfigPackage: com.android.healthfitness.flags is mapped to com.android.healthfitness
07-05 23:59:59.275 21796 21796 I AconfigPackage: com.google.android.input.twoshay.flags is mapped to vendor
07-05 23:59:59.275 21796 21796 I AconfigPackage: libgooglecamerahal.flags is mapped to vendor
07-05 23:59:59.275 21796 21796 I AconfigPackage: com.android.ipsec.flags is mapped to com.android.ipsec
07-05 23:59:59.275 21796 21796 I AconfigPackage: com.android.nfc.module.flags is mapped to com.android.nfcservices
07-05 23:59:59.276 21796 21796 I AconfigPackage: com.android.adservices.ondevicepersonalization.flags is mapped to com.android.ondevicepersonalization
07-05 23:59:59.276 21796 21796 I AconfigPackage: com.android.bluetooth.flags is mapped to com.android.bt
07-05 23:59:59.277 21796 21796 I AconfigPackage: com.android.devicelock.flags is mapped to com.android.devicelock
07-05 23:59:59.277 21796 21796 I AconfigPackage: android.os.profiling is mapped to com.android.profiling
07-05 23:59:59.277 21796 21796 I AconfigPackage: com.android.os.statsd.flags is mapped to com.android.os.statsd
07-05 23:59:59.278 21796 21796 I AconfigPackage: com.android.cellbroadcastreceiver.flags is mapped to com.android.cellbroadcast
07-05 23:59:59.278 21796 21796 I AconfigPackage: com.android.adservices.flags is mapped to com.android.adservices
07-05 23:59:59.278 21796 21796 I AconfigPackage: com.android.sdksandbox.flags is mapped to com.android.adservices
07-05 23:59:59.278 21796 21796 I AconfigPackage: com.android.uwb.flags is mapped to com.android.uwb
07-05 23:59:59.278 21796 21796 I AconfigPackage: com.android.ranging.flags is mapped to com.android.uwb
07-05 23:59:59.278 21796 21796 I AconfigPackage: android.graphics.pdf.flags is mapped to com.android.mediaprovider
07-05 23:59:59.278 21796 21796 I AconfigPackage: com.android.providers.media.flags is mapped to com.android.mediaprovider
07-05 23:59:59.278 21796 21796 I AconfigPackage: android.graphics.pdf.flags.readonly is mapped to com.android.mediaprovider
07-05 23:59:59.279 21796 21796 I AconfigPackage: com.android.net.ct.flags is mapped to com.android.tethering
07-05 23:59:59.279 21796 21796 I AconfigPackage: com.android.net.flags is mapped to com.android.tethering
07-05 23:59:59.279 21796 21796 I AconfigPackage: android.net.vcn is mapped to com.android.tethering
07-05 23:59:59.279 21796 21796 I AconfigPackage: com.android.nearby.flags is mapped to com.android.tethering
07-05 23:59:59.279 21796 21796 I AconfigPackage: android.net.http is mapped to com.android.tethering
07-05 23:59:59.279 21796 21796 I AconfigPackage: com.android.net.thread.flags is mapped to com.android.tethering
07-05 23:59:59.279 21796 21796 I AconfigPackage: com.android.system.virtualmachine.flags is mapped to com.android.virt
07-05 23:59:59.279 21796 21796 E FeatureFlagsImplExport: android.os.flagging.AconfigStorageReadException: ERROR_PACKAGE_NOT_FOUND: package android.xr cannot be found on the device
07-05 23:59:59.284 21796 21796 D UiAutomationConnection: Created on user UserHandle{0}
07-05 23:59:59.285 21796 21796 I UiAutomation: Initialized for user 0 on display 0
07-05 23:59:59.285 21796 21796 W UiAutomation: Created with deprecatead constructor, assumes DEFAULT_DISPLAY
07-05 23:59:59.286   715  1928 D AccessibilityManagerService: changeCurrentUserForTestAutomationIfNeededLocked(0): ignoring because device doesn't support visible background users
07-05 23:59:59.286   715  1928 I UiAutomationManager: Registering UiTestAutomationService (id=com.android.server.accessibility/UiAutomation, flags=0x0) when called by user 0
07-05 23:59:59.287   715  1928 V AccessibilityManagerService: onUserStateChangedLocked for userId: 0, forceUpdate: false
07-05 23:59:59.291   715  1928 W MagnificationConnectionManager: requestConnection duplicated request: connect=false, mConnectionState=DISCONNECTED
07-05 23:59:59.293   715   715 W IPCThreadState: Sending oneway calls to frozen process.
07-05 23:59:59.293   715   715 W IPCThreadState: Sending oneway calls to frozen process.
07-05 23:59:59.294   715   715 W IPCThreadState: Sending oneway calls to frozen process.
07-05 23:59:59.294   715   715 W IPCThreadState: Sending oneway calls to frozen process.
07-05 23:59:59.294   715   715 W IPCThreadState: Sending oneway calls to frozen process.
07-05 23:59:59.294   715   715 W IPCThreadState: Sending oneway calls to frozen process.
07-05 23:59:59.295   715   715 W IPCThreadState: Sending oneway calls to frozen process.
07-05 23:59:59.295   715   715 W IPCThreadState: Sending oneway calls to frozen process.
07-05 23:59:59.297 21796 21808 V UiAutomation: Init UiAutomation@23300f[id=618, displayId=0, flags=0]
07-05 23:59:59.297   715   715 W IPCThreadState: Sending oneway calls to frozen process.
07-05 23:59:59.297   715   715 W IPCThreadState: Sending oneway calls to frozen process.
07-05 23:59:59.300   715  1928 V AccessibilityManagerService: onUserStateChangedLocked for userId: 0, forceUpdate: false
07-05 23:59:59.302   715  1928 W MagnificationConnectionManager: requestConnection duplicated request: connect=false, mConnectionState=DISCONNECTED
07-05 23:59:59.307   488   533 I netd    : tetherGetStats() -> {[]} <0.92ms>
07-05 23:59:59.308   715   715 W IPCThreadState: Sending oneway calls to frozen process.
07-05 23:59:59.309   715   715 W IPCThreadState: Sending oneway calls to frozen process.
07-05 23:59:59.309   715   715 W IPCThreadState: Sending oneway calls to frozen process.
07-05 23:59:59.309   715   715 W IPCThreadState: Sending oneway calls to frozen process.
07-05 23:59:59.309   715   715 W IPCThreadState: Sending oneway calls to frozen process.
07-05 23:59:59.309   715   715 W IPCThreadState: Sending oneway calls to frozen process.
07-05 23:59:59.311   715   715 W IPCThreadState: Sending oneway calls to frozen process.
07-05 23:59:59.311   715   715 W IPCThreadState: Sending oneway calls to frozen process.
07-05 23:59:59.312   715   715 W IPCThreadState: Sending oneway calls to frozen process.
07-05 23:59:59.312   715   715 W IPCThreadState: Sending oneway calls to frozen process.
07-05 23:59:59.312   715   715 W IPCThreadState: Sending oneway calls to frozen process.
07-05 23:59:59.313   715   715 W IPCThreadState: Sending oneway calls to frozen process.
07-05 23:59:59.313   715   715 W IPCThreadState: Sending oneway calls to frozen process.
07-05 23:59:59.313   715   715 W IPCThreadState: Sending oneway calls to frozen process.
07-05 23:59:59.313   715   715 W IPCThreadState: Sending oneway calls to frozen process.
07-05 23:59:59.313   715   715 W IPCThreadState: Sending oneway calls to frozen process.
07-05 23:59:59.314   715   715 W IPCThreadState: Sending oneway calls to frozen process.
07-05 23:59:59.314   715   715 W IPCThreadState: Sending oneway calls to frozen process.
07-05 23:59:59.318   715   715 W IPCThreadState: Sending oneway calls to frozen process.
07-05 23:59:59.318   715   715 W IPCThreadState: Sending oneway calls to frozen process.
07-05 23:59:59.320   715   715 W IPCThreadState: Sending oneway calls to frozen process.
07-05 23:59:59.320   715   715 W IPCThreadState: Sending oneway calls to frozen process.
07-05 23:59:59.320   715   715 W IPCThreadState: Sending oneway calls to frozen process.
07-05 23:59:59.321   715   715 W IPCThreadState: Sending oneway calls to frozen process.
07-05 23:59:59.323   715   715 W IPCThreadState: Sending oneway calls to frozen process.
07-05 23:59:59.323   715   715 W IPCThreadState: Sending oneway calls to frozen process.
07-05 23:59:59.323   715   715 W IPCThreadState: Sending oneway calls to frozen process.
07-05 23:59:59.324   715   715 W IPCThreadState: Sending oneway calls to frozen process.
07-05 23:59:59.324   715   715 W IPCThreadState: Sending oneway calls to frozen process.
07-05 23:59:59.325   715   715 W IPCThreadState: Sending oneway calls to frozen process.
07-05 23:59:59.325   715   715 W IPCThreadState: Sending oneway calls to frozen process.
07-05 23:59:59.325   715   715 W IPCThreadState: Sending oneway calls to frozen process.
07-05 23:59:59.325   715   715 W IPCThreadState: Sending oneway calls to frozen process.
07-05 23:59:59.325   715   715 W IPCThreadState: Sending oneway calls to frozen process.
07-05 23:59:59.325   715   715 W IPCThreadState: Sending oneway calls to frozen process.
07-05 23:59:59.327   715   715 W IPCThreadState: Sending oneway calls to frozen process.
07-05 23:59:59.328   715   715 W IPCThreadState: Sending oneway calls to frozen process.
07-05 23:59:59.328   715   715 W IPCThreadState: Sending oneway calls to frozen process.
07-05 23:59:59.328   715   715 W IPCThreadState: Sending oneway calls to frozen process.
07-05 23:59:59.328   715   715 W IPCThreadState: Sending oneway calls to frozen process.
07-06 00:00:00.022   715   757 D ActivityManager: sync unfroze 1206 com.android.settings for 3
07-06 00:00:00.037   715   757 D ActivityManager: sync unfroze 1907 com.android.keychain for 10
07-06 00:00:00.047   715   757 D ActivityManager: sync unfroze 2714 com.android.dynsystem:dynsystem for 10
07-06 00:00:00.048   715   757 D ActivityManager: sync unfroze 2679 com.android.dynsystem for 10
07-06 00:00:00.055   715   757 D ActivityManager: sync unfroze 1777 com.android.localtransport for 10
07-06 00:00:00.067   715   715 D DevicePolicyManager: updateSystemUpdateFreezePeriodsRecord
07-06 00:00:00.069  1206  1206 D PeriodicJobReceiver: refresh periodic job from action=com.android.settings.battery.action.PERIODIC_JOB_UPDATE
07-06 00:00:00.072  1206 21068 D BatteryUsageDataLoader: loadUsageDataSafely() in the AsyncTask
07-06 00:00:00.086  1661 21811 I AlarmManager: setExactAndAllowWhileIdle [name: RemindersNSREFRESH_TIME_REMINDERS_ALARM type: 0 triggerAtMillis: 1783382400000]
07-06 00:00:00.089  1206  1206 D PeriodicJobManager: schedule next alarm job at Jul 06, 2026, 01:00:00
07-06 00:00:00.095   715   767 E BluetoothPowerStatsCollector: Cannot acquire BluetoothActivityEnergyInfo
07-06 00:00:00.095   715   767 E BluetoothPowerStatsCollector: java.util.concurrent.ExecutionException: java.lang.RuntimeException: error: 11
07-06 00:00:00.095   715   767 E BluetoothPowerStatsCollector: 	at java.util.concurrent.CompletableFuture.reportGet(CompletableFuture.java:372)
07-06 00:00:00.095   715   767 E BluetoothPowerStatsCollector: 	at java.util.concurrent.CompletableFuture.get(CompletableFuture.java:2072)
07-06 00:00:00.095   715   767 E BluetoothPowerStatsCollector: 	at com.android.server.power.stats.BluetoothPowerStatsCollector.collectBluetoothActivityInfo(BluetoothPowerStatsCollector.java:192)
07-06 00:00:00.095   715   767 E BluetoothPowerStatsCollector: 	at com.android.server.power.stats.BluetoothPowerStatsCollector.collectStats(BluetoothPowerStatsCollector.java:155)
07-06 00:00:00.095   715   767 E BluetoothPowerStatsCollector: 	at com.android.server.power.stats.PowerStatsCollector.collectAndDeliverStats(PowerStatsCollector.java:176)
07-06 00:00:00.095   715   767 E BluetoothPowerStatsCollector: 	at com.android.server.power.stats.PowerStatsCollector$$ExternalSyntheticLambda0.run(R8$$SyntheticClass:0)
07-06 00:00:00.095   715   767 E BluetoothPowerStatsCollector: 	at android.os.Handler.handleCallback(Handler.java:995)
07-06 00:00:00.095   715   767 E BluetoothPowerStatsCollector: 	at android.os.Handler.dispatchMessage(Handler.java:103)
07-06 00:00:00.095   715   767 E BluetoothPowerStatsCollector: 	at android.os.Looper.loopOnce(Looper.java:248)
07-06 00:00:00.095   715   767 E BluetoothPowerStatsCollector: 	at android.os.Looper.loop(Looper.java:338)
07-06 00:00:00.095   715   767 E BluetoothPowerStatsCollector: 	at android.os.HandlerThread.run(HandlerThread.java:85)
07-06 00:00:00.095   715   767 E BluetoothPowerStatsCollector: Caused by: java.lang.RuntimeException: error: 11
07-06 00:00:00.095   715   767 E BluetoothPowerStatsCollector: 	at com.android.server.power.stats.BluetoothPowerStatsCollector$1.onBluetoothActivityEnergyInfoError(BluetoothPowerStatsCollector.java:181)
07-06 00:00:00.095   715   767 E BluetoothPowerStatsCollector: 	at android.bluetooth.BluetoothAdapter$OnBluetoothActivityEnergyInfoProxy.lambda$onBluetoothActivityEnergyInfoAvailable$0(BluetoothAdapter.java:1037)
07-06 00:00:00.095   715   767 E BluetoothPowerStatsCollector: 	at android.bluetooth.BluetoothAdapter$OnBluetoothActivityEnergyInfoProxy$$ExternalSyntheticLambda1.run(D8$$SyntheticClass:0)
07-06 00:00:00.095   715   767 E BluetoothPowerStatsCollector: 	at android.bluetooth.BluetoothUtils.lambda$executeFromBinder$0(BluetoothUtils.java:343)
07-06 00:00:00.095   715   767 E BluetoothPowerStatsCollector: 	at android.bluetooth.BluetoothUtils$$ExternalSyntheticLambda1.run(D8$$SyntheticClass:0)
07-06 00:00:00.095   715   767 E BluetoothPowerStatsCollector: 	at com.android.server.SystemServerInitThreadPool$$ExternalSyntheticLambda0.execute(R8$$SyntheticClass:0)
07-06 00:00:00.095   715   767 E BluetoothPowerStatsCollector: 	at android.bluetooth.BluetoothUtils.executeFromBinder(BluetoothUtils.java:343)
07-06 00:00:00.095   715   767 E BluetoothPowerStatsCollector: 	at android.bluetooth.BluetoothAdapter$OnBluetoothActivityEnergyInfoProxy.onBluetoothActivityEnergyInfoAvailable(BluetoothAdapter.java:1035)
07-06 00:00:00.095   715   767 E BluetoothPowerStatsCollector: 	at android.bluetooth.IBluetoothActivityEnergyInfoListener$Stub.onTransact(IBluetoothActivityEnergyInfoListener.java:98)
07-06 00:00:00.095   715   767 E BluetoothPowerStatsCollector: 	at android.os.Binder.execTransactInternal(Binder.java:1426)
07-06 00:00:00.095   715   767 E BluetoothPowerStatsCollector: 	at android.os.Binder.execTransact(Binder.java:1365)
07-06 00:00:00.118   488   533 I netd    : tetherGetStats() -> {[]} <2.78ms>
07-06 00:00:00.136  1124  1155 D PackageUpdatedTask: Package updated: mOp=UPDATE packages=[com.google.android.calendar], user=UserHandle{0}
07-06 00:00:00.173   715  1496 D TelephonyManager: requestModemActivityInfo: Sending result to app: ModemActivityInfo{ mTimestamp=38321127 mSleepTimeMs=4536 mIdleTimeMs=1512 mActivityStatsTechSpecificInfo=[{mRat=UNKNOWN,mFrequencyRange=UNKNOWN,mTxTimeMs[]=[108, 324, 648, 864, 972],mRxTimeMs=972}]}
07-06 00:00:00.176  1124  1155 I s.nexuslauncher: AssetManager2(0x79075ab30bd8) locale list changing from [] to [en-US]
07-06 00:00:00.182  1124  1155 W HWUI    : Image decoding logging dropped!
07-06 00:00:00.184  1124  1155 W HWUI    : Image decoding logging dropped!
07-06 00:00:00.188  1124  1155 W HWUI    : Image decoding logging dropped!
07-06 00:00:00.189   488   533 I netd    : tetherGetStats() -> {[]} <0.45ms>
07-06 00:00:00.193   715   767 I WifiService: isFeatureSupported uid=1000 returns [WIFI_FEATURE_INFRA, WIFI_FEATURE_P2P, WIFI_FEATURE_MOBILE_HOTSPOT, WIFI_FEATURE_WPA3_SAE, WIFI_FEATURE_WPA3_SUITE_B, WIFI_FEATURE_OWE, WIFI_FEATURE_DPP, WIFI_FEATURE_AP_RAND_MAC, WIFI_FEATURE_MBO, WIFI_FEATURE_FILS_SHA256, WIFI_FEATURE_FILS_SHA384, WIFI_FEATURE_SAE_PK, WIFI_FEATURE_DPP_ENROLLEE_RESPONDER, WIFI_FEATURE_PASSPOINT_TERMS_AND_CONDITIONS, WIFI_FEATURE_WFD_R2, WIFI_FEATURE_DECORATED_IDENTITY, WIFI_FEATURE_TRUST_ON_FIRST_USE, WIFI_FEATURE_SET_TLS_MINIMUM_VERSION, WIFI_FEATURE_TLS_V1_3, WIFI_FEATURE_WEP, WIFI_FEATURE_WPA_PERSONAL]
07-06 00:00:00.231   715  1249 D TelephonyManager: requestModemActivityInfo: Sending result to app: ModemActivityInfo{ mTimestamp=38321184 mSleepTimeMs=4578 mIdleTimeMs=1526 mActivityStatsTechSpecificInfo=[{mRat=UNKNOWN,mFrequencyRange=UNKNOWN,mTxTimeMs[]=[109, 327, 654, 872, 981],mRxTimeMs=981}]}
07-06 00:00:00.257   488   533 I netd    : tetherGetStats() -> {[]} <3.63ms>
07-06 00:00:00.263  1124  1958 W HWUI    : Failed to choose config with EGL_SWAP_BEHAVIOR_PRESERVED, retrying without...
07-06 00:00:00.263  1124  1958 W HWUI    : Failed to initialize 101010-2 format, error = EGL_SUCCESS
07-06 00:00:00.267   715   767 E BluetoothPowerStatsCollector: Cannot acquire BluetoothActivityEnergyInfo
07-06 00:00:00.267   715   767 E BluetoothPowerStatsCollector: java.util.concurrent.ExecutionException: java.lang.RuntimeException: error: 11
07-06 00:00:00.267   715   767 E BluetoothPowerStatsCollector: 	at java.util.concurrent.CompletableFuture.reportGet(CompletableFuture.java:372)
07-06 00:00:00.267   715   767 E BluetoothPowerStatsCollector: 	at java.util.concurrent.CompletableFuture.get(CompletableFuture.java:2072)
07-06 00:00:00.267   715   767 E BluetoothPowerStatsCollector: 	at com.android.server.power.stats.BluetoothPowerStatsCollector.collectBluetoothActivityInfo(BluetoothPowerStatsCollector.java:192)
07-06 00:00:00.267   715   767 E BluetoothPowerStatsCollector: 	at com.android.server.power.stats.BluetoothPowerStatsCollector.collectStats(BluetoothPowerStatsCollector.java:155)
07-06 00:00:00.267   715   767 E BluetoothPowerStatsCollector: 	at com.android.server.power.stats.PowerStatsCollector.collectAndDeliverStats(PowerStatsCollector.java:176)
07-06 00:00:00.267   715   767 E BluetoothPowerStatsCollector: 	at com.android.server.power.stats.PowerStatsCollector$$ExternalSyntheticLambda0.run(R8$$SyntheticClass:0)
07-06 00:00:00.267   715   767 E BluetoothPowerStatsCollector: 	at android.os.Handler.handleCallback(Handler.java:995)
07-06 00:00:00.267   715   767 E BluetoothPowerStatsCollector: 	at android.os.Handler.dispatchMessage(Handler.java:103)
07-06 00:00:00.267   715   767 E BluetoothPowerStatsCollector: 	at android.os.Looper.loopOnce(Looper.java:248)
07-06 00:00:00.267   715   767 E BluetoothPowerStatsCollector: 	at android.os.Looper.loop(Looper.java:338)
07-06 00:00:00.267   715   767 E BluetoothPowerStatsCollector: 	at android.os.HandlerThread.run(HandlerThread.java:85)
07-06 00:00:00.267   715   767 E BluetoothPowerStatsCollector: Caused by: java.lang.RuntimeException: error: 11
07-06 00:00:00.267   715   767 E BluetoothPowerStatsCollector: 	at com.android.server.power.stats.BluetoothPowerStatsCollector$1.onBluetoothActivityEnergyInfoError(BluetoothPowerStatsCollector.java:181)
07-06 00:00:00.267   715   767 E BluetoothPowerStatsCollector: 	at android.bluetooth.BluetoothAdapter$OnBluetoothActivityEnergyInfoProxy.lambda$onBluetoothActivityEnergyInfoAvailable$0(BluetoothAdapter.java:1037)
07-06 00:00:00.267   715   767 E BluetoothPowerStatsCollector: 	at android.bluetooth.BluetoothAdapter$OnBluetoothActivityEnergyInfoProxy$$ExternalSyntheticLambda1.run(D8$$SyntheticClass:0)
07-06 00:00:00.267   715   767 E BluetoothPowerStatsCollector: 	at android.bluetooth.BluetoothUtils.lambda$executeFromBinder$0(BluetoothUtils.java:343)
07-06 00:00:00.267   715   767 E BluetoothPowerStatsCollector: 	at android.bluetooth.BluetoothUtils$$ExternalSyntheticLambda1.run(D8$$SyntheticClass:0)
07-06 00:00:00.267   715   767 E BluetoothPowerStatsCollector: 	at com.android.server.SystemServerInitThreadPool$$ExternalSyntheticLambda0.execute(R8$$SyntheticClass:0)
07-06 00:00:00.267   715   767 E BluetoothPowerStatsCollector: 	at android.bluetooth.BluetoothUtils.executeFromBinder(BluetoothUtils.java:343)
07-06 00:00:00.267   715   767 E BluetoothPowerStatsCollector: 	at android.bluetooth.BluetoothAdapter$OnBluetoothActivityEnergyInfoProxy.onBluetoothActivityEnergyInfoAvailable(BluetoothAdapter.java:1035)
07-06 00:00:00.267   715   767 E BluetoothPowerStatsCollector: 	at android.bluetooth.IBluetoothActivityEnergyInfoListener$Stub.onTransact(IBluetoothActivityEnergyInfoListener.java:98)
07-06 00:00:00.267   715   767 E BluetoothPowerStatsCollector: 	at android.os.Binder.execTransactInternal(Binder.java:1426)
07-06 00:00:00.267   715   767 E BluetoothPowerStatsCollector: 	at android.os.Binder.execTransact(Binder.java:1365)
07-06 00:00:00.304   715   874 D WifiClientModeImpl[27601:wlan0]: updateLinkLayerStatsRssiSpeedFrequencyCapabilities rssi=-50 TxLinkspeed=1 freq=2447 RxLinkSpeed=2
07-06 00:00:00.304   715   874 D WifiDataStall: tx tput in kbps: 11000
07-06 00:00:00.304   715   874 D WifiDataStall: rx tput in kbps: 11000
07-06 00:00:00.304   715   874 V WifiConfigManager: Updating scan detail cache freq=2447 BSSID=00:13:10:85:fe:01 RSSI=-50 for "AndroidWifi"NONE
07-06 00:00:00.305   715   874 D WifiThroughputPredictor:  utilization (LLS) 80 isBluetoothConnected: false final utilization: 80
07-06 00:00:00.306   715   874 D WifiThroughputPredictor:  BW: 0 RSSI: -50 Nss: 1 Mode: 1 symDur: 4000 snrDb 30 bitPerTone: 4500 rate: 54 throughput: 11
07-06 00:00:00.308   488   533 I netd    : tetherGetStats() -> {[]} <0.66ms>
07-06 00:00:00.308   715   874 D WifiThroughputPredictor:  utilization (LLS) 80 isBluetoothConnected: false final utilization: 80
07-06 00:00:00.308   715   874 D WifiThroughputPredictor:  BW: 0 RSSI: -50 Nss: 1 Mode: 1 symDur: 4000 snrDb 30 bitPerTone: 4500 rate: 54 throughput: 11
07-06 00:00:00.308   715   874 D WifiThroughputPredictor:  utilization (LLS) 80 isBluetoothConnected: false final utilization: 80
07-06 00:00:00.309   715   874 D WifiThroughputPredictor:  BW: 0 RSSI: -50 Nss: 1 Mode: 1 symDur: 4000 snrDb 30 bitPerTone: 4500 rate: 54 throughput: 11
07-06 00:00:00.309  1124  1155 W HWUI    : Image decoding logging dropped!
07-06 00:00:00.309   715   874 D WifiThroughputPredictor:  utilization (LLS) 80 isBluetoothConnected: false final utilization: 80
07-06 00:00:00.309   715   874 D WifiThroughputPredictor:  BW: 0 RSSI: -50 Nss: 1 Mode: 1 symDur: 4000 snrDb 30 bitPerTone: 4500 rate: 54 throughput: 11
07-06 00:00:00.311  1124  1155 D AlphabeticIndexCompat: computeSectionName: cs: Calendar sectionName: C
07-06 00:00:00.312  1124  1124 D AllAppsStore: setApps: apps.length=20
07-06 00:00:00.312  1124  1124 D AllAppsStore: notifyUpdate: notifying listeners
07-06 00:00:00.312  1124  1124 D ActivityAllAppsContainerView: onAppsUpdated; number of apps: 20
07-06 00:00:00.312  1124  1124 D ActivityAllAppsContainerView: rebindAdapters: force: false
07-06 00:00:00.312  1124  1124 D ActivityAllAppsContainerView: rebindAdapters: Not needed.
07-06 00:00:00.313  1124  1124 D StatsLog: LAUNCHER_ALLAPPS_COUNT
07-06 00:00:00.313  1124  1124 D AlphabeticalAppsList: Clearing FastScrollerSections.
07-06 00:00:00.314  1124  1124 D AlphabeticalAppsList: Adding apps with sections. HasPrivateApps: false
07-06 00:00:00.314  1124  1124 D AlphabeticalAppsList: addAppsWithSections: adding sectionName: C with appInfoTitle: Calendar
07-06 00:00:00.314  1124  1124 D AlphabeticalAppsList: addAppsWithSections: adding sectionName: D with appInfoTitle: Drive
07-06 00:00:00.314  1124  1124 D AlphabeticalAppsList: addAppsWithSections: adding sectionName: F with appInfoTitle: Files
07-06 00:00:00.314  1124  1124 D AlphabeticalAppsList: addAppsWithSections: adding sectionName: G with appInfoTitle: Gmail
07-06 00:00:00.314  1124  1124 D AlphabeticalAppsList: addAppsWithSections: adding sectionName: M with appInfoTitle: Maps
07-06 00:00:00.314  1124  1124 D AlphabeticalAppsList: addAppsWithSections: adding sectionName: P with appInfoTitle: Phone
07-06 00:00:00.314  1124  1124 D AlphabeticalAppsList: addAppsWithSections: adding sectionName: S with appInfoTitle: Safety
07-06 00:00:00.314  1124  1124 D AlphabeticalAppsList: addAppsWithSections: adding sectionName: T with appInfoTitle: TMoble
07-06 00:00:00.316   715   874 D WifiScoreCard: BSSID update SIGNAL_POLL ID: 1559335064 SSID: "AndroidWifi", BSSID: 00:13:10:85:fe:01, MAC: 02:15:b2:00:00:00, IP: /10.0.2.16, Security type: 0, Supplicant state: COMPLETED, Wi-Fi standard: legacy, RSSI: -50, Link speed: 1Mbps, Tx Link speed: 1Mbps, Max Supported Tx Link speed: 11Mbps, Rx Link speed: 2Mbps, Max Supported Rx Link speed: 11Mbps, Frequency: 2447MHz, Net ID: 0, Metered hint: false, score: 60, isUsable: true, CarrierMerged: false, SubscriptionId: -1, IsPrimary: 1, Trusted: true, Restricted: false, Ephemeral: false, OEM paid: false, OEM private: false, OSU AP: false, FQDN: <none>, Provider friendly name: <none>, Requesting package name: <none>"AndroidWifi"openMLO Information: , Is TID-To-Link negotiation supported by the AP: false, AP MLD Address: <none>, AP MLO Link Id: <none>, AP MLO Affiliated links: <none>, Vendor Data: <none>
07-06 00:00:00.316   715   874 D WifiScoreCard: txRate: 1 txSpeed: 1
07-06 00:00:00.316   715   874 D WifiScoreCard: network update SIGNAL_POLL "AndroidWifi" ID: 1201260005 RSSI -50 txSpeed -1
07-06 00:00:00.317   715   874 D WifiClientModeImpl[27601:wlan0]:  ClientModeImpl$L2ConnectedState screen=on 1 0 "AndroidWifi" 00:13:10:85:fe:01 rssi=-50 f=2447 sc=60 link=1 tx=0.8, 0.0, 0.0 rx=0.8 bcn=0 [on:0 tx:0 rx:0 period:3016] from screen [on:0 period:884572476] score=60
07-06 00:00:00.322  1124  1124 D AlphabeticalAppsList: addAppsWithSections: adding sectionName: Y with appInfoTitle: YouTube
07-06 00:00:00.322  1124  1124 D AlphabeticalAppsList: addAppsWithSections: adding sectionName: … with appInfoTitle: 会意 v4
07-06 00:00:00.323  1124  1124 D AlphabeticalAppsList: Adding FastScrollSection duplicate to scroll to the bottom.
07-06 00:00:00.323  1124  1124 D AlphabeticalAppsList: Clearing FastScrollerSections.
07-06 00:00:00.323  1124  1124 D AlphabeticalAppsList: Adding apps with sections. HasPrivateApps: false
07-06 00:00:00.323  1124  1124 D AlphabeticalAppsList: addAppsWithSections: adding sectionName: C with appInfoTitle: Calendar
07-06 00:00:00.323  1124  1124 D AlphabeticalAppsList: addAppsWithSections: adding sectionName: D with appInfoTitle: Drive
07-06 00:00:00.324  1124  1124 D AlphabeticalAppsList: addAppsWithSections: adding sectionName: F with appInfoTitle: Files
07-06 00:00:00.324  1124  1124 D AlphabeticalAppsList: addAppsWithSections: adding sectionName: G with appInfoTitle: Gmail
07-06 00:00:00.327  1124  1124 D AlphabeticalAppsList: addAppsWithSections: adding sectionName: M with appInfoTitle: Maps
07-06 00:00:00.327  1124  1124 D AlphabeticalAppsList: addAppsWithSections: adding sectionName: P with appInfoTitle: Phone
07-06 00:00:00.327  1124  1124 D AlphabeticalAppsList: addAppsWithSections: adding sectionName: S with appInfoTitle: Safety
07-06 00:00:00.328  1124  1124 D AlphabeticalAppsList: addAppsWithSections: adding sectionName: T with appInfoTitle: TMoble
07-06 00:00:00.328  1124  1124 D AlphabeticalAppsList: addAppsWithSections: adding sectionName: Y with appInfoTitle: YouTube
07-06 00:00:00.328  1124  1124 D AlphabeticalAppsList: addAppsWithSections: adding sectionName: … with appInfoTitle: 会意 v4
07-06 00:00:00.328  1124  1124 D AlphabeticalAppsList: Adding FastScrollSection duplicate to scroll to the bottom.
07-06 00:00:00.354  1124  1124 D b/387844520: getOutlineOffsetX: measured width = 163, mNormalizedIconSize = 150, last updated width = 163
07-06 00:00:00.363  2497  2497 D ActivityThread: Package [com.huiyi.v4] reported as REPLACED, but missing application info. Assuming REMOVED.
07-06 00:00:00.364   715   757 D ActivityManager: sync unfroze 2497 com.google.android.deskclock for 3
07-06 00:00:00.373  2497  2497 D ActivityThread: Package [com.huiyi.mockchat] reported as REPLACED, but missing application info. Assuming REMOVED.
07-06 00:00:00.400   488   533 I netd    : tetherGetStats() -> {[]} <1.84ms>
07-06 00:00:00.401  1206 21068 D DataProcessor: getBatteryUsageStats() from BatteryStatsManager in 326/ms
07-06 00:00:00.401  1206 21068 W DataProcessor: shouldShowBatteryAttributionList(): 0.1
07-06 00:00:00.402  1206 21068 W BatteryUsageDataLoader: getBatteryEntryList() returns null or empty content
07-06 00:00:00.404  1206 21068 D BatteryUsageDataLoader: getBatteryUsageStats() in 328/ms
07-06 00:00:00.415  1206 21068 D DatabaseUtils: insert() data into database with isFullChargeStart:false
07-06 00:00:00.420  1206 21068 D DatabaseUtils: sendBatteryEntryData() size=1 in 16/ms
07-06 00:00:00.423  1206 21068 D BatteryUsageContentProvider: getQueryUserId from uri: content://com.android.settings.battery.usage.provider/appUsageLatestTimestamp?userid=0
07-06 00:00:00.423  1206 21068 D BatteryUsageContentProvider: getAppUsageLatestTimestamp() for user 0 in 0/ms
07-06 00:00:00.425  1206 21068 D DatabaseUtils: getAppUsageStartTimestampOfUser() userId=0 latestTimestamp=Jul 05, 2026, 19:05:50 in 2/ms
07-06 00:00:00.429  1206 21068 D DataProcessor: getAppUsageEventsForUser(): 0 from 1783278350421 to 1783296000423 in 1/ms
07-06 00:00:00.429  1206 21068 D DataProcessor: getAppUsageEvents() for all unlocked users in 7/ms
07-06 00:00:00.442   715   840 I ImeTracker: system_server:5e447265: setFinished at PHASE_WM_GET_CONTROL_WITH_LEASH with STATUS_TIMEOUT
07-06 00:00:00.444  1206 21068 W DataProcessor: Read 12 relevant events (69 total) from UsageStatsManager
07-06 00:00:00.445  1206 21068 D BatteryUsageDataLoader: loadAppUsageData() size=12 in 23/ms
07-06 00:00:00.468 21796 21796 W AccessibilityNodeInfoDumper: Fetch time: 139ms
07-06 00:00:00.474   715  1249 V AccessibilityManagerService: onUserStateChangedLocked for userId: 0, forceUpdate: false
07-06 00:00:00.481   715   930 D BackgroundInstallControlService: Package event received: 0
07-06 00:00:00.484  1206 21068 D DatabaseUtils: insert() app usage events data into database
07-06 00:00:00.484  1206 21068 D DatabaseUtils: sendAppUsageEventData() size=12 in 35/ms
07-06 00:00:00.485  1206 21068 D BatteryUsageContentProvider: getLastFullChargeTimestamp() in 1/ms
07-06 00:00:00.485   715  1249 W MagnificationConnectionManager: requestConnection duplicated request: connect=false, mConnectionState=DISCONNECTED
07-06 00:00:00.485  1206 21068 D DatabaseUtils: getLastFullChargeTime() lastFullChargeTime=Jan 01, 1970, 00:00:00 in 1/ms
07-06 00:00:00.485  1206 21068 D DatabaseUtils: getBatteryEvents for timestamp: 1782777600000
07-06 00:00:00.485   715  1249 D AccessibilityManagerService: restoreCurrentUserForTestAutomationIfNeededLocked(): ignoring because device doesn't support visible background users
07-06 00:00:00.486  1206 21068 D BatteryUsageContentProvider: getQueryBatteryEventTypes from uri: content://com.android.settings.battery.usage.provider/BatteryEvent?timestamp=1782777600000&batteryEventType=3%2C4
07-06 00:00:00.486  1206 21068 D BatteryUsageContentProvider: getQueryTimestamp from uri: content://com.android.settings.battery.usage.provider/BatteryEvent?timestamp=1782777600000&batteryEventType=3%2C4
07-06 00:00:00.486  1206 21068 W BatteryUsageContentProvider: getBatteryEvents() in 0/ms
07-06 00:00:00.487   715   715 W IPCThreadState: Sending oneway calls to frozen process.
07-06 00:00:00.488   715   715 W IPCThreadState: Sending oneway calls to frozen process.
07-06 00:00:00.488   715   715 W IPCThreadState: Sending oneway calls to frozen process.
07-06 00:00:00.490  1206 21068 D DatabaseUtils: getBatteryEvents size=79 in 4/ms
07-06 00:00:00.491  1206 21068 D DataProcessManager: getPeriodBatteryLevelData() startTimestamp=Jul 05, 2026, 23:00:00
07-06 00:00:00.492  1206 21068 D DatabaseUtils: sixDaysAgoTimestamp: Jun 30, 2026, 00:00:00
07-06 00:00:00.492   715   715 W IPCThreadState: Sending oneway calls to frozen process.
07-06 00:00:00.492   715   715 W IPCThreadState: Sending oneway calls to frozen process.
07-06 00:00:00.492   715   715 W IPCThreadState: Sending oneway calls to frozen process.
07-06 00:00:00.493   715   715 W IPCThreadState: Sending oneway calls to frozen process.
07-06 00:00:00.495   715   715 W IPCThreadState: Sending oneway calls to frozen process.
07-06 00:00:00.496  1206 21068 D BatteryUsageContentProvider: getQueryTimestamp from uri: content://com.android.settings.battery.usage.provider/batteryStateLatestTimestamp?timestamp=1783292400000
07-06 00:00:00.496   715   715 W IPCThreadState: Sending oneway calls to frozen process.
07-06 00:00:00.497   715   715 W IPCThreadState: Sending oneway calls to frozen process.
07-06 00:00:00.499  1206 21068 D BatteryUsageContentProvider: getBatteryStateLatestTimestamp() no later than 1783292400000 in 1/ms
07-06 00:00:00.499  1206 21068 D DatabaseUtils: getBatteryStateLatestTimestamp() batteryStateLatestTimestamp=Jul 05, 2026, 20:23:58 in 7/ms
07-06 00:00:00.500  1206 21068 D BatteryUsageContentProvider: getQueryTimestamp from uri: content://com.android.settings.battery.usage.provider/BatteryState?timestamp=1783283038255
07-06 00:00:00.500   715   715 W IPCThreadState: Sending oneway calls to frozen process.
07-06 00:00:00.501   715   715 W IPCThreadState: Sending oneway calls to frozen process.
07-06 00:00:00.501  1206 21068 D BatteryUsageContentProvider: getBatteryStates() after 1783283038255 in 1/ms
07-06 00:00:00.501   715   715 W IPCThreadState: Sending oneway calls to frozen process.
07-06 00:00:00.502 21796 21796 D AndroidRuntime: Shutting down VM
07-06 00:00:00.502  1206 21068 D DatabaseUtils: getBatteryHistoryMap() size=3 in 2/ms
07-06 00:00:00.502 21796 21806 W IPCThreadState: call to talkWithDriver in joinThreadPool returned error: -9 (Bad file descriptor), FD: -1
07-06 00:00:00.503 21796 21810 W IPCThreadState: call to talkWithDriver in joinThreadPool returned error: -9 (Bad file descriptor), FD: -1
07-06 00:00:00.503 21796 21805 W IPCThreadState: call to talkWithDriver in joinThreadPool returned error: -9 (Bad file descriptor), FD: -1
07-06 00:00:00.503   715   715 W IPCThreadState: Sending oneway calls to frozen process.
07-06 00:00:00.503 21796 21809 W IPCThreadState: call to talkWithDriver in joinThreadPool returned error: -9 (Bad file descriptor), FD: -1
07-06 00:00:00.503   715   715 W IPCThreadState: Sending oneway calls to frozen process.
07-06 00:00:00.508   715   715 W IPCThreadState: Sending oneway calls to frozen process.
07-06 00:00:00.508  1206 21068 D DataProcessor: getHistoryMapWithExpectedTimestamps() size=6 in 0/ms
07-06 00:00:00.509  1206 21068 D DataProcessManager: execute getBatteryLevelData in 25/ms, batteryLevelRecordEvents.size=79
07-06 00:00:00.512   715   715 V AccessibilityManagerService: onUserStateChangedLocked for userId: 0, forceUpdate: false
07-06 00:00:00.518   715   715 W MagnificationConnectionManager: requestConnection duplicated request: connect=false, mConnectionState=DISCONNECTED
07-06 00:00:00.519   715   715 W IPCThreadState: Sending oneway calls to frozen process.
07-06 00:00:00.520   715   715 W IPCThreadState: Sending oneway calls to frozen process.
07-06 00:00:00.523   715   715 W IPCThreadState: Sending oneway calls to frozen process.
07-06 00:00:00.524   715   715 W IPCThreadState: Sending oneway calls to frozen process.
07-06 00:00:00.524   715   715 W IPCThreadState: Sending oneway calls to frozen process.
07-06 00:00:00.525   715   715 W IPCThreadState: Sending oneway calls to frozen process.
07-06 00:00:00.525   715   715 W IPCThreadState: Sending oneway calls to frozen process.
07-06 00:00:00.527   715   715 W IPCThreadState: Sending oneway calls to frozen process.
07-06 00:00:00.530   715   715 W IPCThreadState: Sending oneway calls to frozen process.
07-06 00:00:00.531   715   715 W IPCThreadState: Sending oneway calls to frozen process.
07-06 00:00:00.531   715   715 W IPCThreadState: Sending oneway calls to frozen process.
07-06 00:00:00.531   715   715 W IPCThreadState: Sending oneway calls to frozen process.
07-06 00:00:00.536   715   715 W IPCThreadState: Sending oneway calls to frozen process.
07-06 00:00:00.541   715   715 W IPCThreadState: Sending oneway calls to frozen process.
07-06 00:00:00.541   715   715 W IPCThreadState: Sending oneway calls to frozen process.
07-06 00:00:00.541   715   715 W IPCThreadState: Sending oneway calls to frozen process.
07-06 00:00:00.543   715   715 W IPCThreadState: Sending oneway calls to frozen process.
07-06 00:00:00.543   715   715 W IPCThreadState: Sending oneway calls to frozen process.
07-06 00:00:00.545  1206 21068 D DatabaseUtils: insert() battery event data into database
07-06 00:00:00.545  1206 21068 D DatabaseUtils: sendBatteryEventData() size=3 in 36/ms
07-06 00:00:00.547   715   715 W IPCThreadState: Sending oneway calls to frozen process.
07-06 00:00:00.547   715   715 W IPCThreadState: Sending oneway calls to frozen process.
07-06 00:00:00.548   715   715 W IPCThreadState: Sending oneway calls to frozen process.
07-06 00:00:00.548   715   715 W IPCThreadState: Sending oneway calls to frozen process.
07-06 00:00:00.549   715   715 W IPCThreadState: Sending oneway calls to frozen process.
07-06 00:00:00.549   715   715 W IPCThreadState: Sending oneway calls to frozen process.
07-06 00:00:00.552  1206 21068 D BatteryUsageDataLoader: preprocessBatteryUsageSlots() batteryLevelData=dailyBatteryLevels: timestamps: [1783285200000, 1783296000000]; levels: [100, 100]; hourlyBatteryLevelsPerDay: [timestamps: [1783285200000, 1783288800000, 1783296000000]; levels: [100, 100, 100]] in 68/ms
07-06 00:00:00.552  1206 21068 D BatteryUsageDataLoader: loadUsageDataSafely() in 480/ms
07-06 00:00:00.577  1206 21068 D DatabaseUtils: sixDaysAgoTimestamp: Jun 30, 2026, 00:00:00
07-06 00:00:00.577  1206 21068 D BatteryUsageContentProvider: getQueryUserIds from uri: content://com.android.settings.battery.usage.provider/AppUsageEvent?timestamp=1783281600000&userid=0
07-06 00:00:00.577  1206 21068 D BatteryUsageContentProvider: getQueryTimestamp from uri: content://com.android.settings.battery.usage.provider/AppUsageEvent?timestamp=1783281600000&userid=0
07-06 00:00:00.578  1206 21068 W BatteryUsageContentProvider: getAppUsageEvents() in 1/ms
07-06 00:00:00.578  1206 21068 D DatabaseUtils: getAppUsageEventForUser userId=0 size=12 in 2/ms
07-06 00:00:00.580  1206 21068 D DataProcessManager: execute loadDatabaseAppUsageList size=12 in 2/ms
07-06 00:00:00.581  1206 21813 D DatabaseUtils: getBatteryEvents for timestamp: 1783292400000
07-06 00:00:00.581  1206 21813 D BatteryUsageContentProvider: getQueryBatteryEventTypes from uri: content://com.android.settings.battery.usage.provider/BatteryEvent?timestamp=1783292400000&batteryEventType=1%2C2
07-06 00:00:00.583  1206 21813 D BatteryUsageContentProvider: getQueryTimestamp from uri: content://com.android.settings.battery.usage.provider/BatteryEvent?timestamp=1783292400000&batteryEventType=1%2C2
07-06 00:00:00.584  1206 21813 W BatteryUsageContentProvider: getBatteryEvents() in 0/ms
07-06 00:00:00.585  1206 21813 D DatabaseUtils: getBatteryEvents size=0 in 4/ms
07-06 00:00:00.587  1206 21813 D DataProcessManager: execute loadPowerConnectionBatteryEventList size=0 in 5/ms
07-06 00:00:00.587  1206  1206 D DataProcessManager: batteryEventList is null or empty
07-06 00:00:00.627  1206 21813 W PowerUsageFeatureProviderGoogleImpl: processBatteryReattributeData: disabled
07-06 00:00:00.627  1206 21813 D DataProcessManager: execute generateFinalDataAndApplyCallback size=2 in 39/ms
07-06 00:00:00.638  1206  1206 E SmsApplication: com.google.android.apps.messaging lost android:read_cell_broadcasts:  (fixing)
07-06 00:00:00.639   715  1835 W AppOpService: Ignored setUidMode call for runtime permission app op: uid = 10146, code = READ_CELL_BROADCASTS, mode = allow, callingUid = 1000, oldMode = allow
07-06 00:00:00.646   715  1836 W AppOpService: Ignored setUidMode call for runtime permission app op: uid = 1001, code = READ_SMS, mode = allow, callingUid = 1000, oldMode = allow
07-06 00:00:00.647   715  1836 W AppOpService: Ignored setUidMode call for runtime permission app op: uid = 1001, code = RECEIVE_SMS, mode = allow, callingUid = 1000, oldMode = allow
07-06 00:00:00.648   715  1249 W AppOpService: Ignored setUidMode call for runtime permission app op: uid = 1001, code = RECEIVE_WAP_PUSH, mode = allow, callingUid = 1000, oldMode = allow
07-06 00:00:00.651   715  1249 W AppOpService: Ignored setUidMode call for runtime permission app op: uid = 1001, code = SEND_SMS, mode = allow, callingUid = 1000, oldMode = allow
07-06 00:00:00.653   715  1249 W AppOpService: Ignored setUidMode call for runtime permission app op: uid = 1001, code = READ_CELL_BROADCASTS, mode = allow, callingUid = 1000, oldMode = allow
07-06 00:00:00.656  1206  1206 D DatabaseUtils: insert() battery usage slots data into database
07-06 00:00:00.657  1206  1206 D DatabaseUtils: sendBatteryUsageSlotData() size=2 in 2/ms
07-06 00:00:00.900   715   840 I ImeTracker: system_server:b54c69af: setFinished at PHASE_WM_GET_CONTROL_WITH_LEASH with STATUS_TIMEOUT
07-06 00:00:01.183  1112  1315 D SatelliteController: iisInCarrierRoamingNbIotNtn: satellite is disabled
07-06 00:00:01.568 21819 21819 W screencap: Thread Pool max thread count is 0. Cannot cache binder as linkToDeath cannot be implemented. serviceName: SurfaceFlingerAIDL
07-06 00:00:01.570 21819 21819 W BpBinder: Linking to death on android.gui.ISurfaceComposer but there are no threads (yet?) listening to incoming transactions. See ProcessState::startThreadPool and ProcessState::setThreadPoolMaxThreadCount. Generally you should setup the binder threadpool before other initialization steps.
07-06 00:00:01.570 21819 21819 W ProcessState: Extra binder thread started, but 0 threads requested. Do not use *startThreadPool when zero threads are requested.
07-06 00:00:01.586   567   586 E HwcComposer: getLuts failed Status(-8, EX_SERVICE_SPECIFIC): '8: '
07-06 00:00:01.586   567   586 E HWComposer: getLuts: getLuts failed for display 4619827259835644672: UNSUPPORTED (8)
--------- beginning of kernel
07-06 00:00:01.568     0     0 I servicemanager: Caller(pid=21819,uid=2000,sid=u:r:shell:s0) Found android.hardware.graphics.allocator.IAllocator/default in device VINTF manifest.
07-06 00:00:01.571     0     0 I servicemanager: Caller(pid=21819,uid=2000,sid=u:r:shell:s0) Found android.hardware.graphics.allocator.IAllocator/default in device VINTF manifest.
07-06 00:00:01.573     0     0 I servicemanager: Caller(pid=21819,uid=2000,sid=u:r:shell:s0) Found mapper/ranchu in device VINTF manifest.
07-06 00:00:01.608   500  4161 D android.hardware.audio@7.1-impl.ranchu: threadLoop: entering standby, frames: 10710272
07-06 00:00:01.608   500  4161 D android.hardware.audio@7.1-impl.ranchu: ~TinyalsaSink: joining consumeThread
07-06 00:00:01.616   500 21766 D android.hardware.audio@7.1-impl.ranchu: consumeThread: exiting
07-06 00:00:01.616   500  4161 D android.hardware.audio@7.1-impl.ranchu: ~TinyalsaSink: stopping PCM stream
