--------- beginning of main
07-05 23:59:56.213 21767 21767 I AconfigPackage: android.app.job is mapped to system
07-05 23:59:56.213 21767 21767 I AconfigPackage: android.content.res is mapped to system
07-05 23:59:56.213 21767 21767 I AconfigPackage: android.net.platform.flags is mapped to system
07-05 23:59:56.215 21767 21767 I AconfigPackage: com.android.aconfig.flags is mapped to system
07-05 23:59:56.215 21767 21767 I AconfigPackage: com.android.graphics.flags is mapped to system
07-05 23:59:56.215 21767 21767 I AconfigPackage: android.server.app is mapped to system
07-05 23:59:56.216 21767 21767 I AconfigPackage: android.speech.flags is mapped to system
07-05 23:59:56.216 21767 21767 I AconfigPackage: com.android.server.stats is mapped to system
07-05 23:59:56.216 21767 21767 I AconfigPackage: android.hardware.biometrics is mapped to system
07-05 23:59:56.216 21767 21767 I AconfigPackage: android.car.feature is mapped to system
07-05 23:59:56.216 21767 21767 I AconfigPackage: android.adpf is mapped to system
07-05 23:59:56.216 21767 21767 I AconfigPackage: android.location.flags is mapped to system
07-05 23:59:56.219 21767 21767 I AconfigPackage: com.android.settingslib.flags is mapped to system
07-05 23:59:56.219 21767 21767 I AconfigPackage: com.android.managedprovisioning.flags is mapped to system
07-05 23:59:56.227 21767 21767 I AconfigPackage: android.app.assist.flags is mapped to system
07-05 23:59:56.227 21767 21767 I AconfigPackage: com.android.server.net is mapped to system
07-05 23:59:56.227 21767 21767 I AconfigPackage: com.android.settingslib.widget.flags is mapped to system
07-05 23:59:56.227 21767 21767 I AconfigPackage: com.android.internal.camera.flags is mapped to system
07-05 23:59:56.227   715   767 I WifiService: isFeatureSupported uid=1000 returns [WIFI_FEATURE_INFRA, WIFI_FEATURE_P2P, WIFI_FEATURE_MOBILE_HOTSPOT, WIFI_FEATURE_WPA3_SAE, WIFI_FEATURE_WPA3_SUITE_B, WIFI_FEATURE_OWE, WIFI_FEATURE_DPP, WIFI_FEATURE_AP_RAND_MAC, WIFI_FEATURE_MBO, WIFI_FEATURE_FILS_SHA256, WIFI_FEATURE_FILS_SHA384, WIFI_FEATURE_SAE_PK, WIFI_FEATURE_DPP_ENROLLEE_RESPONDER, WIFI_FEATURE_PASSPOINT_TERMS_AND_CONDITIONS, WIFI_FEATURE_WFD_R2, WIFI_FEATURE_DECORATED_IDENTITY, WIFI_FEATURE_TRUST_ON_FIRST_USE, WIFI_FEATURE_SET_TLS_MINIMUM_VERSION, WIFI_FEATURE_TLS_V1_3, WIFI_FEATURE_WEP, WIFI_FEATURE_WPA_PERSONAL]
07-05 23:59:56.227 21767 21767 I AconfigPackage: com.android.hardware.libsensor.flags is mapped to system
07-05 23:59:56.227 21767 21767 I AconfigPackage: com.android.internal.jank is mapped to system
07-05 23:59:56.228 21767 21767 I AconfigPackage: com.android.providers.settings is mapped to system
07-05 23:59:56.228 21767 21767 I AconfigPackage: android.multiuser is mapped to system
07-05 23:59:56.228 21767 21767 I AconfigPackage: com.android.server.power.optimization is mapped to system
07-05 23:59:56.228 21767 21767 I AconfigPackage: com.android.calllogbackup is mapped to system
07-05 23:59:56.228 21767 21767 I AconfigPackage: com.android.media.flags is mapped to system
07-05 23:59:56.228 21767 21767 I AconfigPackage: com.android.server.flags is mapped to system
07-05 23:59:56.229 21767 21767 I AconfigPackage: com.android.graphics.libvulkan.flags is mapped to system
07-05 23:59:56.229 21767 21767 I AconfigPackage: android.app.appfunctions.flags is mapped to system
07-05 23:59:56.231 21767 21767 I AconfigPackage: android.app.smartspace.flags is mapped to system
07-05 23:59:56.232 21767 21767 I AconfigPackage: com.android.providers.contacts.flags is mapped to system
07-05 23:59:56.232 21767 21767 I AconfigPackage: com.android.shell.flags is mapped to system
07-05 23:59:56.232 21767 21767 I AconfigPackage: com.android.media.aaudio is mapped to system
07-05 23:59:56.232 21767 21767 I AconfigPackage: android.hardware.radio is mapped to system
07-05 23:59:56.232 21767 21767 I AconfigPackage: com.google.wear.services.infra.flags is mapped to system
07-05 23:59:56.233 21767 21767 I AconfigPackage: suspend_service.flags is mapped to system
07-05 23:59:56.233 21767 21767 I AconfigPackage: android.media.midi is mapped to system
07-05 23:59:56.234 21767 21767 I AconfigPackage: com.android.libcore.readonly is mapped to system
07-05 23:59:56.234 21767 21767 I AconfigPackage: com.android.settingslib.widget.selectorwithwidgetpreference.flags is mapped to system
07-05 23:59:56.235 21767 21767 I AconfigPackage: android.service.notification is mapped to system
07-05 23:59:56.235 21767 21767 I AconfigPackage: com.android.systemui.shared is mapped to system
07-05 23:59:56.235 21767 21767 I AconfigPackage: android.app.jank is mapped to system
07-05 23:59:56.236 21767 21767 I AconfigPackage: android.app.wearable is mapped to system
07-05 23:59:56.236 21767 21767 I AconfigPackage: com.android.media.audio is mapped to system
07-05 23:59:56.237 21767 21767 I AconfigPackage: android.service.chooser is mapped to system
07-05 23:59:56.237 21767 21767 I AconfigPackage: com.android.server.compat is mapped to system
07-05 23:59:56.237 21767 21767 I AconfigPackage: com.android.server.alarm is mapped to system
07-05 23:59:56.237 21767 21767 I AconfigPackage: com.android.apex.flags is mapped to system
07-05 23:59:56.240 21767 21767 I AconfigPackage: android.service.quickaccesswallet is mapped to system
07-05 23:59:56.242 21767 21767 I AconfigPackage: android.app.usage is mapped to system
07-05 23:59:56.243 21767 21767 I AconfigPackage: com.android.server.accessibility is mapped to system
07-05 23:59:56.243 21767 21767 I AconfigPackage: android.app.supervision.flags is mapped to system
07-05 23:59:56.243 21767 21767 I AconfigPackage: com.android.server.utils is mapped to system
07-05 23:59:56.246 21767 21767 I AconfigPackage: android.chre.flags is mapped to system
07-05 23:59:56.247 21767 21767 I AconfigPackage: android.content.flags is mapped to system
07-05 23:59:56.247 21767 21767 I AconfigPackage: android.media.codec is mapped to system
07-05 23:59:56.247 21767 21767 I AconfigPackage: com.android.internal.os is mapped to system
07-05 23:59:56.247 21767 21767 I AconfigPackage: com.android.nfc.nci.flags is mapped to system
07-05 23:59:56.248 21767 21767 I AconfigPackage: android.app is mapped to system
07-05 23:59:56.249 21767 21767 I AconfigPackage: android.security.keystore2 is mapped to system
07-05 23:59:56.249 21767 21767 I AconfigPackage: android.crashrecovery.flags is mapped to system
07-05 23:59:56.250 21767 21767 I AconfigPackage: com.android.tradeinmode.flags is mapped to system
07-05 23:59:56.250 21767 21767 I AconfigPackage: android.hardware.flags is mapped to system
07-05 23:59:56.250 21767 21767 I AconfigPackage: com.android.server.telecom.flags is mapped to system
07-05 23:59:56.250 21767 21767 I AconfigPackage: com.android.settingslib.media.flags is mapped to system
07-05 23:59:56.251 21767 21767 I AconfigPackage: com.android.server.policy is mapped to system
07-05 23:59:56.252 21767 21767 I AconfigPackage: android.media.audiopolicy is mapped to system
07-05 23:59:56.252 21767 21767 I AconfigPackage: com.android.egg.flags is mapped to system
07-05 23:59:56.252 21767 21767 I AconfigPackage: com.android.internal.compat.flags is mapped to system
07-05 23:59:56.252 21767 21767 I AconfigPackage: android.security is mapped to system
07-05 23:59:56.252 21767 21767 I AconfigPackage: android.service.autofill is mapped to system
07-05 23:59:56.252 21767 21767 I AconfigPackage: com.example.android.aconfig.demo.flags is mapped to system
07-05 23:59:56.252 21767 21767 I AconfigPackage: android.view.flags is mapped to system
07-05 23:59:56.253 21767 21767 I AconfigPackage: android.companion.virtual.flags is mapped to system
07-05 23:59:56.253 21767 21767 I AconfigPackage: com.android.aconfig_new_storage is mapped to system
07-05 23:59:56.253 21767 21767 I AconfigPackage: com.android.server.feature.flags is mapped to system
07-05 23:59:56.253 21767 21767 I AconfigPackage: com.android.systemui is mapped to system
07-05 23:59:56.253 21767 21767 I AconfigPackage: com.android.server.power.batterysaver is mapped to system
07-05 23:59:56.253 21767 21767 I AconfigPackage: android.widget.flags is mapped to system
07-05 23:59:56.253 21767 21767 I AconfigPackage: com.android.media.editing.flags is mapped to system
07-05 23:59:56.253 21767 21767 I AconfigPackage: com.android.media.codec.flags is mapped to system
07-05 23:59:56.254 21767 21767 I AconfigPackage: com.android.server.powerstats is mapped to system
07-05 23:59:56.254 21767 21767 I AconfigPackage: com.android.graphics.egl.flags is mapped to system
07-05 23:59:56.257 21767 21767 I AconfigPackage: com.android.media.audioserver is mapped to system
07-05 23:59:56.257 21767 21767 I AconfigPackage: com.android.server.deviceidle is mapped to system
07-05 23:59:56.257 21767 21767 I AconfigPackage: android.nfc is mapped to system
07-05 23:59:56.257 21767 21767 I AconfigPackage: android.permission.flags is mapped to system
07-05 23:59:56.259 21767 21767 I AconfigPackage: android.service.voice.flags is mapped to system
07-05 23:59:56.259 21767 21767 I AconfigPackage: android.content.pm is mapped to system
07-05 23:59:56.259 21767 21767 I AconfigPackage: com.android.server.power.hint is mapped to system
07-05 23:59:56.259 21767 21767 I AconfigPackage: android.os is mapped to system
07-05 23:59:56.260 21767 21767 I AconfigPackage: android.service.dreams is mapped to system
07-05 23:59:56.260 21767 21767 I AconfigPackage: com.android.graphics.libgui.flags is mapped to system
07-05 23:59:56.260 21767 21767 I AconfigPackage: android.hardware.usb.flags is mapped to system
07-05 23:59:56.260 21767 21767 I AconfigPackage: android.provider is mapped to system
07-05 23:59:56.261 21767 21767 I AconfigPackage: com.android.server.job is mapped to system
07-05 23:59:56.261 21767 21767 I AconfigPackage: com.android.internal.foldables.flags is mapped to system
07-05 23:59:56.262 21767 21767 I AconfigPackage: com.android.internal.telephony.flags is mapped to system
07-05 23:59:56.262 21767 21767 I AconfigPackage: android.webkit is mapped to system
07-05 23:59:56.262 21767 21767 I AconfigPackage: android.credentials.flags is mapped to system
07-05 23:59:56.262 21767 21767 I AconfigPackage: com.android.server.display.feature.flags is mapped to system
07-05 23:59:56.262 21767 21767 I AconfigPackage: com.android.server.notification is mapped to system
07-05 23:59:56.262 21767 21767 I AconfigPackage: android.appwidget.flags is mapped to system
07-05 23:59:56.262 21767 21767 I AconfigPackage: com.android.frameworks.sensorservice.flags is mapped to system
07-05 23:59:56.262 21767 21767 I AconfigPackage: com.android.printspooler.flags is mapped to system
07-05 23:59:56.263 21767 21767 I AconfigPackage: com.android.window.flags is mapped to system
07-05 23:59:56.263 21767 21767 I AconfigPackage: android.adaptiveauth is mapped to system
07-05 23:59:56.263 21767 21767 I AconfigPackage: android.net.wifi.flags is mapped to system
07-05 23:59:56.263 21767 21767 I AconfigPackage: android.media.tv.flags is mapped to system
07-05 23:59:56.263 21767 21767 I AconfigPackage: com.android.server.usb.flags is mapped to system
07-05 23:59:56.264 21767 21767 I AconfigPackage: android.os.vibrator is mapped to system
07-05 23:59:56.264 21767 21767 I AconfigPackage: android.hardware.devicestate.feature.flags is mapped to system
07-05 23:59:56.264 21767 21767 I AconfigPackage: com.android.server.usage is mapped to system
07-05 23:59:56.265 21767 21767 I AconfigPackage: android.server is mapped to system
07-05 23:59:56.265 21767 21767 I AconfigPackage: com.android.wm.shell is mapped to system
07-05 23:59:56.265 21767 21767 I AconfigPackage: android.view.inputmethod is mapped to system
07-05 23:59:56.265 21767 21767 I AconfigPackage: com.android.graphics.hwui.flags is mapped to system
07-05 23:59:56.265 21767 21767 I AconfigPackage: com.android.server.backup is mapped to system
07-05 23:59:56.266 21767 21767 I AconfigPackage: com.android.internal.pm.pkg.component.flags is mapped to system
07-05 23:59:56.267 21767 21767 I AconfigPackage: android.view.accessibility is mapped to system
07-05 23:59:56.267 21767 21767 I AconfigPackage: com.google.wear.sdk is mapped to system
07-05 23:59:56.268 21767 21767 I AconfigPackage: android.media.audio is mapped to system
07-05 23:59:56.268 21767 21767 I AconfigPackage: com.android.server.am is mapped to system
07-05 23:59:56.268 21767 21767 I AconfigPackage: com.android.media.playback.flags is mapped to system
07-05 23:59:56.268 21767 21767 I AconfigPackage: com.android.art.flags is mapped to com.android.art
07-05 23:59:56.269 21767 21767 I AconfigPackage: com.android.libcore is mapped to com.android.art
07-05 23:59:56.271 21767 21767 I AconfigPackage: com.android.media.extractor.flags is mapped to com.android.media
07-05 23:59:56.272 21767 21767 I AconfigPackage: com.android.media.mainline.flags is mapped to com.android.media
07-05 23:59:56.273 21767 21767 I AconfigPackage: com.android.wifi.flags is mapped to com.android.wifi
07-05 23:59:56.274 21767 21767 I AconfigPackage: com.android.org.conscrypt.flags is mapped to com.android.conscrypt
07-05 23:59:56.274 21767 21767 I AconfigPackage: com.android.healthfitness.flags is mapped to com.android.healthfitness
07-05 23:59:56.276 21767 21767 I AconfigPackage: com.google.android.input.twoshay.flags is mapped to vendor
07-05 23:59:56.276 21767 21767 I AconfigPackage: libgooglecamerahal.flags is mapped to vendor
07-05 23:59:56.277 21767 21767 I AconfigPackage: com.android.ipsec.flags is mapped to com.android.ipsec
07-05 23:59:56.278 21767 21767 I AconfigPackage: com.android.nfc.module.flags is mapped to com.android.nfcservices
07-05 23:59:56.279 21767 21767 I AconfigPackage: com.android.adservices.ondevicepersonalization.flags is mapped to com.android.ondevicepersonalization
07-05 23:59:56.279 21767 21767 I AconfigPackage: com.android.bluetooth.flags is mapped to com.android.bt
07-05 23:59:56.280 21767 21767 I AconfigPackage: com.android.devicelock.flags is mapped to com.android.devicelock
07-05 23:59:56.280 21767 21767 I AconfigPackage: android.os.profiling is mapped to com.android.profiling
07-05 23:59:56.280 21767 21767 I AconfigPackage: com.android.os.statsd.flags is mapped to com.android.os.statsd
07-05 23:59:56.281 21767 21767 I AconfigPackage: com.android.cellbroadcastreceiver.flags is mapped to com.android.cellbroadcast
07-05 23:59:56.283 21767 21767 I AconfigPackage: com.android.adservices.flags is mapped to com.android.adservices
07-05 23:59:56.283 21767 21767 I AconfigPackage: com.android.sdksandbox.flags is mapped to com.android.adservices
07-05 23:59:56.283 21767 21767 I AconfigPackage: com.android.uwb.flags is mapped to com.android.uwb
07-05 23:59:56.283 21767 21767 I AconfigPackage: com.android.ranging.flags is mapped to com.android.uwb
07-05 23:59:56.284 21767 21767 I AconfigPackage: android.graphics.pdf.flags is mapped to com.android.mediaprovider
07-05 23:59:56.284 21767 21767 I AconfigPackage: com.android.providers.media.flags is mapped to com.android.mediaprovider
07-05 23:59:56.284 21767 21767 I AconfigPackage: android.graphics.pdf.flags.readonly is mapped to com.android.mediaprovider
07-05 23:59:56.284 21767 21767 I AconfigPackage: com.android.net.ct.flags is mapped to com.android.tethering
07-05 23:59:56.285 21767 21767 I AconfigPackage: com.android.net.flags is mapped to com.android.tethering
07-05 23:59:56.286 21767 21767 I AconfigPackage: android.net.vcn is mapped to com.android.tethering
07-05 23:59:56.286 21767 21767 I AconfigPackage: com.android.nearby.flags is mapped to com.android.tethering
07-05 23:59:56.286 21767 21767 I AconfigPackage: android.net.http is mapped to com.android.tethering
07-05 23:59:56.286 21767 21767 I AconfigPackage: com.android.net.thread.flags is mapped to com.android.tethering
07-05 23:59:56.287 21767 21767 I AconfigPackage: com.android.system.virtualmachine.flags is mapped to com.android.virt
07-05 23:59:56.287 21767 21767 E FeatureFlagsImplExport: android.os.flagging.AconfigStorageReadException: ERROR_PACKAGE_NOT_FOUND: package android.xr cannot be found on the device
07-05 23:59:56.294 21767 21767 D UiAutomationConnection: Created on user UserHandle{0}
07-05 23:59:56.295 21767 21767 I UiAutomation: Initialized for user 0 on display 0
07-05 23:59:56.295 21767 21767 W UiAutomation: Created with deprecatead constructor, assumes DEFAULT_DISPLAY
--------- beginning of system
07-05 23:59:56.299   715  1928 D AccessibilityManagerService: changeCurrentUserForTestAutomationIfNeededLocked(0): ignoring because device doesn't support visible background users
07-05 23:59:56.299   715  1928 I UiAutomationManager: Registering UiTestAutomationService (id=com.android.server.accessibility/UiAutomation, flags=0x0) when called by user 0
07-05 23:59:56.300   715  1928 V AccessibilityManagerService: onUserStateChangedLocked for userId: 0, forceUpdate: false
07-05 23:59:56.311   715  1928 W MagnificationConnectionManager: requestConnection duplicated request: connect=false, mConnectionState=DISCONNECTED
07-05 23:59:56.315   715   715 W IPCThreadState: Sending oneway calls to frozen process.
07-05 23:59:56.316   715   715 W IPCThreadState: Sending oneway calls to frozen process.
07-05 23:59:56.316   715   715 W IPCThreadState: Sending oneway calls to frozen process.
07-05 23:59:56.316   715   715 W IPCThreadState: Sending oneway calls to frozen process.
07-05 23:59:56.316   715   715 W IPCThreadState: Sending oneway calls to frozen process.
07-05 23:59:56.316   715   715 W IPCThreadState: Sending oneway calls to frozen process.
07-05 23:59:56.316   715   715 W IPCThreadState: Sending oneway calls to frozen process.
07-05 23:59:56.317 21767 21779 V UiAutomation: Init UiAutomation@c93493b[id=616, displayId=0, flags=0]
07-05 23:59:56.317   715   715 W IPCThreadState: Sending oneway calls to frozen process.
07-05 23:59:56.319   715   715 W IPCThreadState: Sending oneway calls to frozen process.
07-05 23:59:56.319   715   715 W IPCThreadState: Sending oneway calls to frozen process.
07-05 23:59:56.320   715  1802 V AccessibilityManagerService: onUserStateChangedLocked for userId: 0, forceUpdate: false
07-05 23:59:56.321   715  1802 W MagnificationConnectionManager: requestConnection duplicated request: connect=false, mConnectionState=DISCONNECTED
07-05 23:59:56.323   715   715 W IPCThreadState: Sending oneway calls to frozen process.
07-05 23:59:56.323   715   715 W IPCThreadState: Sending oneway calls to frozen process.
07-05 23:59:56.324   715   715 W IPCThreadState: Sending oneway calls to frozen process.
07-05 23:59:56.324   715   715 W IPCThreadState: Sending oneway calls to frozen process.
07-05 23:59:56.324   715   715 W IPCThreadState: Sending oneway calls to frozen process.
07-05 23:59:56.324   715   715 W IPCThreadState: Sending oneway calls to frozen process.
07-05 23:59:56.325   715   715 W IPCThreadState: Sending oneway calls to frozen process.
07-05 23:59:56.325   715   715 W IPCThreadState: Sending oneway calls to frozen process.
07-05 23:59:56.327   715   715 W IPCThreadState: Sending oneway calls to frozen process.
07-05 23:59:56.327   715   715 W IPCThreadState: Sending oneway calls to frozen process.
07-05 23:59:56.328   715   715 W IPCThreadState: Sending oneway calls to frozen process.
07-05 23:59:56.328   715   715 W IPCThreadState: Sending oneway calls to frozen process.
07-05 23:59:56.328   715   715 W IPCThreadState: Sending oneway calls to frozen process.
07-05 23:59:56.328   715   715 W IPCThreadState: Sending oneway calls to frozen process.
07-05 23:59:56.328   715   715 W IPCThreadState: Sending oneway calls to frozen process.
07-05 23:59:56.329   715   715 W IPCThreadState: Sending oneway calls to frozen process.
07-05 23:59:56.330   715   715 W IPCThreadState: Sending oneway calls to frozen process.
07-05 23:59:56.330   715   715 W IPCThreadState: Sending oneway calls to frozen process.
07-05 23:59:56.331   715   715 W IPCThreadState: Sending oneway calls to frozen process.
07-05 23:59:56.331   715   715 W IPCThreadState: Sending oneway calls to frozen process.
07-05 23:59:56.332   715   715 W IPCThreadState: Sending oneway calls to frozen process.
07-05 23:59:56.333   715   715 W IPCThreadState: Sending oneway calls to frozen process.
07-05 23:59:56.333   715   715 W IPCThreadState: Sending oneway calls to frozen process.
07-05 23:59:56.333   715   715 W IPCThreadState: Sending oneway calls to frozen process.
07-05 23:59:56.333   715   715 W IPCThreadState: Sending oneway calls to frozen process.
07-05 23:59:56.333   715   715 W IPCThreadState: Sending oneway calls to frozen process.
07-05 23:59:56.334   715   715 W IPCThreadState: Sending oneway calls to frozen process.
07-05 23:59:56.335   715   715 W IPCThreadState: Sending oneway calls to frozen process.
07-05 23:59:56.336   715   715 W IPCThreadState: Sending oneway calls to frozen process.
07-05 23:59:56.336   715   715 W IPCThreadState: Sending oneway calls to frozen process.
07-05 23:59:56.336   715   715 W IPCThreadState: Sending oneway calls to frozen process.
07-05 23:59:56.336   715   715 W IPCThreadState: Sending oneway calls to frozen process.
07-05 23:59:56.336   715   715 W IPCThreadState: Sending oneway calls to frozen process.
07-05 23:59:56.336   715   715 W IPCThreadState: Sending oneway calls to frozen process.
07-05 23:59:56.337   715   715 W IPCThreadState: Sending oneway calls to frozen process.
07-05 23:59:56.337   715   715 W IPCThreadState: Sending oneway calls to frozen process.
07-05 23:59:56.338   715   715 W IPCThreadState: Sending oneway calls to frozen process.
07-05 23:59:56.339   715   715 W IPCThreadState: Sending oneway calls to frozen process.
07-05 23:59:56.341   715   715 W IPCThreadState: Sending oneway calls to frozen process.
07-05 23:59:56.341   715   715 W IPCThreadState: Sending oneway calls to frozen process.
07-05 23:59:56.341   488   533 I netd    : tetherGetStats() -> {[]} <1.01ms>
07-05 23:59:57.294   715   874 D WifiClientModeImpl[27601:wlan0]: updateLinkLayerStatsRssiSpeedFrequencyCapabilities rssi=-50 TxLinkspeed=1 freq=2447 RxLinkSpeed=2
07-05 23:59:57.295   715   874 D WifiDataStall: tx tput in kbps: 11000
07-05 23:59:57.295   715   874 D WifiDataStall: rx tput in kbps: 11000
07-05 23:59:57.295   715   874 V WifiConfigManager: Updating scan detail cache freq=2447 BSSID=00:13:10:85:fe:01 RSSI=-50 for "AndroidWifi"NONE
07-05 23:59:57.295   715   874 D WifiThroughputPredictor:  utilization (LLS) 80 isBluetoothConnected: false final utilization: 80
07-05 23:59:57.295   715   874 D WifiThroughputPredictor:  BW: 0 RSSI: -50 Nss: 1 Mode: 1 symDur: 4000 snrDb 30 bitPerTone: 4500 rate: 54 throughput: 11
07-05 23:59:57.296   715   874 D WifiThroughputPredictor:  utilization (LLS) 80 isBluetoothConnected: false final utilization: 80
07-05 23:59:57.296   715   874 D WifiThroughputPredictor:  BW: 0 RSSI: -50 Nss: 1 Mode: 1 symDur: 4000 snrDb 30 bitPerTone: 4500 rate: 54 throughput: 11
07-05 23:59:57.296   715   874 D WifiThroughputPredictor:  utilization (LLS) 80 isBluetoothConnected: false final utilization: 80
07-05 23:59:57.296   715   874 D WifiThroughputPredictor:  BW: 0 RSSI: -50 Nss: 1 Mode: 1 symDur: 4000 snrDb 30 bitPerTone: 4500 rate: 54 throughput: 11
07-05 23:59:57.296   715   874 D WifiThroughputPredictor:  utilization (LLS) 80 isBluetoothConnected: false final utilization: 80
07-05 23:59:57.299   715   874 D WifiThroughputPredictor:  BW: 0 RSSI: -50 Nss: 1 Mode: 1 symDur: 4000 snrDb 30 bitPerTone: 4500 rate: 54 throughput: 11
07-05 23:59:57.300   715   874 D WifiScoreCard: BSSID update SIGNAL_POLL ID: 1559335064 SSID: "AndroidWifi", BSSID: 00:13:10:85:fe:01, MAC: 02:15:b2:00:00:00, IP: /10.0.2.16, Security type: 0, Supplicant state: COMPLETED, Wi-Fi standard: legacy, RSSI: -50, Link speed: 1Mbps, Tx Link speed: 1Mbps, Max Supported Tx Link speed: 11Mbps, Rx Link speed: 2Mbps, Max Supported Rx Link speed: 11Mbps, Frequency: 2447MHz, Net ID: 0, Metered hint: false, score: 60, isUsable: true, CarrierMerged: false, SubscriptionId: -1, IsPrimary: 1, Trusted: true, Restricted: false, Ephemeral: false, OEM paid: false, OEM private: false, OSU AP: false, FQDN: <none>, Provider friendly name: <none>, Requesting package name: <none>"AndroidWifi"openMLO Information: , Is TID-To-Link negotiation supported by the AP: false, AP MLD Address: <none>, AP MLO Link Id: <none>, AP MLO Affiliated links: <none>, Vendor Data: <none>
07-05 23:59:57.300   715   874 D WifiScoreCard: txRate: 1 txSpeed: 1
07-05 23:59:57.300   715   874 D WifiScoreCard: network update SIGNAL_POLL "AndroidWifi" ID: 1201260005 RSSI -50 txSpeed -1
07-05 23:59:57.300   715   874 D WifiClientModeImpl[27601:wlan0]:  ClientModeImpl$L2ConnectedState screen=on 1 0 "AndroidWifi" 00:13:10:85:fe:01 rssi=-50 f=2447 sc=60 link=1 tx=0.0, 0.0, 0.0 rx=0.0 bcn=0 [on:0 tx:0 rx:0 period:3012] from screen [on:0 period:884569460] score=60
07-05 23:59:57.365 21767 21767 W AccessibilityNodeInfoDumper: Fetch time: 32ms
07-05 23:59:57.370   715  1802 V AccessibilityManagerService: onUserStateChangedLocked for userId: 0, forceUpdate: false
07-05 23:59:57.374   715   930 D BackgroundInstallControlService: Package event received: 0
07-05 23:59:57.376   715  1802 W MagnificationConnectionManager: requestConnection duplicated request: connect=false, mConnectionState=DISCONNECTED
07-05 23:59:57.377   715  1802 D AccessibilityManagerService: restoreCurrentUserForTestAutomationIfNeededLocked(): ignoring because device doesn't support visible background users
07-05 23:59:57.378   715   715 W IPCThreadState: Sending oneway calls to frozen process.
07-05 23:59:57.378   715   715 W IPCThreadState: Sending oneway calls to frozen process.
07-05 23:59:57.378   715   715 W IPCThreadState: Sending oneway calls to frozen process.
07-05 23:59:57.378   715   715 W IPCThreadState: Sending oneway calls to frozen process.
07-05 23:59:57.379   715   715 W IPCThreadState: Sending oneway calls to frozen process.
07-05 23:59:57.379 21767 21776 W IPCThreadState: call to talkWithDriver in joinThreadPool returned error: -9 (Bad file descriptor), FD: -1
07-05 23:59:57.379   715   715 W IPCThreadState: Sending oneway calls to frozen process.
07-05 23:59:57.380 21767 21780 W IPCThreadState: call to talkWithDriver in joinThreadPool returned error: -9 (Bad file descriptor), FD: -1
07-05 23:59:57.381 21767 21777 W IPCThreadState: call to talkWithDriver in joinThreadPool returned error: -9 (Bad file descriptor), FD: -1
07-05 23:59:57.381 21767 21767 D AndroidRuntime: Shutting down VM
07-05 23:59:57.382   715   715 W IPCThreadState: Sending oneway calls to frozen process.
07-05 23:59:57.386   715   715 W IPCThreadState: Sending oneway calls to frozen process.
07-05 23:59:57.387   715   715 W IPCThreadState: Sending oneway calls to frozen process.
07-05 23:59:57.387   715   715 W IPCThreadState: Sending oneway calls to frozen process.
07-05 23:59:57.389   715   715 W IPCThreadState: Sending oneway calls to frozen process.
07-05 23:59:57.389   715   715 W IPCThreadState: Sending oneway calls to frozen process.
07-05 23:59:57.389   715   715 W IPCThreadState: Sending oneway calls to frozen process.
07-05 23:59:57.389   715   715 W IPCThreadState: Sending oneway calls to frozen process.
07-05 23:59:57.389   715   715 W IPCThreadState: Sending oneway calls to frozen process.
07-05 23:59:57.391   715   715 W IPCThreadState: Sending oneway calls to frozen process.
07-05 23:59:57.391   715   715 W IPCThreadState: Sending oneway calls to frozen process.
07-05 23:59:57.392   715   715 W IPCThreadState: Sending oneway calls to frozen process.
07-05 23:59:57.392   715   715 W IPCThreadState: Sending oneway calls to frozen process.
07-05 23:59:57.392   715   715 W IPCThreadState: Sending oneway calls to frozen process.
07-05 23:59:57.397   715   715 V AccessibilityManagerService: onUserStateChangedLocked for userId: 0, forceUpdate: false
07-05 23:59:57.403   715   715 W MagnificationConnectionManager: requestConnection duplicated request: connect=false, mConnectionState=DISCONNECTED
07-05 23:59:57.405   715   715 W IPCThreadState: Sending oneway calls to frozen process.
07-05 23:59:57.405   715   715 W IPCThreadState: Sending oneway calls to frozen process.
07-05 23:59:57.406   715   715 W IPCThreadState: Sending oneway calls to frozen process.
07-05 23:59:57.406   715   715 W IPCThreadState: Sending oneway calls to frozen process.
07-05 23:59:57.406   715   715 W IPCThreadState: Sending oneway calls to frozen process.
07-05 23:59:57.406   715   715 W IPCThreadState: Sending oneway calls to frozen process.
07-05 23:59:57.407   715   715 W IPCThreadState: Sending oneway calls to frozen process.
07-05 23:59:57.408   715   715 W IPCThreadState: Sending oneway calls to frozen process.
07-05 23:59:57.408   715   715 W IPCThreadState: Sending oneway calls to frozen process.
07-05 23:59:57.409   715   715 W IPCThreadState: Sending oneway calls to frozen process.
07-05 23:59:57.409   488   533 I netd    : tetherGetStats() -> {[]} <1.00ms>
07-05 23:59:57.409   715   715 W IPCThreadState: Sending oneway calls to frozen process.
07-05 23:59:57.411   715   715 W IPCThreadState: Sending oneway calls to frozen process.
07-05 23:59:57.412   715   715 W IPCThreadState: Sending oneway calls to frozen process.
07-05 23:59:57.413   715   715 W IPCThreadState: Sending oneway calls to frozen process.
07-05 23:59:57.413   715   715 W IPCThreadState: Sending oneway calls to frozen process.
07-05 23:59:57.415   715   715 W IPCThreadState: Sending oneway calls to frozen process.
07-05 23:59:57.416   715   715 W IPCThreadState: Sending oneway calls to frozen process.
07-05 23:59:57.417   715   715 W IPCThreadState: Sending oneway calls to frozen process.
07-05 23:59:57.418   715   715 W IPCThreadState: Sending oneway calls to frozen process.
07-05 23:59:57.418   715   715 W IPCThreadState: Sending oneway calls to frozen process.
07-05 23:59:57.419   715   715 W IPCThreadState: Sending oneway calls to frozen process.
07-05 23:59:57.419   715   715 W IPCThreadState: Sending oneway calls to frozen process.
07-05 23:59:57.420   715   715 W IPCThreadState: Sending oneway calls to frozen process.
07-05 23:59:57.420   715   715 W IPCThreadState: Sending oneway calls to frozen process.
07-05 23:59:57.421   715   715 W IPCThreadState: Sending oneway calls to frozen process.
07-05 23:59:57.421   715   715 W IPCThreadState: Sending oneway calls to frozen process.
07-05 23:59:57.422   715   715 W IPCThreadState: Sending oneway calls to frozen process.
07-05 23:59:57.422   715   715 W IPCThreadState: Sending oneway calls to frozen process.
07-05 23:59:57.422   715   715 W IPCThreadState: Sending oneway calls to frozen process.
07-05 23:59:57.422   715   715 W IPCThreadState: Sending oneway calls to frozen process.
07-05 23:59:57.760 21181 21181 I HuiyiRuntime: dynamic_playbook_cloud_refresh sessionId=6cb4aa2d-438a-4647-be92-1b09bc882609 mode=NEXT_SENTENCE chatKey=com.huiyi.mockchat|Application icon localFallbackReady=true cloudAttempted=true cloudSuccess=true cacheReplaced=false staleRefreshDiscarded=true discardedReason=CHAT_KEY_CHANGED cloudContractValidation=PASS
07-05 23:59:57.859   960   960 D wpa_supplicant: nl80211: Drv Event 64 (NL80211_CMD_NOTIFY_CQM) received for wlan0
07-05 23:59:57.859   960   960 D wpa_supplicant: nl80211: Beacon loss event
07-05 23:59:57.859   960   960 D wpa_supplicant: wlan0: Event BEACON_LOSS (53) received
07-05 23:59:57.860   960   960 I wpa_supplicant: wlan0: CTRL-EVENT-BEACON-LOSS 
07-05 23:59:58.064   715  1802 W AppOps  : Noting op not finished: uid 10145 pkg com.google.android.gms code 113 startTime of in progress event=1783295761053
07-05 23:59:58.083   715  1836 W AppOps  : Noting op not finished: uid 10145 pkg com.google.android.gms code 79 startTime of in progress event=1783295761052
07-05 23:59:58.095  1314  2073 I ActivityScheduler: nextTriggerTime: 38557150, in 238100ms, detectorType: 39, FULL_TYPE alarmWindowMillis: 80000
07-05 23:59:58.372 21787 21787 W dumpsys : Thread Pool max thread count is 0. Cannot cache binder as linkToDeath cannot be implemented. serviceName: window
07-05 23:59:58.506   715  1496 W AS.PlaybackActivityMon: No piid assigned for invalid/internal port id 15
07-05 23:59:58.508   715  1802 E NotificationService: Suppressing toast from package com.huiyi.v4 by user request.
07-05 23:59:58.509 21181 21181 I FloatingBubbleService: express_self_click_ack latencyMs=15 ackVisible=true
07-05 23:59:58.534   563   662 D AudioFlinger: mixer(0x7a05b9670770) throttle end: throttle time(40)
07-05 23:59:58.625 21181 21181 I HuiyiRuntime: dynamic_playbook_result sessionId=13a7220e-467b-4971-b244-2e607b21a979 mode=EXPRESS_SELF chatKey=com.huiyi.mockchat|mock:26bc86ad source=LOCAL_FALLBACK decisionSource=EXPRESS_SELF_ELIGIBILITY_BLOCKED lastSpeaker=ME decision=PRE_ANALYSIS_CONTAMINATED routeCount=0 latencyMs=15 cacheHit=true localFallbackUsed=false cloudRefreshRecommended=false
07-05 23:59:58.637   715  1802 W AppOps  : Noting op not finished: uid 10216 pkg com.huiyi.v4 code 24 startTime of in progress event=1783295997375
07-05 23:59:58.650   715  1496 D CoreBackPreview: Window{ac1c236 u0 com.huiyi.v4}: Setting back callback OnBackInvokedCallbackInfo{mCallback=android.window.IOnBackInvokedCallback$Stub$Proxy@100200d, mPriority=0, mIsAnimationCallback=false, mOverrideBehavior=0}
07-05 23:59:59.066   715  1928 W AppOps  : Noting op not finished: uid 10145 pkg com.google.android.gms code 113 startTime of in progress event=1783295761053
07-05 23:59:59.086 21796 21796 D AndroidRuntime: >>>>>> START com.android.internal.os.RuntimeInit uid 2000 <<<<<<
07-05 23:59:59.093 21796 21796 I AndroidRuntime: Using default boot image
07-05 23:59:59.093 21796 21796 I AndroidRuntime: Leaving lock profiling enabled
07-05 23:59:59.098 21796 21796 I app_process: Core platform API reporting enabled, enforcing=false
07-05 23:59:59.100 21796 21796 I app_process: Using CollectorTypeCMC GC.
07-05 23:59:59.199 21796 21796 D nativeloader: InitDefaultPublicLibraries for_preload=1: libandroid.so:libaaudio.so:libamidi.so:libbinder_ndk.so:libc.so:libcamera2ndk.so:libdl.so:libEGL.so:libGLESv1_CM.so:libGLESv2.so:libGLESv3.so:libicu.so:libicui18n.so:libicuuc.so:libjnigraphics.so:liblog.so:libmediandk.so:libm.so:libnativehelper.so:libnativewindow.so:libOpenMAXAL.so:libOpenSLES.so:libRS.so:libstdc++.so:libsync.so:libvulkan.so:libwebviewchromium_plat_support.so:libz.so
07-05 23:59:59.211 21796 21796 D nativeloader: Load libicu_jni.so using APEX ns com_android_art for caller /apex/com.android.art/javalib/core-oj.jar: ok
07-05 23:59:59.211 21796 21796 D app_process: u_setTimeZoneFilesDirectory("/apex/com.android.tzdata/etc/tz/versioned/9/icu") succeeded. 
07-05 23:59:59.211 21796 21796 D app_process: I18n APEX ICU file found: /apex/com.android.i18n/etc/icu/icudt76l.dat
07-05 23:59:59.213 21796 21796 D nativeloader: Load libjavacore.so using APEX ns com_android_art for caller /apex/com.android.art/javalib/core-oj.jar: ok
07-05 23:59:59.214 21796 21796 D nativeloader: Load libopenjdk.so using APEX ns com_android_art for caller /apex/com.android.art/javalib/core-oj.jar: ok
07-05 23:59:59.216 21796 21796 W app_process: Unexpected CPU variant for x86: x86_64.
07-05 23:59:59.216 21796 21796 W app_process: Known variants: atom, sandybridge, silvermont, goldmont, goldmont-plus, goldmont-without-sha-xsaves, tremont, kabylake, alderlake, default
07-05 23:59:59.217 21796 21796 W app_process: ClassLoaderContext shared library size mismatch. Expected=2, found=0 (PCL[]{PCL[/system/framework/android.test.base.jar*2789897741]#PCL[/system/framework/android.test.mock.jar*3361312393]} | PCL[])
07-05 23:59:59.219 21796 21796 W app_process: ClassLoaderContext classpath size mismatch. expected=0, found=1 (PCL[]{PCL[/system/framework/android.test.runner.jar*895143020]#PCL[/system/framework/android.test.base.jar*2789897741]} | PCL[/system/framework/android.test.runner.jar*895143020])
07-05 23:59:59.242 21796 21796 D nativeloader: Load libframework-connectivity-tiramisu-jni.so using APEX ns com_android_tethering for caller /apex/com.android.tethering/javalib/framework-connectivity-t.jar: ok
07-05 23:59:59.242 21796 21796 D AndroidRuntime: Calling main entry com.android.commands.uiautomator.Launcher
07-05 23:59:59.247 21796 21796 I AconfigPackage: android.media.swcodec.flags is mapped to com.android.media.swcodec
07-05 23:59:59.247 21796 21796 I AconfigPackage: com.google.android.settings.simplemode.flags is mapped to system_ext
07-05 23:59:59.247 21796 21796 I AconfigPackage: com.google.android.systemui is mapped to system_ext
07-05 23:59:59.248 21796 21796 I AconfigPackage: com.google.android.apps.nexuslauncher is mapped to system_ext
07-05 23:59:59.248 21796 21796 I AconfigPackage: com.android.settings.accessibility is mapped to system_ext
07-05 23:59:59.248 21796 21796 I AconfigPackage: com.android.settings.flags is mapped to system_ext
07-05 23:59:59.248 21796 21796 I AconfigPackage: com.google.android.apps.miphone.aiai.matchmaker.overview.ui is mapped to system_ext
07-05 23:59:59.248 21796 21796 I AconfigPackage: com.google.android.settings.flags is mapped to system_ext
07-05 23:59:59.248 21796 21796 I AconfigPackage: com.android.launcher3 is mapped to system_ext
07-05 23:59:59.248 21796 21796 I AconfigPackage: com.android.wallpaper is mapped to system_ext
07-05 23:59:59.248 21796 21796 I AconfigPackage: com.android.settings.media_drm is mapped to system_ext
07-05 23:59:59.248 21796 21796 I AconfigPackage: com.android.systemui.accessibility.accessibilitymenu is mapped to system_ext
07-05 23:59:59.248 21796 21796 I AconfigPackage: com.android.settings.keyboard is mapped to system_ext
07-05 23:59:59.248 21796 21796 I AconfigPackage: com.android.server.policy.feature.flags is mapped to system_ext
07-05 23:59:59.248 21796 21796 I AconfigPackage: com.android.settings.factory_reset is mapped to system_ext
07-05 23:59:59.248 21796 21796 I AconfigPackage: com.google.android.haptics.flags is mapped to system_ext
07-05 23:59:59.248 21796 21796 I AconfigPackage: com.android.permission.flags is mapped to com.android.permission
07-05 23:59:59.249 21796 21796 I AconfigPackage: com.android.icu is mapped to com.android.i18n
07-05 23:59:59.249 21796 21796 I AconfigPackage: com.android.appsearch.flags is mapped to com.android.appsearch
07-05 23:59:59.249 21796 21796 I AconfigPackage: android.uprobestats.mainline.flags is mapped to com.android.uprobestats
07-05 23:59:59.250 21796 21796 I AconfigPackage: android.provider.flags is mapped to com.android.configinfrastructure
07-05 23:59:59.250 21796 21796 I AconfigPackage: com.android.server.deviceconfig is mapped to com.android.configinfrastructure
07-05 23:59:59.251 21796 21796 I AconfigPackage: com.android.nfc.flags is mapped to system
07-05 23:59:59.251 21796 21796 I AconfigPackage: android.app.admin.flags is mapped to system
07-05 23:59:59.251 21796 21796 I AconfigPackage: android.database.sqlite is mapped to system
07-05 23:59:59.251 21796 21796 I AconfigPackage: com.android.providers.calendar is mapped to system
07-05 23:59:59.251 21796 21796 I AconfigPackage: com.android.server.power.feature.flags is mapped to system
07-05 23:59:59.251 21796 21796 I AconfigPackage: com.android.media.performance.flags is mapped to system
07-05 23:59:59.251 21796 21796 I AconfigPackage: android.app.contextualsearch.flags is mapped to system
07-05 23:59:59.251 21796 21796 I AconfigPackage: android.app.ondeviceintelligence.flags is mapped to system
07-05 23:59:59.251 21796 21796 I AconfigPackage: com.android.media.projection.flags is mapped to system
07-05 23:59:59.252 21796 21796 I AconfigPackage: android.companion is mapped to system
07-05 23:59:59.252 21796 21796 I AconfigPackage: android.service.controls.flags is mapped to system
07-05 23:59:59.252 21796 21796 I AconfigPackage: com.android.text.flags is mapped to system
07-05 23:59:59.252 21796 21796 I AconfigPackage: com.android.providers.contactkeys.flags is mapped to system
07-05 23:59:59.252 21796 21796 I AconfigPackage: com.android.intentresolver is mapped to system
07-05 23:59:59.253 21796 21796 I AconfigPackage: android.companion.virtualdevice.flags is mapped to system
07-05 23:59:59.253 21796 21796 I AconfigPackage: android.uprobestats.flags is mapped to system
07-05 23:59:59.253 21796 21796 I AconfigPackage: com.android.net.thread.platform.flags is mapped to system
07-05 23:59:59.253 21796 21796 I AconfigPackage: android.view.contentprotection.flags is mapped to system
07-05 23:59:59.253 21796 21796 I AconfigPackage: com.android.server.dreams is mapped to system
07-05 23:59:59.253 21796 21796 I AconfigPackage: com.android.graphics.surfaceflinger.flags is mapped to system
07-05 23:59:59.253 21796 21796 I AconfigPackage: com.android.hardware.input is mapped to system
07-05 23:59:59.253 21796 21796 I AconfigPackage: android.sdk is mapped to system
07-05 23:59:59.253 21796 21796 I AconfigPackage: com.android.input.flags is mapped to system
07-05 23:59:59.254 21796 21796 I AconfigPackage: android.tracing is mapped to system
07-05 23:59:59.254 21796 21796 I AconfigPackage: com.android.server.biometrics is mapped to system
07-05 23:59:59.254 21796 21796 I AconfigPackage: android.view.contentcapture.flags is mapped to system
07-05 23:59:59.254 21796 21796 I AconfigPackage: android.app.job is mapped to system
07-05 23:59:59.255 21796 21796 I AconfigPackage: android.content.res is mapped to system
07-05 23:59:59.255 21796 21796 I AconfigPackage: android.net.platform.flags is mapped to system
07-05 23:59:59.255 21796 21796 I AconfigPackage: com.android.aconfig.flags is mapped to system
07-05 23:59:59.255 21796 21796 I AconfigPackage: com.android.graphics.flags is mapped to system
07-05 23:59:59.255 21796 21796 I AconfigPackage: android.server.app is mapped to system
07-05 23:59:59.255 21796 21796 I AconfigPackage: android.speech.flags is mapped to system
07-05 23:59:59.255 21796 21796 I AconfigPackage: com.android.server.stats is mapped to system
07-05 23:59:59.255 21796 21796 I AconfigPackage: android.hardware.biometrics is mapped to system
07-05 23:59:59.256 21796 21796 I AconfigPackage: android.car.feature is mapped to system
07-05 23:59:59.256 21796 21796 I AconfigPackage: android.adpf is mapped to system
07-05 23:59:59.256 21796 21796 I AconfigPackage: android.location.flags is mapped to system
07-05 23:59:59.256 21796 21796 I AconfigPackage: com.android.settingslib.flags is mapped to system
07-05 23:59:59.256 21796 21796 I AconfigPackage: com.android.managedprovisioning.flags is mapped to system
07-05 23:59:59.256 21796 21796 I AconfigPackage: android.app.assist.flags is mapped to system
07-05 23:59:59.256 21796 21796 I AconfigPackage: com.android.server.net is mapped to system
07-05 23:59:59.256 21796 21796 I AconfigPackage: com.android.settingslib.widget.flags is mapped to system
07-05 23:59:59.256 21796 21796 I AconfigPackage: com.android.internal.camera.flags is mapped to system
07-05 23:59:59.256 21796 21796 I AconfigPackage: com.android.hardware.libsensor.flags is mapped to system
07-05 23:59:59.257 21796 21796 I AconfigPackage: com.android.internal.jank is mapped to system
07-05 23:59:59.257 21796 21796 I AconfigPackage: com.android.providers.settings is mapped to system
07-05 23:59:59.257 21796 21796 I AconfigPackage: android.multiuser is mapped to system
07-05 23:59:59.257 21796 21796 I AconfigPackage: com.android.server.power.optimization is mapped to system
07-05 23:59:59.257 21796 21796 I AconfigPackage: com.android.calllogbackup is mapped to system
07-05 23:59:59.257 21796 21796 I AconfigPackage: com.android.media.flags is mapped to system
07-05 23:59:59.257 21796 21796 I AconfigPackage: com.android.server.flags is mapped to system
07-05 23:59:59.257 21796 21796 I AconfigPackage: com.android.graphics.libvulkan.flags is mapped to system
07-05 23:59:59.257 21796 21796 I AconfigPackage: android.app.appfunctions.flags is mapped to system
07-05 23:59:59.257 21796 21796 I AconfigPackage: android.app.smartspace.flags is mapped to system
07-05 23:59:59.258 21796 21796 I AconfigPackage: com.android.providers.contacts.flags is mapped to system
07-05 23:59:59.258 21796 21796 I AconfigPackage: com.android.shell.flags is mapped to system
07-05 23:59:59.258 21796 21796 I AconfigPackage: com.android.media.aaudio is mapped to system
07-05 23:59:59.258 21796 21796 I AconfigPackage: android.hardware.radio is mapped to system
07-05 23:59:59.258 21796 21796 I AconfigPackage: com.google.wear.services.infra.flags is mapped to system
07-05 23:59:59.258 21796 21796 I AconfigPackage: suspend_service.flags is mapped to system
07-05 23:59:59.258 21796 21796 I AconfigPackage: android.media.midi is mapped to system
07-05 23:59:59.258 21796 21796 I AconfigPackage: com.android.libcore.readonly is mapped to system
07-05 23:59:59.260 21796 21796 I AconfigPackage: com.android.settingslib.widget.selectorwithwidgetpreference.flags is mapped to system
07-05 23:59:59.260 21796 21796 I AconfigPackage: android.service.notification is mapped to system
07-05 23:59:59.260 21796 21796 I AconfigPackage: com.android.systemui.shared is mapped to system
07-05 23:59:59.260 21796 21796 I AconfigPackage: android.app.jank is mapped to system
07-05 23:59:59.260 21796 21796 I AconfigPackage: android.app.wearable is mapped to system
07-05 23:59:59.260 21796 21796 I AconfigPackage: com.android.media.audio is mapped to system
07-05 23:59:59.261 21796 21796 I AconfigPackage: android.service.chooser is mapped to system
07-05 23:59:59.261 21796 21796 I AconfigPackage: com.android.server.compat is mapped to system
07-05 23:59:59.261 21796 21796 I AconfigPackage: com.android.server.alarm is mapped to system
07-05 23:59:59.261 21796 21796 I AconfigPackage: com.android.apex.flags is mapped to system
07-05 23:59:59.261 21796 21796 I AconfigPackage: android.service.quickaccesswallet is mapped to system
07-05 23:59:59.261 21796 21796 I AconfigPackage: android.app.usage is mapped to system
07-05 23:59:59.261 21796 21796 I AconfigPackage: com.android.server.accessibility is mapped to system
07-05 23:59:59.262 21796 21796 I AconfigPackage: android.app.supervision.flags is mapped to system
07-05 23:59:59.262 21796 21796 I AconfigPackage: com.android.server.utils is mapped to system
07-05 23:59:59.262 21796 21796 I AconfigPackage: android.chre.flags is mapped to system
07-05 23:59:59.262 21796 21796 I AconfigPackage: android.content.flags is mapped to system
07-05 23:59:59.262 21796 21796 I AconfigPackage: android.media.codec is mapped to system
07-05 23:59:59.263 21796 21796 I AconfigPackage: com.android.internal.os is mapped to system
07-05 23:59:59.263 21796 21796 I AconfigPackage: com.android.nfc.nci.flags is mapped to system
07-05 23:59:59.263 21796 21796 I AconfigPackage: android.app is mapped to system
07-05 23:59:59.263 21796 21796 I AconfigPackage: android.security.keystore2 is mapped to system
07-05 23:59:59.263 21796 21796 I AconfigPackage: android.crashrecovery.flags is mapped to system
07-05 23:59:59.263 21796 21796 I AconfigPackage: com.android.tradeinmode.flags is mapped to system
07-05 23:59:59.263 21796 21796 I AconfigPackage: android.hardware.flags is mapped to system
07-05 23:59:59.263 21796 21796 I AconfigPackage: com.android.server.telecom.flags is mapped to system
07-05 23:59:59.264 21796 21796 I AconfigPackage: com.android.settingslib.media.flags is mapped to system
07-05 23:59:59.264 21796 21796 I AconfigPackage: com.android.server.policy is mapped to system
07-05 23:59:59.264 21796 21796 I AconfigPackage: android.media.audiopolicy is mapped to system
07-05 23:59:59.264 21796 21796 I AconfigPackage: com.android.egg.flags is mapped to system
07-05 23:59:59.264 21796 21796 I AconfigPackage: com.android.internal.compat.flags is mapped to system
07-05 23:59:59.264 21796 21796 I AconfigPackage: android.security is mapped to system
07-05 23:59:59.264 21796 21796 I AconfigPackage: android.service.autofill is mapped to system
07-05 23:59:59.264 21796 21796 I AconfigPackage: com.example.android.aconfig.demo.flags is mapped to system
07-05 23:59:59.264 21796 21796 I AconfigPackage: android.view.flags is mapped to system
07-05 23:59:59.264 21796 21796 I AconfigPackage: android.companion.virtual.flags is mapped to system
07-05 23:59:59.264 21796 21796 I AconfigPackage: com.android.aconfig_new_storage is mapped to system
07-05 23:59:59.265 21796 21796 I AconfigPackage: com.android.server.feature.flags is mapped to system
07-05 23:59:59.265 21796 21796 I AconfigPackage: com.android.systemui is mapped to system
07-05 23:59:59.265 21796 21796 I AconfigPackage: com.android.server.power.batterysaver is mapped to system
07-05 23:59:59.266 21796 21796 I AconfigPackage: android.widget.flags is mapped to system
07-05 23:59:59.266 21796 21796 I AconfigPackage: com.android.media.editing.flags is mapped to system
07-05 23:59:59.266 21796 21796 I AconfigPackage: com.android.media.codec.flags is mapped to system
07-05 23:59:59.267 21796 21796 I AconfigPackage: com.android.server.powerstats is mapped to system
07-05 23:59:59.267 21796 21796 I AconfigPackage: com.android.graphics.egl.flags is mapped to system
07-05 23:59:59.268 21796 21796 I AconfigPackage: com.android.media.audioserver is mapped to system
07-05 23:59:59.268 21796 21796 I AconfigPackage: com.android.server.deviceidle is mapped to system
07-05 23:59:59.268 21796 21796 I AconfigPackage: android.nfc is mapped to system
07-05 23:59:59.268 21796 21796 I AconfigPackage: android.permission.flags is mapped to system
07-05 23:59:59.268 21796 21796 I AconfigPackage: android.service.voice.flags is mapped to system
07-05 23:59:59.268 21796 21796 I AconfigPackage: android.content.pm is mapped to system
07-05 23:59:59.268 21796 21796 I AconfigPackage: com.android.server.power.hint is mapped to system
07-05 23:59:59.268 21796 21796 I AconfigPackage: android.os is mapped to system
07-05 23:59:59.268 21796 21796 I AconfigPackage: android.service.dreams is mapped to system
