--------- beginning of main
07-05 07:44:53.793   715   715 W IPCThreadState: Sending oneway calls to frozen process.
07-05 07:44:53.793   715   715 W IPCThreadState: Sending oneway calls to frozen process.
07-05 07:44:53.793   715   715 W IPCThreadState: Sending oneway calls to frozen process.
07-05 07:44:53.794   715   715 W IPCThreadState: Sending oneway calls to frozen process.
07-05 07:44:53.794   715   715 W IPCThreadState: Sending oneway calls to frozen process.
07-05 07:44:53.794   715   715 W IPCThreadState: Sending oneway calls to frozen process.
07-05 07:44:53.794   715   715 W IPCThreadState: Sending oneway calls to frozen process.
07-05 07:44:53.794   715   715 W IPCThreadState: Sending oneway calls to frozen process.
07-05 07:44:53.795   715   715 W IPCThreadState: Sending oneway calls to frozen process.
07-05 07:44:53.795   715   715 W IPCThreadState: Sending oneway calls to frozen process.
07-05 07:44:53.796   715   715 W IPCThreadState: Sending oneway calls to frozen process.
07-05 07:44:53.797   715   715 W IPCThreadState: Sending oneway calls to frozen process.
07-05 07:44:53.798   488   533 I netd    : tetherGetStats() -> {[]} <0.82ms>
07-05 07:44:54.803 12213 12213 W AccessibilityNodeInfoDumper: Fetch time: 6ms
--------- beginning of system
07-05 07:44:54.807   715   736 V AccessibilityManagerService: onUserStateChangedLocked for userId: 0, forceUpdate: false
07-05 07:44:54.808   715   930 D BackgroundInstallControlService: Package event received: 0
07-05 07:44:54.811   715   736 W MagnificationConnectionManager: requestConnection duplicated request: connect=false, mConnectionState=DISCONNECTED
07-05 07:44:54.811   715   736 D AccessibilityManagerService: restoreCurrentUserForTestAutomationIfNeededLocked(): ignoring because device doesn't support visible background users
07-05 07:44:54.813   715   715 W IPCThreadState: Sending oneway calls to frozen process.
07-05 07:44:54.814 12213 12222 W IPCThreadState: call to talkWithDriver in joinThreadPool returned error: -9 (Bad file descriptor), FD: -1
07-05 07:44:54.814   715   715 W IPCThreadState: Sending oneway calls to frozen process.
07-05 07:44:54.814 12213 12213 D AndroidRuntime: Shutting down VM
07-05 07:44:54.814   715   715 W IPCThreadState: Sending oneway calls to frozen process.
07-05 07:44:54.814   715   715 W IPCThreadState: Sending oneway calls to frozen process.
07-05 07:44:54.814 12213 12226 W IPCThreadState: call to talkWithDriver in joinThreadPool returned error: -9 (Bad file descriptor), FD: -1
07-05 07:44:54.816 12213 12223 W IPCThreadState: call to talkWithDriver in joinThreadPool returned error: -9 (Bad file descriptor), FD: -1
07-05 07:44:54.816   715   715 W IPCThreadState: Sending oneway calls to frozen process.
07-05 07:44:54.816   715   715 W IPCThreadState: Sending oneway calls to frozen process.
07-05 07:44:54.817   715   715 W IPCThreadState: Sending oneway calls to frozen process.
07-05 07:44:54.817   715   715 W IPCThreadState: Sending oneway calls to frozen process.
07-05 07:44:54.817   715   715 W IPCThreadState: Sending oneway calls to frozen process.
07-05 07:44:54.818   715   715 W IPCThreadState: Sending oneway calls to frozen process.
07-05 07:44:54.818   715   715 W IPCThreadState: Sending oneway calls to frozen process.
07-05 07:44:54.818   715   715 W IPCThreadState: Sending oneway calls to frozen process.
07-05 07:44:54.818   715   715 W IPCThreadState: Sending oneway calls to frozen process.
07-05 07:44:54.819   715   715 W IPCThreadState: Sending oneway calls to frozen process.
07-05 07:44:54.819   715   715 W IPCThreadState: Sending oneway calls to frozen process.
07-05 07:44:54.820   715   715 W IPCThreadState: Sending oneway calls to frozen process.
07-05 07:44:54.820   715   715 W IPCThreadState: Sending oneway calls to frozen process.
07-05 07:44:54.820   715   715 W IPCThreadState: Sending oneway calls to frozen process.
07-05 07:44:54.821   715   715 V AccessibilityManagerService: onUserStateChangedLocked for userId: 0, forceUpdate: false
07-05 07:44:54.824   715   715 W MagnificationConnectionManager: requestConnection duplicated request: connect=false, mConnectionState=DISCONNECTED
07-05 07:44:54.824   715   715 W IPCThreadState: Sending oneway calls to frozen process.
07-05 07:44:54.825   715   715 W IPCThreadState: Sending oneway calls to frozen process.
07-05 07:44:54.825   715   715 W IPCThreadState: Sending oneway calls to frozen process.
07-05 07:44:54.825   715   715 W IPCThreadState: Sending oneway calls to frozen process.
07-05 07:44:54.825   715   715 W IPCThreadState: Sending oneway calls to frozen process.
07-05 07:44:54.826   715   715 W IPCThreadState: Sending oneway calls to frozen process.
07-05 07:44:54.826   715   715 W IPCThreadState: Sending oneway calls to frozen process.
07-05 07:44:54.826   715   715 W IPCThreadState: Sending oneway calls to frozen process.
07-05 07:44:54.827   715   715 W IPCThreadState: Sending oneway calls to frozen process.
07-05 07:44:54.827   715   715 W IPCThreadState: Sending oneway calls to frozen process.
07-05 07:44:54.827   715   715 W IPCThreadState: Sending oneway calls to frozen process.
07-05 07:44:54.827   715   715 W IPCThreadState: Sending oneway calls to frozen process.
07-05 07:44:54.828   715   715 W IPCThreadState: Sending oneway calls to frozen process.
07-05 07:44:54.828   715   715 W IPCThreadState: Sending oneway calls to frozen process.
07-05 07:44:54.828   715   715 W IPCThreadState: Sending oneway calls to frozen process.
07-05 07:44:54.829   715   715 W IPCThreadState: Sending oneway calls to frozen process.
07-05 07:44:54.829   715   715 W IPCThreadState: Sending oneway calls to frozen process.
07-05 07:44:54.829   715   715 W IPCThreadState: Sending oneway calls to frozen process.
07-05 07:44:54.829   715   715 W IPCThreadState: Sending oneway calls to frozen process.
07-05 07:44:54.830   715   715 W IPCThreadState: Sending oneway calls to frozen process.
07-05 07:44:54.830   715   715 W IPCThreadState: Sending oneway calls to frozen process.
07-05 07:44:54.830   715   715 W IPCThreadState: Sending oneway calls to frozen process.
07-05 07:44:54.830   715   715 W IPCThreadState: Sending oneway calls to frozen process.
07-05 07:44:54.830   715   715 W IPCThreadState: Sending oneway calls to frozen process.
07-05 07:44:54.831   715   715 W IPCThreadState: Sending oneway calls to frozen process.
07-05 07:44:54.831   715   715 W IPCThreadState: Sending oneway calls to frozen process.
07-05 07:44:54.831   715   715 W IPCThreadState: Sending oneway calls to frozen process.
07-05 07:44:54.842   488   533 I netd    : tetherGetStats() -> {[]} <0.70ms>
07-05 07:44:55.650   715   874 D WifiClientModeImpl[27601:wlan0]: updateLinkLayerStatsRssiSpeedFrequencyCapabilities rssi=-50 TxLinkspeed=1 freq=2447 RxLinkSpeed=2
07-05 07:44:55.650   715   874 D WifiDataStall: tx tput in kbps: 11000
07-05 07:44:55.651   715   874 D WifiDataStall: rx tput in kbps: 11000
07-05 07:44:55.651   715   874 V WifiConfigManager: Updating scan detail cache freq=2447 BSSID=00:13:10:85:fe:01 RSSI=-50 for "AndroidWifi"NONE
07-05 07:44:55.651   715   874 D WifiThroughputPredictor:  utilization (LLS) 80 isBluetoothConnected: false final utilization: 80
07-05 07:44:55.651   715   874 D WifiThroughputPredictor:  BW: 0 RSSI: -50 Nss: 1 Mode: 1 symDur: 4000 snrDb 30 bitPerTone: 4500 rate: 54 throughput: 11
07-05 07:44:55.651   715   874 D WifiThroughputPredictor:  utilization (LLS) 80 isBluetoothConnected: false final utilization: 80
07-05 07:44:55.651   715   874 D WifiThroughputPredictor:  BW: 0 RSSI: -50 Nss: 1 Mode: 1 symDur: 4000 snrDb 30 bitPerTone: 4500 rate: 54 throughput: 11
07-05 07:44:55.651   715   874 D WifiThroughputPredictor:  utilization (LLS) 80 isBluetoothConnected: false final utilization: 80
07-05 07:44:55.651   715   874 D WifiThroughputPredictor:  BW: 0 RSSI: -50 Nss: 1 Mode: 1 symDur: 4000 snrDb 30 bitPerTone: 4500 rate: 54 throughput: 11
07-05 07:44:55.652   715   874 D WifiThroughputPredictor:  utilization (LLS) 80 isBluetoothConnected: false final utilization: 80
07-05 07:44:55.652   715   874 D WifiThroughputPredictor:  BW: 0 RSSI: -50 Nss: 1 Mode: 1 symDur: 4000 snrDb 30 bitPerTone: 4500 rate: 54 throughput: 11
07-05 07:44:55.653   715   874 D WifiScoreCard: BSSID update SIGNAL_POLL ID: 1559335064 SSID: "AndroidWifi", BSSID: 00:13:10:85:fe:01, MAC: 02:15:b2:00:00:00, IP: /10.0.2.16, Security type: 0, Supplicant state: COMPLETED, Wi-Fi standard: legacy, RSSI: -50, Link speed: 1Mbps, Tx Link speed: 1Mbps, Max Supported Tx Link speed: 11Mbps, Rx Link speed: 2Mbps, Max Supported Rx Link speed: 11Mbps, Frequency: 2447MHz, Net ID: 0, Metered hint: false, score: 60, isUsable: true, CarrierMerged: false, SubscriptionId: -1, IsPrimary: 1, Trusted: true, Restricted: false, Ephemeral: false, OEM paid: false, OEM private: false, OSU AP: false, FQDN: <none>, Provider friendly name: <none>, Requesting package name: <none>"AndroidWifi"openMLO Information: , Is TID-To-Link negotiation supported by the AP: false, AP MLD Address: <none>, AP MLO Link Id: <none>, AP MLO Affiliated links: <none>, Vendor Data: <none>
07-05 07:44:55.653   715   874 D WifiScoreCard: txRate: 1 txSpeed: 1
07-05 07:44:55.653   715   874 D WifiScoreCard: network update SIGNAL_POLL "AndroidWifi" ID: 1201260005 RSSI -50 txSpeed -1
07-05 07:44:55.654   715   874 D WifiClientModeImpl[27601:wlan0]:  ClientModeImpl$L2ConnectedState screen=on 1 0 "AndroidWifi" 00:13:10:85:fe:01 rssi=-50 f=2447 sc=60 link=1 tx=0.0, 0.0, 0.0 rx=0.0 bcn=0 [on:0 tx:0 rx:0 period:3008] from screen [on:0 period:826067814] score=60
07-05 07:44:55.738 12230 12230 W dumpsys : Thread Pool max thread count is 0. Cannot cache binder as linkToDeath cannot be implemented. serviceName: window
07-05 07:44:55.805 11736 11736 D AutofillManager: Fill dialog is enabled:false, hints=[]
07-05 07:44:55.822   715   735 W AS.PlaybackActivityMon: No piid assigned for invalid/internal port id 15
07-05 07:44:55.914 12148 12240 D ProfileInstaller: Installing profile for com.huiyi.mockchat
07-05 07:44:56.046   715   731 I system_server: Background concurrent mark compact GC freed 22MB AllocSpace bytes, 75(1500KB) LOS objects, 41% free, 33MB/57MB, paused 1.641ms,1.243ms total 141.825ms
07-05 07:44:56.204 12241 12241 D AndroidRuntime: >>>>>> START com.android.internal.os.RuntimeInit uid 2000 <<<<<<
07-05 07:44:56.211 12241 12241 I AndroidRuntime: Using default boot image
07-05 07:44:56.211 12241 12241 I AndroidRuntime: Leaving lock profiling enabled
07-05 07:44:56.213 12241 12241 I app_process: Core platform API reporting enabled, enforcing=false
07-05 07:44:56.213 12241 12241 I app_process: Using CollectorTypeCMC GC.
07-05 07:44:56.305   715   751 W AccessibilityWindowsPopulator: Windows change within in 2 frames continuously over 500 ms and notify windows changed immediately
07-05 07:44:56.310 12241 12241 D nativeloader: InitDefaultPublicLibraries for_preload=1: libandroid.so:libaaudio.so:libamidi.so:libbinder_ndk.so:libc.so:libcamera2ndk.so:libdl.so:libEGL.so:libGLESv1_CM.so:libGLESv2.so:libGLESv3.so:libicu.so:libicui18n.so:libicuuc.so:libjnigraphics.so:liblog.so:libmediandk.so:libm.so:libnativehelper.so:libnativewindow.so:libOpenMAXAL.so:libOpenSLES.so:libRS.so:libstdc++.so:libsync.so:libvulkan.so:libwebviewchromium_plat_support.so:libz.so
07-05 07:44:56.322 12241 12241 D nativeloader: Load libicu_jni.so using APEX ns com_android_art for caller /apex/com.android.art/javalib/core-oj.jar: ok
07-05 07:44:56.322 12241 12241 D app_process: u_setTimeZoneFilesDirectory("/apex/com.android.tzdata/etc/tz/versioned/9/icu") succeeded. 
07-05 07:44:56.322 12241 12241 D app_process: I18n APEX ICU file found: /apex/com.android.i18n/etc/icu/icudt76l.dat
07-05 07:44:56.323 12241 12241 D nativeloader: Load libjavacore.so using APEX ns com_android_art for caller /apex/com.android.art/javalib/core-oj.jar: ok
07-05 07:44:56.324 12241 12241 D nativeloader: Load libopenjdk.so using APEX ns com_android_art for caller /apex/com.android.art/javalib/core-oj.jar: ok
07-05 07:44:56.326 12241 12241 W app_process: Unexpected CPU variant for x86: x86_64.
07-05 07:44:56.326 12241 12241 W app_process: Known variants: atom, sandybridge, silvermont, goldmont, goldmont-plus, goldmont-without-sha-xsaves, tremont, kabylake, alderlake, default
07-05 07:44:56.327 12241 12241 W app_process: ClassLoaderContext shared library size mismatch. Expected=2, found=0 (PCL[]{PCL[/system/framework/android.test.base.jar*2789897741]#PCL[/system/framework/android.test.mock.jar*3361312393]} | PCL[])
07-05 07:44:56.327 12241 12241 W app_process: ClassLoaderContext classpath size mismatch. expected=0, found=1 (PCL[]{PCL[/system/framework/android.test.runner.jar*895143020]#PCL[/system/framework/android.test.base.jar*2789897741]} | PCL[/system/framework/android.test.runner.jar*895143020])
07-05 07:44:56.348 12241 12241 D nativeloader: Load libframework-connectivity-tiramisu-jni.so using APEX ns com_android_tethering for caller /apex/com.android.tethering/javalib/framework-connectivity-t.jar: ok
07-05 07:44:56.349 12241 12241 D AndroidRuntime: Calling main entry com.android.commands.uiautomator.Launcher
07-05 07:44:56.354 12241 12241 I AconfigPackage: android.media.swcodec.flags is mapped to com.android.media.swcodec
07-05 07:44:56.354 12241 12241 I AconfigPackage: com.google.android.settings.simplemode.flags is mapped to system_ext
07-05 07:44:56.354 12241 12241 I AconfigPackage: com.google.android.systemui is mapped to system_ext
07-05 07:44:56.354 12241 12241 I AconfigPackage: com.google.android.apps.nexuslauncher is mapped to system_ext
07-05 07:44:56.354 12241 12241 I AconfigPackage: com.android.settings.accessibility is mapped to system_ext
07-05 07:44:56.355 12241 12241 I AconfigPackage: com.android.settings.flags is mapped to system_ext
07-05 07:44:56.355 12241 12241 I AconfigPackage: com.google.android.apps.miphone.aiai.matchmaker.overview.ui is mapped to system_ext
07-05 07:44:56.355 12241 12241 I AconfigPackage: com.google.android.settings.flags is mapped to system_ext
07-05 07:44:56.355 12241 12241 I AconfigPackage: com.android.launcher3 is mapped to system_ext
07-05 07:44:56.355 12241 12241 I AconfigPackage: com.android.wallpaper is mapped to system_ext
07-05 07:44:56.356 12241 12241 I AconfigPackage: com.android.settings.media_drm is mapped to system_ext
07-05 07:44:56.356 12241 12241 I AconfigPackage: com.android.systemui.accessibility.accessibilitymenu is mapped to system_ext
07-05 07:44:56.356 12241 12241 I AconfigPackage: com.android.settings.keyboard is mapped to system_ext
07-05 07:44:56.356 12241 12241 I AconfigPackage: com.android.server.policy.feature.flags is mapped to system_ext
07-05 07:44:56.356 12241 12241 I AconfigPackage: com.android.settings.factory_reset is mapped to system_ext
07-05 07:44:56.356 12241 12241 I AconfigPackage: com.google.android.haptics.flags is mapped to system_ext
07-05 07:44:56.357 12241 12241 I AconfigPackage: com.android.permission.flags is mapped to com.android.permission
07-05 07:44:56.357 12241 12241 I AconfigPackage: com.android.icu is mapped to com.android.i18n
07-05 07:44:56.357 12241 12241 I AconfigPackage: com.android.appsearch.flags is mapped to com.android.appsearch
07-05 07:44:56.357 12241 12241 I AconfigPackage: android.uprobestats.mainline.flags is mapped to com.android.uprobestats
07-05 07:44:56.358 12241 12241 I AconfigPackage: android.provider.flags is mapped to com.android.configinfrastructure
07-05 07:44:56.358 12241 12241 I AconfigPackage: com.android.server.deviceconfig is mapped to com.android.configinfrastructure
07-05 07:44:56.358 12241 12241 I AconfigPackage: com.android.nfc.flags is mapped to system
07-05 07:44:56.358 12241 12241 I AconfigPackage: android.app.admin.flags is mapped to system
07-05 07:44:56.358 12241 12241 I AconfigPackage: android.database.sqlite is mapped to system
07-05 07:44:56.358 12241 12241 I AconfigPackage: com.android.providers.calendar is mapped to system
07-05 07:44:56.358 12241 12241 I AconfigPackage: com.android.server.power.feature.flags is mapped to system
07-05 07:44:56.359 12241 12241 I AconfigPackage: com.android.media.performance.flags is mapped to system
07-05 07:44:56.359 12241 12241 I AconfigPackage: android.app.contextualsearch.flags is mapped to system
07-05 07:44:56.359 12241 12241 I AconfigPackage: android.app.ondeviceintelligence.flags is mapped to system
07-05 07:44:56.359 12241 12241 I AconfigPackage: com.android.media.projection.flags is mapped to system
07-05 07:44:56.359 12241 12241 I AconfigPackage: android.companion is mapped to system
07-05 07:44:56.359 12241 12241 I AconfigPackage: android.service.controls.flags is mapped to system
07-05 07:44:56.359 12241 12241 I AconfigPackage: com.android.text.flags is mapped to system
07-05 07:44:56.359 12241 12241 I AconfigPackage: com.android.providers.contactkeys.flags is mapped to system
07-05 07:44:56.359 12241 12241 I AconfigPackage: com.android.intentresolver is mapped to system
07-05 07:44:56.359 12241 12241 I AconfigPackage: android.companion.virtualdevice.flags is mapped to system
07-05 07:44:56.359 12241 12241 I AconfigPackage: android.uprobestats.flags is mapped to system
07-05 07:44:56.359 12241 12241 I AconfigPackage: com.android.net.thread.platform.flags is mapped to system
07-05 07:44:56.360 12241 12241 I AconfigPackage: android.view.contentprotection.flags is mapped to system
07-05 07:44:56.360 12241 12241 I AconfigPackage: com.android.server.dreams is mapped to system
07-05 07:44:56.360 12241 12241 I AconfigPackage: com.android.graphics.surfaceflinger.flags is mapped to system
07-05 07:44:56.360 12241 12241 I AconfigPackage: com.android.hardware.input is mapped to system
07-05 07:44:56.360 12241 12241 I AconfigPackage: android.sdk is mapped to system
07-05 07:44:56.360 12241 12241 I AconfigPackage: com.android.input.flags is mapped to system
07-05 07:44:56.360 12241 12241 I AconfigPackage: android.tracing is mapped to system
07-05 07:44:56.360 12241 12241 I AconfigPackage: com.android.server.biometrics is mapped to system
07-05 07:44:56.362 12241 12241 I AconfigPackage: android.view.contentcapture.flags is mapped to system
07-05 07:44:56.362 12241 12241 I AconfigPackage: android.app.job is mapped to system
07-05 07:44:56.362 12241 12241 I AconfigPackage: android.content.res is mapped to system
07-05 07:44:56.362 12241 12241 I AconfigPackage: android.net.platform.flags is mapped to system
07-05 07:44:56.362 12241 12241 I AconfigPackage: com.android.aconfig.flags is mapped to system
07-05 07:44:56.362 12241 12241 I AconfigPackage: com.android.graphics.flags is mapped to system
07-05 07:44:56.362 12241 12241 I AconfigPackage: android.server.app is mapped to system
07-05 07:44:56.362 12241 12241 I AconfigPackage: android.speech.flags is mapped to system
07-05 07:44:56.362 12241 12241 I AconfigPackage: com.android.server.stats is mapped to system
07-05 07:44:56.362 12241 12241 I AconfigPackage: android.hardware.biometrics is mapped to system
07-05 07:44:56.362 12241 12241 I AconfigPackage: android.car.feature is mapped to system
07-05 07:44:56.362 12241 12241 I AconfigPackage: android.adpf is mapped to system
07-05 07:44:56.362 12241 12241 I AconfigPackage: android.location.flags is mapped to system
07-05 07:44:56.362 12241 12241 I AconfigPackage: com.android.settingslib.flags is mapped to system
07-05 07:44:56.363 12241 12241 I AconfigPackage: com.android.managedprovisioning.flags is mapped to system
07-05 07:44:56.363 12241 12241 I AconfigPackage: android.app.assist.flags is mapped to system
07-05 07:44:56.363 12241 12241 I AconfigPackage: com.android.server.net is mapped to system
07-05 07:44:56.363 12241 12241 I AconfigPackage: com.android.settingslib.widget.flags is mapped to system
07-05 07:44:56.363 12241 12241 I AconfigPackage: com.android.internal.camera.flags is mapped to system
07-05 07:44:56.363 12241 12241 I AconfigPackage: com.android.hardware.libsensor.flags is mapped to system
07-05 07:44:56.363 12241 12241 I AconfigPackage: com.android.internal.jank is mapped to system
07-05 07:44:56.363 12241 12241 I AconfigPackage: com.android.providers.settings is mapped to system
07-05 07:44:56.363 12241 12241 I AconfigPackage: android.multiuser is mapped to system
07-05 07:44:56.363 12241 12241 I AconfigPackage: com.android.server.power.optimization is mapped to system
07-05 07:44:56.363 12241 12241 I AconfigPackage: com.android.calllogbackup is mapped to system
07-05 07:44:56.364 12241 12241 I AconfigPackage: com.android.media.flags is mapped to system
07-05 07:44:56.364 12241 12241 I AconfigPackage: com.android.server.flags is mapped to system
07-05 07:44:56.364 12241 12241 I AconfigPackage: com.android.graphics.libvulkan.flags is mapped to system
07-05 07:44:56.364 12241 12241 I AconfigPackage: android.app.appfunctions.flags is mapped to system
07-05 07:44:56.364 12241 12241 I AconfigPackage: android.app.smartspace.flags is mapped to system
07-05 07:44:56.364 12241 12241 I AconfigPackage: com.android.providers.contacts.flags is mapped to system
07-05 07:44:56.365 12241 12241 I AconfigPackage: com.android.shell.flags is mapped to system
07-05 07:44:56.365 12241 12241 I AconfigPackage: com.android.media.aaudio is mapped to system
07-05 07:44:56.365 12241 12241 I AconfigPackage: android.hardware.radio is mapped to system
07-05 07:44:56.365 12241 12241 I AconfigPackage: com.google.wear.services.infra.flags is mapped to system
07-05 07:44:56.365 12241 12241 I AconfigPackage: suspend_service.flags is mapped to system
07-05 07:44:56.365 12241 12241 I AconfigPackage: android.media.midi is mapped to system
07-05 07:44:56.365 12241 12241 I AconfigPackage: com.android.libcore.readonly is mapped to system
07-05 07:44:56.365 12241 12241 I AconfigPackage: com.android.settingslib.widget.selectorwithwidgetpreference.flags is mapped to system
07-05 07:44:56.365 12241 12241 I AconfigPackage: android.service.notification is mapped to system
07-05 07:44:56.365 12241 12241 I AconfigPackage: com.android.systemui.shared is mapped to system
07-05 07:44:56.365 12241 12241 I AconfigPackage: android.app.jank is mapped to system
07-05 07:44:56.366 12241 12241 I AconfigPackage: android.app.wearable is mapped to system
07-05 07:44:56.366 12241 12241 I AconfigPackage: com.android.media.audio is mapped to system
07-05 07:44:56.366 12241 12241 I AconfigPackage: android.service.chooser is mapped to system
07-05 07:44:56.366 12241 12241 I AconfigPackage: com.android.server.compat is mapped to system
07-05 07:44:56.366 12241 12241 I AconfigPackage: com.android.server.alarm is mapped to system
07-05 07:44:56.366 12241 12241 I AconfigPackage: com.android.apex.flags is mapped to system
07-05 07:44:56.366 12241 12241 I AconfigPackage: android.service.quickaccesswallet is mapped to system
07-05 07:44:56.366 12241 12241 I AconfigPackage: android.app.usage is mapped to system
07-05 07:44:56.366 12241 12241 I AconfigPackage: com.android.server.accessibility is mapped to system
07-05 07:44:56.366 12241 12241 I AconfigPackage: android.app.supervision.flags is mapped to system
07-05 07:44:56.366 12241 12241 I AconfigPackage: com.android.server.utils is mapped to system
07-05 07:44:56.366 12241 12241 I AconfigPackage: android.chre.flags is mapped to system
07-05 07:44:56.366 12241 12241 I AconfigPackage: android.content.flags is mapped to system
07-05 07:44:56.367 12241 12241 I AconfigPackage: android.media.codec is mapped to system
07-05 07:44:56.367 12241 12241 I AconfigPackage: com.android.internal.os is mapped to system
07-05 07:44:56.367 12241 12241 I AconfigPackage: com.android.nfc.nci.flags is mapped to system
07-05 07:44:56.368 12241 12241 I AconfigPackage: android.app is mapped to system
07-05 07:44:56.368 12241 12241 I AconfigPackage: android.security.keystore2 is mapped to system
07-05 07:44:56.368 12241 12241 I AconfigPackage: android.crashrecovery.flags is mapped to system
07-05 07:44:56.368 12241 12241 I AconfigPackage: com.android.tradeinmode.flags is mapped to system
07-05 07:44:56.368 12241 12241 I AconfigPackage: android.hardware.flags is mapped to system
07-05 07:44:56.368 12241 12241 I AconfigPackage: com.android.server.telecom.flags is mapped to system
07-05 07:44:56.368 12241 12241 I AconfigPackage: com.android.settingslib.media.flags is mapped to system
07-05 07:44:56.368 12241 12241 I AconfigPackage: com.android.server.policy is mapped to system
07-05 07:44:56.368 12241 12241 I AconfigPackage: android.media.audiopolicy is mapped to system
07-05 07:44:56.369 12241 12241 I AconfigPackage: com.android.egg.flags is mapped to system
07-05 07:44:56.369 12241 12241 I AconfigPackage: com.android.internal.compat.flags is mapped to system
07-05 07:44:56.369 12241 12241 I AconfigPackage: android.security is mapped to system
07-05 07:44:56.369 12241 12241 I AconfigPackage: android.service.autofill is mapped to system
07-05 07:44:56.369 12241 12241 I AconfigPackage: com.example.android.aconfig.demo.flags is mapped to system
07-05 07:44:56.369 12241 12241 I AconfigPackage: android.view.flags is mapped to system
07-05 07:44:56.369 12241 12241 I AconfigPackage: android.companion.virtual.flags is mapped to system
07-05 07:44:56.370 12241 12241 I AconfigPackage: com.android.aconfig_new_storage is mapped to system
07-05 07:44:56.370 12241 12241 I AconfigPackage: com.android.server.feature.flags is mapped to system
07-05 07:44:56.370 12241 12241 I AconfigPackage: com.android.systemui is mapped to system
07-05 07:44:56.370 12241 12241 I AconfigPackage: com.android.server.power.batterysaver is mapped to system
07-05 07:44:56.370 12241 12241 I AconfigPackage: android.widget.flags is mapped to system
07-05 07:44:56.370 12241 12241 I AconfigPackage: com.android.media.editing.flags is mapped to system
07-05 07:44:56.370 12241 12241 I AconfigPackage: com.android.media.codec.flags is mapped to system
07-05 07:44:56.371 12241 12241 I AconfigPackage: com.android.server.powerstats is mapped to system
07-05 07:44:56.371 12241 12241 I AconfigPackage: com.android.graphics.egl.flags is mapped to system
07-05 07:44:56.371 12241 12241 I AconfigPackage: com.android.media.audioserver is mapped to system
07-05 07:44:56.371 12241 12241 I AconfigPackage: com.android.server.deviceidle is mapped to system
07-05 07:44:56.371 12241 12241 I AconfigPackage: android.nfc is mapped to system
07-05 07:44:56.372 12241 12241 I AconfigPackage: android.permission.flags is mapped to system
07-05 07:44:56.372 12241 12241 I AconfigPackage: android.service.voice.flags is mapped to system
07-05 07:44:56.372 12241 12241 I AconfigPackage: android.content.pm is mapped to system
07-05 07:44:56.372 12241 12241 I AconfigPackage: com.android.server.power.hint is mapped to system
07-05 07:44:56.372 12241 12241 I AconfigPackage: android.os is mapped to system
07-05 07:44:56.372 12241 12241 I AconfigPackage: android.service.dreams is mapped to system
07-05 07:44:56.372 12241 12241 I AconfigPackage: com.android.graphics.libgui.flags is mapped to system
07-05 07:44:56.372 12241 12241 I AconfigPackage: android.hardware.usb.flags is mapped to system
07-05 07:44:56.372 12241 12241 I AconfigPackage: android.provider is mapped to system
07-05 07:44:56.373 12241 12241 I AconfigPackage: com.android.server.job is mapped to system
07-05 07:44:56.373 12241 12241 I AconfigPackage: com.android.internal.foldables.flags is mapped to system
07-05 07:44:56.373 12241 12241 I AconfigPackage: com.android.internal.telephony.flags is mapped to system
07-05 07:44:56.373 12241 12241 I AconfigPackage: android.webkit is mapped to system
07-05 07:44:56.373 12241 12241 I AconfigPackage: android.credentials.flags is mapped to system
07-05 07:44:56.373 12241 12241 I AconfigPackage: com.android.server.display.feature.flags is mapped to system
07-05 07:44:56.373 12241 12241 I AconfigPackage: com.android.server.notification is mapped to system
07-05 07:44:56.373 12241 12241 I AconfigPackage: android.appwidget.flags is mapped to system
07-05 07:44:56.373 12241 12241 I AconfigPackage: com.android.frameworks.sensorservice.flags is mapped to system
07-05 07:44:56.373 12241 12241 I AconfigPackage: com.android.printspooler.flags is mapped to system
07-05 07:44:56.373 12241 12241 I AconfigPackage: com.android.window.flags is mapped to system
07-05 07:44:56.374 12241 12241 I AconfigPackage: android.adaptiveauth is mapped to system
07-05 07:44:56.374 12241 12241 I AconfigPackage: android.net.wifi.flags is mapped to system
07-05 07:44:56.374 12241 12241 I AconfigPackage: android.media.tv.flags is mapped to system
07-05 07:44:56.374 12241 12241 I AconfigPackage: com.android.server.usb.flags is mapped to system
07-05 07:44:56.374 12241 12241 I AconfigPackage: android.os.vibrator is mapped to system
07-05 07:44:56.374 12241 12241 I AconfigPackage: android.hardware.devicestate.feature.flags is mapped to system
07-05 07:44:56.375 12241 12241 I AconfigPackage: com.android.server.usage is mapped to system
07-05 07:44:56.375 12241 12241 I AconfigPackage: android.server is mapped to system
07-05 07:44:56.375 12241 12241 I AconfigPackage: com.android.wm.shell is mapped to system
07-05 07:44:56.375 12241 12241 I AconfigPackage: android.view.inputmethod is mapped to system
07-05 07:44:56.375 12241 12241 I AconfigPackage: com.android.graphics.hwui.flags is mapped to system
07-05 07:44:56.375 12241 12241 I AconfigPackage: com.android.server.backup is mapped to system
07-05 07:44:56.375 12241 12241 I AconfigPackage: com.android.internal.pm.pkg.component.flags is mapped to system
07-05 07:44:56.376 12241 12241 I AconfigPackage: android.view.accessibility is mapped to system
07-05 07:44:56.376 12241 12241 I AconfigPackage: com.google.wear.sdk is mapped to system
07-05 07:44:56.376 12241 12241 I AconfigPackage: android.media.audio is mapped to system
07-05 07:44:56.376 12241 12241 I AconfigPackage: com.android.server.am is mapped to system
07-05 07:44:56.376 12241 12241 I AconfigPackage: com.android.media.playback.flags is mapped to system
07-05 07:44:56.376 12241 12241 I AconfigPackage: com.android.art.flags is mapped to com.android.art
07-05 07:44:56.376 12241 12241 I AconfigPackage: com.android.libcore is mapped to com.android.art
07-05 07:44:56.377 12241 12241 I AconfigPackage: com.android.media.extractor.flags is mapped to com.android.media
07-05 07:44:56.377 12241 12241 I AconfigPackage: com.android.media.mainline.flags is mapped to com.android.media
07-05 07:44:56.377 12241 12241 I AconfigPackage: com.android.wifi.flags is mapped to com.android.wifi
07-05 07:44:56.377 12241 12241 I AconfigPackage: com.android.org.conscrypt.flags is mapped to com.android.conscrypt
07-05 07:44:56.377 12241 12241 I AconfigPackage: com.android.healthfitness.flags is mapped to com.android.healthfitness
07-05 07:44:56.378 12241 12241 I AconfigPackage: com.google.android.input.twoshay.flags is mapped to vendor
07-05 07:44:56.378 12241 12241 I AconfigPackage: libgooglecamerahal.flags is mapped to vendor
07-05 07:44:56.378 12241 12241 I AconfigPackage: com.android.ipsec.flags is mapped to com.android.ipsec
07-05 07:44:56.378 12241 12241 I AconfigPackage: com.android.nfc.module.flags is mapped to com.android.nfcservices
07-05 07:44:56.378 12241 12241 I AconfigPackage: com.android.adservices.ondevicepersonalization.flags is mapped to com.android.ondevicepersonalization
07-05 07:44:56.379 12241 12241 I AconfigPackage: com.android.bluetooth.flags is mapped to com.android.bt
07-05 07:44:56.379 12241 12241 I AconfigPackage: com.android.devicelock.flags is mapped to com.android.devicelock
07-05 07:44:56.379 12241 12241 I AconfigPackage: android.os.profiling is mapped to com.android.profiling
07-05 07:44:56.379 12241 12241 I AconfigPackage: com.android.os.statsd.flags is mapped to com.android.os.statsd
07-05 07:44:56.379 12241 12241 I AconfigPackage: com.android.cellbroadcastreceiver.flags is mapped to com.android.cellbroadcast
07-05 07:44:56.379 12241 12241 I AconfigPackage: com.android.adservices.flags is mapped to com.android.adservices
07-05 07:44:56.379 12241 12241 I AconfigPackage: com.android.sdksandbox.flags is mapped to com.android.adservices
07-05 07:44:56.380 12241 12241 I AconfigPackage: com.android.uwb.flags is mapped to com.android.uwb
07-05 07:44:56.380 12241 12241 I AconfigPackage: com.android.ranging.flags is mapped to com.android.uwb
07-05 07:44:56.381 12241 12241 I AconfigPackage: android.graphics.pdf.flags is mapped to com.android.mediaprovider
07-05 07:44:56.381 12241 12241 I AconfigPackage: com.android.providers.media.flags is mapped to com.android.mediaprovider
07-05 07:44:56.381 12241 12241 I AconfigPackage: android.graphics.pdf.flags.readonly is mapped to com.android.mediaprovider
07-05 07:44:56.381 12241 12241 I AconfigPackage: com.android.net.ct.flags is mapped to com.android.tethering
07-05 07:44:56.381 12241 12241 I AconfigPackage: com.android.net.flags is mapped to com.android.tethering
07-05 07:44:56.381 12241 12241 I AconfigPackage: android.net.vcn is mapped to com.android.tethering
07-05 07:44:56.381 12241 12241 I AconfigPackage: com.android.nearby.flags is mapped to com.android.tethering
07-05 07:44:56.381 12241 12241 I AconfigPackage: android.net.http is mapped to com.android.tethering
07-05 07:44:56.381 12241 12241 I AconfigPackage: com.android.net.thread.flags is mapped to com.android.tethering
07-05 07:44:56.382 12241 12241 I AconfigPackage: com.android.system.virtualmachine.flags is mapped to com.android.virt
07-05 07:44:56.382 12241 12241 E FeatureFlagsImplExport: android.os.flagging.AconfigStorageReadException: ERROR_PACKAGE_NOT_FOUND: package android.xr cannot be found on the device
07-05 07:44:56.384 12241 12241 D UiAutomationConnection: Created on user UserHandle{0}
07-05 07:44:56.385 12241 12241 I UiAutomation: Initialized for user 0 on display 0
07-05 07:44:56.385 12241 12241 W UiAutomation: Created with deprecatead constructor, assumes DEFAULT_DISPLAY
07-05 07:44:56.387   715  1843 D AccessibilityManagerService: changeCurrentUserForTestAutomationIfNeededLocked(0): ignoring because device doesn't support visible background users
07-05 07:44:56.387   715  1843 I UiAutomationManager: Registering UiTestAutomationService (id=com.android.server.accessibility/UiAutomation, flags=0x0) when called by user 0
07-05 07:44:56.388   715  1843 V AccessibilityManagerService: onUserStateChangedLocked for userId: 0, forceUpdate: false
07-05 07:44:56.393   715  1843 W MagnificationConnectionManager: requestConnection duplicated request: connect=false, mConnectionState=DISCONNECTED
07-05 07:44:56.395   715   715 W IPCThreadState: Sending oneway calls to frozen process.
07-05 07:44:56.395   715   715 W IPCThreadState: Sending oneway calls to frozen process.
07-05 07:44:56.395   715   715 W IPCThreadState: Sending oneway calls to frozen process.
07-05 07:44:56.395   715   715 W IPCThreadState: Sending oneway calls to frozen process.
07-05 07:44:56.395   715   715 W IPCThreadState: Sending oneway calls to frozen process.
07-05 07:44:56.396 12241 12253 V UiAutomation: Init UiAutomation@d854d9c[id=351, displayId=0, flags=0]
07-05 07:44:56.396   715   715 W IPCThreadState: Sending oneway calls to frozen process.
07-05 07:44:56.397   715   715 W IPCThreadState: Sending oneway calls to frozen process.
07-05 07:44:56.397   715  1843 V AccessibilityManagerService: onUserStateChangedLocked for userId: 0, forceUpdate: false
07-05 07:44:56.397   715   715 W IPCThreadState: Sending oneway calls to frozen process.
07-05 07:44:56.397   715   715 W IPCThreadState: Sending oneway calls to frozen process.
07-05 07:44:56.397   715  1843 W MagnificationConnectionManager: requestConnection duplicated request: connect=false, mConnectionState=DISCONNECTED
07-05 07:44:56.398   715   715 W IPCThreadState: Sending oneway calls to frozen process.
07-05 07:44:56.398   715   715 W IPCThreadState: Sending oneway calls to frozen process.
07-05 07:44:56.398   715   715 W IPCThreadState: Sending oneway calls to frozen process.
07-05 07:44:56.399   715   715 W IPCThreadState: Sending oneway calls to frozen process.
07-05 07:44:56.399   715   715 W IPCThreadState: Sending oneway calls to frozen process.
07-05 07:44:56.400   715   715 W IPCThreadState: Sending oneway calls to frozen process.
07-05 07:44:56.400   715   715 W IPCThreadState: Sending oneway calls to frozen process.
07-05 07:44:56.400   715   715 W IPCThreadState: Sending oneway calls to frozen process.
07-05 07:44:56.401   715   715 W IPCThreadState: Sending oneway calls to frozen process.
07-05 07:44:56.402   715   715 W IPCThreadState: Sending oneway calls to frozen process.
07-05 07:44:56.402   715   715 W IPCThreadState: Sending oneway calls to frozen process.
07-05 07:44:56.402   715   715 W IPCThreadState: Sending oneway calls to frozen process.
07-05 07:44:56.402   715   715 W IPCThreadState: Sending oneway calls to frozen process.
07-05 07:44:56.403   715   715 W IPCThreadState: Sending oneway calls to frozen process.
07-05 07:44:56.404   715   715 W IPCThreadState: Sending oneway calls to frozen process.
07-05 07:44:56.405   715   715 W IPCThreadState: Sending oneway calls to frozen process.
07-05 07:44:56.405   715   715 W IPCThreadState: Sending oneway calls to frozen process.
07-05 07:44:56.405   715   715 W IPCThreadState: Sending oneway calls to frozen process.
07-05 07:44:56.406   715   715 W IPCThreadState: Sending oneway calls to frozen process.
07-05 07:44:56.406   715   715 W IPCThreadState: Sending oneway calls to frozen process.
07-05 07:44:56.407   715   715 W IPCThreadState: Sending oneway calls to frozen process.
07-05 07:44:56.407   715   715 W IPCThreadState: Sending oneway calls to frozen process.
07-05 07:44:56.408   715   715 W IPCThreadState: Sending oneway calls to frozen process.
07-05 07:44:56.408   715   715 W IPCThreadState: Sending oneway calls to frozen process.
07-05 07:44:56.408   488   533 I netd    : tetherGetStats() -> {[]} <0.56ms>
07-05 07:44:56.409   715   715 W IPCThreadState: Sending oneway calls to frozen process.
07-05 07:44:56.409   715   715 W IPCThreadState: Sending oneway calls to frozen process.
07-05 07:44:56.409   715   715 W IPCThreadState: Sending oneway calls to frozen process.
07-05 07:44:56.409   715   715 W IPCThreadState: Sending oneway calls to frozen process.
07-05 07:44:56.410   715   715 W IPCThreadState: Sending oneway calls to frozen process.
07-05 07:44:56.410   715   715 W IPCThreadState: Sending oneway calls to frozen process.
07-05 07:44:56.410   715   715 W IPCThreadState: Sending oneway calls to frozen process.
07-05 07:44:56.411   715   715 W IPCThreadState: Sending oneway calls to frozen process.
07-05 07:44:56.411   715   715 W IPCThreadState: Sending oneway calls to frozen process.
07-05 07:44:56.412   715   715 W IPCThreadState: Sending oneway calls to frozen process.
07-05 07:44:56.412   715   715 W IPCThreadState: Sending oneway calls to frozen process.
07-05 07:44:56.412   715   715 W IPCThreadState: Sending oneway calls to frozen process.
07-05 07:44:57.411 12241 12241 W AccessibilityNodeInfoDumper: Fetch time: 5ms
07-05 07:44:57.413   715  1843 V AccessibilityManagerService: onUserStateChangedLocked for userId: 0, forceUpdate: false
07-05 07:44:57.414   715   930 D BackgroundInstallControlService: Package event received: 0
07-05 07:44:57.417   715  1843 W MagnificationConnectionManager: requestConnection duplicated request: connect=false, mConnectionState=DISCONNECTED
07-05 07:44:57.417   715  1843 D AccessibilityManagerService: restoreCurrentUserForTestAutomationIfNeededLocked(): ignoring because device doesn't support visible background users
07-05 07:44:57.418   715   715 W IPCThreadState: Sending oneway calls to frozen process.
07-05 07:44:57.418   715   715 W IPCThreadState: Sending oneway calls to frozen process.
07-05 07:44:57.418   715   715 W IPCThreadState: Sending oneway calls to frozen process.
07-05 07:44:57.418   715   715 W IPCThreadState: Sending oneway calls to frozen process.
07-05 07:44:57.418   715   715 W IPCThreadState: Sending oneway calls to frozen process.
07-05 07:44:57.419   715   715 W IPCThreadState: Sending oneway calls to frozen process.
07-05 07:44:57.419   715   715 W IPCThreadState: Sending oneway calls to frozen process.
07-05 07:44:57.419   715   715 W IPCThreadState: Sending oneway calls to frozen process.
07-05 07:44:57.419 12241 12241 D AndroidRuntime: Shutting down VM
07-05 07:44:57.420   715   715 W IPCThreadState: Sending oneway calls to frozen process.
07-05 07:44:57.420   715   715 W IPCThreadState: Sending oneway calls to frozen process.
07-05 07:44:57.420 12241 12250 W IPCThreadState: call to talkWithDriver in joinThreadPool returned error: -9 (Bad file descriptor), FD: -1
07-05 07:44:57.420   715   715 W IPCThreadState: Sending oneway calls to frozen process.
07-05 07:44:57.420 12241 12251 W IPCThreadState: call to talkWithDriver in joinThreadPool returned error: -9 (Bad file descriptor), FD: -1
07-05 07:44:57.420 12241 12254 W IPCThreadState: call to talkWithDriver in joinThreadPool returned error: -9 (Bad file descriptor), FD: -1
07-05 07:44:57.421   715   715 W IPCThreadState: Sending oneway calls to frozen process.
07-05 07:44:57.421   715   715 W IPCThreadState: Sending oneway calls to frozen process.
07-05 07:44:57.421   715   715 W IPCThreadState: Sending oneway calls to frozen process.
07-05 07:44:57.421   715   715 W IPCThreadState: Sending oneway calls to frozen process.
07-05 07:44:57.421   715   715 W IPCThreadState: Sending oneway calls to frozen process.
07-05 07:44:57.421   715   715 W IPCThreadState: Sending oneway calls to frozen process.
07-05 07:44:57.421   715   715 W IPCThreadState: Sending oneway calls to frozen process.
07-05 07:44:57.424   715   715 V AccessibilityManagerService: onUserStateChangedLocked for userId: 0, forceUpdate: false
07-05 07:44:57.426   715   715 W MagnificationConnectionManager: requestConnection duplicated request: connect=false, mConnectionState=DISCONNECTED
07-05 07:44:57.426   715   715 W IPCThreadState: Sending oneway calls to frozen process.
07-05 07:44:57.426   715   715 W IPCThreadState: Sending oneway calls to frozen process.
07-05 07:44:57.426   715   715 W IPCThreadState: Sending oneway calls to frozen process.
07-05 07:44:57.427   715   715 W IPCThreadState: Sending oneway calls to frozen process.
07-05 07:44:57.427   715   715 W IPCThreadState: Sending oneway calls to frozen process.
07-05 07:44:57.428   715   715 W IPCThreadState: Sending oneway calls to frozen process.
07-05 07:44:57.428   715   715 W IPCThreadState: Sending oneway calls to frozen process.
07-05 07:44:57.428   715   715 W IPCThreadState: Sending oneway calls to frozen process.
07-05 07:44:57.428   715   715 W IPCThreadState: Sending oneway calls to frozen process.
07-05 07:44:57.429   715   715 W IPCThreadState: Sending oneway calls to frozen process.
07-05 07:44:57.429   715   715 W IPCThreadState: Sending oneway calls to frozen process.
07-05 07:44:57.429   715   715 W IPCThreadState: Sending oneway calls to frozen process.
07-05 07:44:57.429   715   715 W IPCThreadState: Sending oneway calls to frozen process.
07-05 07:44:57.430   715   715 W IPCThreadState: Sending oneway calls to frozen process.
07-05 07:44:57.430   715   715 W IPCThreadState: Sending oneway calls to frozen process.
07-05 07:44:57.430   715   715 W IPCThreadState: Sending oneway calls to frozen process.
07-05 07:44:57.431   715   715 W IPCThreadState: Sending oneway calls to frozen process.
07-05 07:44:57.431   715   715 W IPCThreadState: Sending oneway calls to frozen process.
07-05 07:44:57.431   715   715 W IPCThreadState: Sending oneway calls to frozen process.
07-05 07:44:57.431   715   715 W IPCThreadState: Sending oneway calls to frozen process.
07-05 07:44:57.431   715   715 W IPCThreadState: Sending oneway calls to frozen process.
07-05 07:44:57.432   715   715 W IPCThreadState: Sending oneway calls to frozen process.
07-05 07:44:57.432   715   715 W IPCThreadState: Sending oneway calls to frozen process.
07-05 07:44:57.433   715   715 W IPCThreadState: Sending oneway calls to frozen process.
07-05 07:44:57.433   715   715 W IPCThreadState: Sending oneway calls to frozen process.
07-05 07:44:57.433   715   715 W IPCThreadState: Sending oneway calls to frozen process.
07-05 07:44:57.433   715   715 W IPCThreadState: Sending oneway calls to frozen process.
07-05 07:44:57.438   488   533 I netd    : tetherGetStats() -> {[]} <0.87ms>
07-05 07:44:58.290   960   960 D wpa_supplicant: WNM: Send keep-alive to AP 00:13:10:85:fe:01
07-05 07:44:58.338 12258 12258 W dumpsys : Thread Pool max thread count is 0. Cannot cache binder as linkToDeath cannot be implemented. serviceName: window
07-05 07:44:58.341   715  1217 I system_server: AssetManager2(0x79075ab065b8) locale list changing from [] to [en-US]
07-05 07:44:58.342   715  1217 I system_server: AssetManager2(0x79075ab5abb8) locale list changing from [] to [en-US]
07-05 07:44:58.343   715  1217 I system_server: AssetManager2(0x79075ab60658) locale list changing from [] to [en-US]
07-05 07:44:58.344   715  1217 I system_server: AssetManager2(0x79075ab60fb8) locale list changing from [] to [en-US]
07-05 07:44:58.345   715  1217 I system_server: AssetManager2(0x79075aaf71f8) locale list changing from [] to [en-US]
07-05 07:44:58.347   715  1217 I system_server: AssetManager2(0x79075aadb318) locale list changing from [] to [en-US]
07-05 07:44:58.439   715  1843 W AS.PlaybackActivityMon: No piid assigned for invalid/internal port id 15
07-05 07:44:58.440   715  3221 E NotificationService: Suppressing toast from package com.huiyi.v4 by user request.
07-05 07:44:58.441 11736 11736 I FloatingBubbleService: express_self_click_ack latencyMs=4 ackVisible=true
07-05 07:44:58.456   563   662 D AudioFlinger: mixer(0x7a05b9670770) throttle end: throttle time(38)
07-05 07:44:58.522   715  3221 W AppOps  : Noting op not finished: uid 10216 pkg com.huiyi.v4 code 24 startTime of in progress event=1783237497415
07-05 07:44:58.544   715  3221 D CoreBackPreview: Window{bd54fe3 u0 com.huiyi.v4}: Setting back callback OnBackInvokedCallbackInfo{mCallback=android.window.IOnBackInvokedCallback$Stub$Proxy@d57575e, mPriority=0, mIsAnimationCallback=false, mOverrideBehavior=0}
07-05 07:44:58.660   715   874 D WifiClientModeImpl[27601:wlan0]: updateLinkLayerStatsRssiSpeedFrequencyCapabilities rssi=-50 TxLinkspeed=5 freq=2447 RxLinkSpeed=2
07-05 07:44:58.661   715   874 D WifiDataStall: tx tput in kbps: 11000
07-05 07:44:58.661   715   874 D WifiDataStall: rx tput in kbps: 11000
07-05 07:44:58.661   715   874 V WifiConfigManager: Updating scan detail cache freq=2447 BSSID=00:13:10:85:fe:01 RSSI=-50 for "AndroidWifi"NONE
07-05 07:44:58.662   715   874 D WifiThroughputPredictor:  utilization (LLS) 80 isBluetoothConnected: false final utilization: 80
07-05 07:44:58.662   715   874 D WifiThroughputPredictor:  BW: 0 RSSI: -50 Nss: 1 Mode: 1 symDur: 4000 snrDb 30 bitPerTone: 4500 rate: 54 throughput: 11
07-05 07:44:58.663   715   874 D WifiThroughputPredictor:  utilization (LLS) 80 isBluetoothConnected: false final utilization: 80
07-05 07:44:58.663   715   874 D WifiThroughputPredictor:  BW: 0 RSSI: -50 Nss: 1 Mode: 1 symDur: 4000 snrDb 30 bitPerTone: 4500 rate: 54 throughput: 11
07-05 07:44:58.664   715   874 D WifiThroughputPredictor:  utilization (LLS) 80 isBluetoothConnected: false final utilization: 80
07-05 07:44:58.664   715   874 D WifiThroughputPredictor:  BW: 0 RSSI: -50 Nss: 1 Mode: 1 symDur: 4000 snrDb 30 bitPerTone: 4500 rate: 54 throughput: 11
07-05 07:44:58.664   715   874 D WifiThroughputPredictor:  utilization (LLS) 80 isBluetoothConnected: false final utilization: 80
07-05 07:44:58.664   715   874 D WifiThroughputPredictor:  BW: 0 RSSI: -50 Nss: 1 Mode: 1 symDur: 4000 snrDb 30 bitPerTone: 4500 rate: 54 throughput: 11
07-05 07:44:58.665   715   874 D WifiScoreCard: BSSID update SIGNAL_POLL ID: 1559335064 SSID: "AndroidWifi", BSSID: 00:13:10:85:fe:01, MAC: 02:15:b2:00:00:00, IP: /10.0.2.16, Security type: 0, Supplicant state: COMPLETED, Wi-Fi standard: legacy, RSSI: -50, Link speed: 5Mbps, Tx Link speed: 5Mbps, Max Supported Tx Link speed: 11Mbps, Rx Link speed: 2Mbps, Max Supported Rx Link speed: 11Mbps, Frequency: 2447MHz, Net ID: 0, Metered hint: false, score: 60, isUsable: true, CarrierMerged: false, SubscriptionId: -1, IsPrimary: 1, Trusted: true, Restricted: false, Ephemeral: false, OEM paid: false, OEM private: false, OSU AP: false, FQDN: <none>, Provider friendly name: <none>, Requesting package name: <none>"AndroidWifi"openMLO Information: , Is TID-To-Link negotiation supported by the AP: false, AP MLD Address: <none>, AP MLO Link Id: <none>, AP MLO Affiliated links: <none>, Vendor Data: <none>
07-05 07:44:58.665   715   874 D WifiScoreCard: txRate: 1 txSpeed: 5
07-05 07:44:58.666   715   874 D WifiScoreCard: network update SIGNAL_POLL "AndroidWifi" ID: 1201260005 RSSI -50 txSpeed -1
07-05 07:44:58.666   715   874 D WifiClientModeImpl[27601:wlan0]:  ClientModeImpl$L2ConnectedState screen=on 1 0 "AndroidWifi" 00:13:10:85:fe:01 rssi=-50 f=2447 sc=60 link=5 tx=0.0, 0.0, 0.0 rx=0.0 bcn=0 [on:0 tx:0 rx:0 period:3012] from screen [on:0 period:826070826] score=60
07-05 07:44:58.974 12267 12267 D AndroidRuntime: >>>>>> START com.android.internal.os.RuntimeInit uid 2000 <<<<<<
07-05 07:44:58.978 12267 12267 I AndroidRuntime: Using default boot image
07-05 07:44:58.978 12267 12267 I AndroidRuntime: Leaving lock profiling enabled
07-05 07:44:58.980 12267 12267 I app_process: Core platform API reporting enabled, enforcing=false
07-05 07:44:58.981 12267 12267 I app_process: Using CollectorTypeCMC GC.
