07-05 07:44:59.060 12267 12267 D nativeloader: InitDefaultPublicLibraries for_preload=1: libandroid.so:libaaudio.so:libamidi.so:libbinder_ndk.so:libc.so:libcamera2ndk.so:libdl.so:libEGL.so:libGLESv1_CM.so:libGLESv2.so:libGLESv3.so:libicu.so:libicui18n.so:libicuuc.so:libjnigraphics.so:liblog.so:libmediandk.so:libm.so:libnativehelper.so:libnativewindow.so:libOpenMAXAL.so:libOpenSLES.so:libRS.so:libstdc++.so:libsync.so:libvulkan.so:libwebviewchromium_plat_support.so:libz.so
07-05 07:44:59.069 12267 12267 D nativeloader: Load libicu_jni.so using APEX ns com_android_art for caller /apex/com.android.art/javalib/core-oj.jar: ok
07-05 07:44:59.069 12267 12267 D app_process: u_setTimeZoneFilesDirectory("/apex/com.android.tzdata/etc/tz/versioned/9/icu") succeeded. 
07-05 07:44:59.069 12267 12267 D app_process: I18n APEX ICU file found: /apex/com.android.i18n/etc/icu/icudt76l.dat
07-05 07:44:59.070 12267 12267 D nativeloader: Load libjavacore.so using APEX ns com_android_art for caller /apex/com.android.art/javalib/core-oj.jar: ok
07-05 07:44:59.071 12267 12267 D nativeloader: Load libopenjdk.so using APEX ns com_android_art for caller /apex/com.android.art/javalib/core-oj.jar: ok
07-05 07:44:59.072 12267 12267 W app_process: Unexpected CPU variant for x86: x86_64.
07-05 07:44:59.072 12267 12267 W app_process: Known variants: atom, sandybridge, silvermont, goldmont, goldmont-plus, goldmont-without-sha-xsaves, tremont, kabylake, alderlake, default
07-05 07:44:59.073 12267 12267 W app_process: ClassLoaderContext shared library size mismatch. Expected=2, found=0 (PCL[]{PCL[/system/framework/android.test.base.jar*2789897741]#PCL[/system/framework/android.test.mock.jar*3361312393]} | PCL[])
07-05 07:44:59.074 12267 12267 W app_process: ClassLoaderContext classpath size mismatch. expected=0, found=1 (PCL[]{PCL[/system/framework/android.test.runner.jar*895143020]#PCL[/system/framework/android.test.base.jar*2789897741]} | PCL[/system/framework/android.test.runner.jar*895143020])
07-05 07:44:59.090 12267 12267 D nativeloader: Load libframework-connectivity-tiramisu-jni.so using APEX ns com_android_tethering for caller /apex/com.android.tethering/javalib/framework-connectivity-t.jar: ok
07-05 07:44:59.091 12267 12267 D AndroidRuntime: Calling main entry com.android.commands.uiautomator.Launcher
07-05 07:44:59.094 12267 12267 I AconfigPackage: android.media.swcodec.flags is mapped to com.android.media.swcodec
07-05 07:44:59.094 12267 12267 I AconfigPackage: com.google.android.settings.simplemode.flags is mapped to system_ext
07-05 07:44:59.095 12267 12267 I AconfigPackage: com.google.android.systemui is mapped to system_ext
07-05 07:44:59.095 12267 12267 I AconfigPackage: com.google.android.apps.nexuslauncher is mapped to system_ext
07-05 07:44:59.095 12267 12267 I AconfigPackage: com.android.settings.accessibility is mapped to system_ext
07-05 07:44:59.095 12267 12267 I AconfigPackage: com.android.settings.flags is mapped to system_ext
07-05 07:44:59.095 12267 12267 I AconfigPackage: com.google.android.apps.miphone.aiai.matchmaker.overview.ui is mapped to system_ext
07-05 07:44:59.095 12267 12267 I AconfigPackage: com.google.android.settings.flags is mapped to system_ext
07-05 07:44:59.095 12267 12267 I AconfigPackage: com.android.launcher3 is mapped to system_ext
07-05 07:44:59.095 12267 12267 I AconfigPackage: com.android.wallpaper is mapped to system_ext
07-05 07:44:59.095 12267 12267 I AconfigPackage: com.android.settings.media_drm is mapped to system_ext
07-05 07:44:59.095 12267 12267 I AconfigPackage: com.android.systemui.accessibility.accessibilitymenu is mapped to system_ext
07-05 07:44:59.096 12267 12267 I AconfigPackage: com.android.settings.keyboard is mapped to system_ext
07-05 07:44:59.096 12267 12267 I AconfigPackage: com.android.server.policy.feature.flags is mapped to system_ext
07-05 07:44:59.096 12267 12267 I AconfigPackage: com.android.settings.factory_reset is mapped to system_ext
07-05 07:44:59.096 12267 12267 I AconfigPackage: com.google.android.haptics.flags is mapped to system_ext
07-05 07:44:59.096 12267 12267 I AconfigPackage: com.android.permission.flags is mapped to com.android.permission
07-05 07:44:59.096 12267 12267 I AconfigPackage: com.android.icu is mapped to com.android.i18n
07-05 07:44:59.097 12267 12267 I AconfigPackage: com.android.appsearch.flags is mapped to com.android.appsearch
07-05 07:44:59.097 12267 12267 I AconfigPackage: android.uprobestats.mainline.flags is mapped to com.android.uprobestats
07-05 07:44:59.097 12267 12267 I AconfigPackage: android.provider.flags is mapped to com.android.configinfrastructure
07-05 07:44:59.097 12267 12267 I AconfigPackage: com.android.server.deviceconfig is mapped to com.android.configinfrastructure
07-05 07:44:59.097 12267 12267 I AconfigPackage: com.android.nfc.flags is mapped to system
07-05 07:44:59.098 12267 12267 I AconfigPackage: android.app.admin.flags is mapped to system
07-05 07:44:59.098 12267 12267 I AconfigPackage: android.database.sqlite is mapped to system
07-05 07:44:59.098 12267 12267 I AconfigPackage: com.android.providers.calendar is mapped to system
07-05 07:44:59.098 12267 12267 I AconfigPackage: com.android.server.power.feature.flags is mapped to system
07-05 07:44:59.098 12267 12267 I AconfigPackage: com.android.media.performance.flags is mapped to system
07-05 07:44:59.098 12267 12267 I AconfigPackage: android.app.contextualsearch.flags is mapped to system
07-05 07:44:59.098 12267 12267 I AconfigPackage: android.app.ondeviceintelligence.flags is mapped to system
07-05 07:44:59.098 12267 12267 I AconfigPackage: com.android.media.projection.flags is mapped to system
07-05 07:44:59.098 12267 12267 I AconfigPackage: android.companion is mapped to system
07-05 07:44:59.099 12267 12267 I AconfigPackage: android.service.controls.flags is mapped to system
07-05 07:44:59.099 12267 12267 I AconfigPackage: com.android.text.flags is mapped to system
07-05 07:44:59.099 12267 12267 I AconfigPackage: com.android.providers.contactkeys.flags is mapped to system
07-05 07:44:59.099 12267 12267 I AconfigPackage: com.android.intentresolver is mapped to system
07-05 07:44:59.099 12267 12267 I AconfigPackage: android.companion.virtualdevice.flags is mapped to system
07-05 07:44:59.099 12267 12267 I AconfigPackage: android.uprobestats.flags is mapped to system
07-05 07:44:59.099 12267 12267 I AconfigPackage: com.android.net.thread.platform.flags is mapped to system
07-05 07:44:59.099 12267 12267 I AconfigPackage: android.view.contentprotection.flags is mapped to system
07-05 07:44:59.099 12267 12267 I AconfigPackage: com.android.server.dreams is mapped to system
07-05 07:44:59.099 12267 12267 I AconfigPackage: com.android.graphics.surfaceflinger.flags is mapped to system
07-05 07:44:59.099 12267 12267 I AconfigPackage: com.android.hardware.input is mapped to system
07-05 07:44:59.099 12267 12267 I AconfigPackage: android.sdk is mapped to system
07-05 07:44:59.100 12267 12267 I AconfigPackage: com.android.input.flags is mapped to system
07-05 07:44:59.100 12267 12267 I AconfigPackage: android.tracing is mapped to system
07-05 07:44:59.100 12267 12267 I AconfigPackage: com.android.server.biometrics is mapped to system
07-05 07:44:59.100 12267 12267 I AconfigPackage: android.view.contentcapture.flags is mapped to system
07-05 07:44:59.100 12267 12267 I AconfigPackage: android.app.job is mapped to system
07-05 07:44:59.100 12267 12267 I AconfigPackage: android.content.res is mapped to system
07-05 07:44:59.100 12267 12267 I AconfigPackage: android.net.platform.flags is mapped to system
07-05 07:44:59.100 12267 12267 I AconfigPackage: com.android.aconfig.flags is mapped to system
07-05 07:44:59.100 12267 12267 I AconfigPackage: com.android.graphics.flags is mapped to system
07-05 07:44:59.100 12267 12267 I AconfigPackage: android.server.app is mapped to system
07-05 07:44:59.101 12267 12267 I AconfigPackage: android.speech.flags is mapped to system
07-05 07:44:59.101 12267 12267 I AconfigPackage: com.android.server.stats is mapped to system
07-05 07:44:59.101 12267 12267 I AconfigPackage: android.hardware.biometrics is mapped to system
07-05 07:44:59.101 12267 12267 I AconfigPackage: android.car.feature is mapped to system
07-05 07:44:59.101 12267 12267 I AconfigPackage: android.adpf is mapped to system
07-05 07:44:59.101 12267 12267 I AconfigPackage: android.location.flags is mapped to system
07-05 07:44:59.101 12267 12267 I AconfigPackage: com.android.settingslib.flags is mapped to system
07-05 07:44:59.102 12267 12267 I AconfigPackage: com.android.managedprovisioning.flags is mapped to system
07-05 07:44:59.102 12267 12267 I AconfigPackage: android.app.assist.flags is mapped to system
07-05 07:44:59.102 12267 12267 I AconfigPackage: com.android.server.net is mapped to system
07-05 07:44:59.102 12267 12267 I AconfigPackage: com.android.settingslib.widget.flags is mapped to system
07-05 07:44:59.102 12267 12267 I AconfigPackage: com.android.internal.camera.flags is mapped to system
07-05 07:44:59.102 12267 12267 I AconfigPackage: com.android.hardware.libsensor.flags is mapped to system
07-05 07:44:59.102 12267 12267 I AconfigPackage: com.android.internal.jank is mapped to system
07-05 07:44:59.102 12267 12267 I AconfigPackage: com.android.providers.settings is mapped to system
07-05 07:44:59.102 12267 12267 I AconfigPackage: android.multiuser is mapped to system
07-05 07:44:59.102 12267 12267 I AconfigPackage: com.android.server.power.optimization is mapped to system
07-05 07:44:59.103 12267 12267 I AconfigPackage: com.android.calllogbackup is mapped to system
07-05 07:44:59.103 12267 12267 I AconfigPackage: com.android.media.flags is mapped to system
07-05 07:44:59.103 12267 12267 I AconfigPackage: com.android.server.flags is mapped to system
07-05 07:44:59.103 12267 12267 I AconfigPackage: com.android.graphics.libvulkan.flags is mapped to system
07-05 07:44:59.103 12267 12267 I AconfigPackage: android.app.appfunctions.flags is mapped to system
07-05 07:44:59.103 12267 12267 I AconfigPackage: android.app.smartspace.flags is mapped to system
07-05 07:44:59.103 12267 12267 I AconfigPackage: com.android.providers.contacts.flags is mapped to system
07-05 07:44:59.103 12267 12267 I AconfigPackage: com.android.shell.flags is mapped to system
07-05 07:44:59.104 12267 12267 I AconfigPackage: com.android.media.aaudio is mapped to system
07-05 07:44:59.104 12267 12267 I AconfigPackage: android.hardware.radio is mapped to system
07-05 07:44:59.104 12267 12267 I AconfigPackage: com.google.wear.services.infra.flags is mapped to system
07-05 07:44:59.104 12267 12267 I AconfigPackage: suspend_service.flags is mapped to system
07-05 07:44:59.104 12267 12267 I AconfigPackage: android.media.midi is mapped to system
07-05 07:44:59.104 12267 12267 I AconfigPackage: com.android.libcore.readonly is mapped to system
07-05 07:44:59.104 12267 12267 I AconfigPackage: com.android.settingslib.widget.selectorwithwidgetpreference.flags is mapped to system
07-05 07:44:59.104 12267 12267 I AconfigPackage: android.service.notification is mapped to system
07-05 07:44:59.104 12267 12267 I AconfigPackage: com.android.systemui.shared is mapped to system
07-05 07:44:59.105 12267 12267 I AconfigPackage: android.app.jank is mapped to system
07-05 07:44:59.105 12267 12267 I AconfigPackage: android.app.wearable is mapped to system
07-05 07:44:59.105 12267 12267 I AconfigPackage: com.android.media.audio is mapped to system
07-05 07:44:59.105 12267 12267 I AconfigPackage: android.service.chooser is mapped to system
07-05 07:44:59.105 12267 12267 I AconfigPackage: com.android.server.compat is mapped to system
07-05 07:44:59.105 12267 12267 I AconfigPackage: com.android.server.alarm is mapped to system
07-05 07:44:59.105 12267 12267 I AconfigPackage: com.android.apex.flags is mapped to system
07-05 07:44:59.105 12267 12267 I AconfigPackage: android.service.quickaccesswallet is mapped to system
07-05 07:44:59.105 12267 12267 I AconfigPackage: android.app.usage is mapped to system
07-05 07:44:59.105 12267 12267 I AconfigPackage: com.android.server.accessibility is mapped to system
07-05 07:44:59.105 12267 12267 I AconfigPackage: android.app.supervision.flags is mapped to system
07-05 07:44:59.105 12267 12267 I AconfigPackage: com.android.server.utils is mapped to system
07-05 07:44:59.105 12267 12267 I AconfigPackage: android.chre.flags is mapped to system
07-05 07:44:59.106 12267 12267 I AconfigPackage: android.content.flags is mapped to system
07-05 07:44:59.106 12267 12267 I AconfigPackage: android.media.codec is mapped to system
07-05 07:44:59.106 12267 12267 I AconfigPackage: com.android.internal.os is mapped to system
07-05 07:44:59.106 12267 12267 I AconfigPackage: com.android.nfc.nci.flags is mapped to system
07-05 07:44:59.106 12267 12267 I AconfigPackage: android.app is mapped to system
07-05 07:44:59.106 12267 12267 I AconfigPackage: android.security.keystore2 is mapped to system
07-05 07:44:59.106 12267 12267 I AconfigPackage: android.crashrecovery.flags is mapped to system
07-05 07:44:59.106 12267 12267 I AconfigPackage: com.android.tradeinmode.flags is mapped to system
07-05 07:44:59.106 12267 12267 I AconfigPackage: android.hardware.flags is mapped to system
07-05 07:44:59.106 12267 12267 I AconfigPackage: com.android.server.telecom.flags is mapped to system
07-05 07:44:59.106 12267 12267 I AconfigPackage: com.android.settingslib.media.flags is mapped to system
07-05 07:44:59.106 12267 12267 I AconfigPackage: com.android.server.policy is mapped to system
07-05 07:44:59.107 12267 12267 I AconfigPackage: android.media.audiopolicy is mapped to system
07-05 07:44:59.107 12267 12267 I AconfigPackage: com.android.egg.flags is mapped to system
07-05 07:44:59.107 12267 12267 I AconfigPackage: com.android.internal.compat.flags is mapped to system
07-05 07:44:59.107 12267 12267 I AconfigPackage: android.security is mapped to system
07-05 07:44:59.107 12267 12267 I AconfigPackage: android.service.autofill is mapped to system
07-05 07:44:59.107 12267 12267 I AconfigPackage: com.example.android.aconfig.demo.flags is mapped to system
07-05 07:44:59.107 12267 12267 I AconfigPackage: android.view.flags is mapped to system
07-05 07:44:59.107 12267 12267 I AconfigPackage: android.companion.virtual.flags is mapped to system
07-05 07:44:59.107 12267 12267 I AconfigPackage: com.android.aconfig_new_storage is mapped to system
07-05 07:44:59.108 12267 12267 I AconfigPackage: com.android.server.feature.flags is mapped to system
07-05 07:44:59.108 12267 12267 I AconfigPackage: com.android.systemui is mapped to system
07-05 07:44:59.108 12267 12267 I AconfigPackage: com.android.server.power.batterysaver is mapped to system
07-05 07:44:59.108 12267 12267 I AconfigPackage: android.widget.flags is mapped to system
07-05 07:44:59.108 12267 12267 I AconfigPackage: com.android.media.editing.flags is mapped to system
07-05 07:44:59.108 12267 12267 I AconfigPackage: com.android.media.codec.flags is mapped to system
07-05 07:44:59.108 12267 12267 I AconfigPackage: com.android.server.powerstats is mapped to system
07-05 07:44:59.108 12267 12267 I AconfigPackage: com.android.graphics.egl.flags is mapped to system
07-05 07:44:59.108 12267 12267 I AconfigPackage: com.android.media.audioserver is mapped to system
07-05 07:44:59.108 12267 12267 I AconfigPackage: com.android.server.deviceidle is mapped to system
07-05 07:44:59.109 12267 12267 I AconfigPackage: android.nfc is mapped to system
07-05 07:44:59.109 12267 12267 I AconfigPackage: android.permission.flags is mapped to system
07-05 07:44:59.109 12267 12267 I AconfigPackage: android.service.voice.flags is mapped to system
07-05 07:44:59.109 12267 12267 I AconfigPackage: android.content.pm is mapped to system
07-05 07:44:59.109 12267 12267 I AconfigPackage: com.android.server.power.hint is mapped to system
07-05 07:44:59.109 12267 12267 I AconfigPackage: android.os is mapped to system
07-05 07:44:59.109 12267 12267 I AconfigPackage: android.service.dreams is mapped to system
07-05 07:44:59.109 12267 12267 I AconfigPackage: com.android.graphics.libgui.flags is mapped to system
07-05 07:44:59.109 12267 12267 I AconfigPackage: android.hardware.usb.flags is mapped to system
07-05 07:44:59.109 12267 12267 I AconfigPackage: android.provider is mapped to system
07-05 07:44:59.109 12267 12267 I AconfigPackage: com.android.server.job is mapped to system
07-05 07:44:59.110 12267 12267 I AconfigPackage: com.android.internal.foldables.flags is mapped to system
07-05 07:44:59.110 12267 12267 I AconfigPackage: com.android.internal.telephony.flags is mapped to system
07-05 07:44:59.110 12267 12267 I AconfigPackage: android.webkit is mapped to system
07-05 07:44:59.110 12267 12267 I AconfigPackage: android.credentials.flags is mapped to system
07-05 07:44:59.110 12267 12267 I AconfigPackage: com.android.server.display.feature.flags is mapped to system
07-05 07:44:59.110 12267 12267 I AconfigPackage: com.android.server.notification is mapped to system
07-05 07:44:59.110 12267 12267 I AconfigPackage: android.appwidget.flags is mapped to system
07-05 07:44:59.110 12267 12267 I AconfigPackage: com.android.frameworks.sensorservice.flags is mapped to system
07-05 07:44:59.110 12267 12267 I AconfigPackage: com.android.printspooler.flags is mapped to system
07-05 07:44:59.110 12267 12267 I AconfigPackage: com.android.window.flags is mapped to system
07-05 07:44:59.110 12267 12267 I AconfigPackage: android.adaptiveauth is mapped to system
07-05 07:44:59.110 12267 12267 I AconfigPackage: android.net.wifi.flags is mapped to system
07-05 07:44:59.110 12267 12267 I AconfigPackage: android.media.tv.flags is mapped to system
07-05 07:44:59.110 12267 12267 I AconfigPackage: com.android.server.usb.flags is mapped to system
07-05 07:44:59.110 12267 12267 I AconfigPackage: android.os.vibrator is mapped to system
07-05 07:44:59.111 12267 12267 I AconfigPackage: android.hardware.devicestate.feature.flags is mapped to system
07-05 07:44:59.111 12267 12267 I AconfigPackage: com.android.server.usage is mapped to system
07-05 07:44:59.111 12267 12267 I AconfigPackage: android.server is mapped to system
07-05 07:44:59.111 12267 12267 I AconfigPackage: com.android.wm.shell is mapped to system
07-05 07:44:59.111 12267 12267 I AconfigPackage: android.view.inputmethod is mapped to system
07-05 07:44:59.111 12267 12267 I AconfigPackage: com.android.graphics.hwui.flags is mapped to system
07-05 07:44:59.111 12267 12267 I AconfigPackage: com.android.server.backup is mapped to system
07-05 07:44:59.111 12267 12267 I AconfigPackage: com.android.internal.pm.pkg.component.flags is mapped to system
07-05 07:44:59.111 12267 12267 I AconfigPackage: android.view.accessibility is mapped to system
07-05 07:44:59.111 12267 12267 I AconfigPackage: com.google.wear.sdk is mapped to system
07-05 07:44:59.111 12267 12267 I AconfigPackage: android.media.audio is mapped to system
07-05 07:44:59.111 12267 12267 I AconfigPackage: com.android.server.am is mapped to system
07-05 07:44:59.111 12267 12267 I AconfigPackage: com.android.media.playback.flags is mapped to system
07-05 07:44:59.111 12267 12267 I AconfigPackage: com.android.art.flags is mapped to com.android.art
07-05 07:44:59.112 12267 12267 I AconfigPackage: com.android.libcore is mapped to com.android.art
07-05 07:44:59.112 12267 12267 I AconfigPackage: com.android.media.extractor.flags is mapped to com.android.media
07-05 07:44:59.112 12267 12267 I AconfigPackage: com.android.media.mainline.flags is mapped to com.android.media
07-05 07:44:59.112 12267 12267 I AconfigPackage: com.android.wifi.flags is mapped to com.android.wifi
07-05 07:44:59.112 12267 12267 I AconfigPackage: com.android.org.conscrypt.flags is mapped to com.android.conscrypt
07-05 07:44:59.113 12267 12267 I AconfigPackage: com.android.healthfitness.flags is mapped to com.android.healthfitness
07-05 07:44:59.113 12267 12267 I AconfigPackage: com.google.android.input.twoshay.flags is mapped to vendor
07-05 07:44:59.113 12267 12267 I AconfigPackage: libgooglecamerahal.flags is mapped to vendor
07-05 07:44:59.113 12267 12267 I AconfigPackage: com.android.ipsec.flags is mapped to com.android.ipsec
07-05 07:44:59.114 12267 12267 I AconfigPackage: com.android.nfc.module.flags is mapped to com.android.nfcservices
07-05 07:44:59.114 12267 12267 I AconfigPackage: com.android.adservices.ondevicepersonalization.flags is mapped to com.android.ondevicepersonalization
07-05 07:44:59.114 12267 12267 I AconfigPackage: com.android.bluetooth.flags is mapped to com.android.bt
07-05 07:44:59.114 12267 12267 I AconfigPackage: com.android.devicelock.flags is mapped to com.android.devicelock
07-05 07:44:59.114 12267 12267 I AconfigPackage: android.os.profiling is mapped to com.android.profiling
07-05 07:44:59.115 12267 12267 I AconfigPackage: com.android.os.statsd.flags is mapped to com.android.os.statsd
07-05 07:44:59.115 12267 12267 I AconfigPackage: com.android.cellbroadcastreceiver.flags is mapped to com.android.cellbroadcast
07-05 07:44:59.115 12267 12267 I AconfigPackage: com.android.adservices.flags is mapped to com.android.adservices
07-05 07:44:59.115 12267 12267 I AconfigPackage: com.android.sdksandbox.flags is mapped to com.android.adservices
07-05 07:44:59.116 12267 12267 I AconfigPackage: com.android.uwb.flags is mapped to com.android.uwb
07-05 07:44:59.116 12267 12267 I AconfigPackage: com.android.ranging.flags is mapped to com.android.uwb
07-05 07:44:59.116 12267 12267 I AconfigPackage: android.graphics.pdf.flags is mapped to com.android.mediaprovider
07-05 07:44:59.116 12267 12267 I AconfigPackage: com.android.providers.media.flags is mapped to com.android.mediaprovider
07-05 07:44:59.116 12267 12267 I AconfigPackage: android.graphics.pdf.flags.readonly is mapped to com.android.mediaprovider
07-05 07:44:59.117 12267 12267 I AconfigPackage: com.android.net.ct.flags is mapped to com.android.tethering
07-05 07:44:59.117 12267 12267 I AconfigPackage: com.android.net.flags is mapped to com.android.tethering
07-05 07:44:59.117 12267 12267 I AconfigPackage: android.net.vcn is mapped to com.android.tethering
07-05 07:44:59.117 12267 12267 I AconfigPackage: com.android.nearby.flags is mapped to com.android.tethering
07-05 07:44:59.117 12267 12267 I AconfigPackage: android.net.http is mapped to com.android.tethering
07-05 07:44:59.117 12267 12267 I AconfigPackage: com.android.net.thread.flags is mapped to com.android.tethering
07-05 07:44:59.118 12267 12267 I AconfigPackage: com.android.system.virtualmachine.flags is mapped to com.android.virt
07-05 07:44:59.118 12267 12267 E FeatureFlagsImplExport: android.os.flagging.AconfigStorageReadException: ERROR_PACKAGE_NOT_FOUND: package android.xr cannot be found on the device
07-05 07:44:59.121 12267 12267 D UiAutomationConnection: Created on user UserHandle{0}
07-05 07:44:59.122 12267 12267 I UiAutomation: Initialized for user 0 on display 0
07-05 07:44:59.122 12267 12267 W UiAutomation: Created with deprecatead constructor, assumes DEFAULT_DISPLAY
07-05 07:44:59.123   715  1843 D AccessibilityManagerService: changeCurrentUserForTestAutomationIfNeededLocked(0): ignoring because device doesn't support visible background users
07-05 07:44:59.123   715  1843 I UiAutomationManager: Registering UiTestAutomationService (id=com.android.server.accessibility/UiAutomation, flags=0x0) when called by user 0
07-05 07:44:59.123   715  1843 V AccessibilityManagerService: onUserStateChangedLocked for userId: 0, forceUpdate: false
07-05 07:44:59.126   715  1843 W MagnificationConnectionManager: requestConnection duplicated request: connect=false, mConnectionState=DISCONNECTED
07-05 07:44:59.128   715   715 W IPCThreadState: Sending oneway calls to frozen process.
07-05 07:44:59.128   715   715 W IPCThreadState: Sending oneway calls to frozen process.
07-05 07:44:59.128   715   715 W IPCThreadState: Sending oneway calls to frozen process.
07-05 07:44:59.129 12267 12279 V UiAutomation: Init UiAutomation@f4d4106[id=353, displayId=0, flags=0]
07-05 07:44:59.129   715   715 W IPCThreadState: Sending oneway calls to frozen process.
07-05 07:44:59.129   715   715 W IPCThreadState: Sending oneway calls to frozen process.
07-05 07:44:59.129   715   715 W IPCThreadState: Sending oneway calls to frozen process.
07-05 07:44:59.129   715  1843 V AccessibilityManagerService: onUserStateChangedLocked for userId: 0, forceUpdate: false
07-05 07:44:59.130   715   715 W IPCThreadState: Sending oneway calls to frozen process.
07-05 07:44:59.130   715   715 W IPCThreadState: Sending oneway calls to frozen process.
07-05 07:44:59.130   715   715 W IPCThreadState: Sending oneway calls to frozen process.
07-05 07:44:59.130   715  1843 W MagnificationConnectionManager: requestConnection duplicated request: connect=false, mConnectionState=DISCONNECTED
07-05 07:44:59.131   715   715 W IPCThreadState: Sending oneway calls to frozen process.
07-05 07:44:59.131   715   715 W IPCThreadState: Sending oneway calls to frozen process.
07-05 07:44:59.131   715   715 W IPCThreadState: Sending oneway calls to frozen process.
07-05 07:44:59.132   715   715 W IPCThreadState: Sending oneway calls to frozen process.
07-05 07:44:59.132   715   715 W IPCThreadState: Sending oneway calls to frozen process.
07-05 07:44:59.132   715   715 W IPCThreadState: Sending oneway calls to frozen process.
07-05 07:44:59.133   715   715 W IPCThreadState: Sending oneway calls to frozen process.
07-05 07:44:59.134   715   715 W IPCThreadState: Sending oneway calls to frozen process.
07-05 07:44:59.134   715   715 W IPCThreadState: Sending oneway calls to frozen process.
07-05 07:44:59.134   715   715 W IPCThreadState: Sending oneway calls to frozen process.
07-05 07:44:59.134   715   715 W IPCThreadState: Sending oneway calls to frozen process.
07-05 07:44:59.134   715   715 W IPCThreadState: Sending oneway calls to frozen process.
07-05 07:44:59.135   715   715 W IPCThreadState: Sending oneway calls to frozen process.
07-05 07:44:59.135   715   715 W IPCThreadState: Sending oneway calls to frozen process.
07-05 07:44:59.135   715   715 W IPCThreadState: Sending oneway calls to frozen process.
07-05 07:44:59.136   715   715 W IPCThreadState: Sending oneway calls to frozen process.
07-05 07:44:59.140   715   715 W IPCThreadState: Sending oneway calls to frozen process.
07-05 07:44:59.140   715   715 W IPCThreadState: Sending oneway calls to frozen process.
07-05 07:44:59.141   715   715 W IPCThreadState: Sending oneway calls to frozen process.
07-05 07:44:59.141   715   715 W IPCThreadState: Sending oneway calls to frozen process.
07-05 07:44:59.141   715   715 W IPCThreadState: Sending oneway calls to frozen process.
07-05 07:44:59.142   715   715 W IPCThreadState: Sending oneway calls to frozen process.
07-05 07:44:59.142   715   715 W IPCThreadState: Sending oneway calls to frozen process.
07-05 07:44:59.142   715   715 W IPCThreadState: Sending oneway calls to frozen process.
07-05 07:44:59.142   715   715 W IPCThreadState: Sending oneway calls to frozen process.
07-05 07:44:59.143   715   715 W IPCThreadState: Sending oneway calls to frozen process.
07-05 07:44:59.143   715   715 W IPCThreadState: Sending oneway calls to frozen process.
07-05 07:44:59.143   715   715 W IPCThreadState: Sending oneway calls to frozen process.
07-05 07:44:59.143   715   715 W IPCThreadState: Sending oneway calls to frozen process.
07-05 07:44:59.143   715   715 W IPCThreadState: Sending oneway calls to frozen process.
07-05 07:44:59.144   715   715 W IPCThreadState: Sending oneway calls to frozen process.
07-05 07:44:59.144   715   715 W IPCThreadState: Sending oneway calls to frozen process.
07-05 07:44:59.144   715   715 W IPCThreadState: Sending oneway calls to frozen process.
07-05 07:44:59.144   715   715 W IPCThreadState: Sending oneway calls to frozen process.
07-05 07:44:59.145   715   715 W IPCThreadState: Sending oneway calls to frozen process.
07-05 07:44:59.145   715   715 W IPCThreadState: Sending oneway calls to frozen process.
07-05 07:44:59.154   488   533 I netd    : tetherGetStats() -> {[]} <0.66ms>
07-05 07:45:00.152 12267 12267 W AccessibilityNodeInfoDumper: Fetch time: 13ms
07-05 07:45:00.153   715  3221 V AccessibilityManagerService: onUserStateChangedLocked for userId: 0, forceUpdate: false
07-05 07:45:00.155   715   930 D BackgroundInstallControlService: Package event received: 0
07-05 07:45:00.156   715  3221 W MagnificationConnectionManager: requestConnection duplicated request: connect=false, mConnectionState=DISCONNECTED
07-05 07:45:00.156   715  3221 D AccessibilityManagerService: restoreCurrentUserForTestAutomationIfNeededLocked(): ignoring because device doesn't support visible background users
07-05 07:45:00.158   715   715 W IPCThreadState: Sending oneway calls to frozen process.
07-05 07:45:00.158   715   715 W IPCThreadState: Sending oneway calls to frozen process.
07-05 07:45:00.158   715   715 W IPCThreadState: Sending oneway calls to frozen process.
07-05 07:45:00.158   715   715 W IPCThreadState: Sending oneway calls to frozen process.
07-05 07:45:00.159   715   715 W IPCThreadState: Sending oneway calls to frozen process.
07-05 07:45:00.159 12267 12267 D AndroidRuntime: Shutting down VM
07-05 07:45:00.160 12267 12276 W IPCThreadState: call to talkWithDriver in joinThreadPool returned error: -9 (Bad file descriptor), FD: -1
07-05 07:45:00.160   715   715 W IPCThreadState: Sending oneway calls to frozen process.
07-05 07:45:00.160   715   715 W IPCThreadState: Sending oneway calls to frozen process.
07-05 07:45:00.160 12267 12280 W IPCThreadState: call to talkWithDriver in joinThreadPool returned error: -9 (Bad file descriptor), FD: -1
07-05 07:45:00.160   715   715 W IPCThreadState: Sending oneway calls to frozen process.
07-05 07:45:00.160   715   715 W IPCThreadState: Sending oneway calls to frozen process.
07-05 07:45:00.161   715   715 W IPCThreadState: Sending oneway calls to frozen process.
07-05 07:45:00.161   715   715 W IPCThreadState: Sending oneway calls to frozen process.
07-05 07:45:00.161   715   715 W IPCThreadState: Sending oneway calls to frozen process.
07-05 07:45:00.161 12267 12281 W IPCThreadState: call to talkWithDriver in joinThreadPool returned error: -9 (Bad file descriptor), FD: -1
07-05 07:45:00.162 12267 12277 W IPCThreadState: call to talkWithDriver in joinThreadPool returned error: -9 (Bad file descriptor), FD: -1
07-05 07:45:00.163   715   715 W IPCThreadState: Sending oneway calls to frozen process.
07-05 07:45:00.163   715   715 W IPCThreadState: Sending oneway calls to frozen process.
07-05 07:45:00.163   715   715 W IPCThreadState: Sending oneway calls to frozen process.
07-05 07:45:00.164   715   715 W IPCThreadState: Sending oneway calls to frozen process.
07-05 07:45:00.164   715   715 W IPCThreadState: Sending oneway calls to frozen process.
07-05 07:45:00.165   715   715 W IPCThreadState: Sending oneway calls to frozen process.
07-05 07:45:00.168   715   715 V AccessibilityManagerService: onUserStateChangedLocked for userId: 0, forceUpdate: false
07-05 07:45:00.169   715   715 W MagnificationConnectionManager: requestConnection duplicated request: connect=false, mConnectionState=DISCONNECTED
07-05 07:45:00.169   715   715 W IPCThreadState: Sending oneway calls to frozen process.
07-05 07:45:00.170   715   715 W IPCThreadState: Sending oneway calls to frozen process.
07-05 07:45:00.170   715   715 W IPCThreadState: Sending oneway calls to frozen process.
07-05 07:45:00.170   715   715 W IPCThreadState: Sending oneway calls to frozen process.
07-05 07:45:00.170   715   715 W IPCThreadState: Sending oneway calls to frozen process.
07-05 07:45:00.170   715   715 W IPCThreadState: Sending oneway calls to frozen process.
07-05 07:45:00.170   715   715 W IPCThreadState: Sending oneway calls to frozen process.
07-05 07:45:00.171   715   715 W IPCThreadState: Sending oneway calls to frozen process.
07-05 07:45:00.172   715   715 W IPCThreadState: Sending oneway calls to frozen process.
07-05 07:45:00.172   715   715 W IPCThreadState: Sending oneway calls to frozen process.
07-05 07:45:00.173   715   715 W IPCThreadState: Sending oneway calls to frozen process.
07-05 07:45:00.173   715   715 W IPCThreadState: Sending oneway calls to frozen process.
07-05 07:45:00.173   715   715 W IPCThreadState: Sending oneway calls to frozen process.
07-05 07:45:00.173   715   715 W IPCThreadState: Sending oneway calls to frozen process.
07-05 07:45:00.174   715   715 W IPCThreadState: Sending oneway calls to frozen process.
07-05 07:45:00.174   715   715 W IPCThreadState: Sending oneway calls to frozen process.
07-05 07:45:00.174   715   715 W IPCThreadState: Sending oneway calls to frozen process.
07-05 07:45:00.175   715   715 W IPCThreadState: Sending oneway calls to frozen process.
07-05 07:45:00.175   715   715 W IPCThreadState: Sending oneway calls to frozen process.
07-05 07:45:00.175   715   715 W IPCThreadState: Sending oneway calls to frozen process.
07-05 07:45:00.175   715   715 W IPCThreadState: Sending oneway calls to frozen process.
07-05 07:45:00.176   715   715 W IPCThreadState: Sending oneway calls to frozen process.
07-05 07:45:00.176   715   715 W IPCThreadState: Sending oneway calls to frozen process.
07-05 07:45:00.176   715   715 W IPCThreadState: Sending oneway calls to frozen process.
07-05 07:45:00.176   715   715 W IPCThreadState: Sending oneway calls to frozen process.
07-05 07:45:00.177   715   715 W IPCThreadState: Sending oneway calls to frozen process.
07-05 07:45:00.177   715   715 W IPCThreadState: Sending oneway calls to frozen process.
07-05 07:45:00.179   488   533 I netd    : tetherGetStats() -> {[]} <1.57ms>
07-05 07:45:01.158 12287 12287 W screencap: Thread Pool max thread count is 0. Cannot cache binder as linkToDeath cannot be implemented. serviceName: SurfaceFlingerAIDL
07-05 07:45:01.159 12287 12287 W BpBinder: Linking to death on android.gui.ISurfaceComposer but there are no threads (yet?) listening to incoming transactions. See ProcessState::startThreadPool and ProcessState::setThreadPoolMaxThreadCount. Generally you should setup the binder threadpool before other initialization steps.
07-05 07:45:01.159 12287 12287 W ProcessState: Extra binder thread started, but 0 threads requested. Do not use *startThreadPool when zero threads are requested.
07-05 07:45:01.174   567  1164 E HwcComposer: getLuts failed Status(-8, EX_SERVICE_SPECIFIC): '8: '
07-05 07:45:01.175   567  1164 E HWComposer: getLuts: getLuts failed for display 4619827259835644672: UNSUPPORTED (8)
--------- beginning of kernel
07-05 07:45:01.154     0     0 I servicemanager: Caller(pid=12287,uid=2000,sid=u:r:shell:s0) Found android.hardware.graphics.allocator.IAllocator/default in device VINTF manifest.
07-05 07:45:01.157     0     0 I servicemanager: Caller(pid=12287,uid=2000,sid=u:r:shell:s0) Found android.hardware.graphics.allocator.IAllocator/default in device VINTF manifest.
07-05 07:45:01.158     0     0 I servicemanager: Caller(pid=12287,uid=2000,sid=u:r:shell:s0) Found mapper/ranchu in device VINTF manifest.
07-05 07:45:01.236   960   960 D wpa_supplicant: nl80211: Drv Event 64 (NL80211_CMD_NOTIFY_CQM) received for wlan0
07-05 07:45:01.236   960   960 D wpa_supplicant: nl80211: Beacon loss event
07-05 07:45:01.236   960   960 D wpa_supplicant: wlan0: Event BEACON_LOSS (53) received
07-05 07:45:01.237   960   960 I wpa_supplicant: wlan0: CTRL-EVENT-BEACON-LOSS 
07-05 07:45:01.393  1112  1315 D SatelliteController: iisInCarrierRoamingNbIotNtn: satellite is disabled
