--------- beginning of main
07-05 04:36:25.655   715   715 W IPCThreadState: Sending oneway calls to frozen process.
07-05 04:36:25.656   715   715 W IPCThreadState: Sending oneway calls to frozen process.
07-05 04:36:25.656   715   715 W IPCThreadState: Sending oneway calls to frozen process.
07-05 04:36:25.657   715   715 W IPCThreadState: Sending oneway calls to frozen process.
07-05 04:36:25.657   715   715 W IPCThreadState: Sending oneway calls to frozen process.
07-05 04:36:25.657   715   715 W IPCThreadState: Sending oneway calls to frozen process.
07-05 04:36:25.657   715   715 W IPCThreadState: Sending oneway calls to frozen process.
07-05 04:36:25.658   715   715 W IPCThreadState: Sending oneway calls to frozen process.
07-05 04:36:25.658   715   715 W IPCThreadState: Sending oneway calls to frozen process.
07-05 04:36:25.659   715   715 W IPCThreadState: Sending oneway calls to frozen process.
07-05 04:36:25.659   715   715 W IPCThreadState: Sending oneway calls to frozen process.
07-05 04:36:25.659   715   715 W IPCThreadState: Sending oneway calls to frozen process.
07-05 04:36:25.659   715   715 W IPCThreadState: Sending oneway calls to frozen process.
07-05 04:36:25.660   715   715 W IPCThreadState: Sending oneway calls to frozen process.
07-05 04:36:25.660   715   715 W IPCThreadState: Sending oneway calls to frozen process.
07-05 04:36:25.660   715   715 W IPCThreadState: Sending oneway calls to frozen process.
07-05 04:36:25.661   715   715 W IPCThreadState: Sending oneway calls to frozen process.
07-05 04:36:25.661   715   715 W IPCThreadState: Sending oneway calls to frozen process.
07-05 04:36:25.662   715   715 W IPCThreadState: Sending oneway calls to frozen process.
07-05 04:36:25.672   488   533 I netd    : tetherGetStats() -> {[]} <0.40ms>
--------- beginning of system
07-05 04:36:25.791   715  1587 E TaskPersister: File error accessing recents directory (directory doesn't exist?).
07-05 04:36:26.417   715   821 D ActivityManager: freezing 1907 com.android.keychain
07-05 04:36:26.418   715   821 D ActivityManager: freezing 1206 com.android.settings
07-05 04:36:26.419   715   821 D ActivityManager: freezing 2714 com.android.dynsystem:dynsystem
07-05 04:36:26.419   715   821 D ActivityManager: freezing 2679 com.android.dynsystem
07-05 04:36:26.420   715   821 D ActivityManager: freezing 1777 com.android.localtransport
07-05 04:36:26.674 10963 10963 W AccessibilityNodeInfoDumper: Fetch time: 15ms
07-05 04:36:26.675   715  1802 V AccessibilityManagerService: onUserStateChangedLocked for userId: 0, forceUpdate: false
07-05 04:36:26.677   715   930 D BackgroundInstallControlService: Package event received: 0
07-05 04:36:26.678   715  1802 W MagnificationConnectionManager: requestConnection duplicated request: connect=false, mConnectionState=DISCONNECTED
07-05 04:36:26.678   715  1802 D AccessibilityManagerService: restoreCurrentUserForTestAutomationIfNeededLocked(): ignoring because device doesn't support visible background users
07-05 04:36:26.679   715   715 W IPCThreadState: Sending oneway calls to frozen process.
07-05 04:36:26.680 10963 10976 W IPCThreadState: call to talkWithDriver in joinThreadPool returned error: -9 (Bad file descriptor), FD: -1
07-05 04:36:26.680 10963 10972 W IPCThreadState: call to talkWithDriver in joinThreadPool returned error: -9 (Bad file descriptor), FD: -1
07-05 04:36:26.680   715   715 W IPCThreadState: Sending oneway calls to frozen process.
07-05 04:36:26.680   715   715 W IPCThreadState: Sending oneway calls to frozen process.
07-05 04:36:26.681   715   715 W IPCThreadState: Sending oneway calls to frozen process.
07-05 04:36:26.681 10963 10973 W IPCThreadState: call to talkWithDriver in joinThreadPool returned error: -9 (Bad file descriptor), FD: -1
07-05 04:36:26.681   715   715 W IPCThreadState: Sending oneway calls to frozen process.
07-05 04:36:26.681 10963 10963 D AndroidRuntime: Shutting down VM
07-05 04:36:26.681   715   715 W IPCThreadState: Sending oneway calls to frozen process.
07-05 04:36:26.682   715   715 W IPCThreadState: Sending oneway calls to frozen process.
07-05 04:36:26.682   715   715 W IPCThreadState: Sending oneway calls to frozen process.
07-05 04:36:26.682   715   715 W IPCThreadState: Sending oneway calls to frozen process.
07-05 04:36:26.682   715   715 W IPCThreadState: Sending oneway calls to frozen process.
07-05 04:36:26.683   715   715 W IPCThreadState: Sending oneway calls to frozen process.
07-05 04:36:26.683   715   715 W IPCThreadState: Sending oneway calls to frozen process.
07-05 04:36:26.683   715   715 W IPCThreadState: Sending oneway calls to frozen process.
07-05 04:36:26.683   715   715 W IPCThreadState: Sending oneway calls to frozen process.
07-05 04:36:26.683   715   715 W IPCThreadState: Sending oneway calls to frozen process.
07-05 04:36:26.684   715   715 W IPCThreadState: Sending oneway calls to frozen process.
07-05 04:36:26.684   715   715 W IPCThreadState: Sending oneway calls to frozen process.
07-05 04:36:26.684   715   715 W IPCThreadState: Sending oneway calls to frozen process.
07-05 04:36:26.685   715   715 V AccessibilityManagerService: onUserStateChangedLocked for userId: 0, forceUpdate: false
07-05 04:36:26.686   715   715 W MagnificationConnectionManager: requestConnection duplicated request: connect=false, mConnectionState=DISCONNECTED
07-05 04:36:26.686   715   715 W IPCThreadState: Sending oneway calls to frozen process.
07-05 04:36:26.686   715   715 W IPCThreadState: Sending oneway calls to frozen process.
07-05 04:36:26.687   715   715 W IPCThreadState: Sending oneway calls to frozen process.
07-05 04:36:26.687   715   715 W IPCThreadState: Sending oneway calls to frozen process.
07-05 04:36:26.687   715   715 W IPCThreadState: Sending oneway calls to frozen process.
07-05 04:36:26.687   715   715 W IPCThreadState: Sending oneway calls to frozen process.
07-05 04:36:26.688   715   715 W IPCThreadState: Sending oneway calls to frozen process.
07-05 04:36:26.688   715   715 W IPCThreadState: Sending oneway calls to frozen process.
07-05 04:36:26.688   715   715 W IPCThreadState: Sending oneway calls to frozen process.
07-05 04:36:26.688   715   715 W IPCThreadState: Sending oneway calls to frozen process.
07-05 04:36:26.689   715   715 W IPCThreadState: Sending oneway calls to frozen process.
07-05 04:36:26.689   715   715 W IPCThreadState: Sending oneway calls to frozen process.
07-05 04:36:26.689   715   715 W IPCThreadState: Sending oneway calls to frozen process.
07-05 04:36:26.689   715   715 W IPCThreadState: Sending oneway calls to frozen process.
07-05 04:36:26.689   715   715 W IPCThreadState: Sending oneway calls to frozen process.
07-05 04:36:26.689   715   715 W IPCThreadState: Sending oneway calls to frozen process.
07-05 04:36:26.690   715   715 W IPCThreadState: Sending oneway calls to frozen process.
07-05 04:36:26.690   715   715 W IPCThreadState: Sending oneway calls to frozen process.
07-05 04:36:26.690   715   715 W IPCThreadState: Sending oneway calls to frozen process.
07-05 04:36:26.690   715   715 W IPCThreadState: Sending oneway calls to frozen process.
07-05 04:36:26.690   715   715 W IPCThreadState: Sending oneway calls to frozen process.
07-05 04:36:26.690   715   715 W IPCThreadState: Sending oneway calls to frozen process.
07-05 04:36:26.690   715   715 W IPCThreadState: Sending oneway calls to frozen process.
07-05 04:36:26.691   715   715 W IPCThreadState: Sending oneway calls to frozen process.
07-05 04:36:26.691   715   715 W IPCThreadState: Sending oneway calls to frozen process.
07-05 04:36:26.691   715   715 W IPCThreadState: Sending oneway calls to frozen process.
07-05 04:36:26.691   715   715 W IPCThreadState: Sending oneway calls to frozen process.
07-05 04:36:26.692   488   533 I netd    : tetherGetStats() -> {[]} <0.42ms>
07-05 04:36:27.492   715   874 D WifiClientModeImpl[27601:wlan0]: updateLinkLayerStatsRssiSpeedFrequencyCapabilities rssi=-50 TxLinkspeed=1 freq=2447 RxLinkSpeed=2
07-05 04:36:27.492   715   874 D WifiDataStall: tx tput in kbps: 11000
07-05 04:36:27.493   715   874 D WifiDataStall: rx tput in kbps: 11000
07-05 04:36:27.493   715   874 V WifiConfigManager: Updating scan detail cache freq=2447 BSSID=00:13:10:85:fe:01 RSSI=-50 for "AndroidWifi"NONE
07-05 04:36:27.493   715   874 D WifiThroughputPredictor:  utilization (LLS) 80 isBluetoothConnected: false final utilization: 80
07-05 04:36:27.493   715   874 D WifiThroughputPredictor:  BW: 0 RSSI: -50 Nss: 1 Mode: 1 symDur: 4000 snrDb 30 bitPerTone: 4500 rate: 54 throughput: 11
07-05 04:36:27.493   715   874 D WifiThroughputPredictor:  utilization (LLS) 80 isBluetoothConnected: false final utilization: 80
07-05 04:36:27.493   715   874 D WifiThroughputPredictor:  BW: 0 RSSI: -50 Nss: 1 Mode: 1 symDur: 4000 snrDb 30 bitPerTone: 4500 rate: 54 throughput: 11
07-05 04:36:27.494   715   874 D WifiThroughputPredictor:  utilization (LLS) 80 isBluetoothConnected: false final utilization: 80
07-05 04:36:27.494   715   874 D WifiThroughputPredictor:  BW: 0 RSSI: -50 Nss: 1 Mode: 1 symDur: 4000 snrDb 30 bitPerTone: 4500 rate: 54 throughput: 11
07-05 04:36:27.494   715   874 D WifiThroughputPredictor:  utilization (LLS) 80 isBluetoothConnected: false final utilization: 80
07-05 04:36:27.494   715   874 D WifiThroughputPredictor:  BW: 0 RSSI: -50 Nss: 1 Mode: 1 symDur: 4000 snrDb 30 bitPerTone: 4500 rate: 54 throughput: 11
07-05 04:36:27.494   715   874 D WifiScoreCard: BSSID update SIGNAL_POLL ID: 1559335064 SSID: "AndroidWifi", BSSID: 00:13:10:85:fe:01, MAC: 02:15:b2:00:00:00, IP: /10.0.2.16, Security type: 0, Supplicant state: COMPLETED, Wi-Fi standard: legacy, RSSI: -50, Link speed: 1Mbps, Tx Link speed: 1Mbps, Max Supported Tx Link speed: 11Mbps, Rx Link speed: 2Mbps, Max Supported Rx Link speed: 11Mbps, Frequency: 2447MHz, Net ID: 0, Metered hint: false, score: 60, isUsable: true, CarrierMerged: false, SubscriptionId: -1, IsPrimary: 1, Trusted: true, Restricted: false, Ephemeral: false, OEM paid: false, OEM private: false, OSU AP: false, FQDN: <none>, Provider friendly name: <none>, Requesting package name: <none>"AndroidWifi"openMLO Information: , Is TID-To-Link negotiation supported by the AP: false, AP MLD Address: <none>, AP MLO Link Id: <none>, AP MLO Affiliated links: <none>, Vendor Data: <none>
07-05 04:36:27.494   715   874 D WifiScoreCard: txRate: 1 txSpeed: 1
07-05 04:36:27.494   715   874 D WifiScoreCard: network update SIGNAL_POLL "AndroidWifi" ID: 1201260005 RSSI -50 txSpeed -1
07-05 04:36:27.495   715   874 D WifiClientModeImpl[27601:wlan0]:  ClientModeImpl$L2ConnectedState screen=on 1 0 "AndroidWifi" 00:13:10:85:fe:01 rssi=-50 f=2447 sc=60 link=1 tx=0.0, 0.0, 0.0 rx=0.1 bcn=0 [on:0 tx:0 rx:0 period:3006] from screen [on:0 period:814759655] score=60
07-05 04:36:27.592 10980 10980 W dumpsys : Thread Pool max thread count is 0. Cannot cache binder as linkToDeath cannot be implemented. serviceName: window
07-05 04:36:27.653 10486 10486 D AutofillManager: Fill dialog is enabled:false, hints=[]
07-05 04:36:27.665   715  1783 W AS.PlaybackActivityMon: No piid assigned for invalid/internal port id 15
07-05 04:36:28.045 10989 10989 D AndroidRuntime: >>>>>> START com.android.internal.os.RuntimeInit uid 2000 <<<<<<
07-05 04:36:28.050 10989 10989 I AndroidRuntime: Using default boot image
07-05 04:36:28.050 10989 10989 I AndroidRuntime: Leaving lock profiling enabled
07-05 04:36:28.054 10989 10989 I app_process: Core platform API reporting enabled, enforcing=false
07-05 04:36:28.055 10989 10989 I app_process: Using CollectorTypeCMC GC.
07-05 04:36:28.143 10989 10989 D nativeloader: InitDefaultPublicLibraries for_preload=1: libandroid.so:libaaudio.so:libamidi.so:libbinder_ndk.so:libc.so:libcamera2ndk.so:libdl.so:libEGL.so:libGLESv1_CM.so:libGLESv2.so:libGLESv3.so:libicu.so:libicui18n.so:libicuuc.so:libjnigraphics.so:liblog.so:libmediandk.so:libm.so:libnativehelper.so:libnativewindow.so:libOpenMAXAL.so:libOpenSLES.so:libRS.so:libstdc++.so:libsync.so:libvulkan.so:libwebviewchromium_plat_support.so:libz.so
07-05 04:36:28.146   715   751 W AccessibilityWindowsPopulator: Windows change within in 2 frames continuously over 500 ms and notify windows changed immediately
07-05 04:36:28.154 10989 10989 D nativeloader: Load libicu_jni.so using APEX ns com_android_art for caller /apex/com.android.art/javalib/core-oj.jar: ok
07-05 04:36:28.154 10989 10989 D app_process: u_setTimeZoneFilesDirectory("/apex/com.android.tzdata/etc/tz/versioned/9/icu") succeeded. 
07-05 04:36:28.155 10989 10989 D app_process: I18n APEX ICU file found: /apex/com.android.i18n/etc/icu/icudt76l.dat
07-05 04:36:28.155 10989 10989 D nativeloader: Load libjavacore.so using APEX ns com_android_art for caller /apex/com.android.art/javalib/core-oj.jar: ok
07-05 04:36:28.156 10989 10989 D nativeloader: Load libopenjdk.so using APEX ns com_android_art for caller /apex/com.android.art/javalib/core-oj.jar: ok
07-05 04:36:28.157 10989 10989 W app_process: Unexpected CPU variant for x86: x86_64.
07-05 04:36:28.157 10989 10989 W app_process: Known variants: atom, sandybridge, silvermont, goldmont, goldmont-plus, goldmont-without-sha-xsaves, tremont, kabylake, alderlake, default
07-05 04:36:28.159 10989 10989 W app_process: ClassLoaderContext shared library size mismatch. Expected=2, found=0 (PCL[]{PCL[/system/framework/android.test.base.jar*2789897741]#PCL[/system/framework/android.test.mock.jar*3361312393]} | PCL[])
07-05 04:36:28.160 10989 10989 W app_process: ClassLoaderContext classpath size mismatch. expected=0, found=1 (PCL[]{PCL[/system/framework/android.test.runner.jar*895143020]#PCL[/system/framework/android.test.base.jar*2789897741]} | PCL[/system/framework/android.test.runner.jar*895143020])
07-05 04:36:28.182 10989 10989 D nativeloader: Load libframework-connectivity-tiramisu-jni.so using APEX ns com_android_tethering for caller /apex/com.android.tethering/javalib/framework-connectivity-t.jar: ok
07-05 04:36:28.183 10989 10989 D AndroidRuntime: Calling main entry com.android.commands.uiautomator.Launcher
07-05 04:36:28.187 10989 10989 I AconfigPackage: android.media.swcodec.flags is mapped to com.android.media.swcodec
07-05 04:36:28.187 10989 10989 I AconfigPackage: com.google.android.settings.simplemode.flags is mapped to system_ext
07-05 04:36:28.187 10989 10989 I AconfigPackage: com.google.android.systemui is mapped to system_ext
07-05 04:36:28.187 10989 10989 I AconfigPackage: com.google.android.apps.nexuslauncher is mapped to system_ext
07-05 04:36:28.187 10989 10989 I AconfigPackage: com.android.settings.accessibility is mapped to system_ext
07-05 04:36:28.187 10989 10989 I AconfigPackage: com.android.settings.flags is mapped to system_ext
07-05 04:36:28.188 10989 10989 I AconfigPackage: com.google.android.apps.miphone.aiai.matchmaker.overview.ui is mapped to system_ext
07-05 04:36:28.188 10989 10989 I AconfigPackage: com.google.android.settings.flags is mapped to system_ext
07-05 04:36:28.188 10989 10989 I AconfigPackage: com.android.launcher3 is mapped to system_ext
07-05 04:36:28.188 10989 10989 I AconfigPackage: com.android.wallpaper is mapped to system_ext
07-05 04:36:28.188 10989 10989 I AconfigPackage: com.android.settings.media_drm is mapped to system_ext
07-05 04:36:28.189 10989 10989 I AconfigPackage: com.android.systemui.accessibility.accessibilitymenu is mapped to system_ext
07-05 04:36:28.189 10989 10989 I AconfigPackage: com.android.settings.keyboard is mapped to system_ext
07-05 04:36:28.189 10989 10989 I AconfigPackage: com.android.server.policy.feature.flags is mapped to system_ext
07-05 04:36:28.189 10989 10989 I AconfigPackage: com.android.settings.factory_reset is mapped to system_ext
07-05 04:36:28.189 10989 10989 I AconfigPackage: com.google.android.haptics.flags is mapped to system_ext
07-05 04:36:28.189 10989 10989 I AconfigPackage: com.android.permission.flags is mapped to com.android.permission
07-05 04:36:28.189 10989 10989 I AconfigPackage: com.android.icu is mapped to com.android.i18n
07-05 04:36:28.190 10989 10989 I AconfigPackage: com.android.appsearch.flags is mapped to com.android.appsearch
07-05 04:36:28.190 10989 10989 I AconfigPackage: android.uprobestats.mainline.flags is mapped to com.android.uprobestats
07-05 04:36:28.190 10989 10989 I AconfigPackage: android.provider.flags is mapped to com.android.configinfrastructure
07-05 04:36:28.190 10989 10989 I AconfigPackage: com.android.server.deviceconfig is mapped to com.android.configinfrastructure
07-05 04:36:28.190 10989 10989 I AconfigPackage: com.android.nfc.flags is mapped to system
07-05 04:36:28.190 10989 10989 I AconfigPackage: android.app.admin.flags is mapped to system
07-05 04:36:28.190 10989 10989 I AconfigPackage: android.database.sqlite is mapped to system
07-05 04:36:28.191 10989 10989 I AconfigPackage: com.android.providers.calendar is mapped to system
07-05 04:36:28.191 10989 10989 I AconfigPackage: com.android.server.power.feature.flags is mapped to system
07-05 04:36:28.191 10989 10989 I AconfigPackage: com.android.media.performance.flags is mapped to system
07-05 04:36:28.191 10989 10989 I AconfigPackage: android.app.contextualsearch.flags is mapped to system
07-05 04:36:28.191 10989 10989 I AconfigPackage: android.app.ondeviceintelligence.flags is mapped to system
07-05 04:36:28.191 10989 10989 I AconfigPackage: com.android.media.projection.flags is mapped to system
07-05 04:36:28.191 10989 10989 I AconfigPackage: android.companion is mapped to system
07-05 04:36:28.191 10989 10989 I AconfigPackage: android.service.controls.flags is mapped to system
07-05 04:36:28.191 10989 10989 I AconfigPackage: com.android.text.flags is mapped to system
07-05 04:36:28.191 10989 10989 I AconfigPackage: com.android.providers.contactkeys.flags is mapped to system
07-05 04:36:28.191 10989 10989 I AconfigPackage: com.android.intentresolver is mapped to system
07-05 04:36:28.192 10989 10989 I AconfigPackage: android.companion.virtualdevice.flags is mapped to system
07-05 04:36:28.192 10989 10989 I AconfigPackage: android.uprobestats.flags is mapped to system
07-05 04:36:28.192 10989 10989 I AconfigPackage: com.android.net.thread.platform.flags is mapped to system
07-05 04:36:28.192 10989 10989 I AconfigPackage: android.view.contentprotection.flags is mapped to system
07-05 04:36:28.192 10989 10989 I AconfigPackage: com.android.server.dreams is mapped to system
07-05 04:36:28.192 10989 10989 I AconfigPackage: com.android.graphics.surfaceflinger.flags is mapped to system
07-05 04:36:28.192 10989 10989 I AconfigPackage: com.android.hardware.input is mapped to system
07-05 04:36:28.193 10989 10989 I AconfigPackage: android.sdk is mapped to system
07-05 04:36:28.193 10989 10989 I AconfigPackage: com.android.input.flags is mapped to system
07-05 04:36:28.193 10989 10989 I AconfigPackage: android.tracing is mapped to system
07-05 04:36:28.193 10989 10989 I AconfigPackage: com.android.server.biometrics is mapped to system
07-05 04:36:28.193 10989 10989 I AconfigPackage: android.view.contentcapture.flags is mapped to system
07-05 04:36:28.193 10989 10989 I AconfigPackage: android.app.job is mapped to system
07-05 04:36:28.193 10989 10989 I AconfigPackage: android.content.res is mapped to system
07-05 04:36:28.193 10989 10989 I AconfigPackage: android.net.platform.flags is mapped to system
07-05 04:36:28.193 10989 10989 I AconfigPackage: com.android.aconfig.flags is mapped to system
07-05 04:36:28.194 10989 10989 I AconfigPackage: com.android.graphics.flags is mapped to system
07-05 04:36:28.194 10989 10989 I AconfigPackage: android.server.app is mapped to system
07-05 04:36:28.194 10989 10989 I AconfigPackage: android.speech.flags is mapped to system
07-05 04:36:28.194 10989 10989 I AconfigPackage: com.android.server.stats is mapped to system
07-05 04:36:28.194 10989 10989 I AconfigPackage: android.hardware.biometrics is mapped to system
07-05 04:36:28.194 10989 10989 I AconfigPackage: android.car.feature is mapped to system
07-05 04:36:28.194 10989 10989 I AconfigPackage: android.adpf is mapped to system
07-05 04:36:28.195 10989 10989 I AconfigPackage: android.location.flags is mapped to system
07-05 04:36:28.195 10989 10989 I AconfigPackage: com.android.settingslib.flags is mapped to system
07-05 04:36:28.195 10989 10989 I AconfigPackage: com.android.managedprovisioning.flags is mapped to system
07-05 04:36:28.196 10989 10989 I AconfigPackage: android.app.assist.flags is mapped to system
07-05 04:36:28.196 10989 10989 I AconfigPackage: com.android.server.net is mapped to system
07-05 04:36:28.196 10989 10989 I AconfigPackage: com.android.settingslib.widget.flags is mapped to system
07-05 04:36:28.196 10989 10989 I AconfigPackage: com.android.internal.camera.flags is mapped to system
07-05 04:36:28.196 10989 10989 I AconfigPackage: com.android.hardware.libsensor.flags is mapped to system
07-05 04:36:28.196 10989 10989 I AconfigPackage: com.android.internal.jank is mapped to system
07-05 04:36:28.197 10989 10989 I AconfigPackage: com.android.providers.settings is mapped to system
07-05 04:36:28.197 10989 10989 I AconfigPackage: android.multiuser is mapped to system
07-05 04:36:28.197 10989 10989 I AconfigPackage: com.android.server.power.optimization is mapped to system
07-05 04:36:28.197 10989 10989 I AconfigPackage: com.android.calllogbackup is mapped to system
07-05 04:36:28.197 10989 10989 I AconfigPackage: com.android.media.flags is mapped to system
07-05 04:36:28.197 10989 10989 I AconfigPackage: com.android.server.flags is mapped to system
07-05 04:36:28.197 10989 10989 I AconfigPackage: com.android.graphics.libvulkan.flags is mapped to system
07-05 04:36:28.197 10989 10989 I AconfigPackage: android.app.appfunctions.flags is mapped to system
07-05 04:36:28.198 10989 10989 I AconfigPackage: android.app.smartspace.flags is mapped to system
07-05 04:36:28.198 10989 10989 I AconfigPackage: com.android.providers.contacts.flags is mapped to system
07-05 04:36:28.198 10989 10989 I AconfigPackage: com.android.shell.flags is mapped to system
07-05 04:36:28.198 10989 10989 I AconfigPackage: com.android.media.aaudio is mapped to system
07-05 04:36:28.198 10989 10989 I AconfigPackage: android.hardware.radio is mapped to system
07-05 04:36:28.198 10989 10989 I AconfigPackage: com.google.wear.services.infra.flags is mapped to system
07-05 04:36:28.198 10989 10989 I AconfigPackage: suspend_service.flags is mapped to system
07-05 04:36:28.198 10989 10989 I AconfigPackage: android.media.midi is mapped to system
07-05 04:36:28.198 10989 10989 I AconfigPackage: com.android.libcore.readonly is mapped to system
07-05 04:36:28.199 10989 10989 I AconfigPackage: com.android.settingslib.widget.selectorwithwidgetpreference.flags is mapped to system
07-05 04:36:28.199 10989 10989 I AconfigPackage: android.service.notification is mapped to system
07-05 04:36:28.199 10989 10989 I AconfigPackage: com.android.systemui.shared is mapped to system
07-05 04:36:28.199 10989 10989 I AconfigPackage: android.app.jank is mapped to system
07-05 04:36:28.200 10989 10989 I AconfigPackage: android.app.wearable is mapped to system
07-05 04:36:28.200 10989 10989 I AconfigPackage: com.android.media.audio is mapped to system
07-05 04:36:28.200 10989 10989 I AconfigPackage: android.service.chooser is mapped to system
07-05 04:36:28.200 10989 10989 I AconfigPackage: com.android.server.compat is mapped to system
07-05 04:36:28.200 10989 10989 I AconfigPackage: com.android.server.alarm is mapped to system
07-05 04:36:28.200 10989 10989 I AconfigPackage: com.android.apex.flags is mapped to system
07-05 04:36:28.200 10989 10989 I AconfigPackage: android.service.quickaccesswallet is mapped to system
07-05 04:36:28.200 10989 10989 I AconfigPackage: android.app.usage is mapped to system
07-05 04:36:28.201 10989 10989 I AconfigPackage: com.android.server.accessibility is mapped to system
07-05 04:36:28.201 10989 10989 I AconfigPackage: android.app.supervision.flags is mapped to system
07-05 04:36:28.201 10989 10989 I AconfigPackage: com.android.server.utils is mapped to system
07-05 04:36:28.201 10989 10989 I AconfigPackage: android.chre.flags is mapped to system
07-05 04:36:28.201 10989 10989 I AconfigPackage: android.content.flags is mapped to system
07-05 04:36:28.201 10989 10989 I AconfigPackage: android.media.codec is mapped to system
07-05 04:36:28.201 10989 10989 I AconfigPackage: com.android.internal.os is mapped to system
07-05 04:36:28.201 10989 10989 I AconfigPackage: com.android.nfc.nci.flags is mapped to system
07-05 04:36:28.201 10989 10989 I AconfigPackage: android.app is mapped to system
07-05 04:36:28.202 10989 10989 I AconfigPackage: android.security.keystore2 is mapped to system
07-05 04:36:28.202 10989 10989 I AconfigPackage: android.crashrecovery.flags is mapped to system
07-05 04:36:28.202 10989 10989 I AconfigPackage: com.android.tradeinmode.flags is mapped to system
07-05 04:36:28.202 10989 10989 I AconfigPackage: android.hardware.flags is mapped to system
07-05 04:36:28.202 10989 10989 I AconfigPackage: com.android.server.telecom.flags is mapped to system
07-05 04:36:28.202 10989 10989 I AconfigPackage: com.android.settingslib.media.flags is mapped to system
07-05 04:36:28.202 10989 10989 I AconfigPackage: com.android.server.policy is mapped to system
07-05 04:36:28.202 10989 10989 I AconfigPackage: android.media.audiopolicy is mapped to system
07-05 04:36:28.202 10989 10989 I AconfigPackage: com.android.egg.flags is mapped to system
07-05 04:36:28.202 10989 10989 I AconfigPackage: com.android.internal.compat.flags is mapped to system
07-05 04:36:28.202 10989 10989 I AconfigPackage: android.security is mapped to system
07-05 04:36:28.203 10989 10989 I AconfigPackage: android.service.autofill is mapped to system
07-05 04:36:28.203 10989 10989 I AconfigPackage: com.example.android.aconfig.demo.flags is mapped to system
07-05 04:36:28.203 10989 10989 I AconfigPackage: android.view.flags is mapped to system
07-05 04:36:28.203 10989 10989 I AconfigPackage: android.companion.virtual.flags is mapped to system
07-05 04:36:28.203 10989 10989 I AconfigPackage: com.android.aconfig_new_storage is mapped to system
07-05 04:36:28.203 10989 10989 I AconfigPackage: com.android.server.feature.flags is mapped to system
07-05 04:36:28.203 10989 10989 I AconfigPackage: com.android.systemui is mapped to system
07-05 04:36:28.203 10989 10989 I AconfigPackage: com.android.server.power.batterysaver is mapped to system
07-05 04:36:28.203 10989 10989 I AconfigPackage: android.widget.flags is mapped to system
07-05 04:36:28.203 10989 10989 I AconfigPackage: com.android.media.editing.flags is mapped to system
07-05 04:36:28.203 10989 10989 I AconfigPackage: com.android.media.codec.flags is mapped to system
07-05 04:36:28.204 10989 10989 I AconfigPackage: com.android.server.powerstats is mapped to system
07-05 04:36:28.204 10989 10989 I AconfigPackage: com.android.graphics.egl.flags is mapped to system
07-05 04:36:28.204 10989 10989 I AconfigPackage: com.android.media.audioserver is mapped to system
07-05 04:36:28.204 10989 10989 I AconfigPackage: com.android.server.deviceidle is mapped to system
07-05 04:36:28.204 10989 10989 I AconfigPackage: android.nfc is mapped to system
07-05 04:36:28.204 10989 10989 I AconfigPackage: android.permission.flags is mapped to system
07-05 04:36:28.204 10989 10989 I AconfigPackage: android.service.voice.flags is mapped to system
07-05 04:36:28.204 10989 10989 I AconfigPackage: android.content.pm is mapped to system
07-05 04:36:28.205 10989 10989 I AconfigPackage: com.android.server.power.hint is mapped to system
07-05 04:36:28.205 10989 10989 I AconfigPackage: android.os is mapped to system
07-05 04:36:28.205 10989 10989 I AconfigPackage: android.service.dreams is mapped to system
07-05 04:36:28.205 10989 10989 I AconfigPackage: com.android.graphics.libgui.flags is mapped to system
07-05 04:36:28.205 10989 10989 I AconfigPackage: android.hardware.usb.flags is mapped to system
07-05 04:36:28.205 10989 10989 I AconfigPackage: android.provider is mapped to system
07-05 04:36:28.205 10989 10989 I AconfigPackage: com.android.server.job is mapped to system
07-05 04:36:28.205 10989 10989 I AconfigPackage: com.android.internal.foldables.flags is mapped to system
07-05 04:36:28.205 10989 10989 I AconfigPackage: com.android.internal.telephony.flags is mapped to system
07-05 04:36:28.205 10989 10989 I AconfigPackage: android.webkit is mapped to system
07-05 04:36:28.205 10989 10989 I AconfigPackage: android.credentials.flags is mapped to system
07-05 04:36:28.206 10989 10989 I AconfigPackage: com.android.server.display.feature.flags is mapped to system
07-05 04:36:28.206 10989 10989 I AconfigPackage: com.android.server.notification is mapped to system
07-05 04:36:28.206 10989 10989 I AconfigPackage: android.appwidget.flags is mapped to system
07-05 04:36:28.206 10989 10989 I AconfigPackage: com.android.frameworks.sensorservice.flags is mapped to system
07-05 04:36:28.206 10989 10989 I AconfigPackage: com.android.printspooler.flags is mapped to system
07-05 04:36:28.206 10989 10989 I AconfigPackage: com.android.window.flags is mapped to system
07-05 04:36:28.206 10989 10989 I AconfigPackage: android.adaptiveauth is mapped to system
07-05 04:36:28.206 10989 10989 I AconfigPackage: android.net.wifi.flags is mapped to system
07-05 04:36:28.206 10989 10989 I AconfigPackage: android.media.tv.flags is mapped to system
07-05 04:36:28.206 10989 10989 I AconfigPackage: com.android.server.usb.flags is mapped to system
07-05 04:36:28.206 10989 10989 I AconfigPackage: android.os.vibrator is mapped to system
07-05 04:36:28.207 10989 10989 I AconfigPackage: android.hardware.devicestate.feature.flags is mapped to system
07-05 04:36:28.207 10989 10989 I AconfigPackage: com.android.server.usage is mapped to system
07-05 04:36:28.207 10989 10989 I AconfigPackage: android.server is mapped to system
07-05 04:36:28.207 10989 10989 I AconfigPackage: com.android.wm.shell is mapped to system
07-05 04:36:28.207 10989 10989 I AconfigPackage: android.view.inputmethod is mapped to system
07-05 04:36:28.207 10989 10989 I AconfigPackage: com.android.graphics.hwui.flags is mapped to system
07-05 04:36:28.207 10989 10989 I AconfigPackage: com.android.server.backup is mapped to system
07-05 04:36:28.207 10989 10989 I AconfigPackage: com.android.internal.pm.pkg.component.flags is mapped to system
07-05 04:36:28.207 10989 10989 I AconfigPackage: android.view.accessibility is mapped to system
07-05 04:36:28.207 10989 10989 I AconfigPackage: com.google.wear.sdk is mapped to system
07-05 04:36:28.207 10989 10989 I AconfigPackage: android.media.audio is mapped to system
07-05 04:36:28.207 10989 10989 I AconfigPackage: com.android.server.am is mapped to system
07-05 04:36:28.208 10989 10989 I AconfigPackage: com.android.media.playback.flags is mapped to system
07-05 04:36:28.208 10989 10989 I AconfigPackage: com.android.art.flags is mapped to com.android.art
07-05 04:36:28.208 10989 10989 I AconfigPackage: com.android.libcore is mapped to com.android.art
07-05 04:36:28.208 10989 10989 I AconfigPackage: com.android.media.extractor.flags is mapped to com.android.media
07-05 04:36:28.208 10989 10989 I AconfigPackage: com.android.media.mainline.flags is mapped to com.android.media
07-05 04:36:28.208 10989 10989 I AconfigPackage: com.android.wifi.flags is mapped to com.android.wifi
07-05 04:36:28.209 10989 10989 I AconfigPackage: com.android.org.conscrypt.flags is mapped to com.android.conscrypt
07-05 04:36:28.209 10989 10989 I AconfigPackage: com.android.healthfitness.flags is mapped to com.android.healthfitness
07-05 04:36:28.210 10989 10989 I AconfigPackage: com.google.android.input.twoshay.flags is mapped to vendor
07-05 04:36:28.210 10989 10989 I AconfigPackage: libgooglecamerahal.flags is mapped to vendor
07-05 04:36:28.210 10989 10989 I AconfigPackage: com.android.ipsec.flags is mapped to com.android.ipsec
07-05 04:36:28.211 10989 10989 I AconfigPackage: com.android.nfc.module.flags is mapped to com.android.nfcservices
07-05 04:36:28.211 10989 10989 I AconfigPackage: com.android.adservices.ondevicepersonalization.flags is mapped to com.android.ondevicepersonalization
07-05 04:36:28.211 10989 10989 I AconfigPackage: com.android.bluetooth.flags is mapped to com.android.bt
07-05 04:36:28.211 10989 10989 I AconfigPackage: com.android.devicelock.flags is mapped to com.android.devicelock
07-05 04:36:28.212 10989 10989 I AconfigPackage: android.os.profiling is mapped to com.android.profiling
07-05 04:36:28.212 10989 10989 I AconfigPackage: com.android.os.statsd.flags is mapped to com.android.os.statsd
07-05 04:36:28.213 10989 10989 I AconfigPackage: com.android.cellbroadcastreceiver.flags is mapped to com.android.cellbroadcast
07-05 04:36:28.213 10989 10989 I AconfigPackage: com.android.adservices.flags is mapped to com.android.adservices
07-05 04:36:28.213 10989 10989 I AconfigPackage: com.android.sdksandbox.flags is mapped to com.android.adservices
07-05 04:36:28.213 10989 10989 I AconfigPackage: com.android.uwb.flags is mapped to com.android.uwb
07-05 04:36:28.214 10989 10989 I AconfigPackage: com.android.ranging.flags is mapped to com.android.uwb
07-05 04:36:28.214 10989 10989 I AconfigPackage: android.graphics.pdf.flags is mapped to com.android.mediaprovider
07-05 04:36:28.214 10989 10989 I AconfigPackage: com.android.providers.media.flags is mapped to com.android.mediaprovider
07-05 04:36:28.214 10989 10989 I AconfigPackage: android.graphics.pdf.flags.readonly is mapped to com.android.mediaprovider
07-05 04:36:28.214 10989 10989 I AconfigPackage: com.android.net.ct.flags is mapped to com.android.tethering
07-05 04:36:28.214 10989 10989 I AconfigPackage: com.android.net.flags is mapped to com.android.tethering
07-05 04:36:28.215 10989 10989 I AconfigPackage: android.net.vcn is mapped to com.android.tethering
07-05 04:36:28.215 10989 10989 I AconfigPackage: com.android.nearby.flags is mapped to com.android.tethering
07-05 04:36:28.215 10989 10989 I AconfigPackage: android.net.http is mapped to com.android.tethering
07-05 04:36:28.215 10989 10989 I AconfigPackage: com.android.net.thread.flags is mapped to com.android.tethering
07-05 04:36:28.215 10989 10989 I AconfigPackage: com.android.system.virtualmachine.flags is mapped to com.android.virt
07-05 04:36:28.216 10989 10989 E FeatureFlagsImplExport: android.os.flagging.AconfigStorageReadException: ERROR_PACKAGE_NOT_FOUND: package android.xr cannot be found on the device
07-05 04:36:28.218 10989 10989 D UiAutomationConnection: Created on user UserHandle{0}
07-05 04:36:28.219 10989 10989 I UiAutomation: Initialized for user 0 on display 0
07-05 04:36:28.219 10989 10989 W UiAutomation: Created with deprecatead constructor, assumes DEFAULT_DISPLAY
07-05 04:36:28.220   715  1928 D AccessibilityManagerService: changeCurrentUserForTestAutomationIfNeededLocked(0): ignoring because device doesn't support visible background users
07-05 04:36:28.220   715  1928 I UiAutomationManager: Registering UiTestAutomationService (id=com.android.server.accessibility/UiAutomation, flags=0x0) when called by user 0
07-05 04:36:28.220   715  1928 V AccessibilityManagerService: onUserStateChangedLocked for userId: 0, forceUpdate: false
07-05 04:36:28.224   715  1928 W MagnificationConnectionManager: requestConnection duplicated request: connect=false, mConnectionState=DISCONNECTED
07-05 04:36:28.225   715   715 W IPCThreadState: Sending oneway calls to frozen process.
07-05 04:36:28.226   715   715 W IPCThreadState: Sending oneway calls to frozen process.
07-05 04:36:28.226   715   715 W IPCThreadState: Sending oneway calls to frozen process.
07-05 04:36:28.227   715   715 W IPCThreadState: Sending oneway calls to frozen process.
07-05 04:36:28.227   715   715 W IPCThreadState: Sending oneway calls to frozen process.
07-05 04:36:28.227   715   715 W IPCThreadState: Sending oneway calls to frozen process.
07-05 04:36:28.229   715   715 W IPCThreadState: Sending oneway calls to frozen process.
07-05 04:36:28.229 10989 11001 V UiAutomation: Init UiAutomation@76b4680[id=321, displayId=0, flags=0]
07-05 04:36:28.229   715   715 W IPCThreadState: Sending oneway calls to frozen process.
07-05 04:36:28.229   715   715 W IPCThreadState: Sending oneway calls to frozen process.
07-05 04:36:28.230   715   715 W IPCThreadState: Sending oneway calls to frozen process.
07-05 04:36:28.233   715   715 W IPCThreadState: Sending oneway calls to frozen process.
07-05 04:36:28.233   715   715 W IPCThreadState: Sending oneway calls to frozen process.
07-05 04:36:28.233   715   715 W IPCThreadState: Sending oneway calls to frozen process.
07-05 04:36:28.234   715   715 W IPCThreadState: Sending oneway calls to frozen process.
07-05 04:36:28.234   715   715 W IPCThreadState: Sending oneway calls to frozen process.
07-05 04:36:28.234   715   715 W IPCThreadState: Sending oneway calls to frozen process.
07-05 04:36:28.235   715   715 W IPCThreadState: Sending oneway calls to frozen process.
07-05 04:36:28.235   715   715 W IPCThreadState: Sending oneway calls to frozen process.
07-05 04:36:28.236   715  1928 V AccessibilityManagerService: onUserStateChangedLocked for userId: 0, forceUpdate: false
07-05 04:36:28.236   715  1928 W MagnificationConnectionManager: requestConnection duplicated request: connect=false, mConnectionState=DISCONNECTED
07-05 04:36:28.236   715   715 W IPCThreadState: Sending oneway calls to frozen process.
07-05 04:36:28.237   715   715 W IPCThreadState: Sending oneway calls to frozen process.
07-05 04:36:28.237   715   715 W IPCThreadState: Sending oneway calls to frozen process.
07-05 04:36:28.237   715   715 W IPCThreadState: Sending oneway calls to frozen process.
07-05 04:36:28.237   715   715 W IPCThreadState: Sending oneway calls to frozen process.
07-05 04:36:28.237   715   715 W IPCThreadState: Sending oneway calls to frozen process.
07-05 04:36:28.238   715   715 W IPCThreadState: Sending oneway calls to frozen process.
07-05 04:36:28.238   715   715 W IPCThreadState: Sending oneway calls to frozen process.
07-05 04:36:28.238   715   715 W IPCThreadState: Sending oneway calls to frozen process.
07-05 04:36:28.239   715   715 W IPCThreadState: Sending oneway calls to frozen process.
07-05 04:36:28.239   715   715 W IPCThreadState: Sending oneway calls to frozen process.
07-05 04:36:28.239   715   715 W IPCThreadState: Sending oneway calls to frozen process.
07-05 04:36:28.239   715   715 W IPCThreadState: Sending oneway calls to frozen process.
07-05 04:36:28.239   715   715 W IPCThreadState: Sending oneway calls to frozen process.
07-05 04:36:28.240   715   715 W IPCThreadState: Sending oneway calls to frozen process.
07-05 04:36:28.240   715   715 W IPCThreadState: Sending oneway calls to frozen process.
07-05 04:36:28.241   715   715 W IPCThreadState: Sending oneway calls to frozen process.
07-05 04:36:28.241   715   715 W IPCThreadState: Sending oneway calls to frozen process.
07-05 04:36:28.241   715   715 W IPCThreadState: Sending oneway calls to frozen process.
07-05 04:36:28.241   715   715 W IPCThreadState: Sending oneway calls to frozen process.
07-05 04:36:28.242   715   715 W IPCThreadState: Sending oneway calls to frozen process.
07-05 04:36:28.242   715   715 W IPCThreadState: Sending oneway calls to frozen process.
07-05 04:36:28.243   715   715 W IPCThreadState: Sending oneway calls to frozen process.
07-05 04:36:28.243   715   715 W IPCThreadState: Sending oneway calls to frozen process.
07-05 04:36:28.243   715   715 W IPCThreadState: Sending oneway calls to frozen process.
07-05 04:36:28.243   715   715 W IPCThreadState: Sending oneway calls to frozen process.
07-05 04:36:28.243   715   715 W IPCThreadState: Sending oneway calls to frozen process.
07-05 04:36:28.249   488   533 I netd    : tetherGetStats() -> {[]} <1.41ms>
07-05 04:36:28.585 10903 11003 D ProfileInstaller: Installing profile for com.huiyi.mockchat
07-05 04:36:29.252 10989 10989 W AccessibilityNodeInfoDumper: Fetch time: 9ms
07-05 04:36:29.254   715  1783 V AccessibilityManagerService: onUserStateChangedLocked for userId: 0, forceUpdate: false
07-05 04:36:29.255   715   930 D BackgroundInstallControlService: Package event received: 0
07-05 04:36:29.257   715  1783 W MagnificationConnectionManager: requestConnection duplicated request: connect=false, mConnectionState=DISCONNECTED
07-05 04:36:29.258   715  1783 D AccessibilityManagerService: restoreCurrentUserForTestAutomationIfNeededLocked(): ignoring because device doesn't support visible background users
07-05 04:36:29.261   715   715 V AccessibilityManagerService: onUserStateChangedLocked for userId: 0, forceUpdate: false
07-05 04:36:29.263   715   715 W MagnificationConnectionManager: requestConnection duplicated request: connect=false, mConnectionState=DISCONNECTED
07-05 04:36:29.264   715   715 W IPCThreadState: Sending oneway calls to frozen process.
07-05 04:36:29.264 10989 10989 D AndroidRuntime: Shutting down VM
07-05 04:36:29.264   715   715 W IPCThreadState: Sending oneway calls to frozen process.
07-05 04:36:29.264 10989 11002 W IPCThreadState: call to talkWithDriver in joinThreadPool returned error: -9 (Bad file descriptor), FD: -1
07-05 04:36:29.264   715   715 W IPCThreadState: Sending oneway calls to frozen process.
07-05 04:36:29.265   715   715 W IPCThreadState: Sending oneway calls to frozen process.
07-05 04:36:29.265 10989 10998 W IPCThreadState: call to talkWithDriver in joinThreadPool returned error: -9 (Bad file descriptor), FD: -1
07-05 04:36:29.265   715   715 W IPCThreadState: Sending oneway calls to frozen process.
07-05 04:36:29.266   715   715 W IPCThreadState: Sending oneway calls to frozen process.
07-05 04:36:29.266 10989 10999 W IPCThreadState: call to talkWithDriver in joinThreadPool returned error: -9 (Bad file descriptor), FD: -1
07-05 04:36:29.267   715   715 W IPCThreadState: Sending oneway calls to frozen process.
07-05 04:36:29.267   715   715 W IPCThreadState: Sending oneway calls to frozen process.
07-05 04:36:29.267   715   715 W IPCThreadState: Sending oneway calls to frozen process.
07-05 04:36:29.267   715   715 W IPCThreadState: Sending oneway calls to frozen process.
07-05 04:36:29.268   715   715 W IPCThreadState: Sending oneway calls to frozen process.
07-05 04:36:29.268   715   715 W IPCThreadState: Sending oneway calls to frozen process.
07-05 04:36:29.268   715   715 W IPCThreadState: Sending oneway calls to frozen process.
07-05 04:36:29.268   715   715 W IPCThreadState: Sending oneway calls to frozen process.
07-05 04:36:29.268   715   715 W IPCThreadState: Sending oneway calls to frozen process.
07-05 04:36:29.268   715   715 W IPCThreadState: Sending oneway calls to frozen process.
07-05 04:36:29.269   715   715 W IPCThreadState: Sending oneway calls to frozen process.
07-05 04:36:29.269   715   715 W IPCThreadState: Sending oneway calls to frozen process.
07-05 04:36:29.269   715   715 W IPCThreadState: Sending oneway calls to frozen process.
07-05 04:36:29.270   715   715 W IPCThreadState: Sending oneway calls to frozen process.
07-05 04:36:29.270   715   715 W IPCThreadState: Sending oneway calls to frozen process.
07-05 04:36:29.270   715   715 W IPCThreadState: Sending oneway calls to frozen process.
07-05 04:36:29.270   715   715 W IPCThreadState: Sending oneway calls to frozen process.
07-05 04:36:29.271   715   715 W IPCThreadState: Sending oneway calls to frozen process.
07-05 04:36:29.271   715   715 W IPCThreadState: Sending oneway calls to frozen process.
07-05 04:36:29.272   715   715 W IPCThreadState: Sending oneway calls to frozen process.
07-05 04:36:29.272   715   715 W IPCThreadState: Sending oneway calls to frozen process.
07-05 04:36:29.272   488   533 I netd    : tetherGetStats() -> {[]} <0.45ms>
07-05 04:36:29.272   715   715 W IPCThreadState: Sending oneway calls to frozen process.
07-05 04:36:29.272   715   715 W IPCThreadState: Sending oneway calls to frozen process.
07-05 04:36:29.273   715   715 W IPCThreadState: Sending oneway calls to frozen process.
07-05 04:36:29.273   715   715 W IPCThreadState: Sending oneway calls to frozen process.
07-05 04:36:29.273   715   715 W IPCThreadState: Sending oneway calls to frozen process.
07-05 04:36:29.273   715   715 W IPCThreadState: Sending oneway calls to frozen process.
07-05 04:36:29.274   715   715 W IPCThreadState: Sending oneway calls to frozen process.
07-05 04:36:29.274   715   715 W IPCThreadState: Sending oneway calls to frozen process.
07-05 04:36:29.274   715   715 W IPCThreadState: Sending oneway calls to frozen process.
07-05 04:36:29.365   960   960 D wpa_supplicant: nl80211: Drv Event 64 (NL80211_CMD_NOTIFY_CQM) received for wlan0
07-05 04:36:29.365   960   960 D wpa_supplicant: nl80211: Beacon loss event
07-05 04:36:29.365   960   960 D wpa_supplicant: wlan0: Event BEACON_LOSS (53) received
07-05 04:36:29.366   960   960 I wpa_supplicant: wlan0: CTRL-EVENT-BEACON-LOSS 
07-05 04:36:30.183 11007 11007 W dumpsys : Thread Pool max thread count is 0. Cannot cache binder as linkToDeath cannot be implemented. serviceName: window
07-05 04:36:30.255   715  1783 E NotificationService: Suppressing toast from package com.huiyi.v4 by user request.
07-05 04:36:30.255   715   736 W AS.PlaybackActivityMon: No piid assigned for invalid/internal port id 15
07-05 04:36:30.256 10486 10486 I FloatingBubbleService: express_self_click_ack latencyMs=4 ackVisible=true
07-05 04:36:30.274   563   662 D AudioFlinger: mixer(0x7a05b9670770) throttle end: throttle time(35)
07-05 04:36:30.326   715  1928 W AppOps  : Noting op not finished: uid 10216 pkg com.huiyi.v4 code 24 startTime of in progress event=1783226189256
07-05 04:36:30.345   715  1928 D CoreBackPreview: Window{df528c8 u0 com.huiyi.v4}: Setting back callback OnBackInvokedCallbackInfo{mCallback=android.window.IOnBackInvokedCallback$Stub$Proxy@8f4dd47, mPriority=0, mIsAnimationCallback=false, mOverrideBehavior=0}
07-05 04:36:30.497   715   874 D WifiClientModeImpl[27601:wlan0]: updateLinkLayerStatsRssiSpeedFrequencyCapabilities rssi=-50 TxLinkspeed=1 freq=2447 RxLinkSpeed=2
07-05 04:36:30.497   715   874 D WifiDataStall: tx tput in kbps: 11000
07-05 04:36:30.497   715   874 D WifiDataStall: rx tput in kbps: 11000
07-05 04:36:30.497   715   874 V WifiConfigManager: Updating scan detail cache freq=2447 BSSID=00:13:10:85:fe:01 RSSI=-50 for "AndroidWifi"NONE
07-05 04:36:30.498   715   874 D WifiThroughputPredictor:  utilization (LLS) 80 isBluetoothConnected: false final utilization: 80
07-05 04:36:30.498   715   874 D WifiThroughputPredictor:  BW: 0 RSSI: -50 Nss: 1 Mode: 1 symDur: 4000 snrDb 30 bitPerTone: 4500 rate: 54 throughput: 11
07-05 04:36:30.498   715   874 D WifiThroughputPredictor:  utilization (LLS) 80 isBluetoothConnected: false final utilization: 80
07-05 04:36:30.498   715   874 D WifiThroughputPredictor:  BW: 0 RSSI: -50 Nss: 1 Mode: 1 symDur: 4000 snrDb 30 bitPerTone: 4500 rate: 54 throughput: 11
07-05 04:36:30.499   715   874 D WifiThroughputPredictor:  utilization (LLS) 80 isBluetoothConnected: false final utilization: 80
07-05 04:36:30.499   715   874 D WifiThroughputPredictor:  BW: 0 RSSI: -50 Nss: 1 Mode: 1 symDur: 4000 snrDb 30 bitPerTone: 4500 rate: 54 throughput: 11
07-05 04:36:30.499   715   874 D WifiThroughputPredictor:  utilization (LLS) 80 isBluetoothConnected: false final utilization: 80
07-05 04:36:30.499   715   874 D WifiThroughputPredictor:  BW: 0 RSSI: -50 Nss: 1 Mode: 1 symDur: 4000 snrDb 30 bitPerTone: 4500 rate: 54 throughput: 11
07-05 04:36:30.500   715   874 D WifiScoreCard: BSSID update SIGNAL_POLL ID: 1559335064 SSID: "AndroidWifi", BSSID: 00:13:10:85:fe:01, MAC: 02:15:b2:00:00:00, IP: /10.0.2.16, Security type: 0, Supplicant state: COMPLETED, Wi-Fi standard: legacy, RSSI: -50, Link speed: 1Mbps, Tx Link speed: 1Mbps, Max Supported Tx Link speed: 11Mbps, Rx Link speed: 2Mbps, Max Supported Rx Link speed: 11Mbps, Frequency: 2447MHz, Net ID: 0, Metered hint: false, score: 60, isUsable: true, CarrierMerged: false, SubscriptionId: -1, IsPrimary: 1, Trusted: true, Restricted: false, Ephemeral: false, OEM paid: false, OEM private: false, OSU AP: false, FQDN: <none>, Provider friendly name: <none>, Requesting package name: <none>"AndroidWifi"openMLO Information: , Is TID-To-Link negotiation supported by the AP: false, AP MLD Address: <none>, AP MLO Link Id: <none>, AP MLO Affiliated links: <none>, Vendor Data: <none>
07-05 04:36:30.500   715   874 D WifiScoreCard: txRate: 1 txSpeed: 1
07-05 04:36:30.500   715   874 D WifiScoreCard: network update SIGNAL_POLL "AndroidWifi" ID: 1201260005 RSSI -50 txSpeed -1
07-05 04:36:30.500   715   874 D WifiClientModeImpl[27601:wlan0]:  ClientModeImpl$L2ConnectedState screen=on 1 0 "AndroidWifi" 00:13:10:85:fe:01 rssi=-50 f=2447 sc=60 link=1 tx=0.0, 0.0, 0.0 rx=0.0 bcn=0 [on:0 tx:0 rx:0 period:3005] from screen [on:0 period:814762660] score=60
07-05 04:36:30.697   715   731 I system_server: Background concurrent mark compact GC freed 22MB AllocSpace bytes, 59(1180KB) LOS objects, 41% free, 33MB/57MB, paused 1.837ms,3.193ms total 125.471ms
07-05 04:36:30.792 11016 11016 D AndroidRuntime: >>>>>> START com.android.internal.os.RuntimeInit uid 2000 <<<<<<
07-05 04:36:30.797 11016 11016 I AndroidRuntime: Using default boot image
07-05 04:36:30.797 11016 11016 I AndroidRuntime: Leaving lock profiling enabled
07-05 04:36:30.798 11016 11016 I app_process: Core platform API reporting enabled, enforcing=false
07-05 04:36:30.799 11016 11016 I app_process: Using CollectorTypeCMC GC.
