07-06 03:11:29.335   715  2119 W MagnificationConnectionManager: requestConnection duplicated request: connect=false, mConnectionState=DISCONNECTED
07-06 03:11:29.340   715   715 W IPCThreadState: Sending oneway calls to frozen process.
07-06 03:11:29.340   715   715 W IPCThreadState: Sending oneway calls to frozen process.
07-06 03:11:29.340   715   715 W IPCThreadState: Sending oneway calls to frozen process.
07-06 03:11:29.341   715   715 W IPCThreadState: Sending oneway calls to frozen process.
07-06 03:11:29.341   715   715 W IPCThreadState: Sending oneway calls to frozen process.
07-06 03:11:29.341   715   715 W IPCThreadState: Sending oneway calls to frozen process.
07-06 03:11:29.341   715   715 W IPCThreadState: Sending oneway calls to frozen process.
07-06 03:11:29.341   715   715 W IPCThreadState: Sending oneway calls to frozen process.
07-06 03:11:29.342   715   715 W IPCThreadState: Sending oneway calls to frozen process.
07-06 03:11:29.342 31872 31884 V UiAutomation: Init UiAutomation@850bdd9[id=903, displayId=0, flags=0]
07-06 03:11:29.342   715   715 W IPCThreadState: Sending oneway calls to frozen process.
07-06 03:11:29.343   715  2119 V AccessibilityManagerService: onUserStateChangedLocked for userId: 0, forceUpdate: false
07-06 03:11:29.344   715  2119 W MagnificationConnectionManager: requestConnection duplicated request: connect=false, mConnectionState=DISCONNECTED
07-06 03:11:29.345   715   715 W IPCThreadState: Sending oneway calls to frozen process.
07-06 03:11:29.345   715   715 W IPCThreadState: Sending oneway calls to frozen process.
07-06 03:11:29.345   715   715 W IPCThreadState: Sending oneway calls to frozen process.
07-06 03:11:29.345   715   715 W IPCThreadState: Sending oneway calls to frozen process.
07-06 03:11:29.346   715   715 W IPCThreadState: Sending oneway calls to frozen process.
07-06 03:11:29.346   715   715 W IPCThreadState: Sending oneway calls to frozen process.
07-06 03:11:29.346   715   715 W IPCThreadState: Sending oneway calls to frozen process.
07-06 03:11:29.352   715   715 W IPCThreadState: Sending oneway calls to frozen process.
07-06 03:11:29.353   715   715 W IPCThreadState: Sending oneway calls to frozen process.
07-06 03:11:29.353   715   715 W IPCThreadState: Sending oneway calls to frozen process.
07-06 03:11:29.353   488   532 I netd    : tetherGetStats() -> {[]} <1.74ms>
07-06 03:11:29.354   715   715 W IPCThreadState: Sending oneway calls to frozen process.
07-06 03:11:29.354   715   715 W IPCThreadState: Sending oneway calls to frozen process.
07-06 03:11:29.354   715   715 W IPCThreadState: Sending oneway calls to frozen process.
07-06 03:11:29.354   715   715 W IPCThreadState: Sending oneway calls to frozen process.
07-06 03:11:29.356   715   715 W IPCThreadState: Sending oneway calls to frozen process.
07-06 03:11:29.356   715   715 W IPCThreadState: Sending oneway calls to frozen process.
07-06 03:11:29.356   715   715 W IPCThreadState: Sending oneway calls to frozen process.
07-06 03:11:29.357   715   715 W IPCThreadState: Sending oneway calls to frozen process.
07-06 03:11:29.357   715   715 W IPCThreadState: Sending oneway calls to frozen process.
07-06 03:11:29.357   715   715 W IPCThreadState: Sending oneway calls to frozen process.
07-06 03:11:29.359   715   715 W IPCThreadState: Sending oneway calls to frozen process.
07-06 03:11:29.360   715   715 W IPCThreadState: Sending oneway calls to frozen process.
07-06 03:11:29.360   715   715 W IPCThreadState: Sending oneway calls to frozen process.
07-06 03:11:29.360   715   715 W IPCThreadState: Sending oneway calls to frozen process.
07-06 03:11:29.360   715   715 W IPCThreadState: Sending oneway calls to frozen process.
07-06 03:11:29.360   715   715 W IPCThreadState: Sending oneway calls to frozen process.
07-06 03:11:29.361   715   715 W IPCThreadState: Sending oneway calls to frozen process.
07-06 03:11:29.361   715   715 W IPCThreadState: Sending oneway calls to frozen process.
07-06 03:11:29.362   715   715 W IPCThreadState: Sending oneway calls to frozen process.
07-06 03:11:29.362   715   715 W IPCThreadState: Sending oneway calls to frozen process.
07-06 03:11:29.363   715   715 W IPCThreadState: Sending oneway calls to frozen process.
07-06 03:11:29.364   715   715 W IPCThreadState: Sending oneway calls to frozen process.
07-06 03:11:29.372   715   715 W IPCThreadState: Sending oneway calls to frozen process.
07-06 03:11:29.372   715   715 W IPCThreadState: Sending oneway calls to frozen process.
07-06 03:11:29.373   715   715 W IPCThreadState: Sending oneway calls to frozen process.
07-06 03:11:29.375   715   715 W IPCThreadState: Sending oneway calls to frozen process.
07-06 03:11:29.375   715   715 W IPCThreadState: Sending oneway calls to frozen process.
07-06 03:11:29.376   715   715 W IPCThreadState: Sending oneway calls to frozen process.
07-06 03:11:29.376   715   715 W IPCThreadState: Sending oneway calls to frozen process.
07-06 03:11:29.376   715   715 W IPCThreadState: Sending oneway calls to frozen process.
07-06 03:11:29.400  1661  1661 D BoundBrokerSvc: onUnbind: Intent { act=com.google.firebase.dynamiclinks.service.START xflg=0x4 pkg=com.google.android.gms }
07-06 03:11:30.364 31872 31872 W AccessibilityNodeInfoDumper: Fetch time: 10ms
07-06 03:11:30.368   715  1829 V AccessibilityManagerService: onUserStateChangedLocked for userId: 0, forceUpdate: false
07-06 03:11:30.370   715   930 D BackgroundInstallControlService: Package event received: 0
07-06 03:11:30.375   715  1829 W MagnificationConnectionManager: requestConnection duplicated request: connect=false, mConnectionState=DISCONNECTED
07-06 03:11:30.375   715  1829 D AccessibilityManagerService: restoreCurrentUserForTestAutomationIfNeededLocked(): ignoring because device doesn't support visible background users
07-06 03:11:30.376   715   715 W IPCThreadState: Sending oneway calls to frozen process.
07-06 03:11:30.377   715   715 W IPCThreadState: Sending oneway calls to frozen process.
07-06 03:11:30.377   715   715 W IPCThreadState: Sending oneway calls to frozen process.
07-06 03:11:30.378 31872 31872 D AndroidRuntime: Shutting down VM
07-06 03:11:30.379   715   715 W IPCThreadState: Sending oneway calls to frozen process.
07-06 03:11:30.382   715   715 W IPCThreadState: Sending oneway calls to frozen process.
07-06 03:11:30.382 31872 31885 W IPCThreadState: call to talkWithDriver in joinThreadPool returned error: -9 (Bad file descriptor), FD: -1
07-06 03:11:30.382   715   715 W IPCThreadState: Sending oneway calls to frozen process.
07-06 03:11:30.383   715   715 W IPCThreadState: Sending oneway calls to frozen process.
07-06 03:11:30.383 31872 31881 W IPCThreadState: call to talkWithDriver in joinThreadPool returned error: -9 (Bad file descriptor), FD: -1
07-06 03:11:30.383 31872 31882 W IPCThreadState: call to talkWithDriver in joinThreadPool returned error: -9 (Bad file descriptor), FD: -1
07-06 03:11:30.383   715   715 W IPCThreadState: Sending oneway calls to frozen process.
07-06 03:11:30.383   715   715 W IPCThreadState: Sending oneway calls to frozen process.
07-06 03:11:30.383   715   715 W IPCThreadState: Sending oneway calls to frozen process.
07-06 03:11:30.384   715   715 W IPCThreadState: Sending oneway calls to frozen process.
07-06 03:11:30.384   715   715 W IPCThreadState: Sending oneway calls to frozen process.
07-06 03:11:30.384   715   715 W IPCThreadState: Sending oneway calls to frozen process.
07-06 03:11:30.384   715   715 W IPCThreadState: Sending oneway calls to frozen process.
07-06 03:11:30.384   715   715 W IPCThreadState: Sending oneway calls to frozen process.
07-06 03:11:30.385   715   715 W IPCThreadState: Sending oneway calls to frozen process.
07-06 03:11:30.385   715   715 W IPCThreadState: Sending oneway calls to frozen process.
07-06 03:11:30.385   715   715 W IPCThreadState: Sending oneway calls to frozen process.
07-06 03:11:30.385   715   715 W IPCThreadState: Sending oneway calls to frozen process.
07-06 03:11:30.386   715   715 W IPCThreadState: Sending oneway calls to frozen process.
07-06 03:11:30.386   715   715 V AccessibilityManagerService: onUserStateChangedLocked for userId: 0, forceUpdate: false
07-06 03:11:30.389   715   715 W MagnificationConnectionManager: requestConnection duplicated request: connect=false, mConnectionState=DISCONNECTED
07-06 03:11:30.389   715   715 W IPCThreadState: Sending oneway calls to frozen process.
07-06 03:11:30.389   715   715 W IPCThreadState: Sending oneway calls to frozen process.
07-06 03:11:30.391   715   715 W IPCThreadState: Sending oneway calls to frozen process.
07-06 03:11:30.391   715   715 W IPCThreadState: Sending oneway calls to frozen process.
07-06 03:11:30.391   715   715 W IPCThreadState: Sending oneway calls to frozen process.
07-06 03:11:30.392   715   715 W IPCThreadState: Sending oneway calls to frozen process.
07-06 03:11:30.392   715   715 W IPCThreadState: Sending oneway calls to frozen process.
07-06 03:11:30.393   715   715 W IPCThreadState: Sending oneway calls to frozen process.
07-06 03:11:30.393   715   715 W IPCThreadState: Sending oneway calls to frozen process.
07-06 03:11:30.393   715   715 W IPCThreadState: Sending oneway calls to frozen process.
07-06 03:11:30.394   715   715 W IPCThreadState: Sending oneway calls to frozen process.
07-06 03:11:30.394   715   715 W IPCThreadState: Sending oneway calls to frozen process.
07-06 03:11:30.396   715   715 W IPCThreadState: Sending oneway calls to frozen process.
07-06 03:11:30.398   488   532 I netd    : tetherGetStats() -> {[]} <2.26ms>
07-06 03:11:30.398   715   715 W IPCThreadState: Sending oneway calls to frozen process.
07-06 03:11:30.399   715   715 W IPCThreadState: Sending oneway calls to frozen process.
07-06 03:11:30.399   715   715 W IPCThreadState: Sending oneway calls to frozen process.
07-06 03:11:30.400   715   715 W IPCThreadState: Sending oneway calls to frozen process.
07-06 03:11:30.400   715   715 W IPCThreadState: Sending oneway calls to frozen process.
07-06 03:11:30.400   715   715 W IPCThreadState: Sending oneway calls to frozen process.
07-06 03:11:30.400   715   715 W IPCThreadState: Sending oneway calls to frozen process.
07-06 03:11:30.401   715   715 W IPCThreadState: Sending oneway calls to frozen process.
07-06 03:11:30.401   715   715 W IPCThreadState: Sending oneway calls to frozen process.
07-06 03:11:30.401   715   715 W IPCThreadState: Sending oneway calls to frozen process.
07-06 03:11:30.401   715   715 W IPCThreadState: Sending oneway calls to frozen process.
07-06 03:11:30.402   715   715 W IPCThreadState: Sending oneway calls to frozen process.
07-06 03:11:30.402   715   715 W IPCThreadState: Sending oneway calls to frozen process.
07-06 03:11:30.402   715   715 W IPCThreadState: Sending oneway calls to frozen process.
07-06 03:11:30.405   715   715 W IPCThreadState: Sending oneway calls to frozen process.
07-06 03:11:30.405   715   715 W IPCThreadState: Sending oneway calls to frozen process.
07-06 03:11:30.405   715   715 W IPCThreadState: Sending oneway calls to frozen process.
--------- beginning of kernel
07-06 03:11:30.786     0     0 W healthd : battery l=100 v=5000 t=25.0 h=2 st=4 c=900000 fc=3000000 cc=10 chg=
07-06 03:11:31.334 31889 31889 W dumpsys : Thread Pool max thread count is 0. Cannot cache binder as linkToDeath cannot be implemented. serviceName: window
07-06 03:11:31.422  1112  1315 D SatelliteController: iisInCarrierRoamingNbIotNtn: satellite is disabled
07-06 03:11:31.460   715  1836 E NotificationService: Suppressing toast from package com.huiyi.v4 by user request.
07-06 03:11:31.461 31343 31343 I FloatingBubbleService: express_self_click_ack latencyMs=5 ackVisible=true
07-06 03:11:31.462   715   956 W AS.PlaybackActivityMon: No piid assigned for invalid/internal port id 15
07-06 03:11:31.488   563   662 D AudioFlinger: mixer(0x7a05b9670770) throttle end: throttle time(36)
07-06 03:11:31.541   715   731 I system_server: Background concurrent mark compact GC freed 23MB AllocSpace bytes, 58(1160KB) LOS objects, 40% free, 34MB/58MB, paused 4.276ms,5.124ms total 189.432ms
07-06 03:11:31.590   715   956 W AppOps  : Noting op not finished: uid 10216 pkg com.huiyi.v4 code 24 startTime of in progress event=1783307490373
07-06 03:11:31.601   715   956 D CoreBackPreview: Window{458953c u0 com.huiyi.v4}: Setting back callback OnBackInvokedCallbackInfo{mCallback=android.window.IOnBackInvokedCallback$Stub$Proxy@589bb4b, mPriority=0, mIsAnimationCallback=false, mOverrideBehavior=0}
07-06 03:11:31.714   715   874 D WifiClientModeImpl[27601:wlan0]: updateLinkLayerStatsRssiSpeedFrequencyCapabilities rssi=-50 TxLinkspeed=1 freq=2447 RxLinkSpeed=2
07-06 03:11:31.714   715   874 D WifiDataStall: tx tput in kbps: 11000
07-06 03:11:31.714   715   874 D WifiDataStall: rx tput in kbps: 11000
07-06 03:11:31.715   715   874 V WifiConfigManager: Updating scan detail cache freq=2447 BSSID=00:13:10:85:fe:01 RSSI=-50 for "AndroidWifi"NONE
07-06 03:11:31.716   715   874 D WifiThroughputPredictor:  utilization (LLS) 80 isBluetoothConnected: false final utilization: 80
07-06 03:11:31.716   715   874 D WifiThroughputPredictor:  BW: 0 RSSI: -50 Nss: 1 Mode: 1 symDur: 4000 snrDb 30 bitPerTone: 4500 rate: 54 throughput: 11
07-06 03:11:31.716   715   874 D WifiThroughputPredictor:  utilization (LLS) 80 isBluetoothConnected: false final utilization: 80
07-06 03:11:31.717   715   874 D WifiThroughputPredictor:  BW: 0 RSSI: -50 Nss: 1 Mode: 1 symDur: 4000 snrDb 30 bitPerTone: 4500 rate: 54 throughput: 11
07-06 03:11:31.717   715   874 D WifiThroughputPredictor:  utilization (LLS) 80 isBluetoothConnected: false final utilization: 80
07-06 03:11:31.719   715   874 D WifiThroughputPredictor:  BW: 0 RSSI: -50 Nss: 1 Mode: 1 symDur: 4000 snrDb 30 bitPerTone: 4500 rate: 54 throughput: 11
07-06 03:11:31.719   715   874 D WifiThroughputPredictor:  utilization (LLS) 80 isBluetoothConnected: false final utilization: 80
07-06 03:11:31.720   715   874 D WifiThroughputPredictor:  BW: 0 RSSI: -50 Nss: 1 Mode: 1 symDur: 4000 snrDb 30 bitPerTone: 4500 rate: 54 throughput: 11
07-06 03:11:31.721   715   874 D WifiScoreCard: BSSID update SIGNAL_POLL ID: 1559335064 SSID: "AndroidWifi", BSSID: 00:13:10:85:fe:01, MAC: 02:15:b2:00:00:00, IP: /10.0.2.16, Security type: 0, Supplicant state: COMPLETED, Wi-Fi standard: legacy, RSSI: -50, Link speed: 1Mbps, Tx Link speed: 1Mbps, Max Supported Tx Link speed: 11Mbps, Rx Link speed: 2Mbps, Max Supported Rx Link speed: 11Mbps, Frequency: 2447MHz, Net ID: 0, Metered hint: false, score: 60, isUsable: true, CarrierMerged: false, SubscriptionId: -1, IsPrimary: 1, Trusted: true, Restricted: false, Ephemeral: false, OEM paid: false, OEM private: false, OSU AP: false, FQDN: <none>, Provider friendly name: <none>, Requesting package name: <none>"AndroidWifi"openMLO Information: , Is TID-To-Link negotiation supported by the AP: false, AP MLD Address: <none>, AP MLO Link Id: <none>, AP MLO Affiliated links: <none>, Vendor Data: <none>
07-06 03:11:31.721   715   874 D WifiScoreCard: txRate: 1 txSpeed: 1
07-06 03:11:31.721   715   874 D WifiScoreCard: network update SIGNAL_POLL "AndroidWifi" ID: 1201260005 RSSI -50 txSpeed -1
07-06 03:11:31.721   715   874 D WifiClientModeImpl[27601:wlan0]:  ClientModeImpl$L2ConnectedState screen=on 1 0 "AndroidWifi" 00:13:10:85:fe:01 rssi=-50 f=2447 sc=60 link=1 tx=0.0, 0.0, 0.0 rx=0.0 bcn=0 [on:0 tx:0 rx:0 period:3012] from screen [on:0 period:896063881] score=60
07-06 03:11:32.744 31898 31898 D AndroidRuntime: >>>>>> START com.android.internal.os.RuntimeInit uid 2000 <<<<<<
07-06 03:11:32.751 31898 31898 I AndroidRuntime: Using default boot image
07-06 03:11:32.751 31898 31898 I AndroidRuntime: Leaving lock profiling enabled
07-06 03:11:32.753 31898 31898 I app_process: Core platform API reporting enabled, enforcing=false
07-06 03:11:32.754 31898 31898 I app_process: Using CollectorTypeCMC GC.
07-06 03:11:32.783   715   821 D ActivityManager: freezing 1469 android.process.acore
07-06 03:11:32.786   715   881 D InetDiagMessage: Destroyed 0 sockets, proto=IPPROTO_TCP, family=AF_INET, states=14
07-06 03:11:32.792   715   881 D InetDiagMessage: Destroyed 0 sockets, proto=IPPROTO_TCP, family=AF_INET6, states=14
07-06 03:11:32.792   715   881 D InetDiagMessage: Destroyed live tcp sockets for uids={10095} in 6ms
07-06 03:11:32.856 31898 31898 D nativeloader: InitDefaultPublicLibraries for_preload=1: libandroid.so:libaaudio.so:libamidi.so:libbinder_ndk.so:libc.so:libcamera2ndk.so:libdl.so:libEGL.so:libGLESv1_CM.so:libGLESv2.so:libGLESv3.so:libicu.so:libicui18n.so:libicuuc.so:libjnigraphics.so:liblog.so:libmediandk.so:libm.so:libnativehelper.so:libnativewindow.so:libOpenMAXAL.so:libOpenSLES.so:libRS.so:libstdc++.so:libsync.so:libvulkan.so:libwebviewchromium_plat_support.so:libz.so
07-06 03:11:32.869 31898 31898 D nativeloader: Load libicu_jni.so using APEX ns com_android_art for caller /apex/com.android.art/javalib/core-oj.jar: ok
07-06 03:11:32.869 31898 31898 D app_process: u_setTimeZoneFilesDirectory("/apex/com.android.tzdata/etc/tz/versioned/9/icu") succeeded. 
07-06 03:11:32.869 31898 31898 D app_process: I18n APEX ICU file found: /apex/com.android.i18n/etc/icu/icudt76l.dat
07-06 03:11:32.871 31898 31898 D nativeloader: Load libjavacore.so using APEX ns com_android_art for caller /apex/com.android.art/javalib/core-oj.jar: ok
07-06 03:11:32.872 31898 31898 D nativeloader: Load libopenjdk.so using APEX ns com_android_art for caller /apex/com.android.art/javalib/core-oj.jar: ok
07-06 03:11:32.874 31898 31898 W app_process: Unexpected CPU variant for x86: x86_64.
07-06 03:11:32.874 31898 31898 W app_process: Known variants: atom, sandybridge, silvermont, goldmont, goldmont-plus, goldmont-without-sha-xsaves, tremont, kabylake, alderlake, default
07-06 03:11:32.876 31898 31898 W app_process: ClassLoaderContext shared library size mismatch. Expected=2, found=0 (PCL[]{PCL[/system/framework/android.test.base.jar*2789897741]#PCL[/system/framework/android.test.mock.jar*3361312393]} | PCL[])
07-06 03:11:32.877 31898 31898 W app_process: ClassLoaderContext classpath size mismatch. expected=0, found=1 (PCL[]{PCL[/system/framework/android.test.runner.jar*895143020]#PCL[/system/framework/android.test.base.jar*2789897741]} | PCL[/system/framework/android.test.runner.jar*895143020])
07-06 03:11:32.901 31898 31898 D nativeloader: Load libframework-connectivity-tiramisu-jni.so using APEX ns com_android_tethering for caller /apex/com.android.tethering/javalib/framework-connectivity-t.jar: ok
07-06 03:11:32.902 31898 31898 D AndroidRuntime: Calling main entry com.android.commands.uiautomator.Launcher
07-06 03:11:32.907 31898 31898 I AconfigPackage: android.media.swcodec.flags is mapped to com.android.media.swcodec
07-06 03:11:32.908 31898 31898 I AconfigPackage: com.google.android.settings.simplemode.flags is mapped to system_ext
07-06 03:11:32.908 31898 31898 I AconfigPackage: com.google.android.systemui is mapped to system_ext
07-06 03:11:32.908 31898 31898 I AconfigPackage: com.google.android.apps.nexuslauncher is mapped to system_ext
07-06 03:11:32.908 31898 31898 I AconfigPackage: com.android.settings.accessibility is mapped to system_ext
07-06 03:11:32.908 31898 31898 I AconfigPackage: com.android.settings.flags is mapped to system_ext
07-06 03:11:32.908 31898 31898 I AconfigPackage: com.google.android.apps.miphone.aiai.matchmaker.overview.ui is mapped to system_ext
07-06 03:11:32.909 31898 31898 I AconfigPackage: com.google.android.settings.flags is mapped to system_ext
07-06 03:11:32.909 31898 31898 I AconfigPackage: com.android.launcher3 is mapped to system_ext
07-06 03:11:32.909 31898 31898 I AconfigPackage: com.android.wallpaper is mapped to system_ext
07-06 03:11:32.909 31898 31898 I AconfigPackage: com.android.settings.media_drm is mapped to system_ext
07-06 03:11:32.909 31898 31898 I AconfigPackage: com.android.systemui.accessibility.accessibilitymenu is mapped to system_ext
07-06 03:11:32.909 31898 31898 I AconfigPackage: com.android.settings.keyboard is mapped to system_ext
07-06 03:11:32.909 31898 31898 I AconfigPackage: com.android.server.policy.feature.flags is mapped to system_ext
07-06 03:11:32.909 31898 31898 I AconfigPackage: com.android.settings.factory_reset is mapped to system_ext
07-06 03:11:32.909 31898 31898 I AconfigPackage: com.google.android.haptics.flags is mapped to system_ext
07-06 03:11:32.909 31898 31898 I AconfigPackage: com.android.permission.flags is mapped to com.android.permission
07-06 03:11:32.910 31898 31898 I AconfigPackage: com.android.icu is mapped to com.android.i18n
07-06 03:11:32.912 31898 31898 I AconfigPackage: com.android.appsearch.flags is mapped to com.android.appsearch
07-06 03:11:32.913 31898 31898 I AconfigPackage: android.uprobestats.mainline.flags is mapped to com.android.uprobestats
07-06 03:11:32.913 31898 31898 I AconfigPackage: android.provider.flags is mapped to com.android.configinfrastructure
07-06 03:11:32.913 31898 31898 I AconfigPackage: com.android.server.deviceconfig is mapped to com.android.configinfrastructure
07-06 03:11:32.914 31898 31898 I AconfigPackage: com.android.nfc.flags is mapped to system
07-06 03:11:32.914 31898 31898 I AconfigPackage: android.app.admin.flags is mapped to system
07-06 03:11:32.914 31898 31898 I AconfigPackage: android.database.sqlite is mapped to system
07-06 03:11:32.916 31898 31898 I AconfigPackage: com.android.providers.calendar is mapped to system
07-06 03:11:32.916 31898 31898 I AconfigPackage: com.android.server.power.feature.flags is mapped to system
07-06 03:11:32.916 31898 31898 I AconfigPackage: com.android.media.performance.flags is mapped to system
07-06 03:11:32.916 31898 31898 I AconfigPackage: android.app.contextualsearch.flags is mapped to system
07-06 03:11:32.917 31898 31898 I AconfigPackage: android.app.ondeviceintelligence.flags is mapped to system
07-06 03:11:32.917 31898 31898 I AconfigPackage: com.android.media.projection.flags is mapped to system
07-06 03:11:32.917 31898 31898 I AconfigPackage: android.companion is mapped to system
07-06 03:11:32.917 31898 31898 I AconfigPackage: android.service.controls.flags is mapped to system
07-06 03:11:32.918 31898 31898 I AconfigPackage: com.android.text.flags is mapped to system
07-06 03:11:32.919 31898 31898 I AconfigPackage: com.android.providers.contactkeys.flags is mapped to system
07-06 03:11:32.919 31898 31898 I AconfigPackage: com.android.intentresolver is mapped to system
07-06 03:11:32.919 31898 31898 I AconfigPackage: android.companion.virtualdevice.flags is mapped to system
07-06 03:11:32.919 31898 31898 I AconfigPackage: android.uprobestats.flags is mapped to system
07-06 03:11:32.919 31898 31898 I AconfigPackage: com.android.net.thread.platform.flags is mapped to system
07-06 03:11:32.919 31898 31898 I AconfigPackage: android.view.contentprotection.flags is mapped to system
07-06 03:11:32.919 31898 31898 I AconfigPackage: com.android.server.dreams is mapped to system
07-06 03:11:32.919 31898 31898 I AconfigPackage: com.android.graphics.surfaceflinger.flags is mapped to system
07-06 03:11:32.919 31898 31898 I AconfigPackage: com.android.hardware.input is mapped to system
07-06 03:11:32.919 31898 31898 I AconfigPackage: android.sdk is mapped to system
07-06 03:11:32.919 31898 31898 I AconfigPackage: com.android.input.flags is mapped to system
07-06 03:11:32.919 31898 31898 I AconfigPackage: android.tracing is mapped to system
07-06 03:11:32.920 31898 31898 I AconfigPackage: com.android.server.biometrics is mapped to system
07-06 03:11:32.920 31898 31898 I AconfigPackage: android.view.contentcapture.flags is mapped to system
07-06 03:11:32.920 31898 31898 I AconfigPackage: android.app.job is mapped to system
07-06 03:11:32.920 31898 31898 I AconfigPackage: android.content.res is mapped to system
07-06 03:11:32.920 31898 31898 I AconfigPackage: android.net.platform.flags is mapped to system
07-06 03:11:32.920 31898 31898 I AconfigPackage: com.android.aconfig.flags is mapped to system
07-06 03:11:32.920 31898 31898 I AconfigPackage: com.android.graphics.flags is mapped to system
07-06 03:11:32.920 31898 31898 I AconfigPackage: android.server.app is mapped to system
07-06 03:11:32.920 31898 31898 I AconfigPackage: android.speech.flags is mapped to system
07-06 03:11:32.920 31898 31898 I AconfigPackage: com.android.server.stats is mapped to system
07-06 03:11:32.922 31898 31898 I AconfigPackage: android.hardware.biometrics is mapped to system
07-06 03:11:32.922 31898 31898 I AconfigPackage: android.car.feature is mapped to system
07-06 03:11:32.922 31898 31898 I AconfigPackage: android.adpf is mapped to system
07-06 03:11:32.922 31898 31898 I AconfigPackage: android.location.flags is mapped to system
07-06 03:11:32.922 31898 31898 I AconfigPackage: com.android.settingslib.flags is mapped to system
07-06 03:11:32.923 31898 31898 I AconfigPackage: com.android.managedprovisioning.flags is mapped to system
07-06 03:11:32.923 31898 31898 I AconfigPackage: android.app.assist.flags is mapped to system
07-06 03:11:32.923 31898 31898 I AconfigPackage: com.android.server.net is mapped to system
07-06 03:11:32.923 31898 31898 I AconfigPackage: com.android.settingslib.widget.flags is mapped to system
07-06 03:11:32.924 31898 31898 I AconfigPackage: com.android.internal.camera.flags is mapped to system
07-06 03:11:32.924 31898 31898 I AconfigPackage: com.android.hardware.libsensor.flags is mapped to system
07-06 03:11:32.924 31898 31898 I AconfigPackage: com.android.internal.jank is mapped to system
07-06 03:11:32.924 31898 31898 I AconfigPackage: com.android.providers.settings is mapped to system
07-06 03:11:32.925 31898 31898 I AconfigPackage: android.multiuser is mapped to system
07-06 03:11:32.925 31898 31898 I AconfigPackage: com.android.server.power.optimization is mapped to system
07-06 03:11:32.925 31898 31898 I AconfigPackage: com.android.calllogbackup is mapped to system
07-06 03:11:32.925 31898 31898 I AconfigPackage: com.android.media.flags is mapped to system
07-06 03:11:32.925 31898 31898 I AconfigPackage: com.android.server.flags is mapped to system
07-06 03:11:32.925 31898 31898 I AconfigPackage: com.android.graphics.libvulkan.flags is mapped to system
07-06 03:11:32.925 31898 31898 I AconfigPackage: android.app.appfunctions.flags is mapped to system
07-06 03:11:32.925 31898 31898 I AconfigPackage: android.app.smartspace.flags is mapped to system
07-06 03:11:32.925 31898 31898 I AconfigPackage: com.android.providers.contacts.flags is mapped to system
07-06 03:11:32.925 31898 31898 I AconfigPackage: com.android.shell.flags is mapped to system
07-06 03:11:32.925 31898 31898 I AconfigPackage: com.android.media.aaudio is mapped to system
07-06 03:11:32.925 31898 31898 I AconfigPackage: android.hardware.radio is mapped to system
07-06 03:11:32.925 31898 31898 I AconfigPackage: com.google.wear.services.infra.flags is mapped to system
07-06 03:11:32.925 31898 31898 I AconfigPackage: suspend_service.flags is mapped to system
07-06 03:11:32.925 31898 31898 I AconfigPackage: android.media.midi is mapped to system
07-06 03:11:32.926 31898 31898 I AconfigPackage: com.android.libcore.readonly is mapped to system
07-06 03:11:32.926 31898 31898 I AconfigPackage: com.android.settingslib.widget.selectorwithwidgetpreference.flags is mapped to system
07-06 03:11:32.926 31898 31898 I AconfigPackage: android.service.notification is mapped to system
07-06 03:11:32.926 31898 31898 I AconfigPackage: com.android.systemui.shared is mapped to system
07-06 03:11:32.926 31898 31898 I AconfigPackage: android.app.jank is mapped to system
07-06 03:11:32.926 31898 31898 I AconfigPackage: android.app.wearable is mapped to system
07-06 03:11:32.927 31898 31898 I AconfigPackage: com.android.media.audio is mapped to system
07-06 03:11:32.927 31898 31898 I AconfigPackage: android.service.chooser is mapped to system
07-06 03:11:32.927 31898 31898 I AconfigPackage: com.android.server.compat is mapped to system
07-06 03:11:32.927 31898 31898 I AconfigPackage: com.android.server.alarm is mapped to system
07-06 03:11:32.927 31898 31898 I AconfigPackage: com.android.apex.flags is mapped to system
07-06 03:11:32.927 31898 31898 I AconfigPackage: android.service.quickaccesswallet is mapped to system
07-06 03:11:32.927 31898 31898 I AconfigPackage: android.app.usage is mapped to system
07-06 03:11:32.927 31898 31898 I AconfigPackage: com.android.server.accessibility is mapped to system
07-06 03:11:32.927 31898 31898 I AconfigPackage: android.app.supervision.flags is mapped to system
07-06 03:11:32.927 31898 31898 I AconfigPackage: com.android.server.utils is mapped to system
07-06 03:11:32.928 31898 31898 I AconfigPackage: android.chre.flags is mapped to system
07-06 03:11:32.928 31898 31898 I AconfigPackage: android.content.flags is mapped to system
07-06 03:11:32.928 31898 31898 I AconfigPackage: android.media.codec is mapped to system
07-06 03:11:32.928 31898 31898 I AconfigPackage: com.android.internal.os is mapped to system
07-06 03:11:32.929 31898 31898 I AconfigPackage: com.android.nfc.nci.flags is mapped to system
07-06 03:11:32.929 31898 31898 I AconfigPackage: android.app is mapped to system
07-06 03:11:32.929 31898 31898 I AconfigPackage: android.security.keystore2 is mapped to system
07-06 03:11:32.929 31898 31898 I AconfigPackage: android.crashrecovery.flags is mapped to system
07-06 03:11:32.929 31898 31898 I AconfigPackage: com.android.tradeinmode.flags is mapped to system
07-06 03:11:32.929 31898 31898 I AconfigPackage: android.hardware.flags is mapped to system
07-06 03:11:32.929 31898 31898 I AconfigPackage: com.android.server.telecom.flags is mapped to system
07-06 03:11:32.929 31898 31898 I AconfigPackage: com.android.settingslib.media.flags is mapped to system
07-06 03:11:32.929 31898 31898 I AconfigPackage: com.android.server.policy is mapped to system
07-06 03:11:32.929 31898 31898 I AconfigPackage: android.media.audiopolicy is mapped to system
07-06 03:11:32.929 31898 31898 I AconfigPackage: com.android.egg.flags is mapped to system
07-06 03:11:32.930 31898 31898 I AconfigPackage: com.android.internal.compat.flags is mapped to system
07-06 03:11:32.930 31898 31898 I AconfigPackage: android.security is mapped to system
07-06 03:11:32.930 31898 31898 I AconfigPackage: android.service.autofill is mapped to system
07-06 03:11:32.931 31898 31898 I AconfigPackage: com.example.android.aconfig.demo.flags is mapped to system
07-06 03:11:32.932 31898 31898 I AconfigPackage: android.view.flags is mapped to system
07-06 03:11:32.932 31898 31898 I AconfigPackage: android.companion.virtual.flags is mapped to system
07-06 03:11:32.933 31898 31898 I AconfigPackage: com.android.aconfig_new_storage is mapped to system
07-06 03:11:32.933 31898 31898 I AconfigPackage: com.android.server.feature.flags is mapped to system
07-06 03:11:32.933 31898 31898 I AconfigPackage: com.android.systemui is mapped to system
07-06 03:11:32.933 31898 31898 I AconfigPackage: com.android.server.power.batterysaver is mapped to system
07-06 03:11:32.933 31898 31898 I AconfigPackage: android.widget.flags is mapped to system
07-06 03:11:32.933 31898 31898 I AconfigPackage: com.android.media.editing.flags is mapped to system
07-06 03:11:32.933 31898 31898 I AconfigPackage: com.android.media.codec.flags is mapped to system
07-06 03:11:32.934 31898 31898 I AconfigPackage: com.android.server.powerstats is mapped to system
07-06 03:11:32.934 31898 31898 I AconfigPackage: com.android.graphics.egl.flags is mapped to system
07-06 03:11:32.934 31898 31898 I AconfigPackage: com.android.media.audioserver is mapped to system
07-06 03:11:32.934 31898 31898 I AconfigPackage: com.android.server.deviceidle is mapped to system
07-06 03:11:32.934 31898 31898 I AconfigPackage: android.nfc is mapped to system
07-06 03:11:32.934 31898 31898 I AconfigPackage: android.permission.flags is mapped to system
07-06 03:11:32.934 31898 31898 I AconfigPackage: android.service.voice.flags is mapped to system
07-06 03:11:32.934 31898 31898 I AconfigPackage: android.content.pm is mapped to system
07-06 03:11:32.934 31898 31898 I AconfigPackage: com.android.server.power.hint is mapped to system
07-06 03:11:32.934 31898 31898 I AconfigPackage: android.os is mapped to system
07-06 03:11:32.934 31898 31898 I AconfigPackage: android.service.dreams is mapped to system
07-06 03:11:32.934 31898 31898 I AconfigPackage: com.android.graphics.libgui.flags is mapped to system
07-06 03:11:32.935 31898 31898 I AconfigPackage: android.hardware.usb.flags is mapped to system
07-06 03:11:32.935 31898 31898 I AconfigPackage: android.provider is mapped to system
07-06 03:11:32.935 31898 31898 I AconfigPackage: com.android.server.job is mapped to system
07-06 03:11:32.936 31898 31898 I AconfigPackage: com.android.internal.foldables.flags is mapped to system
07-06 03:11:32.936 31898 31898 I AconfigPackage: com.android.internal.telephony.flags is mapped to system
07-06 03:11:32.936 31898 31898 I AconfigPackage: android.webkit is mapped to system
07-06 03:11:32.936 31898 31898 I AconfigPackage: android.credentials.flags is mapped to system
07-06 03:11:32.936 31898 31898 I AconfigPackage: com.android.server.display.feature.flags is mapped to system
07-06 03:11:32.936 31898 31898 I AconfigPackage: com.android.server.notification is mapped to system
07-06 03:11:32.936 31898 31898 I AconfigPackage: android.appwidget.flags is mapped to system
07-06 03:11:32.937 31898 31898 I AconfigPackage: com.android.frameworks.sensorservice.flags is mapped to system
07-06 03:11:32.937 31898 31898 I AconfigPackage: com.android.printspooler.flags is mapped to system
07-06 03:11:32.937 31898 31898 I AconfigPackage: com.android.window.flags is mapped to system
07-06 03:11:32.937 31898 31898 I AconfigPackage: android.adaptiveauth is mapped to system
07-06 03:11:32.937 31898 31898 I AconfigPackage: android.net.wifi.flags is mapped to system
07-06 03:11:32.937 31898 31898 I AconfigPackage: android.media.tv.flags is mapped to system
07-06 03:11:32.937 31898 31898 I AconfigPackage: com.android.server.usb.flags is mapped to system
07-06 03:11:32.937 31898 31898 I AconfigPackage: android.os.vibrator is mapped to system
07-06 03:11:32.937 31898 31898 I AconfigPackage: android.hardware.devicestate.feature.flags is mapped to system
07-06 03:11:32.937 31898 31898 I AconfigPackage: com.android.server.usage is mapped to system
07-06 03:11:32.937 31898 31898 I AconfigPackage: android.server is mapped to system
07-06 03:11:32.937 31898 31898 I AconfigPackage: com.android.wm.shell is mapped to system
07-06 03:11:32.937 31898 31898 I AconfigPackage: android.view.inputmethod is mapped to system
07-06 03:11:32.938 31898 31898 I AconfigPackage: com.android.graphics.hwui.flags is mapped to system
07-06 03:11:32.938 31898 31898 I AconfigPackage: com.android.server.backup is mapped to system
07-06 03:11:32.938 31898 31898 I AconfigPackage: com.android.internal.pm.pkg.component.flags is mapped to system
07-06 03:11:32.938 31898 31898 I AconfigPackage: android.view.accessibility is mapped to system
07-06 03:11:32.938 31898 31898 I AconfigPackage: com.google.wear.sdk is mapped to system
07-06 03:11:32.939 31898 31898 I AconfigPackage: android.media.audio is mapped to system
07-06 03:11:32.939 31898 31898 I AconfigPackage: com.android.server.am is mapped to system
07-06 03:11:32.939 31898 31898 I AconfigPackage: com.android.media.playback.flags is mapped to system
07-06 03:11:32.939 31898 31898 I AconfigPackage: com.android.art.flags is mapped to com.android.art
07-06 03:11:32.940 31898 31898 I AconfigPackage: com.android.libcore is mapped to com.android.art
07-06 03:11:32.940 31898 31898 I AconfigPackage: com.android.media.extractor.flags is mapped to com.android.media
07-06 03:11:32.940 31898 31898 I AconfigPackage: com.android.media.mainline.flags is mapped to com.android.media
07-06 03:11:32.940 31898 31898 I AconfigPackage: com.android.wifi.flags is mapped to com.android.wifi
07-06 03:11:32.940 31898 31898 I AconfigPackage: com.android.org.conscrypt.flags is mapped to com.android.conscrypt
07-06 03:11:32.940 31898 31898 I AconfigPackage: com.android.healthfitness.flags is mapped to com.android.healthfitness
07-06 03:11:32.941 31898 31898 I AconfigPackage: com.google.android.input.twoshay.flags is mapped to vendor
07-06 03:11:32.941 31898 31898 I AconfigPackage: libgooglecamerahal.flags is mapped to vendor
07-06 03:11:32.941 31898 31898 I AconfigPackage: com.android.ipsec.flags is mapped to com.android.ipsec
07-06 03:11:32.942 31898 31898 I AconfigPackage: com.android.nfc.module.flags is mapped to com.android.nfcservices
07-06 03:11:32.942 31898 31898 I AconfigPackage: com.android.adservices.ondevicepersonalization.flags is mapped to com.android.ondevicepersonalization
07-06 03:11:32.943 31898 31898 I AconfigPackage: com.android.bluetooth.flags is mapped to com.android.bt
07-06 03:11:32.943 31898 31898 I AconfigPackage: com.android.devicelock.flags is mapped to com.android.devicelock
07-06 03:11:32.944 31898 31898 I AconfigPackage: android.os.profiling is mapped to com.android.profiling
07-06 03:11:32.944 31898 31898 I AconfigPackage: com.android.os.statsd.flags is mapped to com.android.os.statsd
07-06 03:11:32.944 31898 31898 I AconfigPackage: com.android.cellbroadcastreceiver.flags is mapped to com.android.cellbroadcast
07-06 03:11:32.944 31898 31898 I AconfigPackage: com.android.adservices.flags is mapped to com.android.adservices
07-06 03:11:32.945 31898 31898 I AconfigPackage: com.android.sdksandbox.flags is mapped to com.android.adservices
07-06 03:11:32.945 31898 31898 I AconfigPackage: com.android.uwb.flags is mapped to com.android.uwb
07-06 03:11:32.945 31898 31898 I AconfigPackage: com.android.ranging.flags is mapped to com.android.uwb
07-06 03:11:32.945 31898 31898 I AconfigPackage: android.graphics.pdf.flags is mapped to com.android.mediaprovider
07-06 03:11:32.946 31898 31898 I AconfigPackage: com.android.providers.media.flags is mapped to com.android.mediaprovider
07-06 03:11:32.946 31898 31898 I AconfigPackage: android.graphics.pdf.flags.readonly is mapped to com.android.mediaprovider
07-06 03:11:32.946 31898 31898 I AconfigPackage: com.android.net.ct.flags is mapped to com.android.tethering
07-06 03:11:32.946 31898 31898 I AconfigPackage: com.android.net.flags is mapped to com.android.tethering
07-06 03:11:32.946 31898 31898 I AconfigPackage: android.net.vcn is mapped to com.android.tethering
07-06 03:11:32.947 31898 31898 I AconfigPackage: com.android.nearby.flags is mapped to com.android.tethering
07-06 03:11:32.947 31898 31898 I AconfigPackage: android.net.http is mapped to com.android.tethering
07-06 03:11:32.947 31898 31898 I AconfigPackage: com.android.net.thread.flags is mapped to com.android.tethering
07-06 03:11:32.947 31898 31898 I AconfigPackage: com.android.system.virtualmachine.flags is mapped to com.android.virt
07-06 03:11:32.947 31898 31898 E FeatureFlagsImplExport: android.os.flagging.AconfigStorageReadException: ERROR_PACKAGE_NOT_FOUND: package android.xr cannot be found on the device
07-06 03:11:32.950 31898 31898 D UiAutomationConnection: Created on user UserHandle{0}
07-06 03:11:32.950 31898 31898 I UiAutomation: Initialized for user 0 on display 0
07-06 03:11:32.950 31898 31898 W UiAutomation: Created with deprecatead constructor, assumes DEFAULT_DISPLAY
07-06 03:11:32.952   715   956 D AccessibilityManagerService: changeCurrentUserForTestAutomationIfNeededLocked(0): ignoring because device doesn't support visible background users
07-06 03:11:32.952   715   956 I UiAutomationManager: Registering UiTestAutomationService (id=com.android.server.accessibility/UiAutomation, flags=0x0) when called by user 0
07-06 03:11:32.952   715   956 V AccessibilityManagerService: onUserStateChangedLocked for userId: 0, forceUpdate: false
07-06 03:11:32.957   715   956 W MagnificationConnectionManager: requestConnection duplicated request: connect=false, mConnectionState=DISCONNECTED
07-06 03:11:32.958   715   715 W IPCThreadState: Sending oneway calls to frozen process.
07-06 03:11:32.959   715   715 W IPCThreadState: Sending oneway calls to frozen process.
07-06 03:11:32.959   715   715 W IPCThreadState: Sending oneway calls to frozen process.
07-06 03:11:32.960   715   715 W IPCThreadState: Sending oneway calls to frozen process.
07-06 03:11:32.960   715   715 W IPCThreadState: Sending oneway calls to frozen process.
07-06 03:11:32.961   715   715 W IPCThreadState: Sending oneway calls to frozen process.
07-06 03:11:32.961   715   715 W IPCThreadState: Sending oneway calls to frozen process.
07-06 03:11:32.962   715   715 W IPCThreadState: Sending oneway calls to frozen process.
07-06 03:11:32.963   715   715 W IPCThreadState: Sending oneway calls to frozen process.
07-06 03:11:32.963   715   715 W IPCThreadState: Sending oneway calls to frozen process.
07-06 03:11:32.964 31898 31910 V UiAutomation: Init UiAutomation@afcaaf8[id=905, displayId=0, flags=0]
07-06 03:11:32.968   715   715 W IPCThreadState: Sending oneway calls to frozen process.
07-06 03:11:32.968   715   715 W IPCThreadState: Sending oneway calls to frozen process.
07-06 03:11:32.968   715   715 W IPCThreadState: Sending oneway calls to frozen process.
07-06 03:11:32.968   715   715 W IPCThreadState: Sending oneway calls to frozen process.
07-06 03:11:32.969   715   715 W IPCThreadState: Sending oneway calls to frozen process.
07-06 03:11:32.969   715   715 W IPCThreadState: Sending oneway calls to frozen process.
07-06 03:11:32.971   715   715 W IPCThreadState: Sending oneway calls to frozen process.
07-06 03:11:32.971   715   715 W IPCThreadState: Sending oneway calls to frozen process.
07-06 03:11:32.972   715  2119 V AccessibilityManagerService: onUserStateChangedLocked for userId: 0, forceUpdate: false
07-06 03:11:32.973   715  2119 W MagnificationConnectionManager: requestConnection duplicated request: connect=false, mConnectionState=DISCONNECTED
07-06 03:11:32.976   715   715 W IPCThreadState: Sending oneway calls to frozen process.
07-06 03:11:32.977   715   715 W IPCThreadState: Sending oneway calls to frozen process.
07-06 03:11:32.981   715   715 W IPCThreadState: Sending oneway calls to frozen process.
07-06 03:11:32.982   715   715 W IPCThreadState: Sending oneway calls to frozen process.
07-06 03:11:32.983   715   715 W IPCThreadState: Sending oneway calls to frozen process.
07-06 03:11:32.983   715   715 W IPCThreadState: Sending oneway calls to frozen process.
07-06 03:11:32.983   715   715 W IPCThreadState: Sending oneway calls to frozen process.
07-06 03:11:32.983   715   715 W IPCThreadState: Sending oneway calls to frozen process.
07-06 03:11:32.984   715   715 W IPCThreadState: Sending oneway calls to frozen process.
07-06 03:11:32.984   715   715 W IPCThreadState: Sending oneway calls to frozen process.
07-06 03:11:32.984   715   715 W IPCThreadState: Sending oneway calls to frozen process.
07-06 03:11:32.987   715   715 W IPCThreadState: Sending oneway calls to frozen process.
07-06 03:11:32.987   488   532 I netd    : tetherGetStats() -> {[]} <9.87ms>
07-06 03:11:32.988   715   715 W IPCThreadState: Sending oneway calls to frozen process.
07-06 03:11:32.988   715   715 W IPCThreadState: Sending oneway calls to frozen process.
07-06 03:11:32.988   715   715 W IPCThreadState: Sending oneway calls to frozen process.
07-06 03:11:32.988   715   715 W IPCThreadState: Sending oneway calls to frozen process.
07-06 03:11:32.989   715   715 W IPCThreadState: Sending oneway calls to frozen process.
07-06 03:11:32.989   715   715 W IPCThreadState: Sending oneway calls to frozen process.
07-06 03:11:32.992   715   715 W IPCThreadState: Sending oneway calls to frozen process.
07-06 03:11:32.992   715   715 W IPCThreadState: Sending oneway calls to frozen process.
07-06 03:11:32.992   715   715 W IPCThreadState: Sending oneway calls to frozen process.
07-06 03:11:32.992   715   715 W IPCThreadState: Sending oneway calls to frozen process.
07-06 03:11:32.992   715   715 W IPCThreadState: Sending oneway calls to frozen process.
07-06 03:11:32.993   715   715 W IPCThreadState: Sending oneway calls to frozen process.
07-06 03:11:32.993   715   715 W IPCThreadState: Sending oneway calls to frozen process.
07-06 03:11:32.993   715   715 W IPCThreadState: Sending oneway calls to frozen process.
07-06 03:11:32.994   715   715 W IPCThreadState: Sending oneway calls to frozen process.
07-06 03:11:32.994   715   715 W IPCThreadState: Sending oneway calls to frozen process.
07-06 03:11:32.995   715   715 W IPCThreadState: Sending oneway calls to frozen process.
07-06 03:11:32.995   715   715 W IPCThreadState: Sending oneway calls to frozen process.
07-06 03:11:32.995   715   715 W IPCThreadState: Sending oneway calls to frozen process.
07-06 03:11:32.995   715   715 W IPCThreadState: Sending oneway calls to frozen process.
07-06 03:11:33.989 31898 31898 W AccessibilityNodeInfoDumper: Fetch time: 5ms
07-06 03:11:33.992   715  2119 V AccessibilityManagerService: onUserStateChangedLocked for userId: 0, forceUpdate: false
07-06 03:11:33.996   715   930 D BackgroundInstallControlService: Package event received: 0
07-06 03:11:34.002   715  2119 W MagnificationConnectionManager: requestConnection duplicated request: connect=false, mConnectionState=DISCONNECTED
07-06 03:11:34.003   715  2119 D AccessibilityManagerService: restoreCurrentUserForTestAutomationIfNeededLocked(): ignoring because device doesn't support visible background users
07-06 03:11:34.003   715   715 W IPCThreadState: Sending oneway calls to frozen process.
07-06 03:11:34.004   715   715 W IPCThreadState: Sending oneway calls to frozen process.
07-06 03:11:34.004   715   715 W IPCThreadState: Sending oneway calls to frozen process.
07-06 03:11:34.004   715   715 W IPCThreadState: Sending oneway calls to frozen process.
07-06 03:11:34.004   715   715 W IPCThreadState: Sending oneway calls to frozen process.
07-06 03:11:34.005 31898 31907 W IPCThreadState: call to talkWithDriver in joinThreadPool returned error: -9 (Bad file descriptor), FD: -1
07-06 03:11:34.005   715   715 W IPCThreadState: Sending oneway calls to frozen process.
07-06 03:11:34.005 31898 31912 W IPCThreadState: call to talkWithDriver in joinThreadPool returned error: -9 (Bad file descriptor), FD: -1
07-06 03:11:34.005   715   715 W IPCThreadState: Sending oneway calls to frozen process.
07-06 03:11:34.005 31898 31908 W IPCThreadState: call to talkWithDriver in joinThreadPool returned error: -9 (Bad file descriptor), FD: -1
07-06 03:11:34.009   715   715 W IPCThreadState: Sending oneway calls to frozen process.
07-06 03:11:34.009   715   715 W IPCThreadState: Sending oneway calls to frozen process.
07-06 03:11:34.009 31898 31911 W IPCThreadState: call to talkWithDriver in joinThreadPool returned error: -9 (Bad file descriptor), FD: -1
07-06 03:11:34.009   715   715 W IPCThreadState: Sending oneway calls to frozen process.
07-06 03:11:34.009 31898 31898 D AndroidRuntime: Shutting down VM
07-06 03:11:34.009   715   715 W IPCThreadState: Sending oneway calls to frozen process.
07-06 03:11:34.010   715   715 W IPCThreadState: Sending oneway calls to frozen process.
07-06 03:11:34.010   715   715 W IPCThreadState: Sending oneway calls to frozen process.
07-06 03:11:34.010   715   715 W IPCThreadState: Sending oneway calls to frozen process.
07-06 03:11:34.010   715   715 W IPCThreadState: Sending oneway calls to frozen process.
07-06 03:11:34.010   715   715 W IPCThreadState: Sending oneway calls to frozen process.
07-06 03:11:34.010   715   715 W IPCThreadState: Sending oneway calls to frozen process.
07-06 03:11:34.012   715   715 W IPCThreadState: Sending oneway calls to frozen process.
07-06 03:11:34.012   715   715 W IPCThreadState: Sending oneway calls to frozen process.
07-06 03:11:34.012   715   715 W IPCThreadState: Sending oneway calls to frozen process.
07-06 03:11:34.015   715   715 V AccessibilityManagerService: onUserStateChangedLocked for userId: 0, forceUpdate: false
07-06 03:11:34.016   715   715 W MagnificationConnectionManager: requestConnection duplicated request: connect=false, mConnectionState=DISCONNECTED
07-06 03:11:34.017   715   715 W IPCThreadState: Sending oneway calls to frozen process.
07-06 03:11:34.017   715   715 W IPCThreadState: Sending oneway calls to frozen process.
07-06 03:11:34.017   715   715 W IPCThreadState: Sending oneway calls to frozen process.
07-06 03:11:34.017   715   715 W IPCThreadState: Sending oneway calls to frozen process.
07-06 03:11:34.019   715   715 W IPCThreadState: Sending oneway calls to frozen process.
07-06 03:11:34.020   715   715 W IPCThreadState: Sending oneway calls to frozen process.
07-06 03:11:34.020   488   532 I netd    : tetherGetStats() -> {[]} <5.60ms>
07-06 03:11:34.021   715   715 W IPCThreadState: Sending oneway calls to frozen process.
07-06 03:11:34.023   715   715 W IPCThreadState: Sending oneway calls to frozen process.
07-06 03:11:34.024   715   715 W IPCThreadState: Sending oneway calls to frozen process.
07-06 03:11:34.024   715   715 W IPCThreadState: Sending oneway calls to frozen process.
07-06 03:11:34.024   715   715 W IPCThreadState: Sending oneway calls to frozen process.
07-06 03:11:34.025   715   715 W IPCThreadState: Sending oneway calls to frozen process.
07-06 03:11:34.025   715   715 W IPCThreadState: Sending oneway calls to frozen process.
07-06 03:11:34.026   715   715 W IPCThreadState: Sending oneway calls to frozen process.
07-06 03:11:34.027   715   715 W IPCThreadState: Sending oneway calls to frozen process.
07-06 03:11:34.027   715   715 W IPCThreadState: Sending oneway calls to frozen process.
07-06 03:11:34.028   715   715 W IPCThreadState: Sending oneway calls to frozen process.
07-06 03:11:34.028   715   715 W IPCThreadState: Sending oneway calls to frozen process.
07-06 03:11:34.028   715   715 W IPCThreadState: Sending oneway calls to frozen process.
