--------- beginning of main
07-06 03:11:26.399 31846 31846 I AconfigPackage: android.app.usage is mapped to system
07-06 03:11:26.400 31846 31846 I AconfigPackage: com.android.server.accessibility is mapped to system
07-06 03:11:26.400 31846 31846 I AconfigPackage: android.app.supervision.flags is mapped to system
07-06 03:11:26.400 31846 31846 I AconfigPackage: com.android.server.utils is mapped to system
07-06 03:11:26.401 31846 31846 I AconfigPackage: android.chre.flags is mapped to system
07-06 03:11:26.401 31846 31846 I AconfigPackage: android.content.flags is mapped to system
07-06 03:11:26.401 31846 31846 I AconfigPackage: android.media.codec is mapped to system
07-06 03:11:26.401 31846 31846 I AconfigPackage: com.android.internal.os is mapped to system
07-06 03:11:26.401 31846 31846 I AconfigPackage: com.android.nfc.nci.flags is mapped to system
07-06 03:11:26.401 31846 31846 I AconfigPackage: android.app is mapped to system
07-06 03:11:26.402 31846 31846 I AconfigPackage: android.security.keystore2 is mapped to system
07-06 03:11:26.402 31846 31846 I AconfigPackage: android.crashrecovery.flags is mapped to system
07-06 03:11:26.402 31846 31846 I AconfigPackage: com.android.tradeinmode.flags is mapped to system
07-06 03:11:26.402 31846 31846 I AconfigPackage: android.hardware.flags is mapped to system
07-06 03:11:26.402 31846 31846 I AconfigPackage: com.android.server.telecom.flags is mapped to system
07-06 03:11:26.402 31846 31846 I AconfigPackage: com.android.settingslib.media.flags is mapped to system
07-06 03:11:26.402 31846 31846 I AconfigPackage: com.android.server.policy is mapped to system
07-06 03:11:26.402 31846 31846 I AconfigPackage: android.media.audiopolicy is mapped to system
07-06 03:11:26.403 31846 31846 I AconfigPackage: com.android.egg.flags is mapped to system
07-06 03:11:26.403 31846 31846 I AconfigPackage: com.android.internal.compat.flags is mapped to system
07-06 03:11:26.403 31846 31846 I AconfigPackage: android.security is mapped to system
07-06 03:11:26.405 31846 31846 I AconfigPackage: android.service.autofill is mapped to system
07-06 03:11:26.405 31846 31846 I AconfigPackage: com.example.android.aconfig.demo.flags is mapped to system
07-06 03:11:26.405 31846 31846 I AconfigPackage: android.view.flags is mapped to system
07-06 03:11:26.405 31846 31846 I AconfigPackage: android.companion.virtual.flags is mapped to system
07-06 03:11:26.405 31846 31846 I AconfigPackage: com.android.aconfig_new_storage is mapped to system
07-06 03:11:26.405 31846 31846 I AconfigPackage: com.android.server.feature.flags is mapped to system
07-06 03:11:26.405 31846 31846 I AconfigPackage: com.android.systemui is mapped to system
07-06 03:11:26.406 31846 31846 I AconfigPackage: com.android.server.power.batterysaver is mapped to system
07-06 03:11:26.406 31846 31846 I AconfigPackage: android.widget.flags is mapped to system
07-06 03:11:26.406 31846 31846 I AconfigPackage: com.android.media.editing.flags is mapped to system
07-06 03:11:26.406 31846 31846 I AconfigPackage: com.android.media.codec.flags is mapped to system
07-06 03:11:26.406 31846 31846 I AconfigPackage: com.android.server.powerstats is mapped to system
07-06 03:11:26.406 31846 31846 I AconfigPackage: com.android.graphics.egl.flags is mapped to system
07-06 03:11:26.406 31846 31846 I AconfigPackage: com.android.media.audioserver is mapped to system
07-06 03:11:26.406 31846 31846 I AconfigPackage: com.android.server.deviceidle is mapped to system
07-06 03:11:26.406 31846 31846 I AconfigPackage: android.nfc is mapped to system
07-06 03:11:26.406 31846 31846 I AconfigPackage: android.permission.flags is mapped to system
07-06 03:11:26.406 31846 31846 I AconfigPackage: android.service.voice.flags is mapped to system
07-06 03:11:26.406 31846 31846 I AconfigPackage: android.content.pm is mapped to system
07-06 03:11:26.406 31846 31846 I AconfigPackage: com.android.server.power.hint is mapped to system
07-06 03:11:26.407 31846 31846 I AconfigPackage: android.os is mapped to system
07-06 03:11:26.407 31846 31846 I AconfigPackage: android.service.dreams is mapped to system
07-06 03:11:26.407 31846 31846 I AconfigPackage: com.android.graphics.libgui.flags is mapped to system
07-06 03:11:26.407 31846 31846 I AconfigPackage: android.hardware.usb.flags is mapped to system
07-06 03:11:26.407 31846 31846 I AconfigPackage: android.provider is mapped to system
07-06 03:11:26.407 31846 31846 I AconfigPackage: com.android.server.job is mapped to system
07-06 03:11:26.407 31846 31846 I AconfigPackage: com.android.internal.foldables.flags is mapped to system
07-06 03:11:26.407 31846 31846 I AconfigPackage: com.android.internal.telephony.flags is mapped to system
07-06 03:11:26.407 31846 31846 I AconfigPackage: android.webkit is mapped to system
07-06 03:11:26.407 31846 31846 I AconfigPackage: android.credentials.flags is mapped to system
07-06 03:11:26.407 31846 31846 I AconfigPackage: com.android.server.display.feature.flags is mapped to system
07-06 03:11:26.407 31846 31846 I AconfigPackage: com.android.server.notification is mapped to system
07-06 03:11:26.407 31846 31846 I AconfigPackage: android.appwidget.flags is mapped to system
07-06 03:11:26.407 31846 31846 I AconfigPackage: com.android.frameworks.sensorservice.flags is mapped to system
07-06 03:11:26.407 31846 31846 I AconfigPackage: com.android.printspooler.flags is mapped to system
07-06 03:11:26.408 31846 31846 I AconfigPackage: com.android.window.flags is mapped to system
07-06 03:11:26.408 31846 31846 I AconfigPackage: android.adaptiveauth is mapped to system
07-06 03:11:26.408 31846 31846 I AconfigPackage: android.net.wifi.flags is mapped to system
07-06 03:11:26.408 31846 31846 I AconfigPackage: android.media.tv.flags is mapped to system
07-06 03:11:26.408 31846 31846 I AconfigPackage: com.android.server.usb.flags is mapped to system
07-06 03:11:26.408 31846 31846 I AconfigPackage: android.os.vibrator is mapped to system
07-06 03:11:26.408 31846 31846 I AconfigPackage: android.hardware.devicestate.feature.flags is mapped to system
07-06 03:11:26.408 31846 31846 I AconfigPackage: com.android.server.usage is mapped to system
07-06 03:11:26.408 31846 31846 I AconfigPackage: android.server is mapped to system
07-06 03:11:26.408 31846 31846 I AconfigPackage: com.android.wm.shell is mapped to system
07-06 03:11:26.408 31846 31846 I AconfigPackage: android.view.inputmethod is mapped to system
07-06 03:11:26.408 31846 31846 I AconfigPackage: com.android.graphics.hwui.flags is mapped to system
07-06 03:11:26.408 31846 31846 I AconfigPackage: com.android.server.backup is mapped to system
07-06 03:11:26.408 31846 31846 I AconfigPackage: com.android.internal.pm.pkg.component.flags is mapped to system
07-06 03:11:26.408 31846 31846 I AconfigPackage: android.view.accessibility is mapped to system
07-06 03:11:26.409 31846 31846 I AconfigPackage: com.google.wear.sdk is mapped to system
07-06 03:11:26.409 31846 31846 I AconfigPackage: android.media.audio is mapped to system
07-06 03:11:26.409 31846 31846 I AconfigPackage: com.android.server.am is mapped to system
07-06 03:11:26.409 31846 31846 I AconfigPackage: com.android.media.playback.flags is mapped to system
07-06 03:11:26.413 31846 31846 I AconfigPackage: com.android.art.flags is mapped to com.android.art
07-06 03:11:26.414 31846 31846 I AconfigPackage: com.android.libcore is mapped to com.android.art
07-06 03:11:26.415 31846 31846 I AconfigPackage: com.android.media.extractor.flags is mapped to com.android.media
07-06 03:11:26.415 31846 31846 I AconfigPackage: com.android.media.mainline.flags is mapped to com.android.media
07-06 03:11:26.416 31846 31846 I AconfigPackage: com.android.wifi.flags is mapped to com.android.wifi
07-06 03:11:26.416 31846 31846 I AconfigPackage: com.android.org.conscrypt.flags is mapped to com.android.conscrypt
07-06 03:11:26.417 31846 31846 I AconfigPackage: com.android.healthfitness.flags is mapped to com.android.healthfitness
07-06 03:11:26.418 31846 31846 I AconfigPackage: com.google.android.input.twoshay.flags is mapped to vendor
07-06 03:11:26.418 31846 31846 I AconfigPackage: libgooglecamerahal.flags is mapped to vendor
07-06 03:11:26.418 31846 31846 I AconfigPackage: com.android.ipsec.flags is mapped to com.android.ipsec
07-06 03:11:26.418 31846 31846 I AconfigPackage: com.android.nfc.module.flags is mapped to com.android.nfcservices
07-06 03:11:26.419 31846 31846 I AconfigPackage: com.android.adservices.ondevicepersonalization.flags is mapped to com.android.ondevicepersonalization
07-06 03:11:26.419 31846 31846 I AconfigPackage: com.android.bluetooth.flags is mapped to com.android.bt
07-06 03:11:26.419 31846 31846 I AconfigPackage: com.android.devicelock.flags is mapped to com.android.devicelock
07-06 03:11:26.420 31846 31846 I AconfigPackage: android.os.profiling is mapped to com.android.profiling
07-06 03:11:26.420 31846 31846 I AconfigPackage: com.android.os.statsd.flags is mapped to com.android.os.statsd
07-06 03:11:26.421 31846 31846 I AconfigPackage: com.android.cellbroadcastreceiver.flags is mapped to com.android.cellbroadcast
07-06 03:11:26.422 31846 31846 I AconfigPackage: com.android.adservices.flags is mapped to com.android.adservices
07-06 03:11:26.423 31846 31846 I AconfigPackage: com.android.sdksandbox.flags is mapped to com.android.adservices
07-06 03:11:26.423 31846 31846 I AconfigPackage: com.android.uwb.flags is mapped to com.android.uwb
07-06 03:11:26.423 31846 31846 I AconfigPackage: com.android.ranging.flags is mapped to com.android.uwb
07-06 03:11:26.423 31846 31846 I AconfigPackage: android.graphics.pdf.flags is mapped to com.android.mediaprovider
07-06 03:11:26.424 31846 31846 I AconfigPackage: com.android.providers.media.flags is mapped to com.android.mediaprovider
07-06 03:11:26.424 31846 31846 I AconfigPackage: android.graphics.pdf.flags.readonly is mapped to com.android.mediaprovider
07-06 03:11:26.425 31846 31846 I AconfigPackage: com.android.net.ct.flags is mapped to com.android.tethering
07-06 03:11:26.425 31846 31846 I AconfigPackage: com.android.net.flags is mapped to com.android.tethering
07-06 03:11:26.425 31846 31846 I AconfigPackage: android.net.vcn is mapped to com.android.tethering
07-06 03:11:26.425 31846 31846 I AconfigPackage: com.android.nearby.flags is mapped to com.android.tethering
07-06 03:11:26.426 31846 31846 I AconfigPackage: android.net.http is mapped to com.android.tethering
07-06 03:11:26.426 31846 31846 I AconfigPackage: com.android.net.thread.flags is mapped to com.android.tethering
07-06 03:11:26.426 31846 31846 I AconfigPackage: com.android.system.virtualmachine.flags is mapped to com.android.virt
07-06 03:11:26.427 31846 31846 E FeatureFlagsImplExport: android.os.flagging.AconfigStorageReadException: ERROR_PACKAGE_NOT_FOUND: package android.xr cannot be found on the device
07-06 03:11:26.432 31846 31846 D UiAutomationConnection: Created on user UserHandle{0}
07-06 03:11:26.432 31846 31846 I UiAutomation: Initialized for user 0 on display 0
07-06 03:11:26.432 31846 31846 W UiAutomation: Created with deprecatead constructor, assumes DEFAULT_DISPLAY
--------- beginning of system
07-06 03:11:26.434   715  2119 D AccessibilityManagerService: changeCurrentUserForTestAutomationIfNeededLocked(0): ignoring because device doesn't support visible background users
07-06 03:11:26.435   715  2119 I UiAutomationManager: Registering UiTestAutomationService (id=com.android.server.accessibility/UiAutomation, flags=0x0) when called by user 0
07-06 03:11:26.435   715  2119 V AccessibilityManagerService: onUserStateChangedLocked for userId: 0, forceUpdate: false
07-06 03:11:26.441   715  2119 W MagnificationConnectionManager: requestConnection duplicated request: connect=false, mConnectionState=DISCONNECTED
07-06 03:11:26.444   715   715 W IPCThreadState: Sending oneway calls to frozen process.
07-06 03:11:26.444   715   715 W IPCThreadState: Sending oneway calls to frozen process.
07-06 03:11:26.444   715   715 W IPCThreadState: Sending oneway calls to frozen process.
07-06 03:11:26.444   715   715 W IPCThreadState: Sending oneway calls to frozen process.
07-06 03:11:26.444   715   715 W IPCThreadState: Sending oneway calls to frozen process.
07-06 03:11:26.444   715   715 W IPCThreadState: Sending oneway calls to frozen process.
07-06 03:11:26.447   715   715 W IPCThreadState: Sending oneway calls to frozen process.
07-06 03:11:26.447   715   715 W IPCThreadState: Sending oneway calls to frozen process.
07-06 03:11:26.447 31846 31858 V UiAutomation: Init UiAutomation@5a4d0ba[id=901, displayId=0, flags=0]
07-06 03:11:26.448   715   715 W IPCThreadState: Sending oneway calls to frozen process.
07-06 03:11:26.449   715   715 W IPCThreadState: Sending oneway calls to frozen process.
07-06 03:11:26.450   715   715 W IPCThreadState: Sending oneway calls to frozen process.
07-06 03:11:26.452   715   715 W IPCThreadState: Sending oneway calls to frozen process.
07-06 03:11:26.452   715   715 W IPCThreadState: Sending oneway calls to frozen process.
07-06 03:11:26.453   715   715 W IPCThreadState: Sending oneway calls to frozen process.
07-06 03:11:26.455   715   715 W IPCThreadState: Sending oneway calls to frozen process.
07-06 03:11:26.455   715   715 W IPCThreadState: Sending oneway calls to frozen process.
07-06 03:11:26.456   715   715 W IPCThreadState: Sending oneway calls to frozen process.
07-06 03:11:26.456   715   715 W IPCThreadState: Sending oneway calls to frozen process.
07-06 03:11:26.456   715   715 W IPCThreadState: Sending oneway calls to frozen process.
07-06 03:11:26.456   715   715 W IPCThreadState: Sending oneway calls to frozen process.
07-06 03:11:26.456   488   532 I netd    : tetherGetStats() -> {[]} <0.73ms>
07-06 03:11:26.457   715   715 W IPCThreadState: Sending oneway calls to frozen process.
07-06 03:11:26.457   715   715 W IPCThreadState: Sending oneway calls to frozen process.
07-06 03:11:26.457   715   715 W IPCThreadState: Sending oneway calls to frozen process.
07-06 03:11:26.458   715   956 V AccessibilityManagerService: onUserStateChangedLocked for userId: 0, forceUpdate: false
07-06 03:11:26.459   715   715 W IPCThreadState: Sending oneway calls to frozen process.
07-06 03:11:26.459   715   715 W IPCThreadState: Sending oneway calls to frozen process.
07-06 03:11:26.459   715   956 W MagnificationConnectionManager: requestConnection duplicated request: connect=false, mConnectionState=DISCONNECTED
07-06 03:11:26.459   715   715 W IPCThreadState: Sending oneway calls to frozen process.
07-06 03:11:26.460   715   715 W IPCThreadState: Sending oneway calls to frozen process.
07-06 03:11:26.460   715   715 W IPCThreadState: Sending oneway calls to frozen process.
07-06 03:11:26.461   715   715 W IPCThreadState: Sending oneway calls to frozen process.
07-06 03:11:26.461   715   715 W IPCThreadState: Sending oneway calls to frozen process.
07-06 03:11:26.468   715   715 W IPCThreadState: Sending oneway calls to frozen process.
07-06 03:11:26.468   715   715 W IPCThreadState: Sending oneway calls to frozen process.
07-06 03:11:26.468   715   715 W IPCThreadState: Sending oneway calls to frozen process.
07-06 03:11:26.469   715   715 W IPCThreadState: Sending oneway calls to frozen process.
07-06 03:11:26.469   715   715 W IPCThreadState: Sending oneway calls to frozen process.
07-06 03:11:26.469   715   715 W IPCThreadState: Sending oneway calls to frozen process.
07-06 03:11:26.470   715   715 W IPCThreadState: Sending oneway calls to frozen process.
07-06 03:11:26.470   715   715 W IPCThreadState: Sending oneway calls to frozen process.
07-06 03:11:26.470   715   715 W IPCThreadState: Sending oneway calls to frozen process.
07-06 03:11:26.472   715   715 W IPCThreadState: Sending oneway calls to frozen process.
07-06 03:11:26.472   715   715 W IPCThreadState: Sending oneway calls to frozen process.
07-06 03:11:26.472   715   715 W IPCThreadState: Sending oneway calls to frozen process.
07-06 03:11:26.472   715   715 W IPCThreadState: Sending oneway calls to frozen process.
07-06 03:11:26.473   715   715 W IPCThreadState: Sending oneway calls to frozen process.
07-06 03:11:26.473   715   715 W IPCThreadState: Sending oneway calls to frozen process.
07-06 03:11:26.474   715   715 W IPCThreadState: Sending oneway calls to frozen process.
07-06 03:11:26.474   715   715 W IPCThreadState: Sending oneway calls to frozen process.
07-06 03:11:26.475   715   715 W IPCThreadState: Sending oneway calls to frozen process.
07-06 03:11:26.475   715   715 W IPCThreadState: Sending oneway calls to frozen process.
07-06 03:11:26.475   715   715 W IPCThreadState: Sending oneway calls to frozen process.
07-06 03:11:26.722  1469  1555 W Looper  : Drained
07-06 03:11:27.473 31846 31846 W AccessibilityNodeInfoDumper: Fetch time: 3ms
07-06 03:11:27.478   715   956 V AccessibilityManagerService: onUserStateChangedLocked for userId: 0, forceUpdate: false
07-06 03:11:27.480   715   930 D BackgroundInstallControlService: Package event received: 0
07-06 03:11:27.483   715   956 W MagnificationConnectionManager: requestConnection duplicated request: connect=false, mConnectionState=DISCONNECTED
07-06 03:11:27.484   715   956 D AccessibilityManagerService: restoreCurrentUserForTestAutomationIfNeededLocked(): ignoring because device doesn't support visible background users
07-06 03:11:27.484   715   715 W IPCThreadState: Sending oneway calls to frozen process.
07-06 03:11:27.484   715   715 W IPCThreadState: Sending oneway calls to frozen process.
07-06 03:11:27.484   715   715 W IPCThreadState: Sending oneway calls to frozen process.
07-06 03:11:27.485   715   715 W IPCThreadState: Sending oneway calls to frozen process.
07-06 03:11:27.485 31846 31846 D AndroidRuntime: Shutting down VM
07-06 03:11:27.487   715   715 W IPCThreadState: Sending oneway calls to frozen process.
07-06 03:11:27.489 31846 31855 W IPCThreadState: call to talkWithDriver in joinThreadPool returned error: -9 (Bad file descriptor), FD: -1
07-06 03:11:27.489   715   715 W IPCThreadState: Sending oneway calls to frozen process.
07-06 03:11:27.490 31846 31856 W IPCThreadState: call to talkWithDriver in joinThreadPool returned error: -9 (Bad file descriptor), FD: -1
07-06 03:11:27.490   715   715 W IPCThreadState: Sending oneway calls to frozen process.
07-06 03:11:27.491   715   715 W IPCThreadState: Sending oneway calls to frozen process.
07-06 03:11:27.491   715   715 W IPCThreadState: Sending oneway calls to frozen process.
07-06 03:11:27.491   715   715 W IPCThreadState: Sending oneway calls to frozen process.
07-06 03:11:27.492   715   715 V AccessibilityManagerService: onUserStateChangedLocked for userId: 0, forceUpdate: false
07-06 03:11:27.495   715   715 W MagnificationConnectionManager: requestConnection duplicated request: connect=false, mConnectionState=DISCONNECTED
07-06 03:11:27.495   715   715 W IPCThreadState: Sending oneway calls to frozen process.
07-06 03:11:27.495   715   715 W IPCThreadState: Sending oneway calls to frozen process.
07-06 03:11:27.496   715   715 W IPCThreadState: Sending oneway calls to frozen process.
07-06 03:11:27.496   715   715 W IPCThreadState: Sending oneway calls to frozen process.
07-06 03:11:27.496   715   715 W IPCThreadState: Sending oneway calls to frozen process.
07-06 03:11:27.496   715   715 W IPCThreadState: Sending oneway calls to frozen process.
07-06 03:11:27.496   715   715 W IPCThreadState: Sending oneway calls to frozen process.
07-06 03:11:27.496   715   715 W IPCThreadState: Sending oneway calls to frozen process.
07-06 03:11:27.496   715   715 W IPCThreadState: Sending oneway calls to frozen process.
07-06 03:11:27.496   715   715 W IPCThreadState: Sending oneway calls to frozen process.
07-06 03:11:27.499   715   715 W IPCThreadState: Sending oneway calls to frozen process.
07-06 03:11:27.500   715   715 W IPCThreadState: Sending oneway calls to frozen process.
07-06 03:11:27.500   715   715 W IPCThreadState: Sending oneway calls to frozen process.
07-06 03:11:27.500   715   715 W IPCThreadState: Sending oneway calls to frozen process.
07-06 03:11:27.500   715   715 W IPCThreadState: Sending oneway calls to frozen process.
07-06 03:11:27.501   715   715 W IPCThreadState: Sending oneway calls to frozen process.
07-06 03:11:27.501   715   715 W IPCThreadState: Sending oneway calls to frozen process.
07-06 03:11:27.502   715   715 W IPCThreadState: Sending oneway calls to frozen process.
07-06 03:11:27.502   715   715 W IPCThreadState: Sending oneway calls to frozen process.
07-06 03:11:27.502   488   532 I netd    : tetherGetStats() -> {[]} <0.76ms>
07-06 03:11:27.502   715   715 W IPCThreadState: Sending oneway calls to frozen process.
07-06 03:11:27.505   715   715 W IPCThreadState: Sending oneway calls to frozen process.
07-06 03:11:27.505   715   715 W IPCThreadState: Sending oneway calls to frozen process.
07-06 03:11:27.505   715   715 W IPCThreadState: Sending oneway calls to frozen process.
07-06 03:11:27.505   715   715 W IPCThreadState: Sending oneway calls to frozen process.
07-06 03:11:27.506   715   715 W IPCThreadState: Sending oneway calls to frozen process.
07-06 03:11:27.506   715   715 W IPCThreadState: Sending oneway calls to frozen process.
07-06 03:11:27.507   715   715 W IPCThreadState: Sending oneway calls to frozen process.
07-06 03:11:27.508   715   715 W IPCThreadState: Sending oneway calls to frozen process.
07-06 03:11:27.508   715   715 W IPCThreadState: Sending oneway calls to frozen process.
07-06 03:11:27.509   715   715 W IPCThreadState: Sending oneway calls to frozen process.
07-06 03:11:27.509   715   715 W IPCThreadState: Sending oneway calls to frozen process.
07-06 03:11:27.510   715   715 W IPCThreadState: Sending oneway calls to frozen process.
07-06 03:11:27.511   715   715 W IPCThreadState: Sending oneway calls to frozen process.
07-06 03:11:27.511   715   715 W IPCThreadState: Sending oneway calls to frozen process.
07-06 03:11:27.511   715   715 W IPCThreadState: Sending oneway calls to frozen process.
07-06 03:11:27.511   715   715 W IPCThreadState: Sending oneway calls to frozen process.
07-06 03:11:27.514   715   715 W IPCThreadState: Sending oneway calls to frozen process.
07-06 03:11:27.515   715   715 W IPCThreadState: Sending oneway calls to frozen process.
07-06 03:11:27.515   715   715 W IPCThreadState: Sending oneway calls to frozen process.
07-06 03:11:27.515   715   715 W IPCThreadState: Sending oneway calls to frozen process.
07-06 03:11:28.445 31862 31862 W dumpsys : Thread Pool max thread count is 0. Cannot cache binder as linkToDeath cannot be implemented. serviceName: window
07-06 03:11:28.536 31343 31343 D AutofillManager: Fill dialog is enabled:false, hints=[]
07-06 03:11:28.560   715  1829 W AS.PlaybackActivityMon: No piid assigned for invalid/internal port id 15
07-06 03:11:28.700   715   874 D WifiClientModeImpl[27601:wlan0]: updateLinkLayerStatsRssiSpeedFrequencyCapabilities rssi=-50 TxLinkspeed=1 freq=2447 RxLinkSpeed=2
07-06 03:11:28.701   715   874 D WifiDataStall: tx tput in kbps: 11000
07-06 03:11:28.701   715   874 D WifiDataStall: rx tput in kbps: 11000
07-06 03:11:28.701   715   874 V WifiConfigManager: Updating scan detail cache freq=2447 BSSID=00:13:10:85:fe:01 RSSI=-50 for "AndroidWifi"NONE
07-06 03:11:28.702   715   874 D WifiThroughputPredictor:  utilization (LLS) 80 isBluetoothConnected: false final utilization: 80
07-06 03:11:28.703   715   874 D WifiThroughputPredictor:  BW: 0 RSSI: -50 Nss: 1 Mode: 1 symDur: 4000 snrDb 30 bitPerTone: 4500 rate: 54 throughput: 11
07-06 03:11:28.703   715   874 D WifiThroughputPredictor:  utilization (LLS) 80 isBluetoothConnected: false final utilization: 80
07-06 03:11:28.703   715   874 D WifiThroughputPredictor:  BW: 0 RSSI: -50 Nss: 1 Mode: 1 symDur: 4000 snrDb 30 bitPerTone: 4500 rate: 54 throughput: 11
07-06 03:11:28.704   715   874 D WifiThroughputPredictor:  utilization (LLS) 80 isBluetoothConnected: false final utilization: 80
07-06 03:11:28.704   715   874 D WifiThroughputPredictor:  BW: 0 RSSI: -50 Nss: 1 Mode: 1 symDur: 4000 snrDb 30 bitPerTone: 4500 rate: 54 throughput: 11
07-06 03:11:28.704   715   874 D WifiThroughputPredictor:  utilization (LLS) 80 isBluetoothConnected: false final utilization: 80
07-06 03:11:28.704   715   874 D WifiThroughputPredictor:  BW: 0 RSSI: -50 Nss: 1 Mode: 1 symDur: 4000 snrDb 30 bitPerTone: 4500 rate: 54 throughput: 11
07-06 03:11:28.706   715   874 D WifiScoreCard: BSSID update SIGNAL_POLL ID: 1559335064 SSID: "AndroidWifi", BSSID: 00:13:10:85:fe:01, MAC: 02:15:b2:00:00:00, IP: /10.0.2.16, Security type: 0, Supplicant state: COMPLETED, Wi-Fi standard: legacy, RSSI: -50, Link speed: 1Mbps, Tx Link speed: 1Mbps, Max Supported Tx Link speed: 11Mbps, Rx Link speed: 2Mbps, Max Supported Rx Link speed: 11Mbps, Frequency: 2447MHz, Net ID: 0, Metered hint: false, score: 60, isUsable: true, CarrierMerged: false, SubscriptionId: -1, IsPrimary: 1, Trusted: true, Restricted: false, Ephemeral: false, OEM paid: false, OEM private: false, OSU AP: false, FQDN: <none>, Provider friendly name: <none>, Requesting package name: <none>"AndroidWifi"openMLO Information: , Is TID-To-Link negotiation supported by the AP: false, AP MLD Address: <none>, AP MLO Link Id: <none>, AP MLO Affiliated links: <none>, Vendor Data: <none>
07-06 03:11:28.707   715   874 D WifiScoreCard: txRate: 1 txSpeed: 1
07-06 03:11:28.708   715   874 D WifiScoreCard: network update SIGNAL_POLL "AndroidWifi" ID: 1201260005 RSSI -50 txSpeed -1
07-06 03:11:28.709   715   874 D WifiClientModeImpl[27601:wlan0]:  ClientModeImpl$L2ConnectedState screen=on 1 0 "AndroidWifi" 00:13:10:85:fe:01 rssi=-50 f=2447 sc=60 link=1 tx=0.0, 0.0, 0.0 rx=0.0 bcn=0 [on:0 tx:0 rx:0 period:3008] from screen [on:0 period:896060869] score=60
07-06 03:11:29.042   715   751 W AccessibilityWindowsPopulator: Windows change within in 2 frames continuously over 500 ms and notify windows changed immediately
07-06 03:11:29.073 31872 31872 D AndroidRuntime: >>>>>> START com.android.internal.os.RuntimeInit uid 2000 <<<<<<
07-06 03:11:29.081 31872 31872 I AndroidRuntime: Using default boot image
07-06 03:11:29.081 31872 31872 I AndroidRuntime: Leaving lock profiling enabled
07-06 03:11:29.087 31872 31872 I app_process: Core platform API reporting enabled, enforcing=false
07-06 03:11:29.090 31872 31872 I app_process: Using CollectorTypeCMC GC.
07-06 03:11:29.199 31872 31872 D nativeloader: InitDefaultPublicLibraries for_preload=1: libandroid.so:libaaudio.so:libamidi.so:libbinder_ndk.so:libc.so:libcamera2ndk.so:libdl.so:libEGL.so:libGLESv1_CM.so:libGLESv2.so:libGLESv3.so:libicu.so:libicui18n.so:libicuuc.so:libjnigraphics.so:liblog.so:libmediandk.so:libm.so:libnativehelper.so:libnativewindow.so:libOpenMAXAL.so:libOpenSLES.so:libRS.so:libstdc++.so:libsync.so:libvulkan.so:libwebviewchromium_plat_support.so:libz.so
07-06 03:11:29.216 31872 31872 D nativeloader: Load libicu_jni.so using APEX ns com_android_art for caller /apex/com.android.art/javalib/core-oj.jar: ok
07-06 03:11:29.217 31872 31872 D app_process: u_setTimeZoneFilesDirectory("/apex/com.android.tzdata/etc/tz/versioned/9/icu") succeeded. 
07-06 03:11:29.217 31872 31872 D app_process: I18n APEX ICU file found: /apex/com.android.i18n/etc/icu/icudt76l.dat
07-06 03:11:29.219 31872 31872 D nativeloader: Load libjavacore.so using APEX ns com_android_art for caller /apex/com.android.art/javalib/core-oj.jar: ok
07-06 03:11:29.220 31872 31872 D nativeloader: Load libopenjdk.so using APEX ns com_android_art for caller /apex/com.android.art/javalib/core-oj.jar: ok
07-06 03:11:29.223 31872 31872 W app_process: Unexpected CPU variant for x86: x86_64.
07-06 03:11:29.223 31872 31872 W app_process: Known variants: atom, sandybridge, silvermont, goldmont, goldmont-plus, goldmont-without-sha-xsaves, tremont, kabylake, alderlake, default
07-06 03:11:29.225 31872 31872 W app_process: ClassLoaderContext shared library size mismatch. Expected=2, found=0 (PCL[]{PCL[/system/framework/android.test.base.jar*2789897741]#PCL[/system/framework/android.test.mock.jar*3361312393]} | PCL[])
07-06 03:11:29.227 31872 31872 W app_process: ClassLoaderContext classpath size mismatch. expected=0, found=1 (PCL[]{PCL[/system/framework/android.test.runner.jar*895143020]#PCL[/system/framework/android.test.base.jar*2789897741]} | PCL[/system/framework/android.test.runner.jar*895143020])
07-06 03:11:29.255 31872 31872 D nativeloader: Load libframework-connectivity-tiramisu-jni.so using APEX ns com_android_tethering for caller /apex/com.android.tethering/javalib/framework-connectivity-t.jar: ok
07-06 03:11:29.256 31872 31872 D AndroidRuntime: Calling main entry com.android.commands.uiautomator.Launcher
07-06 03:11:29.263 31872 31872 I AconfigPackage: android.media.swcodec.flags is mapped to com.android.media.swcodec
07-06 03:11:29.264 31872 31872 I AconfigPackage: com.google.android.settings.simplemode.flags is mapped to system_ext
07-06 03:11:29.265 31872 31872 I AconfigPackage: com.google.android.systemui is mapped to system_ext
07-06 03:11:29.265 31872 31872 I AconfigPackage: com.google.android.apps.nexuslauncher is mapped to system_ext
07-06 03:11:29.265 31872 31872 I AconfigPackage: com.android.settings.accessibility is mapped to system_ext
07-06 03:11:29.265 31872 31872 I AconfigPackage: com.android.settings.flags is mapped to system_ext
07-06 03:11:29.266 31872 31872 I AconfigPackage: com.google.android.apps.miphone.aiai.matchmaker.overview.ui is mapped to system_ext
07-06 03:11:29.266 31872 31872 I AconfigPackage: com.google.android.settings.flags is mapped to system_ext
07-06 03:11:29.266 31872 31872 I AconfigPackage: com.android.launcher3 is mapped to system_ext
07-06 03:11:29.266 31872 31872 I AconfigPackage: com.android.wallpaper is mapped to system_ext
07-06 03:11:29.266 31872 31872 I AconfigPackage: com.android.settings.media_drm is mapped to system_ext
07-06 03:11:29.267 31872 31872 I AconfigPackage: com.android.systemui.accessibility.accessibilitymenu is mapped to system_ext
07-06 03:11:29.267 31872 31872 I AconfigPackage: com.android.settings.keyboard is mapped to system_ext
07-06 03:11:29.267 31872 31872 I AconfigPackage: com.android.server.policy.feature.flags is mapped to system_ext
07-06 03:11:29.267 31872 31872 I AconfigPackage: com.android.settings.factory_reset is mapped to system_ext
07-06 03:11:29.267 31872 31872 I AconfigPackage: com.google.android.haptics.flags is mapped to system_ext
07-06 03:11:29.268 31872 31872 I AconfigPackage: com.android.permission.flags is mapped to com.android.permission
07-06 03:11:29.268 31872 31872 I AconfigPackage: com.android.icu is mapped to com.android.i18n
07-06 03:11:29.269 31872 31872 I AconfigPackage: com.android.appsearch.flags is mapped to com.android.appsearch
07-06 03:11:29.269 31872 31872 I AconfigPackage: android.uprobestats.mainline.flags is mapped to com.android.uprobestats
07-06 03:11:29.269 31872 31872 I AconfigPackage: android.provider.flags is mapped to com.android.configinfrastructure
07-06 03:11:29.270 31872 31872 I AconfigPackage: com.android.server.deviceconfig is mapped to com.android.configinfrastructure
07-06 03:11:29.271 31872 31872 I AconfigPackage: com.android.nfc.flags is mapped to system
07-06 03:11:29.272 31872 31872 I AconfigPackage: android.app.admin.flags is mapped to system
07-06 03:11:29.272 31872 31872 I AconfigPackage: android.database.sqlite is mapped to system
07-06 03:11:29.272 31872 31872 I AconfigPackage: com.android.providers.calendar is mapped to system
07-06 03:11:29.272 31872 31872 I AconfigPackage: com.android.server.power.feature.flags is mapped to system
07-06 03:11:29.272 31872 31872 I AconfigPackage: com.android.media.performance.flags is mapped to system
07-06 03:11:29.272 31872 31872 I AconfigPackage: android.app.contextualsearch.flags is mapped to system
07-06 03:11:29.272 31872 31872 I AconfigPackage: android.app.ondeviceintelligence.flags is mapped to system
07-06 03:11:29.272 31872 31872 I AconfigPackage: com.android.media.projection.flags is mapped to system
07-06 03:11:29.272 31872 31872 I AconfigPackage: android.companion is mapped to system
07-06 03:11:29.272 31872 31872 I AconfigPackage: android.service.controls.flags is mapped to system
07-06 03:11:29.272 31872 31872 I AconfigPackage: com.android.text.flags is mapped to system
07-06 03:11:29.273 31872 31872 I AconfigPackage: com.android.providers.contactkeys.flags is mapped to system
07-06 03:11:29.273 31872 31872 I AconfigPackage: com.android.intentresolver is mapped to system
07-06 03:11:29.273 31872 31872 I AconfigPackage: android.companion.virtualdevice.flags is mapped to system
07-06 03:11:29.273 31872 31872 I AconfigPackage: android.uprobestats.flags is mapped to system
07-06 03:11:29.273 31872 31872 I AconfigPackage: com.android.net.thread.platform.flags is mapped to system
07-06 03:11:29.273 31872 31872 I AconfigPackage: android.view.contentprotection.flags is mapped to system
07-06 03:11:29.273 31872 31872 I AconfigPackage: com.android.server.dreams is mapped to system
07-06 03:11:29.273 31872 31872 I AconfigPackage: com.android.graphics.surfaceflinger.flags is mapped to system
07-06 03:11:29.273 31872 31872 I AconfigPackage: com.android.hardware.input is mapped to system
07-06 03:11:29.273 31872 31872 I AconfigPackage: android.sdk is mapped to system
07-06 03:11:29.274 31872 31872 I AconfigPackage: com.android.input.flags is mapped to system
07-06 03:11:29.274 31872 31872 I AconfigPackage: android.tracing is mapped to system
07-06 03:11:29.275 31872 31872 I AconfigPackage: com.android.server.biometrics is mapped to system
07-06 03:11:29.275 31872 31872 I AconfigPackage: android.view.contentcapture.flags is mapped to system
07-06 03:11:29.275 31872 31872 I AconfigPackage: android.app.job is mapped to system
07-06 03:11:29.275 31872 31872 I AconfigPackage: android.content.res is mapped to system
07-06 03:11:29.275 31872 31872 I AconfigPackage: android.net.platform.flags is mapped to system
07-06 03:11:29.275 31872 31872 I AconfigPackage: com.android.aconfig.flags is mapped to system
07-06 03:11:29.276 31872 31872 I AconfigPackage: com.android.graphics.flags is mapped to system
07-06 03:11:29.276 31872 31872 I AconfigPackage: android.server.app is mapped to system
07-06 03:11:29.276 31872 31872 I AconfigPackage: android.speech.flags is mapped to system
07-06 03:11:29.276 31872 31872 I AconfigPackage: com.android.server.stats is mapped to system
07-06 03:11:29.276 31872 31872 I AconfigPackage: android.hardware.biometrics is mapped to system
07-06 03:11:29.276 31872 31872 I AconfigPackage: android.car.feature is mapped to system
07-06 03:11:29.276 31872 31872 I AconfigPackage: android.adpf is mapped to system
07-06 03:11:29.276 31872 31872 I AconfigPackage: android.location.flags is mapped to system
07-06 03:11:29.278 31872 31872 I AconfigPackage: com.android.settingslib.flags is mapped to system
07-06 03:11:29.278 31872 31872 I AconfigPackage: com.android.managedprovisioning.flags is mapped to system
07-06 03:11:29.278 31872 31872 I AconfigPackage: android.app.assist.flags is mapped to system
07-06 03:11:29.278 31872 31872 I AconfigPackage: com.android.server.net is mapped to system
07-06 03:11:29.278 31872 31872 I AconfigPackage: com.android.settingslib.widget.flags is mapped to system
07-06 03:11:29.278 31872 31872 I AconfigPackage: com.android.internal.camera.flags is mapped to system
07-06 03:11:29.278 31872 31872 I AconfigPackage: com.android.hardware.libsensor.flags is mapped to system
07-06 03:11:29.279 31872 31872 I AconfigPackage: com.android.internal.jank is mapped to system
07-06 03:11:29.279 31872 31872 I AconfigPackage: com.android.providers.settings is mapped to system
07-06 03:11:29.279 31872 31872 I AconfigPackage: android.multiuser is mapped to system
07-06 03:11:29.279 31872 31872 I AconfigPackage: com.android.server.power.optimization is mapped to system
07-06 03:11:29.279 31872 31872 I AconfigPackage: com.android.calllogbackup is mapped to system
07-06 03:11:29.279 31872 31872 I AconfigPackage: com.android.media.flags is mapped to system
07-06 03:11:29.280 31872 31872 I AconfigPackage: com.android.server.flags is mapped to system
07-06 03:11:29.280 31872 31872 I AconfigPackage: com.android.graphics.libvulkan.flags is mapped to system
07-06 03:11:29.280 31872 31872 I AconfigPackage: android.app.appfunctions.flags is mapped to system
07-06 03:11:29.280 31872 31872 I AconfigPackage: android.app.smartspace.flags is mapped to system
07-06 03:11:29.280 31872 31872 I AconfigPackage: com.android.providers.contacts.flags is mapped to system
07-06 03:11:29.280 31872 31872 I AconfigPackage: com.android.shell.flags is mapped to system
07-06 03:11:29.280 31872 31872 I AconfigPackage: com.android.media.aaudio is mapped to system
07-06 03:11:29.280 31872 31872 I AconfigPackage: android.hardware.radio is mapped to system
07-06 03:11:29.280 31872 31872 I AconfigPackage: com.google.wear.services.infra.flags is mapped to system
07-06 03:11:29.280 31872 31872 I AconfigPackage: suspend_service.flags is mapped to system
07-06 03:11:29.281 31872 31872 I AconfigPackage: android.media.midi is mapped to system
07-06 03:11:29.281 31872 31872 I AconfigPackage: com.android.libcore.readonly is mapped to system
07-06 03:11:29.281 31872 31872 I AconfigPackage: com.android.settingslib.widget.selectorwithwidgetpreference.flags is mapped to system
07-06 03:11:29.281 31872 31872 I AconfigPackage: android.service.notification is mapped to system
07-06 03:11:29.281 31872 31872 I AconfigPackage: com.android.systemui.shared is mapped to system
07-06 03:11:29.281 31872 31872 I AconfigPackage: android.app.jank is mapped to system
07-06 03:11:29.281 31872 31872 I AconfigPackage: android.app.wearable is mapped to system
07-06 03:11:29.281 31872 31872 I AconfigPackage: com.android.media.audio is mapped to system
07-06 03:11:29.281 31872 31872 I AconfigPackage: android.service.chooser is mapped to system
07-06 03:11:29.282 31872 31872 I AconfigPackage: com.android.server.compat is mapped to system
07-06 03:11:29.282 31872 31872 I AconfigPackage: com.android.server.alarm is mapped to system
07-06 03:11:29.282 31872 31872 I AconfigPackage: com.android.apex.flags is mapped to system
07-06 03:11:29.282 31872 31872 I AconfigPackage: android.service.quickaccesswallet is mapped to system
07-06 03:11:29.282 31872 31872 I AconfigPackage: android.app.usage is mapped to system
07-06 03:11:29.282 31872 31872 I AconfigPackage: com.android.server.accessibility is mapped to system
07-06 03:11:29.285 31872 31872 I AconfigPackage: android.app.supervision.flags is mapped to system
07-06 03:11:29.285 31872 31872 I AconfigPackage: com.android.server.utils is mapped to system
07-06 03:11:29.285 31872 31872 I AconfigPackage: android.chre.flags is mapped to system
07-06 03:11:29.285 31872 31872 I AconfigPackage: android.content.flags is mapped to system
07-06 03:11:29.286 31872 31872 I AconfigPackage: android.media.codec is mapped to system
07-06 03:11:29.286 31872 31872 I AconfigPackage: com.android.internal.os is mapped to system
07-06 03:11:29.286 31872 31872 I AconfigPackage: com.android.nfc.nci.flags is mapped to system
07-06 03:11:29.286 31872 31872 I AconfigPackage: android.app is mapped to system
07-06 03:11:29.287 31872 31872 I AconfigPackage: android.security.keystore2 is mapped to system
07-06 03:11:29.287 31872 31872 I AconfigPackage: android.crashrecovery.flags is mapped to system
07-06 03:11:29.287 31872 31872 I AconfigPackage: com.android.tradeinmode.flags is mapped to system
07-06 03:11:29.287 31872 31872 I AconfigPackage: android.hardware.flags is mapped to system
07-06 03:11:29.287 31872 31872 I AconfigPackage: com.android.server.telecom.flags is mapped to system
07-06 03:11:29.287 31872 31872 I AconfigPackage: com.android.settingslib.media.flags is mapped to system
07-06 03:11:29.288 31872 31872 I AconfigPackage: com.android.server.policy is mapped to system
07-06 03:11:29.288 31872 31872 I AconfigPackage: android.media.audiopolicy is mapped to system
07-06 03:11:29.288 31872 31872 I AconfigPackage: com.android.egg.flags is mapped to system
07-06 03:11:29.288 31872 31872 I AconfigPackage: com.android.internal.compat.flags is mapped to system
07-06 03:11:29.288 31872 31872 I AconfigPackage: android.security is mapped to system
07-06 03:11:29.288 31872 31872 I AconfigPackage: android.service.autofill is mapped to system
07-06 03:11:29.288 31872 31872 I AconfigPackage: com.example.android.aconfig.demo.flags is mapped to system
07-06 03:11:29.289 31872 31872 I AconfigPackage: android.view.flags is mapped to system
07-06 03:11:29.289 31872 31872 I AconfigPackage: android.companion.virtual.flags is mapped to system
07-06 03:11:29.289 31872 31872 I AconfigPackage: com.android.aconfig_new_storage is mapped to system
07-06 03:11:29.289 31872 31872 I AconfigPackage: com.android.server.feature.flags is mapped to system
07-06 03:11:29.289 31872 31872 I AconfigPackage: com.android.systemui is mapped to system
07-06 03:11:29.291 31872 31872 I AconfigPackage: com.android.server.power.batterysaver is mapped to system
07-06 03:11:29.291 31872 31872 I AconfigPackage: android.widget.flags is mapped to system
07-06 03:11:29.291 31872 31872 I AconfigPackage: com.android.media.editing.flags is mapped to system
07-06 03:11:29.291 31872 31872 I AconfigPackage: com.android.media.codec.flags is mapped to system
07-06 03:11:29.292 31872 31872 I AconfigPackage: com.android.server.powerstats is mapped to system
07-06 03:11:29.292 31872 31872 I AconfigPackage: com.android.graphics.egl.flags is mapped to system
07-06 03:11:29.292 31872 31872 I AconfigPackage: com.android.media.audioserver is mapped to system
07-06 03:11:29.292 31872 31872 I AconfigPackage: com.android.server.deviceidle is mapped to system
07-06 03:11:29.292 31872 31872 I AconfigPackage: android.nfc is mapped to system
07-06 03:11:29.293 31872 31872 I AconfigPackage: android.permission.flags is mapped to system
07-06 03:11:29.293 31872 31872 I AconfigPackage: android.service.voice.flags is mapped to system
07-06 03:11:29.293 31872 31872 I AconfigPackage: android.content.pm is mapped to system
07-06 03:11:29.293 31872 31872 I AconfigPackage: com.android.server.power.hint is mapped to system
07-06 03:11:29.293 31872 31872 I AconfigPackage: android.os is mapped to system
07-06 03:11:29.293 31872 31872 I AconfigPackage: android.service.dreams is mapped to system
07-06 03:11:29.293 31872 31872 I AconfigPackage: com.android.graphics.libgui.flags is mapped to system
07-06 03:11:29.293 31872 31872 I AconfigPackage: android.hardware.usb.flags is mapped to system
07-06 03:11:29.293 31872 31872 I AconfigPackage: android.provider is mapped to system
07-06 03:11:29.293 31872 31872 I AconfigPackage: com.android.server.job is mapped to system
07-06 03:11:29.293 31872 31872 I AconfigPackage: com.android.internal.foldables.flags is mapped to system
07-06 03:11:29.293 31872 31872 I AconfigPackage: com.android.internal.telephony.flags is mapped to system
07-06 03:11:29.293 31872 31872 I AconfigPackage: android.webkit is mapped to system
07-06 03:11:29.294 31872 31872 I AconfigPackage: android.credentials.flags is mapped to system
07-06 03:11:29.294 31872 31872 I AconfigPackage: com.android.server.display.feature.flags is mapped to system
07-06 03:11:29.294 31872 31872 I AconfigPackage: com.android.server.notification is mapped to system
07-06 03:11:29.295 31872 31872 I AconfigPackage: android.appwidget.flags is mapped to system
07-06 03:11:29.296 31872 31872 I AconfigPackage: com.android.frameworks.sensorservice.flags is mapped to system
07-06 03:11:29.296 31872 31872 I AconfigPackage: com.android.printspooler.flags is mapped to system
07-06 03:11:29.297 31872 31872 I AconfigPackage: com.android.window.flags is mapped to system
07-06 03:11:29.297 31872 31872 I AconfigPackage: android.adaptiveauth is mapped to system
07-06 03:11:29.297 31872 31872 I AconfigPackage: android.net.wifi.flags is mapped to system
07-06 03:11:29.298 31872 31872 I AconfigPackage: android.media.tv.flags is mapped to system
07-06 03:11:29.298 31872 31872 I AconfigPackage: com.android.server.usb.flags is mapped to system
07-06 03:11:29.298 31872 31872 I AconfigPackage: android.os.vibrator is mapped to system
07-06 03:11:29.298 31872 31872 I AconfigPackage: android.hardware.devicestate.feature.flags is mapped to system
07-06 03:11:29.298 31872 31872 I AconfigPackage: com.android.server.usage is mapped to system
07-06 03:11:29.298 31872 31872 I AconfigPackage: android.server is mapped to system
07-06 03:11:29.298 31872 31872 I AconfigPackage: com.android.wm.shell is mapped to system
07-06 03:11:29.298 31872 31872 I AconfigPackage: android.view.inputmethod is mapped to system
07-06 03:11:29.298 31872 31872 I AconfigPackage: com.android.graphics.hwui.flags is mapped to system
07-06 03:11:29.299 31872 31872 I AconfigPackage: com.android.server.backup is mapped to system
07-06 03:11:29.299 31872 31872 I AconfigPackage: com.android.internal.pm.pkg.component.flags is mapped to system
07-06 03:11:29.299 31872 31872 I AconfigPackage: android.view.accessibility is mapped to system
07-06 03:11:29.299 31872 31872 I AconfigPackage: com.google.wear.sdk is mapped to system
07-06 03:11:29.299 31872 31872 I AconfigPackage: android.media.audio is mapped to system
07-06 03:11:29.299 31872 31872 I AconfigPackage: com.android.server.am is mapped to system
07-06 03:11:29.299 31872 31872 I AconfigPackage: com.android.media.playback.flags is mapped to system
07-06 03:11:29.300 31872 31872 I AconfigPackage: com.android.art.flags is mapped to com.android.art
07-06 03:11:29.300 31872 31872 I AconfigPackage: com.android.libcore is mapped to com.android.art
07-06 03:11:29.300 31872 31872 I AconfigPackage: com.android.media.extractor.flags is mapped to com.android.media
07-06 03:11:29.300 31872 31872 I AconfigPackage: com.android.media.mainline.flags is mapped to com.android.media
07-06 03:11:29.301 31872 31872 I AconfigPackage: com.android.wifi.flags is mapped to com.android.wifi
07-06 03:11:29.301 31872 31872 I AconfigPackage: com.android.org.conscrypt.flags is mapped to com.android.conscrypt
07-06 03:11:29.302 31872 31872 I AconfigPackage: com.android.healthfitness.flags is mapped to com.android.healthfitness
07-06 03:11:29.303 31872 31872 I AconfigPackage: com.google.android.input.twoshay.flags is mapped to vendor
07-06 03:11:29.303 31872 31872 I AconfigPackage: libgooglecamerahal.flags is mapped to vendor
07-06 03:11:29.303 31872 31872 I AconfigPackage: com.android.ipsec.flags is mapped to com.android.ipsec
07-06 03:11:29.307 31872 31872 I AconfigPackage: com.android.nfc.module.flags is mapped to com.android.nfcservices
07-06 03:11:29.308 31872 31872 I AconfigPackage: com.android.adservices.ondevicepersonalization.flags is mapped to com.android.ondevicepersonalization
07-06 03:11:29.308 31872 31872 I AconfigPackage: com.android.bluetooth.flags is mapped to com.android.bt
07-06 03:11:29.308 31872 31872 I AconfigPackage: com.android.devicelock.flags is mapped to com.android.devicelock
07-06 03:11:29.309 31872 31872 I AconfigPackage: android.os.profiling is mapped to com.android.profiling
07-06 03:11:29.309 31872 31872 I AconfigPackage: com.android.os.statsd.flags is mapped to com.android.os.statsd
07-06 03:11:29.309 31872 31872 I AconfigPackage: com.android.cellbroadcastreceiver.flags is mapped to com.android.cellbroadcast
07-06 03:11:29.311 31872 31872 I AconfigPackage: com.android.adservices.flags is mapped to com.android.adservices
07-06 03:11:29.312 31872 31872 I AconfigPackage: com.android.sdksandbox.flags is mapped to com.android.adservices
07-06 03:11:29.313 31872 31872 I AconfigPackage: com.android.uwb.flags is mapped to com.android.uwb
07-06 03:11:29.313 31872 31872 I AconfigPackage: com.android.ranging.flags is mapped to com.android.uwb
07-06 03:11:29.313 31872 31872 I AconfigPackage: android.graphics.pdf.flags is mapped to com.android.mediaprovider
07-06 03:11:29.314 31872 31872 I AconfigPackage: com.android.providers.media.flags is mapped to com.android.mediaprovider
07-06 03:11:29.314 31872 31872 I AconfigPackage: android.graphics.pdf.flags.readonly is mapped to com.android.mediaprovider
07-06 03:11:29.314 31872 31872 I AconfigPackage: com.android.net.ct.flags is mapped to com.android.tethering
07-06 03:11:29.315 31872 31872 I AconfigPackage: com.android.net.flags is mapped to com.android.tethering
07-06 03:11:29.315 31872 31872 I AconfigPackage: android.net.vcn is mapped to com.android.tethering
07-06 03:11:29.315 31872 31872 I AconfigPackage: com.android.nearby.flags is mapped to com.android.tethering
07-06 03:11:29.315 31872 31872 I AconfigPackage: android.net.http is mapped to com.android.tethering
07-06 03:11:29.315 31872 31872 I AconfigPackage: com.android.net.thread.flags is mapped to com.android.tethering
07-06 03:11:29.315 31872 31872 I AconfigPackage: com.android.system.virtualmachine.flags is mapped to com.android.virt
07-06 03:11:29.315 31872 31872 E FeatureFlagsImplExport: android.os.flagging.AconfigStorageReadException: ERROR_PACKAGE_NOT_FOUND: package android.xr cannot be found on the device
07-06 03:11:29.320 31872 31872 D UiAutomationConnection: Created on user UserHandle{0}
07-06 03:11:29.320 31872 31872 I UiAutomation: Initialized for user 0 on display 0
07-06 03:11:29.320 31872 31872 W UiAutomation: Created with deprecatead constructor, assumes DEFAULT_DISPLAY
07-06 03:11:29.324   715  2119 D AccessibilityManagerService: changeCurrentUserForTestAutomationIfNeededLocked(0): ignoring because device doesn't support visible background users
07-06 03:11:29.324   715  2119 I UiAutomationManager: Registering UiTestAutomationService (id=com.android.server.accessibility/UiAutomation, flags=0x0) when called by user 0
07-06 03:11:29.326   715  2119 V AccessibilityManagerService: onUserStateChangedLocked for userId: 0, forceUpdate: false
