--------- beginning of main
07-05 09:34:40.455 19897 19897 I AconfigPackage: com.android.media.audioserver is mapped to system
07-05 09:34:40.455 19897 19897 I AconfigPackage: com.android.server.deviceidle is mapped to system
07-05 09:34:40.455 19897 19897 I AconfigPackage: android.nfc is mapped to system
07-05 09:34:40.455 19897 19897 I AconfigPackage: android.permission.flags is mapped to system
07-05 09:34:40.455 19897 19897 I AconfigPackage: android.service.voice.flags is mapped to system
07-05 09:34:40.455 19897 19897 I AconfigPackage: android.content.pm is mapped to system
07-05 09:34:40.455 19897 19897 I AconfigPackage: com.android.server.power.hint is mapped to system
07-05 09:34:40.455 19897 19897 I AconfigPackage: android.os is mapped to system
07-05 09:34:40.455 19897 19897 I AconfigPackage: android.service.dreams is mapped to system
07-05 09:34:40.455 19897 19897 I AconfigPackage: com.android.graphics.libgui.flags is mapped to system
07-05 09:34:40.455 19897 19897 I AconfigPackage: android.hardware.usb.flags is mapped to system
07-05 09:34:40.455 19897 19897 I AconfigPackage: android.provider is mapped to system
07-05 09:34:40.455 19897 19897 I AconfigPackage: com.android.server.job is mapped to system
07-05 09:34:40.456 19897 19897 I AconfigPackage: com.android.internal.foldables.flags is mapped to system
07-05 09:34:40.456 19897 19897 I AconfigPackage: com.android.internal.telephony.flags is mapped to system
07-05 09:34:40.456 19897 19897 I AconfigPackage: android.webkit is mapped to system
07-05 09:34:40.457 19897 19897 I AconfigPackage: android.credentials.flags is mapped to system
07-05 09:34:40.457 19897 19897 I AconfigPackage: com.android.server.display.feature.flags is mapped to system
07-05 09:34:40.457 19897 19897 I AconfigPackage: com.android.server.notification is mapped to system
07-05 09:34:40.457 19897 19897 I AconfigPackage: android.appwidget.flags is mapped to system
07-05 09:34:40.457 19897 19897 I AconfigPackage: com.android.frameworks.sensorservice.flags is mapped to system
07-05 09:34:40.457 19897 19897 I AconfigPackage: com.android.printspooler.flags is mapped to system
07-05 09:34:40.457 19897 19897 I AconfigPackage: com.android.window.flags is mapped to system
07-05 09:34:40.457 19897 19897 I AconfigPackage: android.adaptiveauth is mapped to system
07-05 09:34:40.457 19897 19897 I AconfigPackage: android.net.wifi.flags is mapped to system
07-05 09:34:40.457 19897 19897 I AconfigPackage: android.media.tv.flags is mapped to system
07-05 09:34:40.457 19897 19897 I AconfigPackage: com.android.server.usb.flags is mapped to system
07-05 09:34:40.457 19897 19897 I AconfigPackage: android.os.vibrator is mapped to system
07-05 09:34:40.458 19897 19897 I AconfigPackage: android.hardware.devicestate.feature.flags is mapped to system
07-05 09:34:40.458 19897 19897 I AconfigPackage: com.android.server.usage is mapped to system
07-05 09:34:40.458 19897 19897 I AconfigPackage: android.server is mapped to system
07-05 09:34:40.458 19897 19897 I AconfigPackage: com.android.wm.shell is mapped to system
07-05 09:34:40.458 19897 19897 I AconfigPackage: android.view.inputmethod is mapped to system
07-05 09:34:40.458 19897 19897 I AconfigPackage: com.android.graphics.hwui.flags is mapped to system
07-05 09:34:40.458 19897 19897 I AconfigPackage: com.android.server.backup is mapped to system
07-05 09:34:40.458 19897 19897 I AconfigPackage: com.android.internal.pm.pkg.component.flags is mapped to system
07-05 09:34:40.458 19897 19897 I AconfigPackage: android.view.accessibility is mapped to system
07-05 09:34:40.458 19897 19897 I AconfigPackage: com.google.wear.sdk is mapped to system
07-05 09:34:40.458 19897 19897 I AconfigPackage: android.media.audio is mapped to system
07-05 09:34:40.458 19897 19897 I AconfigPackage: com.android.server.am is mapped to system
07-05 09:34:40.459 19897 19897 I AconfigPackage: com.android.media.playback.flags is mapped to system
07-05 09:34:40.459 19897 19897 I AconfigPackage: com.android.art.flags is mapped to com.android.art
07-05 09:34:40.459 19897 19897 I AconfigPackage: com.android.libcore is mapped to com.android.art
07-05 09:34:40.460 19897 19897 I AconfigPackage: com.android.media.extractor.flags is mapped to com.android.media
07-05 09:34:40.460 19897 19897 I AconfigPackage: com.android.media.mainline.flags is mapped to com.android.media
07-05 09:34:40.460 19897 19897 I AconfigPackage: com.android.wifi.flags is mapped to com.android.wifi
07-05 09:34:40.460 19897 19897 I AconfigPackage: com.android.org.conscrypt.flags is mapped to com.android.conscrypt
07-05 09:34:40.460 19897 19897 I AconfigPackage: com.android.healthfitness.flags is mapped to com.android.healthfitness
07-05 09:34:40.461 19897 19897 I AconfigPackage: com.google.android.input.twoshay.flags is mapped to vendor
07-05 09:34:40.461 19897 19897 I AconfigPackage: libgooglecamerahal.flags is mapped to vendor
07-05 09:34:40.461 19897 19897 I AconfigPackage: com.android.ipsec.flags is mapped to com.android.ipsec
07-05 09:34:40.461 19897 19897 I AconfigPackage: com.android.nfc.module.flags is mapped to com.android.nfcservices
07-05 09:34:40.462 19897 19897 I AconfigPackage: com.android.adservices.ondevicepersonalization.flags is mapped to com.android.ondevicepersonalization
07-05 09:34:40.462 19897 19897 I AconfigPackage: com.android.bluetooth.flags is mapped to com.android.bt
07-05 09:34:40.462 19897 19897 I AconfigPackage: com.android.devicelock.flags is mapped to com.android.devicelock
07-05 09:34:40.463 19897 19897 I AconfigPackage: android.os.profiling is mapped to com.android.profiling
07-05 09:34:40.463 19897 19897 I AconfigPackage: com.android.os.statsd.flags is mapped to com.android.os.statsd
07-05 09:34:40.463 19897 19897 I AconfigPackage: com.android.cellbroadcastreceiver.flags is mapped to com.android.cellbroadcast
07-05 09:34:40.463 19897 19897 I AconfigPackage: com.android.adservices.flags is mapped to com.android.adservices
07-05 09:34:40.463 19897 19897 I AconfigPackage: com.android.sdksandbox.flags is mapped to com.android.adservices
07-05 09:34:40.464 19897 19897 I AconfigPackage: com.android.uwb.flags is mapped to com.android.uwb
07-05 09:34:40.464 19897 19897 I AconfigPackage: com.android.ranging.flags is mapped to com.android.uwb
07-05 09:34:40.464 19897 19897 I AconfigPackage: android.graphics.pdf.flags is mapped to com.android.mediaprovider
07-05 09:34:40.465 19897 19897 I AconfigPackage: com.android.providers.media.flags is mapped to com.android.mediaprovider
07-05 09:34:40.465 19897 19897 I AconfigPackage: android.graphics.pdf.flags.readonly is mapped to com.android.mediaprovider
07-05 09:34:40.465 19897 19897 I AconfigPackage: com.android.net.ct.flags is mapped to com.android.tethering
07-05 09:34:40.465 19897 19897 I AconfigPackage: com.android.net.flags is mapped to com.android.tethering
07-05 09:34:40.465 19897 19897 I AconfigPackage: android.net.vcn is mapped to com.android.tethering
07-05 09:34:40.466 19897 19897 I AconfigPackage: com.android.nearby.flags is mapped to com.android.tethering
07-05 09:34:40.466 19897 19897 I AconfigPackage: android.net.http is mapped to com.android.tethering
07-05 09:34:40.466 19897 19897 I AconfigPackage: com.android.net.thread.flags is mapped to com.android.tethering
07-05 09:34:40.466 19897 19897 I AconfigPackage: com.android.system.virtualmachine.flags is mapped to com.android.virt
07-05 09:34:40.466 19897 19897 E FeatureFlagsImplExport: android.os.flagging.AconfigStorageReadException: ERROR_PACKAGE_NOT_FOUND: package android.xr cannot be found on the device
07-05 09:34:40.468 19897 19897 D UiAutomationConnection: Created on user UserHandle{0}
07-05 09:34:40.469 19897 19897 I UiAutomation: Initialized for user 0 on display 0
07-05 09:34:40.469 19897 19897 W UiAutomation: Created with deprecatead constructor, assumes DEFAULT_DISPLAY
--------- beginning of system
07-05 09:34:40.470   715   804 D AccessibilityManagerService: changeCurrentUserForTestAutomationIfNeededLocked(0): ignoring because device doesn't support visible background users
07-05 09:34:40.471   715   804 I UiAutomationManager: Registering UiTestAutomationService (id=com.android.server.accessibility/UiAutomation, flags=0x0) when called by user 0
07-05 09:34:40.471   715   804 V AccessibilityManagerService: onUserStateChangedLocked for userId: 0, forceUpdate: false
07-05 09:34:40.477   715   804 W MagnificationConnectionManager: requestConnection duplicated request: connect=false, mConnectionState=DISCONNECTED
07-05 09:34:40.478   715   715 W IPCThreadState: Sending oneway calls to frozen process.
07-05 09:34:40.479   715   715 W IPCThreadState: Sending oneway calls to frozen process.
07-05 09:34:40.479   715   715 W IPCThreadState: Sending oneway calls to frozen process.
07-05 09:34:40.479   715   715 W IPCThreadState: Sending oneway calls to frozen process.
07-05 09:34:40.481 19897 19909 V UiAutomation: Init UiAutomation@4c374b4[id=585, displayId=0, flags=0]
07-05 09:34:40.481   715   715 W IPCThreadState: Sending oneway calls to frozen process.
07-05 09:34:40.481   715   804 V AccessibilityManagerService: onUserStateChangedLocked for userId: 0, forceUpdate: false
07-05 09:34:40.483   715   804 W MagnificationConnectionManager: requestConnection duplicated request: connect=false, mConnectionState=DISCONNECTED
--------- beginning of kernel
07-05 09:34:40.459     0     0 W debug_low_async_space_locked: 12 callbacks suppressed
07-05 09:34:40.459     0     0 I binder_alloc: 2551: pid 715 spamming oneway? 3133 buffers allocated for a total size of 421704
07-05 09:34:40.486   715   715 W IPCThreadState: Sending oneway calls to frozen process.
07-05 09:34:40.486   715   715 W IPCThreadState: Sending oneway calls to frozen process.
07-05 09:34:40.486   715   715 W IPCThreadState: Sending oneway calls to frozen process.
07-05 09:34:40.488   715   715 W IPCThreadState: Sending oneway calls to frozen process.
07-05 09:34:40.488   715   715 W IPCThreadState: Sending oneway calls to frozen process.
07-05 09:34:40.489   715   715 W IPCThreadState: Sending oneway calls to frozen process.
07-05 09:34:40.489   715   715 W IPCThreadState: Sending oneway calls to frozen process.
07-05 09:34:40.489   715   715 W IPCThreadState: Sending oneway calls to frozen process.
07-05 09:34:40.489   715   715 W IPCThreadState: Sending oneway calls to frozen process.
07-05 09:34:40.491   715   715 W IPCThreadState: Sending oneway calls to frozen process.
07-05 09:34:40.465     0     0 I binder_alloc: 2497: pid 715 spamming oneway? 3240 buffers allocated for a total size of 436176
07-05 09:34:40.467     0     0 I binder_alloc: 2551: pid 715 spamming oneway? 3134 buffers allocated for a total size of 421840
07-05 09:34:40.491   715   715 W IPCThreadState: Sending oneway calls to frozen process.
07-05 09:34:40.494   715   715 W IPCThreadState: Sending oneway calls to frozen process.
07-05 09:34:40.497   715   715 W IPCThreadState: Sending oneway calls to frozen process.
07-05 09:34:40.498   715   715 W IPCThreadState: Sending oneway calls to frozen process.
07-05 09:34:40.498   715   715 W IPCThreadState: Sending oneway calls to frozen process.
07-05 09:34:40.498   715   715 W IPCThreadState: Sending oneway calls to frozen process.
07-05 09:34:40.498   715   715 W IPCThreadState: Sending oneway calls to frozen process.
07-05 09:34:40.499   715   715 W IPCThreadState: Sending oneway calls to frozen process.
07-05 09:34:40.472     0     0 I binder_alloc: 2497: pid 715 spamming oneway? 3241 buffers allocated for a total size of 436312
07-05 09:34:40.477     0     0 I binder_alloc: 2551: pid 715 spamming oneway? 3135 buffers allocated for a total size of 421976
07-05 09:34:40.501   715   715 W IPCThreadState: Sending oneway calls to frozen process.
07-05 09:34:40.501   488   532 I netd    : tetherGetStats() -> {[]} <0.87ms>
07-05 09:34:40.501   715   715 W IPCThreadState: Sending oneway calls to frozen process.
07-05 09:34:40.501   715   715 W IPCThreadState: Sending oneway calls to frozen process.
07-05 09:34:40.503   715   715 W IPCThreadState: Sending oneway calls to frozen process.
07-05 09:34:40.479     0     0 I binder_alloc: 2497: pid 715 spamming oneway? 3242 buffers allocated for a total size of 436448
07-05 09:34:40.504   715   715 W IPCThreadState: Sending oneway calls to frozen process.
07-05 09:34:40.504   715   715 W IPCThreadState: Sending oneway calls to frozen process.
07-05 09:34:40.504   715   715 W IPCThreadState: Sending oneway calls to frozen process.
07-05 09:34:40.504   715   715 W IPCThreadState: Sending oneway calls to frozen process.
07-05 09:34:40.505   715   715 W IPCThreadState: Sending oneway calls to frozen process.
07-05 09:34:40.506   715   715 W IPCThreadState: Sending oneway calls to frozen process.
07-05 09:34:40.506   715   715 W IPCThreadState: Sending oneway calls to frozen process.
07-05 09:34:40.506   715   715 W IPCThreadState: Sending oneway calls to frozen process.
07-05 09:34:40.483     0     0 I binder_alloc: 2551: pid 715 spamming oneway? 3136 buffers allocated for a total size of 422112
07-05 09:34:40.484     0     0 I binder_alloc: 2497: pid 715 spamming oneway? 3243 buffers allocated for a total size of 436584
07-05 09:34:40.508   715   715 W IPCThreadState: Sending oneway calls to frozen process.
07-05 09:34:40.512   715   715 W IPCThreadState: Sending oneway calls to frozen process.
07-05 09:34:40.512   715   715 W IPCThreadState: Sending oneway calls to frozen process.
07-05 09:34:40.512   715   715 W IPCThreadState: Sending oneway calls to frozen process.
07-05 09:34:40.512   715   715 W IPCThreadState: Sending oneway calls to frozen process.
07-05 09:34:40.513   715   715 W IPCThreadState: Sending oneway calls to frozen process.
07-05 09:34:40.514   715   715 W IPCThreadState: Sending oneway calls to frozen process.
07-05 09:34:40.514   715   715 W IPCThreadState: Sending oneway calls to frozen process.
07-05 09:34:40.515   715   715 W IPCThreadState: Sending oneway calls to frozen process.
07-05 09:34:40.491     0     0 I binder_alloc: 2551: pid 715 spamming oneway? 3137 buffers allocated for a total size of 422248
07-05 09:34:40.492     0     0 I binder_alloc: 2497: pid 715 spamming oneway? 3244 buffers allocated for a total size of 436720
07-05 09:34:40.517   715   715 W IPCThreadState: Sending oneway calls to frozen process.
07-05 09:34:41.497 19897 19897 W AccessibilityNodeInfoDumper: Fetch time: 4ms
07-05 09:34:41.500   715   804 V AccessibilityManagerService: onUserStateChangedLocked for userId: 0, forceUpdate: false
07-05 09:34:41.501   715   930 D BackgroundInstallControlService: Package event received: 0
07-05 09:34:41.505   715   804 W MagnificationConnectionManager: requestConnection duplicated request: connect=false, mConnectionState=DISCONNECTED
07-05 09:34:41.506   715   804 D AccessibilityManagerService: restoreCurrentUserForTestAutomationIfNeededLocked(): ignoring because device doesn't support visible background users
07-05 09:34:41.506   715   715 W IPCThreadState: Sending oneway calls to frozen process.
07-05 09:34:41.506   715   715 W IPCThreadState: Sending oneway calls to frozen process.
07-05 09:34:41.506   715   715 W IPCThreadState: Sending oneway calls to frozen process.
07-05 09:34:41.507   715   715 W IPCThreadState: Sending oneway calls to frozen process.
07-05 09:34:41.507   715   715 W IPCThreadState: Sending oneway calls to frozen process.
07-05 09:34:41.508   715   715 W IPCThreadState: Sending oneway calls to frozen process.
07-05 09:34:41.508   715   715 W IPCThreadState: Sending oneway calls to frozen process.
07-05 09:34:41.509   715   715 W IPCThreadState: Sending oneway calls to frozen process.
07-05 09:34:41.510   715   715 W IPCThreadState: Sending oneway calls to frozen process.
07-05 09:34:41.510   715   715 W IPCThreadState: Sending oneway calls to frozen process.
07-05 09:34:41.510   715   715 W IPCThreadState: Sending oneway calls to frozen process.
07-05 09:34:41.511   715   715 W IPCThreadState: Sending oneway calls to frozen process.
07-05 09:34:41.511   715   715 W IPCThreadState: Sending oneway calls to frozen process.
07-05 09:34:41.511 19897 19906 W IPCThreadState: call to talkWithDriver in joinThreadPool returned error: -9 (Bad file descriptor), FD: -1
07-05 09:34:41.511   715   715 W IPCThreadState: Sending oneway calls to frozen process.
07-05 09:34:41.512 19897 19897 D AndroidRuntime: Shutting down VM
07-05 09:34:41.513   715   715 W IPCThreadState: Sending oneway calls to frozen process.
07-05 09:34:41.513 19897 19910 W IPCThreadState: call to talkWithDriver in joinThreadPool returned error: -9 (Bad file descriptor), FD: -1
07-05 09:34:41.514   715   715 W IPCThreadState: Sending oneway calls to frozen process.
07-05 09:34:41.516 19897 19907 W IPCThreadState: call to talkWithDriver in joinThreadPool returned error: -9 (Bad file descriptor), FD: -1
07-05 09:34:41.516   715   715 W IPCThreadState: Sending oneway calls to frozen process.
07-05 09:34:41.517   715   715 W IPCThreadState: Sending oneway calls to frozen process.
07-05 09:34:41.518   715   715 V AccessibilityManagerService: onUserStateChangedLocked for userId: 0, forceUpdate: false
07-05 09:34:41.520   715   715 W MagnificationConnectionManager: requestConnection duplicated request: connect=false, mConnectionState=DISCONNECTED
07-05 09:34:41.520   715   715 W IPCThreadState: Sending oneway calls to frozen process.
07-05 09:34:41.521   715   715 W IPCThreadState: Sending oneway calls to frozen process.
07-05 09:34:41.521   715   715 W IPCThreadState: Sending oneway calls to frozen process.
07-05 09:34:41.521   715   715 W IPCThreadState: Sending oneway calls to frozen process.
07-05 09:34:41.522   715   715 W IPCThreadState: Sending oneway calls to frozen process.
07-05 09:34:41.522   715   715 W IPCThreadState: Sending oneway calls to frozen process.
07-05 09:34:41.522   715   715 W IPCThreadState: Sending oneway calls to frozen process.
07-05 09:34:41.523   715   715 W IPCThreadState: Sending oneway calls to frozen process.
07-05 09:34:41.523   715   715 W IPCThreadState: Sending oneway calls to frozen process.
07-05 09:34:41.524   715   715 W IPCThreadState: Sending oneway calls to frozen process.
07-05 09:34:41.524   715   715 W IPCThreadState: Sending oneway calls to frozen process.
07-05 09:34:41.524   715   715 W IPCThreadState: Sending oneway calls to frozen process.
07-05 09:34:41.525   715   715 W IPCThreadState: Sending oneway calls to frozen process.
07-05 09:34:41.525   715   715 W IPCThreadState: Sending oneway calls to frozen process.
07-05 09:34:41.526   715   715 W IPCThreadState: Sending oneway calls to frozen process.
07-05 09:34:41.527   715   715 W IPCThreadState: Sending oneway calls to frozen process.
07-05 09:34:41.527   488   532 I netd    : tetherGetStats() -> {[]} <0.88ms>
07-05 09:34:41.529   715   715 W IPCThreadState: Sending oneway calls to frozen process.
07-05 09:34:41.530   715   715 W IPCThreadState: Sending oneway calls to frozen process.
07-05 09:34:41.530   715   715 W IPCThreadState: Sending oneway calls to frozen process.
07-05 09:34:41.530   715   715 W IPCThreadState: Sending oneway calls to frozen process.
07-05 09:34:41.531   715   715 W IPCThreadState: Sending oneway calls to frozen process.
07-05 09:34:41.531  1112  1315 D SatelliteController: iisInCarrierRoamingNbIotNtn: satellite is disabled
07-05 09:34:41.532   715   715 W IPCThreadState: Sending oneway calls to frozen process.
07-05 09:34:41.532   715   715 W IPCThreadState: Sending oneway calls to frozen process.
07-05 09:34:41.533   715   715 W IPCThreadState: Sending oneway calls to frozen process.
07-05 09:34:41.534   715   715 W IPCThreadState: Sending oneway calls to frozen process.
07-05 09:34:41.535   715   715 W IPCThreadState: Sending oneway calls to frozen process.
07-05 09:34:41.536   715   715 W IPCThreadState: Sending oneway calls to frozen process.
07-05 09:34:42.390   715   874 D WifiClientModeImpl[27601:wlan0]: updateLinkLayerStatsRssiSpeedFrequencyCapabilities rssi=-50 TxLinkspeed=1 freq=2447 RxLinkSpeed=2
07-05 09:34:42.390   715   874 D WifiDataStall: tx tput in kbps: 11000
07-05 09:34:42.391   715   874 D WifiDataStall: rx tput in kbps: 11000
07-05 09:34:42.391   715   874 V WifiConfigManager: Updating scan detail cache freq=2447 BSSID=00:13:10:85:fe:01 RSSI=-50 for "AndroidWifi"NONE
07-05 09:34:42.391   715   874 D WifiThroughputPredictor:  utilization (LLS) 80 isBluetoothConnected: false final utilization: 80
07-05 09:34:42.391   715   874 D WifiThroughputPredictor:  BW: 0 RSSI: -50 Nss: 1 Mode: 1 symDur: 4000 snrDb 30 bitPerTone: 4500 rate: 54 throughput: 11
07-05 09:34:42.392   715   874 D WifiThroughputPredictor:  utilization (LLS) 80 isBluetoothConnected: false final utilization: 80
07-05 09:34:42.392   715   874 D WifiThroughputPredictor:  BW: 0 RSSI: -50 Nss: 1 Mode: 1 symDur: 4000 snrDb 30 bitPerTone: 4500 rate: 54 throughput: 11
07-05 09:34:42.392   715   874 D WifiThroughputPredictor:  utilization (LLS) 80 isBluetoothConnected: false final utilization: 80
07-05 09:34:42.392   715   874 D WifiThroughputPredictor:  BW: 0 RSSI: -50 Nss: 1 Mode: 1 symDur: 4000 snrDb 30 bitPerTone: 4500 rate: 54 throughput: 11
07-05 09:34:42.392   715   874 D WifiThroughputPredictor:  utilization (LLS) 80 isBluetoothConnected: false final utilization: 80
07-05 09:34:42.393   715   874 D WifiThroughputPredictor:  BW: 0 RSSI: -50 Nss: 1 Mode: 1 symDur: 4000 snrDb 30 bitPerTone: 4500 rate: 54 throughput: 11
07-05 09:34:42.393   715   874 D WifiScoreCard: BSSID update SIGNAL_POLL ID: 1559335064 SSID: "AndroidWifi", BSSID: 00:13:10:85:fe:01, MAC: 02:15:b2:00:00:00, IP: /10.0.2.16, Security type: 0, Supplicant state: COMPLETED, Wi-Fi standard: legacy, RSSI: -50, Link speed: 1Mbps, Tx Link speed: 1Mbps, Max Supported Tx Link speed: 11Mbps, Rx Link speed: 2Mbps, Max Supported Rx Link speed: 11Mbps, Frequency: 2447MHz, Net ID: 0, Metered hint: false, score: 60, isUsable: true, CarrierMerged: false, SubscriptionId: -1, IsPrimary: 1, Trusted: true, Restricted: false, Ephemeral: false, OEM paid: false, OEM private: false, OSU AP: false, FQDN: <none>, Provider friendly name: <none>, Requesting package name: <none>"AndroidWifi"openMLO Information: , Is TID-To-Link negotiation supported by the AP: false, AP MLD Address: <none>, AP MLO Link Id: <none>, AP MLO Affiliated links: <none>, Vendor Data: <none>
07-05 09:34:42.393   715   874 D WifiScoreCard: txRate: 1 txSpeed: 1
07-05 09:34:42.393   715   874 D WifiScoreCard: network update SIGNAL_POLL "AndroidWifi" ID: 1201260005 RSSI -50 txSpeed -1
07-05 09:34:42.394   715   874 D WifiClientModeImpl[27601:wlan0]:  ClientModeImpl$L2ConnectedState screen=on 1 0 "AndroidWifi" 00:13:10:85:fe:01 rssi=-50 f=2447 sc=60 link=1 tx=0.5, 0.0, 0.0 rx=0.5 bcn=0 [on:0 tx:0 rx:0 period:3008] from screen [on:0 period:832654554] score=60
07-05 09:34:42.441 19914 19914 W dumpsys : Thread Pool max thread count is 0. Cannot cache binder as linkToDeath cannot be implemented. serviceName: window
07-05 09:34:42.511 19370 19370 D AutofillManager: Fill dialog is enabled:false, hints=[]
07-05 09:34:42.524   715  1783 W AS.PlaybackActivityMon: No piid assigned for invalid/internal port id 15
07-05 09:34:43.029 19923 19923 D AndroidRuntime: >>>>>> START com.android.internal.os.RuntimeInit uid 2000 <<<<<<
07-05 09:34:43.034 19923 19923 I AndroidRuntime: Using default boot image
07-05 09:34:43.034 19923 19923 I AndroidRuntime: Leaving lock profiling enabled
07-05 09:34:43.041 19923 19923 I app_process: Core platform API reporting enabled, enforcing=false
07-05 09:34:43.041 19923 19923 I app_process: Using CollectorTypeCMC GC.
07-05 09:34:43.144 19923 19923 D nativeloader: InitDefaultPublicLibraries for_preload=1: libandroid.so:libaaudio.so:libamidi.so:libbinder_ndk.so:libc.so:libcamera2ndk.so:libdl.so:libEGL.so:libGLESv1_CM.so:libGLESv2.so:libGLESv3.so:libicu.so:libicui18n.so:libicuuc.so:libjnigraphics.so:liblog.so:libmediandk.so:libm.so:libnativehelper.so:libnativewindow.so:libOpenMAXAL.so:libOpenSLES.so:libRS.so:libstdc++.so:libsync.so:libvulkan.so:libwebviewchromium_plat_support.so:libz.so
07-05 09:34:43.157 19923 19923 D nativeloader: Load libicu_jni.so using APEX ns com_android_art for caller /apex/com.android.art/javalib/core-oj.jar: ok
07-05 09:34:43.157 19923 19923 D app_process: u_setTimeZoneFilesDirectory("/apex/com.android.tzdata/etc/tz/versioned/9/icu") succeeded. 
07-05 09:34:43.158 19923 19923 D app_process: I18n APEX ICU file found: /apex/com.android.i18n/etc/icu/icudt76l.dat
07-05 09:34:43.159 19923 19923 D nativeloader: Load libjavacore.so using APEX ns com_android_art for caller /apex/com.android.art/javalib/core-oj.jar: ok
07-05 09:34:43.160 19923 19923 D nativeloader: Load libopenjdk.so using APEX ns com_android_art for caller /apex/com.android.art/javalib/core-oj.jar: ok
07-05 09:34:43.162 19923 19923 W app_process: Unexpected CPU variant for x86: x86_64.
07-05 09:34:43.162 19923 19923 W app_process: Known variants: atom, sandybridge, silvermont, goldmont, goldmont-plus, goldmont-without-sha-xsaves, tremont, kabylake, alderlake, default
07-05 09:34:43.163 19923 19923 W app_process: ClassLoaderContext shared library size mismatch. Expected=2, found=0 (PCL[]{PCL[/system/framework/android.test.base.jar*2789897741]#PCL[/system/framework/android.test.mock.jar*3361312393]} | PCL[])
07-05 09:34:43.164 19923 19923 W app_process: ClassLoaderContext classpath size mismatch. expected=0, found=1 (PCL[]{PCL[/system/framework/android.test.runner.jar*895143020]#PCL[/system/framework/android.test.base.jar*2789897741]} | PCL[/system/framework/android.test.runner.jar*895143020])
07-05 09:34:43.188 19923 19923 D nativeloader: Load libframework-connectivity-tiramisu-jni.so using APEX ns com_android_tethering for caller /apex/com.android.tethering/javalib/framework-connectivity-t.jar: ok
07-05 09:34:43.189 19923 19923 D AndroidRuntime: Calling main entry com.android.commands.uiautomator.Launcher
07-05 09:34:43.194 19923 19923 I AconfigPackage: android.media.swcodec.flags is mapped to com.android.media.swcodec
07-05 09:34:43.194 19923 19923 I AconfigPackage: com.google.android.settings.simplemode.flags is mapped to system_ext
07-05 09:34:43.194 19923 19923 I AconfigPackage: com.google.android.systemui is mapped to system_ext
07-05 09:34:43.194 19923 19923 I AconfigPackage: com.google.android.apps.nexuslauncher is mapped to system_ext
07-05 09:34:43.194 19923 19923 I AconfigPackage: com.android.settings.accessibility is mapped to system_ext
07-05 09:34:43.194 19923 19923 I AconfigPackage: com.android.settings.flags is mapped to system_ext
07-05 09:34:43.194 19923 19923 I AconfigPackage: com.google.android.apps.miphone.aiai.matchmaker.overview.ui is mapped to system_ext
07-05 09:34:43.195 19923 19923 I AconfigPackage: com.google.android.settings.flags is mapped to system_ext
07-05 09:34:43.195 19923 19923 I AconfigPackage: com.android.launcher3 is mapped to system_ext
07-05 09:34:43.195 19923 19923 I AconfigPackage: com.android.wallpaper is mapped to system_ext
07-05 09:34:43.195 19923 19923 I AconfigPackage: com.android.settings.media_drm is mapped to system_ext
07-05 09:34:43.195 19923 19923 I AconfigPackage: com.android.systemui.accessibility.accessibilitymenu is mapped to system_ext
07-05 09:34:43.195 19923 19923 I AconfigPackage: com.android.settings.keyboard is mapped to system_ext
07-05 09:34:43.195 19923 19923 I AconfigPackage: com.android.server.policy.feature.flags is mapped to system_ext
07-05 09:34:43.195 19923 19923 I AconfigPackage: com.android.settings.factory_reset is mapped to system_ext
07-05 09:34:43.196 19923 19923 I AconfigPackage: com.google.android.haptics.flags is mapped to system_ext
07-05 09:34:43.197 19923 19923 I AconfigPackage: com.android.permission.flags is mapped to com.android.permission
07-05 09:34:43.197 19923 19923 I AconfigPackage: com.android.icu is mapped to com.android.i18n
07-05 09:34:43.197 19923 19923 I AconfigPackage: com.android.appsearch.flags is mapped to com.android.appsearch
07-05 09:34:43.197 19923 19923 I AconfigPackage: android.uprobestats.mainline.flags is mapped to com.android.uprobestats
07-05 09:34:43.198 19923 19923 I AconfigPackage: android.provider.flags is mapped to com.android.configinfrastructure
07-05 09:34:43.198 19923 19923 I AconfigPackage: com.android.server.deviceconfig is mapped to com.android.configinfrastructure
07-05 09:34:43.198 19923 19923 I AconfigPackage: com.android.nfc.flags is mapped to system
07-05 09:34:43.198 19923 19923 I AconfigPackage: android.app.admin.flags is mapped to system
07-05 09:34:43.198 19923 19923 I AconfigPackage: android.database.sqlite is mapped to system
07-05 09:34:43.198 19923 19923 I AconfigPackage: com.android.providers.calendar is mapped to system
07-05 09:34:43.198 19923 19923 I AconfigPackage: com.android.server.power.feature.flags is mapped to system
07-05 09:34:43.198 19923 19923 I AconfigPackage: com.android.media.performance.flags is mapped to system
07-05 09:34:43.198 19923 19923 I AconfigPackage: android.app.contextualsearch.flags is mapped to system
07-05 09:34:43.199 19923 19923 I AconfigPackage: android.app.ondeviceintelligence.flags is mapped to system
07-05 09:34:43.199 19923 19923 I AconfigPackage: com.android.media.projection.flags is mapped to system
07-05 09:34:43.199 19923 19923 I AconfigPackage: android.companion is mapped to system
07-05 09:34:43.199 19923 19923 I AconfigPackage: android.service.controls.flags is mapped to system
07-05 09:34:43.199 19923 19923 I AconfigPackage: com.android.text.flags is mapped to system
07-05 09:34:43.199 19923 19923 I AconfigPackage: com.android.providers.contactkeys.flags is mapped to system
07-05 09:34:43.199 19923 19923 I AconfigPackage: com.android.intentresolver is mapped to system
07-05 09:34:43.200 19923 19923 I AconfigPackage: android.companion.virtualdevice.flags is mapped to system
07-05 09:34:43.200 19923 19923 I AconfigPackage: android.uprobestats.flags is mapped to system
07-05 09:34:43.200 19923 19923 I AconfigPackage: com.android.net.thread.platform.flags is mapped to system
07-05 09:34:43.200 19923 19923 I AconfigPackage: android.view.contentprotection.flags is mapped to system
07-05 09:34:43.200 19923 19923 I AconfigPackage: com.android.server.dreams is mapped to system
07-05 09:34:43.201 19923 19923 I AconfigPackage: com.android.graphics.surfaceflinger.flags is mapped to system
07-05 09:34:43.201 19923 19923 I AconfigPackage: com.android.hardware.input is mapped to system
07-05 09:34:43.201 19923 19923 I AconfigPackage: android.sdk is mapped to system
07-05 09:34:43.201 19923 19923 I AconfigPackage: com.android.input.flags is mapped to system
07-05 09:34:43.201 19923 19923 I AconfigPackage: android.tracing is mapped to system
07-05 09:34:43.201 19923 19923 I AconfigPackage: com.android.server.biometrics is mapped to system
07-05 09:34:43.201 19923 19923 I AconfigPackage: android.view.contentcapture.flags is mapped to system
07-05 09:34:43.201 19923 19923 I AconfigPackage: android.app.job is mapped to system
07-05 09:34:43.202 19923 19923 I AconfigPackage: android.content.res is mapped to system
07-05 09:34:43.202 19923 19923 I AconfigPackage: android.net.platform.flags is mapped to system
07-05 09:34:43.203 19923 19923 I AconfigPackage: com.android.aconfig.flags is mapped to system
07-05 09:34:43.203 19923 19923 I AconfigPackage: com.android.graphics.flags is mapped to system
07-05 09:34:43.203 19923 19923 I AconfigPackage: android.server.app is mapped to system
07-05 09:34:43.203 19923 19923 I AconfigPackage: android.speech.flags is mapped to system
07-05 09:34:43.203 19923 19923 I AconfigPackage: com.android.server.stats is mapped to system
07-05 09:34:43.203 19923 19923 I AconfigPackage: android.hardware.biometrics is mapped to system
07-05 09:34:43.203 19923 19923 I AconfigPackage: android.car.feature is mapped to system
07-05 09:34:43.203 19923 19923 I AconfigPackage: android.adpf is mapped to system
07-05 09:34:43.204 19923 19923 I AconfigPackage: android.location.flags is mapped to system
07-05 09:34:43.205 19923 19923 I AconfigPackage: com.android.settingslib.flags is mapped to system
07-05 09:34:43.205 19923 19923 I AconfigPackage: com.android.managedprovisioning.flags is mapped to system
07-05 09:34:43.205 19923 19923 I AconfigPackage: android.app.assist.flags is mapped to system
07-05 09:34:43.205 19923 19923 I AconfigPackage: com.android.server.net is mapped to system
07-05 09:34:43.205 19923 19923 I AconfigPackage: com.android.settingslib.widget.flags is mapped to system
07-05 09:34:43.205 19923 19923 I AconfigPackage: com.android.internal.camera.flags is mapped to system
07-05 09:34:43.206 19923 19923 I AconfigPackage: com.android.hardware.libsensor.flags is mapped to system
07-05 09:34:43.206 19923 19923 I AconfigPackage: com.android.internal.jank is mapped to system
07-05 09:34:43.206 19923 19923 I AconfigPackage: com.android.providers.settings is mapped to system
07-05 09:34:43.207 19923 19923 I AconfigPackage: android.multiuser is mapped to system
07-05 09:34:43.207 19923 19923 I AconfigPackage: com.android.server.power.optimization is mapped to system
07-05 09:34:43.207 19923 19923 I AconfigPackage: com.android.calllogbackup is mapped to system
07-05 09:34:43.207 19923 19923 I AconfigPackage: com.android.media.flags is mapped to system
07-05 09:34:43.208 19923 19923 I AconfigPackage: com.android.server.flags is mapped to system
07-05 09:34:43.208 19923 19923 I AconfigPackage: com.android.graphics.libvulkan.flags is mapped to system
07-05 09:34:43.208 19923 19923 I AconfigPackage: android.app.appfunctions.flags is mapped to system
07-05 09:34:43.208 19923 19923 I AconfigPackage: android.app.smartspace.flags is mapped to system
07-05 09:34:43.208 19923 19923 I AconfigPackage: com.android.providers.contacts.flags is mapped to system
07-05 09:34:43.208 19923 19923 I AconfigPackage: com.android.shell.flags is mapped to system
07-05 09:34:43.208 19923 19923 I AconfigPackage: com.android.media.aaudio is mapped to system
07-05 09:34:43.208 19923 19923 I AconfigPackage: android.hardware.radio is mapped to system
07-05 09:34:43.209 19923 19923 I AconfigPackage: com.google.wear.services.infra.flags is mapped to system
07-05 09:34:43.209 19923 19923 I AconfigPackage: suspend_service.flags is mapped to system
07-05 09:34:43.209 19923 19923 I AconfigPackage: android.media.midi is mapped to system
07-05 09:34:43.209 19923 19923 I AconfigPackage: com.android.libcore.readonly is mapped to system
07-05 09:34:43.209 19923 19923 I AconfigPackage: com.android.settingslib.widget.selectorwithwidgetpreference.flags is mapped to system
07-05 09:34:43.209 19923 19923 I AconfigPackage: android.service.notification is mapped to system
07-05 09:34:43.209 19923 19923 I AconfigPackage: com.android.systemui.shared is mapped to system
07-05 09:34:43.209 19923 19923 I AconfigPackage: android.app.jank is mapped to system
07-05 09:34:43.210 19923 19923 I AconfigPackage: android.app.wearable is mapped to system
07-05 09:34:43.210 19923 19923 I AconfigPackage: com.android.media.audio is mapped to system
07-05 09:34:43.210 19923 19923 I AconfigPackage: android.service.chooser is mapped to system
07-05 09:34:43.210 19923 19923 I AconfigPackage: com.android.server.compat is mapped to system
07-05 09:34:43.210 19923 19923 I AconfigPackage: com.android.server.alarm is mapped to system
07-05 09:34:43.210 19923 19923 I AconfigPackage: com.android.apex.flags is mapped to system
07-05 09:34:43.210 19923 19923 I AconfigPackage: android.service.quickaccesswallet is mapped to system
07-05 09:34:43.210 19923 19923 I AconfigPackage: android.app.usage is mapped to system
07-05 09:34:43.210 19923 19923 I AconfigPackage: com.android.server.accessibility is mapped to system
07-05 09:34:43.210 19923 19923 I AconfigPackage: android.app.supervision.flags is mapped to system
07-05 09:34:43.210 19923 19923 I AconfigPackage: com.android.server.utils is mapped to system
07-05 09:34:43.210 19923 19923 I AconfigPackage: android.chre.flags is mapped to system
07-05 09:34:43.211 19923 19923 I AconfigPackage: android.content.flags is mapped to system
07-05 09:34:43.211 19923 19923 I AconfigPackage: android.media.codec is mapped to system
07-05 09:34:43.211 19923 19923 I AconfigPackage: com.android.internal.os is mapped to system
07-05 09:34:43.211 19923 19923 I AconfigPackage: com.android.nfc.nci.flags is mapped to system
07-05 09:34:43.211 19923 19923 I AconfigPackage: android.app is mapped to system
07-05 09:34:43.211 19923 19923 I AconfigPackage: android.security.keystore2 is mapped to system
07-05 09:34:43.211 19923 19923 I AconfigPackage: android.crashrecovery.flags is mapped to system
07-05 09:34:43.211 19923 19923 I AconfigPackage: com.android.tradeinmode.flags is mapped to system
07-05 09:34:43.211 19923 19923 I AconfigPackage: android.hardware.flags is mapped to system
07-05 09:34:43.212 19923 19923 I AconfigPackage: com.android.server.telecom.flags is mapped to system
07-05 09:34:43.212 19923 19923 I AconfigPackage: com.android.settingslib.media.flags is mapped to system
07-05 09:34:43.212 19923 19923 I AconfigPackage: com.android.server.policy is mapped to system
07-05 09:34:43.212 19923 19923 I AconfigPackage: android.media.audiopolicy is mapped to system
07-05 09:34:43.212 19923 19923 I AconfigPackage: com.android.egg.flags is mapped to system
07-05 09:34:43.212 19923 19923 I AconfigPackage: com.android.internal.compat.flags is mapped to system
07-05 09:34:43.212 19923 19923 I AconfigPackage: android.security is mapped to system
07-05 09:34:43.213 19923 19923 I AconfigPackage: android.service.autofill is mapped to system
07-05 09:34:43.213 19923 19923 I AconfigPackage: com.example.android.aconfig.demo.flags is mapped to system
07-05 09:34:43.213 19923 19923 I AconfigPackage: android.view.flags is mapped to system
07-05 09:34:43.213 19923 19923 I AconfigPackage: android.companion.virtual.flags is mapped to system
07-05 09:34:43.213 19923 19923 I AconfigPackage: com.android.aconfig_new_storage is mapped to system
07-05 09:34:43.213 19923 19923 I AconfigPackage: com.android.server.feature.flags is mapped to system
07-05 09:34:43.213 19923 19923 I AconfigPackage: com.android.systemui is mapped to system
07-05 09:34:43.213 19923 19923 I AconfigPackage: com.android.server.power.batterysaver is mapped to system
07-05 09:34:43.213 19923 19923 I AconfigPackage: android.widget.flags is mapped to system
07-05 09:34:43.213 19923 19923 I AconfigPackage: com.android.media.editing.flags is mapped to system
07-05 09:34:43.213 19923 19923 I AconfigPackage: com.android.media.codec.flags is mapped to system
07-05 09:34:43.213 19923 19923 I AconfigPackage: com.android.server.powerstats is mapped to system
07-05 09:34:43.214 19923 19923 I AconfigPackage: com.android.graphics.egl.flags is mapped to system
07-05 09:34:43.214 19923 19923 I AconfigPackage: com.android.media.audioserver is mapped to system
07-05 09:34:43.214 19923 19923 I AconfigPackage: com.android.server.deviceidle is mapped to system
07-05 09:34:43.214 19923 19923 I AconfigPackage: android.nfc is mapped to system
07-05 09:34:43.214 19923 19923 I AconfigPackage: android.permission.flags is mapped to system
07-05 09:34:43.214 19923 19923 I AconfigPackage: android.service.voice.flags is mapped to system
07-05 09:34:43.214 19923 19923 I AconfigPackage: android.content.pm is mapped to system
07-05 09:34:43.214 19923 19923 I AconfigPackage: com.android.server.power.hint is mapped to system
07-05 09:34:43.214 19923 19923 I AconfigPackage: android.os is mapped to system
07-05 09:34:43.214 19923 19923 I AconfigPackage: android.service.dreams is mapped to system
07-05 09:34:43.214 19923 19923 I AconfigPackage: com.android.graphics.libgui.flags is mapped to system
07-05 09:34:43.215 19923 19923 I AconfigPackage: android.hardware.usb.flags is mapped to system
07-05 09:34:43.215 19923 19923 I AconfigPackage: android.provider is mapped to system
07-05 09:34:43.215 19923 19923 I AconfigPackage: com.android.server.job is mapped to system
07-05 09:34:43.215 19923 19923 I AconfigPackage: com.android.internal.foldables.flags is mapped to system
07-05 09:34:43.215 19923 19923 I AconfigPackage: com.android.internal.telephony.flags is mapped to system
07-05 09:34:43.215 19923 19923 I AconfigPackage: android.webkit is mapped to system
07-05 09:34:43.216 19923 19923 I AconfigPackage: android.credentials.flags is mapped to system
07-05 09:34:43.216 19923 19923 I AconfigPackage: com.android.server.display.feature.flags is mapped to system
07-05 09:34:43.216 19923 19923 I AconfigPackage: com.android.server.notification is mapped to system
07-05 09:34:43.216 19923 19923 I AconfigPackage: android.appwidget.flags is mapped to system
07-05 09:34:43.216 19923 19923 I AconfigPackage: com.android.frameworks.sensorservice.flags is mapped to system
07-05 09:34:43.217 19923 19923 I AconfigPackage: com.android.printspooler.flags is mapped to system
07-05 09:34:43.217 19923 19923 I AconfigPackage: com.android.window.flags is mapped to system
07-05 09:34:43.217 19923 19923 I AconfigPackage: android.adaptiveauth is mapped to system
07-05 09:34:43.217 19923 19923 I AconfigPackage: android.net.wifi.flags is mapped to system
07-05 09:34:43.217 19923 19923 I AconfigPackage: android.media.tv.flags is mapped to system
07-05 09:34:43.217 19923 19923 I AconfigPackage: com.android.server.usb.flags is mapped to system
07-05 09:34:43.217 19923 19923 I AconfigPackage: android.os.vibrator is mapped to system
07-05 09:34:43.217 19923 19923 I AconfigPackage: android.hardware.devicestate.feature.flags is mapped to system
07-05 09:34:43.217 19923 19923 I AconfigPackage: com.android.server.usage is mapped to system
07-05 09:34:43.218 19923 19923 I AconfigPackage: android.server is mapped to system
07-05 09:34:43.218 19923 19923 I AconfigPackage: com.android.wm.shell is mapped to system
07-05 09:34:43.218 19923 19923 I AconfigPackage: android.view.inputmethod is mapped to system
07-05 09:34:43.218 19923 19923 I AconfigPackage: com.android.graphics.hwui.flags is mapped to system
07-05 09:34:43.219 19923 19923 I AconfigPackage: com.android.server.backup is mapped to system
07-05 09:34:43.219 19923 19923 I AconfigPackage: com.android.internal.pm.pkg.component.flags is mapped to system
07-05 09:34:43.219 19923 19923 I AconfigPackage: android.view.accessibility is mapped to system
07-05 09:34:43.219 19923 19923 I AconfigPackage: com.google.wear.sdk is mapped to system
07-05 09:34:43.220 19923 19923 I AconfigPackage: android.media.audio is mapped to system
07-05 09:34:43.220 19923 19923 I AconfigPackage: com.android.server.am is mapped to system
07-05 09:34:43.220 19923 19923 I AconfigPackage: com.android.media.playback.flags is mapped to system
07-05 09:34:43.220 19923 19923 I AconfigPackage: com.android.art.flags is mapped to com.android.art
07-05 09:34:43.221 19923 19923 I AconfigPackage: com.android.libcore is mapped to com.android.art
07-05 09:34:43.222 19923 19923 I AconfigPackage: com.android.media.extractor.flags is mapped to com.android.media
07-05 09:34:43.222 19923 19923 I AconfigPackage: com.android.media.mainline.flags is mapped to com.android.media
07-05 09:34:43.222 19923 19923 I AconfigPackage: com.android.wifi.flags is mapped to com.android.wifi
07-05 09:34:43.222 19923 19923 I AconfigPackage: com.android.org.conscrypt.flags is mapped to com.android.conscrypt
07-05 09:34:43.223 19923 19923 I AconfigPackage: com.android.healthfitness.flags is mapped to com.android.healthfitness
07-05 09:34:43.223 19923 19923 I AconfigPackage: com.google.android.input.twoshay.flags is mapped to vendor
07-05 09:34:43.224 19923 19923 I AconfigPackage: libgooglecamerahal.flags is mapped to vendor
07-05 09:34:43.224 19923 19923 I AconfigPackage: com.android.ipsec.flags is mapped to com.android.ipsec
07-05 09:34:43.224 19923 19923 I AconfigPackage: com.android.nfc.module.flags is mapped to com.android.nfcservices
07-05 09:34:43.226 19923 19923 I AconfigPackage: com.android.adservices.ondevicepersonalization.flags is mapped to com.android.ondevicepersonalization
07-05 09:34:43.226 19923 19923 I AconfigPackage: com.android.bluetooth.flags is mapped to com.android.bt
07-05 09:34:43.227 19923 19923 I AconfigPackage: com.android.devicelock.flags is mapped to com.android.devicelock
07-05 09:34:43.227 19923 19923 I AconfigPackage: android.os.profiling is mapped to com.android.profiling
07-05 09:34:43.228 19923 19923 I AconfigPackage: com.android.os.statsd.flags is mapped to com.android.os.statsd
07-05 09:34:43.229 19923 19923 I AconfigPackage: com.android.cellbroadcastreceiver.flags is mapped to com.android.cellbroadcast
07-05 09:34:43.230 19923 19923 I AconfigPackage: com.android.adservices.flags is mapped to com.android.adservices
07-05 09:34:43.230 19923 19923 I AconfigPackage: com.android.sdksandbox.flags is mapped to com.android.adservices
07-05 09:34:43.230 19923 19923 I AconfigPackage: com.android.uwb.flags is mapped to com.android.uwb
07-05 09:34:43.230 19923 19923 I AconfigPackage: com.android.ranging.flags is mapped to com.android.uwb
07-05 09:34:43.230 19923 19923 I AconfigPackage: android.graphics.pdf.flags is mapped to com.android.mediaprovider
07-05 09:34:43.231 19923 19923 I AconfigPackage: com.android.providers.media.flags is mapped to com.android.mediaprovider
07-05 09:34:43.231 19923 19923 I AconfigPackage: android.graphics.pdf.flags.readonly is mapped to com.android.mediaprovider
07-05 09:34:43.231 19923 19923 I AconfigPackage: com.android.net.ct.flags is mapped to com.android.tethering
07-05 09:34:43.231 19923 19923 I AconfigPackage: com.android.net.flags is mapped to com.android.tethering
07-05 09:34:43.231 19923 19923 I AconfigPackage: android.net.vcn is mapped to com.android.tethering
07-05 09:34:43.231 19923 19923 I AconfigPackage: com.android.nearby.flags is mapped to com.android.tethering
07-05 09:34:43.231 19923 19923 I AconfigPackage: android.net.http is mapped to com.android.tethering
07-05 09:34:43.231 19923 19923 I AconfigPackage: com.android.net.thread.flags is mapped to com.android.tethering
07-05 09:34:43.231 19923 19923 I AconfigPackage: com.android.system.virtualmachine.flags is mapped to com.android.virt
07-05 09:34:43.232 19923 19923 E FeatureFlagsImplExport: android.os.flagging.AconfigStorageReadException: ERROR_PACKAGE_NOT_FOUND: package android.xr cannot be found on the device
07-05 09:34:43.238 19923 19923 D UiAutomationConnection: Created on user UserHandle{0}
07-05 09:34:43.238 19923 19923 I UiAutomation: Initialized for user 0 on display 0
07-05 09:34:43.238 19923 19923 W UiAutomation: Created with deprecatead constructor, assumes DEFAULT_DISPLAY
07-05 09:34:43.243   715  1783 D AccessibilityManagerService: changeCurrentUserForTestAutomationIfNeededLocked(0): ignoring because device doesn't support visible background users
07-05 09:34:43.244   715  1783 I UiAutomationManager: Registering UiTestAutomationService (id=com.android.server.accessibility/UiAutomation, flags=0x0) when called by user 0
07-05 09:34:43.244   715  1783 V AccessibilityManagerService: onUserStateChangedLocked for userId: 0, forceUpdate: false
07-05 09:34:43.254   715  1783 W MagnificationConnectionManager: requestConnection duplicated request: connect=false, mConnectionState=DISCONNECTED
07-05 09:34:43.256   715   715 W IPCThreadState: Sending oneway calls to frozen process.
07-05 09:34:43.257   715   715 W IPCThreadState: Sending oneway calls to frozen process.
07-05 09:34:43.257   715   715 W IPCThreadState: Sending oneway calls to frozen process.
07-05 09:34:43.258   715   715 W IPCThreadState: Sending oneway calls to frozen process.
07-05 09:34:43.259 19923 19935 V UiAutomation: Init UiAutomation@76f61d3[id=587, displayId=0, flags=0]
07-05 09:34:43.259   715   715 W IPCThreadState: Sending oneway calls to frozen process.
07-05 09:34:43.261   715   715 W IPCThreadState: Sending oneway calls to frozen process.
07-05 09:34:43.261   715  2117 V AccessibilityManagerService: onUserStateChangedLocked for userId: 0, forceUpdate: false
07-05 09:34:43.261   715   715 W IPCThreadState: Sending oneway calls to frozen process.
07-05 09:34:43.261   715   715 W IPCThreadState: Sending oneway calls to frozen process.
07-05 09:34:43.262   715  2117 W MagnificationConnectionManager: requestConnection duplicated request: connect=false, mConnectionState=DISCONNECTED
07-05 09:34:43.262   715   715 W IPCThreadState: Sending oneway calls to frozen process.
07-05 09:34:43.264   715   715 W IPCThreadState: Sending oneway calls to frozen process.
07-05 09:34:43.264   715   715 W IPCThreadState: Sending oneway calls to frozen process.
07-05 09:34:43.264   715   715 W IPCThreadState: Sending oneway calls to frozen process.
07-05 09:34:43.265   715   715 W IPCThreadState: Sending oneway calls to frozen process.
07-05 09:34:43.265   715   715 W IPCThreadState: Sending oneway calls to frozen process.
07-05 09:34:43.266   488   532 I netd    : tetherGetStats() -> {[]} <0.50ms>
07-05 09:34:43.266   715   715 W IPCThreadState: Sending oneway calls to frozen process.
07-05 09:34:43.267   715   715 W IPCThreadState: Sending oneway calls to frozen process.
07-05 09:34:43.268   715   715 W IPCThreadState: Sending oneway calls to frozen process.
07-05 09:34:43.268   715   715 W IPCThreadState: Sending oneway calls to frozen process.
07-05 09:34:43.269   715   715 W IPCThreadState: Sending oneway calls to frozen process.
07-05 09:34:43.269   715   715 W IPCThreadState: Sending oneway calls to frozen process.
07-05 09:34:43.269   715   715 W IPCThreadState: Sending oneway calls to frozen process.
07-05 09:34:43.269   715   715 W IPCThreadState: Sending oneway calls to frozen process.
07-05 09:34:43.270   715   715 W IPCThreadState: Sending oneway calls to frozen process.
07-05 09:34:43.271   715   715 W IPCThreadState: Sending oneway calls to frozen process.
07-05 09:34:43.276   715   715 W IPCThreadState: Sending oneway calls to frozen process.
