07-05 09:34:43.276   715   715 W IPCThreadState: Sending oneway calls to frozen process.
07-05 09:34:43.277   715   715 W IPCThreadState: Sending oneway calls to frozen process.
07-05 09:34:43.278   715   715 W IPCThreadState: Sending oneway calls to frozen process.
07-05 09:34:43.279   715   715 W IPCThreadState: Sending oneway calls to frozen process.
07-05 09:34:43.279   715   715 W IPCThreadState: Sending oneway calls to frozen process.
07-05 09:34:43.280   715   715 W IPCThreadState: Sending oneway calls to frozen process.
07-05 09:34:43.281   715   715 W IPCThreadState: Sending oneway calls to frozen process.
07-05 09:34:43.281   715   715 W IPCThreadState: Sending oneway calls to frozen process.
07-05 09:34:43.282   715   715 W IPCThreadState: Sending oneway calls to frozen process.
07-05 09:34:43.282   715   715 W IPCThreadState: Sending oneway calls to frozen process.
07-05 09:34:43.283   715   715 W IPCThreadState: Sending oneway calls to frozen process.
07-05 09:34:43.283   715   715 W IPCThreadState: Sending oneway calls to frozen process.
07-05 09:34:43.284   715   715 W IPCThreadState: Sending oneway calls to frozen process.
07-05 09:34:43.284   715   715 W IPCThreadState: Sending oneway calls to frozen process.
07-05 09:34:43.284   715   715 W IPCThreadState: Sending oneway calls to frozen process.
07-05 09:34:43.284   715   715 W IPCThreadState: Sending oneway calls to frozen process.
07-05 09:34:43.292   715   715 W IPCThreadState: Sending oneway calls to frozen process.
07-05 09:34:43.293   715   715 W IPCThreadState: Sending oneway calls to frozen process.
07-05 09:34:43.293   715   715 W IPCThreadState: Sending oneway calls to frozen process.
07-05 09:34:43.294   715   715 W IPCThreadState: Sending oneway calls to frozen process.
07-05 09:34:44.276 19923 19923 W AccessibilityNodeInfoDumper: Fetch time: 4ms
07-05 09:34:44.278   715  2117 V AccessibilityManagerService: onUserStateChangedLocked for userId: 0, forceUpdate: false
07-05 09:34:44.280   715   930 D BackgroundInstallControlService: Package event received: 0
07-05 09:34:44.281   715  2117 W MagnificationConnectionManager: requestConnection duplicated request: connect=false, mConnectionState=DISCONNECTED
07-05 09:34:44.281   715  2117 D AccessibilityManagerService: restoreCurrentUserForTestAutomationIfNeededLocked(): ignoring because device doesn't support visible background users
07-05 09:34:44.281   715   715 W IPCThreadState: Sending oneway calls to frozen process.
07-05 09:34:44.281   715   715 W IPCThreadState: Sending oneway calls to frozen process.
07-05 09:34:44.282   715   715 W IPCThreadState: Sending oneway calls to frozen process.
07-05 09:34:44.282   715   715 W IPCThreadState: Sending oneway calls to frozen process.
07-05 09:34:44.282   715   715 W IPCThreadState: Sending oneway calls to frozen process.
07-05 09:34:44.283   715   715 W IPCThreadState: Sending oneway calls to frozen process.
07-05 09:34:44.283 19923 19932 W IPCThreadState: call to talkWithDriver in joinThreadPool returned error: -9 (Bad file descriptor), FD: -1
07-05 09:34:44.283   715   715 W IPCThreadState: Sending oneway calls to frozen process.
07-05 09:34:44.284   715   715 W IPCThreadState: Sending oneway calls to frozen process.
07-05 09:34:44.284 19923 19923 D AndroidRuntime: Shutting down VM
07-05 09:34:44.284 19923 19936 W IPCThreadState: call to talkWithDriver in joinThreadPool returned error: -9 (Bad file descriptor), FD: -1
07-05 09:34:44.284 19923 19933 W IPCThreadState: call to talkWithDriver in joinThreadPool returned error: -9 (Bad file descriptor), FD: -1
07-05 09:34:44.284   715   715 W IPCThreadState: Sending oneway calls to frozen process.
07-05 09:34:44.287   715   715 W IPCThreadState: Sending oneway calls to frozen process.
07-05 09:34:44.288   715   715 W IPCThreadState: Sending oneway calls to frozen process.
07-05 09:34:44.288   715   715 W IPCThreadState: Sending oneway calls to frozen process.
07-05 09:34:44.288   715   715 W IPCThreadState: Sending oneway calls to frozen process.
07-05 09:34:44.288   715   715 W IPCThreadState: Sending oneway calls to frozen process.
07-05 09:34:44.289   715   715 W IPCThreadState: Sending oneway calls to frozen process.
07-05 09:34:44.289   715   715 W IPCThreadState: Sending oneway calls to frozen process.
07-05 09:34:44.290   715   715 W IPCThreadState: Sending oneway calls to frozen process.
07-05 09:34:44.290   715   715 W IPCThreadState: Sending oneway calls to frozen process.
07-05 09:34:44.292   715   715 V AccessibilityManagerService: onUserStateChangedLocked for userId: 0, forceUpdate: false
07-05 09:34:44.293   715   715 W MagnificationConnectionManager: requestConnection duplicated request: connect=false, mConnectionState=DISCONNECTED
07-05 09:34:44.293   715   715 W IPCThreadState: Sending oneway calls to frozen process.
07-05 09:34:44.293   715   715 W IPCThreadState: Sending oneway calls to frozen process.
07-05 09:34:44.293   715   715 W IPCThreadState: Sending oneway calls to frozen process.
07-05 09:34:44.294   715   715 W IPCThreadState: Sending oneway calls to frozen process.
07-05 09:34:44.294   715   715 W IPCThreadState: Sending oneway calls to frozen process.
07-05 09:34:44.294   715   715 W IPCThreadState: Sending oneway calls to frozen process.
07-05 09:34:44.295   715   715 W IPCThreadState: Sending oneway calls to frozen process.
07-05 09:34:44.295   715   715 W IPCThreadState: Sending oneway calls to frozen process.
07-05 09:34:44.296   715   715 W IPCThreadState: Sending oneway calls to frozen process.
07-05 09:34:44.297   715   715 W IPCThreadState: Sending oneway calls to frozen process.
07-05 09:34:44.297   715   715 W IPCThreadState: Sending oneway calls to frozen process.
07-05 09:34:44.297   715   715 W IPCThreadState: Sending oneway calls to frozen process.
07-05 09:34:44.297   715   715 W IPCThreadState: Sending oneway calls to frozen process.
07-05 09:34:44.297   715   715 W IPCThreadState: Sending oneway calls to frozen process.
07-05 09:34:44.298   715   715 W IPCThreadState: Sending oneway calls to frozen process.
07-05 09:34:44.298   715   715 W IPCThreadState: Sending oneway calls to frozen process.
07-05 09:34:44.298   715   715 W IPCThreadState: Sending oneway calls to frozen process.
07-05 09:34:44.299   715   715 W IPCThreadState: Sending oneway calls to frozen process.
07-05 09:34:44.301   715   715 W IPCThreadState: Sending oneway calls to frozen process.
07-05 09:34:44.301   715   715 W IPCThreadState: Sending oneway calls to frozen process.
07-05 09:34:44.301   715   715 W IPCThreadState: Sending oneway calls to frozen process.
07-05 09:34:44.301   715   715 W IPCThreadState: Sending oneway calls to frozen process.
07-05 09:34:44.301   715   715 W IPCThreadState: Sending oneway calls to frozen process.
07-05 09:34:44.302   715   715 W IPCThreadState: Sending oneway calls to frozen process.
07-05 09:34:44.303   715   715 W IPCThreadState: Sending oneway calls to frozen process.
07-05 09:34:44.305   488   532 I netd    : tetherGetStats() -> {[]} <0.59ms>
07-05 09:34:44.305   715   715 W IPCThreadState: Sending oneway calls to frozen process.
07-05 09:34:44.306   715   715 W IPCThreadState: Sending oneway calls to frozen process.
07-05 09:34:45.226 19940 19940 W dumpsys : Thread Pool max thread count is 0. Cannot cache binder as linkToDeath cannot be implemented. serviceName: window
07-05 09:34:45.304   960   960 D wpa_supplicant: nl80211: Drv Event 64 (NL80211_CMD_NOTIFY_CQM) received for wlan0
07-05 09:34:45.305   960   960 D wpa_supplicant: nl80211: Beacon loss event
07-05 09:34:45.305   960   960 D wpa_supplicant: wlan0: Event BEACON_LOSS (53) received
07-05 09:34:45.305   960   960 I wpa_supplicant: wlan0: CTRL-EVENT-BEACON-LOSS 
07-05 09:34:45.315   715  2117 E NotificationService: Suppressing toast from package com.huiyi.v4 by user request.
07-05 09:34:45.316 19370 19370 I FloatingBubbleService: express_self_click_ack latencyMs=3 ackVisible=true
07-05 09:34:45.320   715  1783 W AS.PlaybackActivityMon: No piid assigned for invalid/internal port id 15
07-05 09:34:45.337   563   662 D AudioFlinger: mixer(0x7a05b9670770) throttle end: throttle time(35)
07-05 09:34:45.371 19370 19370 I HuiyiRuntime: dynamic_playbook_result sessionId=b6e71825-f934-4af9-97fd-48971a4b7065 mode=EXPRESS_SELF chatKey=com.huiyi.mockchat|mock:49b3c0f5 source=LOCAL_FALLBACK decisionSource=EXPRESS_SELF_ELIGIBILITY_BLOCKED lastSpeaker=OTHER decision=PRE_ANALYSIS_CONTAMINATED routeCount=0 latencyMs=8 cacheHit=true localFallbackUsed=false cloudRefreshRecommended=false
07-05 09:34:45.381   715  2117 W AppOps  : Noting op not finished: uid 10216 pkg com.huiyi.v4 code 24 startTime of in progress event=1783244084280
07-05 09:34:45.393   715  2117 D CoreBackPreview: Window{72efd22 u0 com.huiyi.v4}: Setting back callback OnBackInvokedCallbackInfo{mCallback=android.window.IOnBackInvokedCallback$Stub$Proxy@6bc18e9, mPriority=0, mIsAnimationCallback=false, mOverrideBehavior=0}
07-05 09:34:45.398   715   874 D WifiClientModeImpl[27601:wlan0]: updateLinkLayerStatsRssiSpeedFrequencyCapabilities rssi=-50 TxLinkspeed=1 freq=2447 RxLinkSpeed=2
07-05 09:34:45.399   715   874 D WifiDataStall: tx tput in kbps: 11000
07-05 09:34:45.399   715   874 D WifiDataStall: rx tput in kbps: 11000
07-05 09:34:45.399   715   874 V WifiConfigManager: Updating scan detail cache freq=2447 BSSID=00:13:10:85:fe:01 RSSI=-50 for "AndroidWifi"NONE
07-05 09:34:45.399   715   874 D WifiThroughputPredictor:  utilization (LLS) 80 isBluetoothConnected: false final utilization: 80
07-05 09:34:45.399   715   874 D WifiThroughputPredictor:  BW: 0 RSSI: -50 Nss: 1 Mode: 1 symDur: 4000 snrDb 30 bitPerTone: 4500 rate: 54 throughput: 11
07-05 09:34:45.399   715   874 D WifiThroughputPredictor:  utilization (LLS) 80 isBluetoothConnected: false final utilization: 80
07-05 09:34:45.399   715   874 D WifiThroughputPredictor:  BW: 0 RSSI: -50 Nss: 1 Mode: 1 symDur: 4000 snrDb 30 bitPerTone: 4500 rate: 54 throughput: 11
07-05 09:34:45.400   715   874 D WifiThroughputPredictor:  utilization (LLS) 80 isBluetoothConnected: false final utilization: 80
07-05 09:34:45.400   715   874 D WifiThroughputPredictor:  BW: 0 RSSI: -50 Nss: 1 Mode: 1 symDur: 4000 snrDb 30 bitPerTone: 4500 rate: 54 throughput: 11
07-05 09:34:45.400   715   874 D WifiThroughputPredictor:  utilization (LLS) 80 isBluetoothConnected: false final utilization: 80
07-05 09:34:45.400   715   874 D WifiThroughputPredictor:  BW: 0 RSSI: -50 Nss: 1 Mode: 1 symDur: 4000 snrDb 30 bitPerTone: 4500 rate: 54 throughput: 11
07-05 09:34:45.401   715   874 D WifiScoreCard: BSSID update SIGNAL_POLL ID: 1559335064 SSID: "AndroidWifi", BSSID: 00:13:10:85:fe:01, MAC: 02:15:b2:00:00:00, IP: /10.0.2.16, Security type: 0, Supplicant state: COMPLETED, Wi-Fi standard: legacy, RSSI: -50, Link speed: 1Mbps, Tx Link speed: 1Mbps, Max Supported Tx Link speed: 11Mbps, Rx Link speed: 2Mbps, Max Supported Rx Link speed: 11Mbps, Frequency: 2447MHz, Net ID: 0, Metered hint: false, score: 60, isUsable: true, CarrierMerged: false, SubscriptionId: -1, IsPrimary: 1, Trusted: true, Restricted: false, Ephemeral: false, OEM paid: false, OEM private: false, OSU AP: false, FQDN: <none>, Provider friendly name: <none>, Requesting package name: <none>"AndroidWifi"openMLO Information: , Is TID-To-Link negotiation supported by the AP: false, AP MLD Address: <none>, AP MLO Link Id: <none>, AP MLO Affiliated links: <none>, Vendor Data: <none>
07-05 09:34:45.401   715   874 D WifiScoreCard: txRate: 1 txSpeed: 1
07-05 09:34:45.401   715   874 D WifiScoreCard: network update SIGNAL_POLL "AndroidWifi" ID: 1201260005 RSSI -50 txSpeed -1
07-05 09:34:45.401   715   874 D WifiClientModeImpl[27601:wlan0]:  ClientModeImpl$L2ConnectedState screen=on 1 0 "AndroidWifi" 00:13:10:85:fe:01 rssi=-50 f=2447 sc=60 link=1 tx=0.1, 0.0, 0.0 rx=0.1 bcn=0 [on:0 tx:0 rx:0 period:3007] from screen [on:0 period:832657561] score=60
07-05 09:34:45.642   715   874 D WifiNetworkSelector: Current connected network: 0
07-05 09:34:45.642   715   874 V WifiConnectivityManager: No full band scan because current network is sufficient
07-05 09:34:45.643   715   874 V WifiConnectivityManager: schedulePeriodicScanTimer intervalMs 160000
07-05 09:34:45.643   715   879 I WifiScanningService: Registering listener= com.android.server.wifi.scanner.WifiScannerInternal$ScanListener@ae3c96e uid=1000 packageName=null workSource=WorkSource{1000}
07-05 09:34:45.643   715   879 I WifiScanningService: start scan: ClientInfo[uid=1000, package=null, attributionTag=null, com.android.server.wifi.scanner.WifiScannerInternal$ScanListener@ae3c96e] package null AttributionTag null
07-05 09:34:45.645   715   879 I WifiScanningService: addSingleScanRequest: ClientInfo[uid=1000, package=null, attributionTag=null, com.android.server.wifi.scanner.WifiScannerInternal$ScanListener@ae3c96e],WorkSource{1010}, ScanSettings {  type:HIGH ACCURACY band:unspecified ignoreLocationSettings:false period:0 reportEvents:3 numBssidsPerScan:0 maxScansToCache:0 rnrSetting:2 6GhzPscOnlyEnabled:false channels:[ 2447  ]  } 
07-05 09:34:45.645   715   879 D WifiScanningService: replySucceeded onSuccess
07-05 09:34:45.652   960   960 D wpa_supplicant: nl80211: Drv Event 33 (NL80211_CMD_TRIGGER_SCAN) received for wlan0
07-05 09:34:45.653   960   960 D wpa_supplicant: wlan0: nl80211: Scan trigger
07-05 09:34:45.653   960   960 D wpa_supplicant: wlan0: Event SCAN_STARTED (47) received
07-05 09:34:45.653   960   960 D wpa_supplicant: wlan0: External program started a scan
07-05 09:34:45.721   960   960 D wpa_supplicant: nl80211: Drv Event 34 (NL80211_CMD_NEW_SCAN_RESULTS) received for wlan0
07-05 09:34:45.721   960   960 D wpa_supplicant: wlan0: nl80211: New scan results available
07-05 09:34:45.721   960   960 D wpa_supplicant: nl80211: Scan probed for SSID ''
07-05 09:34:45.721   960   960 D wpa_supplicant: nl80211: Scan included frequencies: 2447
07-05 09:34:45.721   960   960 D wpa_supplicant: wlan0: Event SCAN_RESULTS (3) received
07-05 09:34:45.721   960   960 D wpa_supplicant: nl80211: Received scan results (1 BSSes)
07-05 09:34:45.721   960   960 D wpa_supplicant: nl80211: Scan results indicate BSS status with 00:13:10:85:fe:01 as associated
07-05 09:34:45.721   960   960 D wpa_supplicant: wlan0: BSS: Start scan result update 135
07-05 09:34:45.721   960   960 D wpa_supplicant: BSS: last_scan_res_used=1/32
07-05 09:34:45.722   960   960 D wpa_supplicant: wlan0: New scan results available (own=0 ext=1)
07-05 09:34:45.722   960   960 D wpa_supplicant: wlan0: Do not use results from externally requested scan operation for network selection
07-05 09:34:45.722   960   960 D wpa_supplicant: p2p-dev-wlan0: Updating scan results from sibling
07-05 09:34:45.722   960   960 D wpa_supplicant: nl80211: Received scan results (1 BSSes)
07-05 09:34:45.722   960   960 D wpa_supplicant: p2p-dev-wlan0: BSS: Start scan result update 135
07-05 09:34:45.722   960   960 D wpa_supplicant: BSS: last_scan_res_used=1/32
07-05 09:34:45.722   960   960 D wpa_supplicant: p2p-dev-wlan0: New scan results available (own=0 ext=1)
07-05 09:34:45.722   960   960 D wpa_supplicant: p2p-dev-wlan0: Do not use results from externally requested scan operation for network selection
07-05 09:34:45.724   715  1464 D WifiNl80211Manager: Scan result ready event
07-05 09:34:45.724   715  1464 D WifiNative: Scan result ready event
07-05 09:34:45.725   715   879 D WifiNl80211Manager: get 1 scan results from wificond
07-05 09:34:45.725   715   879 D WifiNative: get 1 scan results from wificond
07-05 09:34:45.727   715   879 I WifiScanningService: singleScanResults: ClientInfo[uid=1000, package=null, attributionTag=null, com.android.server.wifi.scanner.WifiScannerInternal$ScanListener@ae3c96e],results=1
07-05 09:34:45.727  1314  2064 I WifiScanner: onFullResults
07-05 09:34:45.727   715   879 I WifiScanningService: singleScanResults listener: ClientInfo[uid=1000, package=android, attributionTag=null, com.android.server.wifi.scanner.WifiScannerInternal$ScanListener@f00e339],results=1
07-05 09:34:45.727  1314  2265 I WifiScanner: onFullResults
07-05 09:34:45.729   715   879 I WifiScanningService: singleScanResults listener: ClientInfo[uid=1000, package=android, attributionTag=null, com.android.server.wifi.scanner.WifiScannerInternal$ScanListener@12a4e18],results=1
07-05 09:34:45.729   715   874 D WifiScanRequestProxy: Scan results received
07-05 09:34:45.729   715   874 D WifiScanRequestProxy: Received 1 scan results
07-05 09:34:45.730   715   879 I WifiScanningService: singleScanResults listener: ClientInfo[uid=1000, package=android, attributionTag=null, com.android.server.wifi.scanner.WifiScannerInternal$ScanListener@f3c808f],results=1
07-05 09:34:45.730   715   879 I WifiScanningService: singleScanResults listener: ClientInfo[uid=10145, package=com.google.android.gms, attributionTag=network_location_provider, android.net.wifi.IWifiScannerListener$Stub$Proxy@eff4153],results=1
07-05 09:34:45.730   715   879 I WifiScanningService: singleScanResults listener: ClientInfo[uid=10145, package=com.google.android.gms, attributionTag=fused_location_provider, android.net.wifi.IWifiScannerListener$Stub$Proxy@b3e82de],results=1
07-05 09:34:45.731   715   879 I WifiScanningService: Unregistering listener= com.android.server.wifi.scanner.WifiScannerInternal$ScanListener@ae3c96e uid=1000 packageName=null workSource=WorkSource{1000}
07-05 09:34:45.735   715   874 I HalDevMgr: bestIfaceCreationProposal is null, requestIface=STA, existingIface=[name=wlan0 type=STA]
07-05 09:34:45.736   715   874 V WifiConnectivityManager: AllSingleScanListener onResults: start network selection
07-05 09:34:45.736   715   874 V WifiConfigManager: getSavedNetworkFromScanResult Found "AndroidWifi"NONE for AndroidWifi[[ESS]]
07-05 09:34:45.737   715   874 D WifiNetworkSelector: Current connected network: 0
07-05 09:34:45.738   715   874 D WifiNetworkSelector: wlan0: Current connected network already sufficient. Skip network selection.
07-05 09:34:45.738   715   874 V WifiLastResortWatchdog: updateAvailableNetworks: size = 0
07-05 09:34:45.738   715   874 V WifiLastResortWatchdog: mWatchdogFeatureEnabled: true
07-05 09:34:45.738   715   874 V WifiLastResortWatchdog: mWatchdogAllowedToTrigger: true
07-05 09:34:45.738   715   874 V WifiLastResortWatchdog: mRecentAvailableNetworks: 0
07-05 09:34:45.738   715   874 V WifiLastResortWatchdog: mSsidFailureCount:
07-05 09:34:45.738   715   874 V WifiConnectivityManager: AllSingleScanListener:  No candidates
07-05 09:34:46.612 19949 19949 D AndroidRuntime: >>>>>> START com.android.internal.os.RuntimeInit uid 2000 <<<<<<
07-05 09:34:46.617 19949 19949 I AndroidRuntime: Using default boot image
07-05 09:34:46.617 19949 19949 I AndroidRuntime: Leaving lock profiling enabled
07-05 09:34:46.619 19949 19949 I app_process: Core platform API reporting enabled, enforcing=false
07-05 09:34:46.621 19949 19949 I app_process: Using CollectorTypeCMC GC.
07-05 09:34:46.710 19949 19949 D nativeloader: InitDefaultPublicLibraries for_preload=1: libandroid.so:libaaudio.so:libamidi.so:libbinder_ndk.so:libc.so:libcamera2ndk.so:libdl.so:libEGL.so:libGLESv1_CM.so:libGLESv2.so:libGLESv3.so:libicu.so:libicui18n.so:libicuuc.so:libjnigraphics.so:liblog.so:libmediandk.so:libm.so:libnativehelper.so:libnativewindow.so:libOpenMAXAL.so:libOpenSLES.so:libRS.so:libstdc++.so:libsync.so:libvulkan.so:libwebviewchromium_plat_support.so:libz.so
07-05 09:34:46.723 19949 19949 D nativeloader: Load libicu_jni.so using APEX ns com_android_art for caller /apex/com.android.art/javalib/core-oj.jar: ok
07-05 09:34:46.723 19949 19949 D app_process: u_setTimeZoneFilesDirectory("/apex/com.android.tzdata/etc/tz/versioned/9/icu") succeeded. 
07-05 09:34:46.723 19949 19949 D app_process: I18n APEX ICU file found: /apex/com.android.i18n/etc/icu/icudt76l.dat
07-05 09:34:46.726 19949 19949 D nativeloader: Load libjavacore.so using APEX ns com_android_art for caller /apex/com.android.art/javalib/core-oj.jar: ok
07-05 09:34:46.727 19949 19949 D nativeloader: Load libopenjdk.so using APEX ns com_android_art for caller /apex/com.android.art/javalib/core-oj.jar: ok
07-05 09:34:46.729 19949 19949 W app_process: Unexpected CPU variant for x86: x86_64.
07-05 09:34:46.729 19949 19949 W app_process: Known variants: atom, sandybridge, silvermont, goldmont, goldmont-plus, goldmont-without-sha-xsaves, tremont, kabylake, alderlake, default
07-05 09:34:46.731 19949 19949 W app_process: ClassLoaderContext shared library size mismatch. Expected=2, found=0 (PCL[]{PCL[/system/framework/android.test.base.jar*2789897741]#PCL[/system/framework/android.test.mock.jar*3361312393]} | PCL[])
07-05 09:34:46.734 19949 19949 W app_process: ClassLoaderContext classpath size mismatch. expected=0, found=1 (PCL[]{PCL[/system/framework/android.test.runner.jar*895143020]#PCL[/system/framework/android.test.base.jar*2789897741]} | PCL[/system/framework/android.test.runner.jar*895143020])
07-05 09:34:46.756 19949 19949 D nativeloader: Load libframework-connectivity-tiramisu-jni.so using APEX ns com_android_tethering for caller /apex/com.android.tethering/javalib/framework-connectivity-t.jar: ok
07-05 09:34:46.757 19949 19949 D AndroidRuntime: Calling main entry com.android.commands.uiautomator.Launcher
07-05 09:34:46.761 19949 19949 I AconfigPackage: android.media.swcodec.flags is mapped to com.android.media.swcodec
07-05 09:34:46.761 19949 19949 I AconfigPackage: com.google.android.settings.simplemode.flags is mapped to system_ext
07-05 09:34:46.762 19949 19949 I AconfigPackage: com.google.android.systemui is mapped to system_ext
07-05 09:34:46.762 19949 19949 I AconfigPackage: com.google.android.apps.nexuslauncher is mapped to system_ext
07-05 09:34:46.762 19949 19949 I AconfigPackage: com.android.settings.accessibility is mapped to system_ext
07-05 09:34:46.762 19949 19949 I AconfigPackage: com.android.settings.flags is mapped to system_ext
07-05 09:34:46.762 19949 19949 I AconfigPackage: com.google.android.apps.miphone.aiai.matchmaker.overview.ui is mapped to system_ext
07-05 09:34:46.762 19949 19949 I AconfigPackage: com.google.android.settings.flags is mapped to system_ext
07-05 09:34:46.762 19949 19949 I AconfigPackage: com.android.launcher3 is mapped to system_ext
07-05 09:34:46.762 19949 19949 I AconfigPackage: com.android.wallpaper is mapped to system_ext
07-05 09:34:46.762 19949 19949 I AconfigPackage: com.android.settings.media_drm is mapped to system_ext
07-05 09:34:46.763 19949 19949 I AconfigPackage: com.android.systemui.accessibility.accessibilitymenu is mapped to system_ext
07-05 09:34:46.763 19949 19949 I AconfigPackage: com.android.settings.keyboard is mapped to system_ext
07-05 09:34:46.763 19949 19949 I AconfigPackage: com.android.server.policy.feature.flags is mapped to system_ext
07-05 09:34:46.763 19949 19949 I AconfigPackage: com.android.settings.factory_reset is mapped to system_ext
07-05 09:34:46.763 19949 19949 I AconfigPackage: com.google.android.haptics.flags is mapped to system_ext
07-05 09:34:46.763 19949 19949 I AconfigPackage: com.android.permission.flags is mapped to com.android.permission
07-05 09:34:46.763 19949 19949 I AconfigPackage: com.android.icu is mapped to com.android.i18n
07-05 09:34:46.765 19949 19949 I AconfigPackage: com.android.appsearch.flags is mapped to com.android.appsearch
07-05 09:34:46.766 19949 19949 I AconfigPackage: android.uprobestats.mainline.flags is mapped to com.android.uprobestats
07-05 09:34:46.767 19949 19949 I AconfigPackage: android.provider.flags is mapped to com.android.configinfrastructure
07-05 09:34:46.767 19949 19949 I AconfigPackage: com.android.server.deviceconfig is mapped to com.android.configinfrastructure
07-05 09:34:46.768 19949 19949 I AconfigPackage: com.android.nfc.flags is mapped to system
07-05 09:34:46.768 19949 19949 I AconfigPackage: android.app.admin.flags is mapped to system
07-05 09:34:46.768 19949 19949 I AconfigPackage: android.database.sqlite is mapped to system
07-05 09:34:46.768 19949 19949 I AconfigPackage: com.android.providers.calendar is mapped to system
07-05 09:34:46.768 19949 19949 I AconfigPackage: com.android.server.power.feature.flags is mapped to system
07-05 09:34:46.769 19949 19949 I AconfigPackage: com.android.media.performance.flags is mapped to system
07-05 09:34:46.769 19949 19949 I AconfigPackage: android.app.contextualsearch.flags is mapped to system
07-05 09:34:46.769 19949 19949 I AconfigPackage: android.app.ondeviceintelligence.flags is mapped to system
07-05 09:34:46.769 19949 19949 I AconfigPackage: com.android.media.projection.flags is mapped to system
07-05 09:34:46.769 19949 19949 I AconfigPackage: android.companion is mapped to system
07-05 09:34:46.770 19949 19949 I AconfigPackage: android.service.controls.flags is mapped to system
07-05 09:34:46.770 19949 19949 I AconfigPackage: com.android.text.flags is mapped to system
07-05 09:34:46.770 19949 19949 I AconfigPackage: com.android.providers.contactkeys.flags is mapped to system
07-05 09:34:46.770 19949 19949 I AconfigPackage: com.android.intentresolver is mapped to system
07-05 09:34:46.770 19949 19949 I AconfigPackage: android.companion.virtualdevice.flags is mapped to system
07-05 09:34:46.770 19949 19949 I AconfigPackage: android.uprobestats.flags is mapped to system
07-05 09:34:46.771 19949 19949 I AconfigPackage: com.android.net.thread.platform.flags is mapped to system
07-05 09:34:46.771 19949 19949 I AconfigPackage: android.view.contentprotection.flags is mapped to system
07-05 09:34:46.771 19949 19949 I AconfigPackage: com.android.server.dreams is mapped to system
07-05 09:34:46.771 19949 19949 I AconfigPackage: com.android.graphics.surfaceflinger.flags is mapped to system
07-05 09:34:46.771 19949 19949 I AconfigPackage: com.android.hardware.input is mapped to system
07-05 09:34:46.771 19949 19949 I AconfigPackage: android.sdk is mapped to system
07-05 09:34:46.773 19949 19949 I AconfigPackage: com.android.input.flags is mapped to system
07-05 09:34:46.773 19949 19949 I AconfigPackage: android.tracing is mapped to system
07-05 09:34:46.773 19949 19949 I AconfigPackage: com.android.server.biometrics is mapped to system
07-05 09:34:46.773 19949 19949 I AconfigPackage: android.view.contentcapture.flags is mapped to system
07-05 09:34:46.773 19949 19949 I AconfigPackage: android.app.job is mapped to system
07-05 09:34:46.773 19949 19949 I AconfigPackage: android.content.res is mapped to system
07-05 09:34:46.773 19949 19949 I AconfigPackage: android.net.platform.flags is mapped to system
07-05 09:34:46.773 19949 19949 I AconfigPackage: com.android.aconfig.flags is mapped to system
07-05 09:34:46.773 19949 19949 I AconfigPackage: com.android.graphics.flags is mapped to system
07-05 09:34:46.773 19949 19949 I AconfigPackage: android.server.app is mapped to system
07-05 09:34:46.774 19949 19949 I AconfigPackage: android.speech.flags is mapped to system
07-05 09:34:46.774 19949 19949 I AconfigPackage: com.android.server.stats is mapped to system
07-05 09:34:46.774 19949 19949 I AconfigPackage: android.hardware.biometrics is mapped to system
07-05 09:34:46.774 19949 19949 I AconfigPackage: android.car.feature is mapped to system
07-05 09:34:46.774 19949 19949 I AconfigPackage: android.adpf is mapped to system
07-05 09:34:46.774 19949 19949 I AconfigPackage: android.location.flags is mapped to system
07-05 09:34:46.774 19949 19949 I AconfigPackage: com.android.settingslib.flags is mapped to system
07-05 09:34:46.774 19949 19949 I AconfigPackage: com.android.managedprovisioning.flags is mapped to system
07-05 09:34:46.774 19949 19949 I AconfigPackage: android.app.assist.flags is mapped to system
07-05 09:34:46.774 19949 19949 I AconfigPackage: com.android.server.net is mapped to system
07-05 09:34:46.774 19949 19949 I AconfigPackage: com.android.settingslib.widget.flags is mapped to system
07-05 09:34:46.774 19949 19949 I AconfigPackage: com.android.internal.camera.flags is mapped to system
07-05 09:34:46.774 19949 19949 I AconfigPackage: com.android.hardware.libsensor.flags is mapped to system
07-05 09:34:46.774 19949 19949 I AconfigPackage: com.android.internal.jank is mapped to system
07-05 09:34:46.774 19949 19949 I AconfigPackage: com.android.providers.settings is mapped to system
07-05 09:34:46.774 19949 19949 I AconfigPackage: android.multiuser is mapped to system
07-05 09:34:46.775 19949 19949 I AconfigPackage: com.android.server.power.optimization is mapped to system
07-05 09:34:46.775 19949 19949 I AconfigPackage: com.android.calllogbackup is mapped to system
07-05 09:34:46.775 19949 19949 I AconfigPackage: com.android.media.flags is mapped to system
07-05 09:34:46.775 19949 19949 I AconfigPackage: com.android.server.flags is mapped to system
07-05 09:34:46.775 19949 19949 I AconfigPackage: com.android.graphics.libvulkan.flags is mapped to system
07-05 09:34:46.775 19949 19949 I AconfigPackage: android.app.appfunctions.flags is mapped to system
07-05 09:34:46.775 19949 19949 I AconfigPackage: android.app.smartspace.flags is mapped to system
07-05 09:34:46.775 19949 19949 I AconfigPackage: com.android.providers.contacts.flags is mapped to system
07-05 09:34:46.775 19949 19949 I AconfigPackage: com.android.shell.flags is mapped to system
07-05 09:34:46.775 19949 19949 I AconfigPackage: com.android.media.aaudio is mapped to system
07-05 09:34:46.775 19949 19949 I AconfigPackage: android.hardware.radio is mapped to system
07-05 09:34:46.775 19949 19949 I AconfigPackage: com.google.wear.services.infra.flags is mapped to system
07-05 09:34:46.776 19949 19949 I AconfigPackage: suspend_service.flags is mapped to system
07-05 09:34:46.778 19949 19949 I AconfigPackage: android.media.midi is mapped to system
07-05 09:34:46.778 19949 19949 I AconfigPackage: com.android.libcore.readonly is mapped to system
07-05 09:34:46.778 19949 19949 I AconfigPackage: com.android.settingslib.widget.selectorwithwidgetpreference.flags is mapped to system
07-05 09:34:46.779 19949 19949 I AconfigPackage: android.service.notification is mapped to system
07-05 09:34:46.779 19949 19949 I AconfigPackage: com.android.systemui.shared is mapped to system
07-05 09:34:46.779 19949 19949 I AconfigPackage: android.app.jank is mapped to system
07-05 09:34:46.779 19949 19949 I AconfigPackage: android.app.wearable is mapped to system
07-05 09:34:46.779 19949 19949 I AconfigPackage: com.android.media.audio is mapped to system
07-05 09:34:46.779 19949 19949 I AconfigPackage: android.service.chooser is mapped to system
07-05 09:34:46.780 19949 19949 I AconfigPackage: com.android.server.compat is mapped to system
07-05 09:34:46.780 19949 19949 I AconfigPackage: com.android.server.alarm is mapped to system
07-05 09:34:46.780 19949 19949 I AconfigPackage: com.android.apex.flags is mapped to system
07-05 09:34:46.780 19949 19949 I AconfigPackage: android.service.quickaccesswallet is mapped to system
07-05 09:34:46.780 19949 19949 I AconfigPackage: android.app.usage is mapped to system
07-05 09:34:46.781 19949 19949 I AconfigPackage: com.android.server.accessibility is mapped to system
07-05 09:34:46.781 19949 19949 I AconfigPackage: android.app.supervision.flags is mapped to system
07-05 09:34:46.781 19949 19949 I AconfigPackage: com.android.server.utils is mapped to system
07-05 09:34:46.781 19949 19949 I AconfigPackage: android.chre.flags is mapped to system
07-05 09:34:46.782 19949 19949 I AconfigPackage: android.content.flags is mapped to system
07-05 09:34:46.782 19949 19949 I AconfigPackage: android.media.codec is mapped to system
07-05 09:34:46.782 19949 19949 I AconfigPackage: com.android.internal.os is mapped to system
07-05 09:34:46.782 19949 19949 I AconfigPackage: com.android.nfc.nci.flags is mapped to system
07-05 09:34:46.782 19949 19949 I AconfigPackage: android.app is mapped to system
07-05 09:34:46.782 19949 19949 I AconfigPackage: android.security.keystore2 is mapped to system
07-05 09:34:46.783 19949 19949 I AconfigPackage: android.crashrecovery.flags is mapped to system
07-05 09:34:46.783 19949 19949 I AconfigPackage: com.android.tradeinmode.flags is mapped to system
07-05 09:34:46.783 19949 19949 I AconfigPackage: android.hardware.flags is mapped to system
07-05 09:34:46.783 19949 19949 I AconfigPackage: com.android.server.telecom.flags is mapped to system
07-05 09:34:46.783 19949 19949 I AconfigPackage: com.android.settingslib.media.flags is mapped to system
07-05 09:34:46.784 19949 19949 I AconfigPackage: com.android.server.policy is mapped to system
07-05 09:34:46.784 19949 19949 I AconfigPackage: android.media.audiopolicy is mapped to system
07-05 09:34:46.784 19949 19949 I AconfigPackage: com.android.egg.flags is mapped to system
07-05 09:34:46.785 19949 19949 I AconfigPackage: com.android.internal.compat.flags is mapped to system
07-05 09:34:46.785 19949 19949 I AconfigPackage: android.security is mapped to system
07-05 09:34:46.785 19949 19949 I AconfigPackage: android.service.autofill is mapped to system
07-05 09:34:46.785 19949 19949 I AconfigPackage: com.example.android.aconfig.demo.flags is mapped to system
07-05 09:34:46.785 19949 19949 I AconfigPackage: android.view.flags is mapped to system
07-05 09:34:46.785 19949 19949 I AconfigPackage: android.companion.virtual.flags is mapped to system
07-05 09:34:46.785 19949 19949 I AconfigPackage: com.android.aconfig_new_storage is mapped to system
07-05 09:34:46.785 19949 19949 I AconfigPackage: com.android.server.feature.flags is mapped to system
07-05 09:34:46.785 19949 19949 I AconfigPackage: com.android.systemui is mapped to system
07-05 09:34:46.785 19949 19949 I AconfigPackage: com.android.server.power.batterysaver is mapped to system
07-05 09:34:46.785 19949 19949 I AconfigPackage: android.widget.flags is mapped to system
07-05 09:34:46.785 19949 19949 I AconfigPackage: com.android.media.editing.flags is mapped to system
07-05 09:34:46.785 19949 19949 I AconfigPackage: com.android.media.codec.flags is mapped to system
07-05 09:34:46.785 19949 19949 I AconfigPackage: com.android.server.powerstats is mapped to system
07-05 09:34:46.785 19949 19949 I AconfigPackage: com.android.graphics.egl.flags is mapped to system
07-05 09:34:46.786 19949 19949 I AconfigPackage: com.android.media.audioserver is mapped to system
07-05 09:34:46.786 19949 19949 I AconfigPackage: com.android.server.deviceidle is mapped to system
07-05 09:34:46.786 19949 19949 I AconfigPackage: android.nfc is mapped to system
07-05 09:34:46.786 19949 19949 I AconfigPackage: android.permission.flags is mapped to system
07-05 09:34:46.786 19949 19949 I AconfigPackage: android.service.voice.flags is mapped to system
07-05 09:34:46.786 19949 19949 I AconfigPackage: android.content.pm is mapped to system
07-05 09:34:46.786 19949 19949 I AconfigPackage: com.android.server.power.hint is mapped to system
07-05 09:34:46.786 19949 19949 I AconfigPackage: android.os is mapped to system
07-05 09:34:46.786 19949 19949 I AconfigPackage: android.service.dreams is mapped to system
07-05 09:34:46.786 19949 19949 I AconfigPackage: com.android.graphics.libgui.flags is mapped to system
07-05 09:34:46.786 19949 19949 I AconfigPackage: android.hardware.usb.flags is mapped to system
07-05 09:34:46.786 19949 19949 I AconfigPackage: android.provider is mapped to system
07-05 09:34:46.787 19949 19949 I AconfigPackage: com.android.server.job is mapped to system
07-05 09:34:46.787 19949 19949 I AconfigPackage: com.android.internal.foldables.flags is mapped to system
07-05 09:34:46.788 19949 19949 I AconfigPackage: com.android.internal.telephony.flags is mapped to system
07-05 09:34:46.788 19949 19949 I AconfigPackage: android.webkit is mapped to system
07-05 09:34:46.788 19949 19949 I AconfigPackage: android.credentials.flags is mapped to system
07-05 09:34:46.788 19949 19949 I AconfigPackage: com.android.server.display.feature.flags is mapped to system
07-05 09:34:46.789 19949 19949 I AconfigPackage: com.android.server.notification is mapped to system
07-05 09:34:46.789 19949 19949 I AconfigPackage: android.appwidget.flags is mapped to system
07-05 09:34:46.789 19949 19949 I AconfigPackage: com.android.frameworks.sensorservice.flags is mapped to system
07-05 09:34:46.789 19949 19949 I AconfigPackage: com.android.printspooler.flags is mapped to system
07-05 09:34:46.789 19949 19949 I AconfigPackage: com.android.window.flags is mapped to system
07-05 09:34:46.789 19949 19949 I AconfigPackage: android.adaptiveauth is mapped to system
07-05 09:34:46.789 19949 19949 I AconfigPackage: android.net.wifi.flags is mapped to system
07-05 09:34:46.789 19949 19949 I AconfigPackage: android.media.tv.flags is mapped to system
07-05 09:34:46.789 19949 19949 I AconfigPackage: com.android.server.usb.flags is mapped to system
07-05 09:34:46.789 19949 19949 I AconfigPackage: android.os.vibrator is mapped to system
07-05 09:34:46.790 19949 19949 I AconfigPackage: android.hardware.devicestate.feature.flags is mapped to system
07-05 09:34:46.790 19949 19949 I AconfigPackage: com.android.server.usage is mapped to system
07-05 09:34:46.791 19949 19949 I AconfigPackage: android.server is mapped to system
07-05 09:34:46.791 19949 19949 I AconfigPackage: com.android.wm.shell is mapped to system
07-05 09:34:46.791 19949 19949 I AconfigPackage: android.view.inputmethod is mapped to system
07-05 09:34:46.791 19949 19949 I AconfigPackage: com.android.graphics.hwui.flags is mapped to system
07-05 09:34:46.791 19949 19949 I AconfigPackage: com.android.server.backup is mapped to system
07-05 09:34:46.792 19949 19949 I AconfigPackage: com.android.internal.pm.pkg.component.flags is mapped to system
07-05 09:34:46.792 19949 19949 I AconfigPackage: android.view.accessibility is mapped to system
07-05 09:34:46.792 19949 19949 I AconfigPackage: com.google.wear.sdk is mapped to system
07-05 09:34:46.792 19949 19949 I AconfigPackage: android.media.audio is mapped to system
07-05 09:34:46.792 19949 19949 I AconfigPackage: com.android.server.am is mapped to system
07-05 09:34:46.792 19949 19949 I AconfigPackage: com.android.media.playback.flags is mapped to system
07-05 09:34:46.793 19949 19949 I AconfigPackage: com.android.art.flags is mapped to com.android.art
07-05 09:34:46.793 19949 19949 I AconfigPackage: com.android.libcore is mapped to com.android.art
07-05 09:34:46.793 19949 19949 I AconfigPackage: com.android.media.extractor.flags is mapped to com.android.media
07-05 09:34:46.793 19949 19949 I AconfigPackage: com.android.media.mainline.flags is mapped to com.android.media
07-05 09:34:46.793 19949 19949 I AconfigPackage: com.android.wifi.flags is mapped to com.android.wifi
07-05 09:34:46.794 19949 19949 I AconfigPackage: com.android.org.conscrypt.flags is mapped to com.android.conscrypt
07-05 09:34:46.794 19949 19949 I AconfigPackage: com.android.healthfitness.flags is mapped to com.android.healthfitness
07-05 09:34:46.794 19949 19949 I AconfigPackage: com.google.android.input.twoshay.flags is mapped to vendor
07-05 09:34:46.795 19949 19949 I AconfigPackage: libgooglecamerahal.flags is mapped to vendor
07-05 09:34:46.795 19949 19949 I AconfigPackage: com.android.ipsec.flags is mapped to com.android.ipsec
07-05 09:34:46.795 19949 19949 I AconfigPackage: com.android.nfc.module.flags is mapped to com.android.nfcservices
07-05 09:34:46.795 19949 19949 I AconfigPackage: com.android.adservices.ondevicepersonalization.flags is mapped to com.android.ondevicepersonalization
07-05 09:34:46.796 19949 19949 I AconfigPackage: com.android.bluetooth.flags is mapped to com.android.bt
07-05 09:34:46.796 19949 19949 I AconfigPackage: com.android.devicelock.flags is mapped to com.android.devicelock
07-05 09:34:46.796 19949 19949 I AconfigPackage: android.os.profiling is mapped to com.android.profiling
07-05 09:34:46.796 19949 19949 I AconfigPackage: com.android.os.statsd.flags is mapped to com.android.os.statsd
07-05 09:34:46.797 19949 19949 I AconfigPackage: com.android.cellbroadcastreceiver.flags is mapped to com.android.cellbroadcast
07-05 09:34:46.797 19949 19949 I AconfigPackage: com.android.adservices.flags is mapped to com.android.adservices
07-05 09:34:46.797 19949 19949 I AconfigPackage: com.android.sdksandbox.flags is mapped to com.android.adservices
07-05 09:34:46.798 19949 19949 I AconfigPackage: com.android.uwb.flags is mapped to com.android.uwb
07-05 09:34:46.798 19949 19949 I AconfigPackage: com.android.ranging.flags is mapped to com.android.uwb
07-05 09:34:46.799 19949 19949 I AconfigPackage: android.graphics.pdf.flags is mapped to com.android.mediaprovider
07-05 09:34:46.799 19949 19949 I AconfigPackage: com.android.providers.media.flags is mapped to com.android.mediaprovider
07-05 09:34:46.799 19949 19949 I AconfigPackage: android.graphics.pdf.flags.readonly is mapped to com.android.mediaprovider
07-05 09:34:46.799 19949 19949 I AconfigPackage: com.android.net.ct.flags is mapped to com.android.tethering
07-05 09:34:46.799 19949 19949 I AconfigPackage: com.android.net.flags is mapped to com.android.tethering
07-05 09:34:46.800 19949 19949 I AconfigPackage: android.net.vcn is mapped to com.android.tethering
07-05 09:34:46.800 19949 19949 I AconfigPackage: com.android.nearby.flags is mapped to com.android.tethering
07-05 09:34:46.800 19949 19949 I AconfigPackage: android.net.http is mapped to com.android.tethering
07-05 09:34:46.800 19949 19949 I AconfigPackage: com.android.net.thread.flags is mapped to com.android.tethering
07-05 09:34:46.800 19949 19949 I AconfigPackage: com.android.system.virtualmachine.flags is mapped to com.android.virt
07-05 09:34:46.800 19949 19949 E FeatureFlagsImplExport: android.os.flagging.AconfigStorageReadException: ERROR_PACKAGE_NOT_FOUND: package android.xr cannot be found on the device
07-05 09:34:46.803 19949 19949 D UiAutomationConnection: Created on user UserHandle{0}
07-05 09:34:46.803 19949 19949 I UiAutomation: Initialized for user 0 on display 0
07-05 09:34:46.803 19949 19949 W UiAutomation: Created with deprecatead constructor, assumes DEFAULT_DISPLAY
07-05 09:34:46.804   715  1464 D AccessibilityManagerService: changeCurrentUserForTestAutomationIfNeededLocked(0): ignoring because device doesn't support visible background users
07-05 09:34:46.805   715  1464 I UiAutomationManager: Registering UiTestAutomationService (id=com.android.server.accessibility/UiAutomation, flags=0x0) when called by user 0
07-05 09:34:46.805   715  1464 V AccessibilityManagerService: onUserStateChangedLocked for userId: 0, forceUpdate: false
07-05 09:34:46.810   715  1464 W MagnificationConnectionManager: requestConnection duplicated request: connect=false, mConnectionState=DISCONNECTED
07-05 09:34:46.813   715   715 W IPCThreadState: Sending oneway calls to frozen process.
07-05 09:34:46.813   715   715 W IPCThreadState: Sending oneway calls to frozen process.
07-05 09:34:46.813   715   715 W IPCThreadState: Sending oneway calls to frozen process.
07-05 09:34:46.813   715   715 W IPCThreadState: Sending oneway calls to frozen process.
07-05 09:34:46.814   715   715 W IPCThreadState: Sending oneway calls to frozen process.
07-05 09:34:46.792     0     0 W debug_low_async_space_locked: 30 callbacks suppressed
07-05 09:34:46.792     0     0 I binder_alloc: 2551: pid 715 spamming oneway? 3153 buffers allocated for a total size of 424424
07-05 09:34:46.817   715   715 W IPCThreadState: Sending oneway calls to frozen process.
07-05 09:34:46.817 19949 19961 V UiAutomation: Init UiAutomation@a1b4ef2[id=589, displayId=0, flags=0]
07-05 09:34:46.818   715   715 W IPCThreadState: Sending oneway calls to frozen process.
07-05 09:34:46.818   715   715 W IPCThreadState: Sending oneway calls to frozen process.
07-05 09:34:46.821   715   715 W IPCThreadState: Sending oneway calls to frozen process.
07-05 09:34:46.821   715  1464 V AccessibilityManagerService: onUserStateChangedLocked for userId: 0, forceUpdate: false
07-05 09:34:46.823   715  1464 W MagnificationConnectionManager: requestConnection duplicated request: connect=false, mConnectionState=DISCONNECTED
07-05 09:34:46.796     0     0 I binder_alloc: 2497: pid 715 spamming oneway? 3260 buffers allocated for a total size of 438896
07-05 09:34:46.825   488   532 I netd    : tetherGetStats() -> {[]} <0.85ms>
07-05 09:34:46.826   715   715 W IPCThreadState: Sending oneway calls to frozen process.
07-05 09:34:46.826   715   715 W IPCThreadState: Sending oneway calls to frozen process.
07-05 09:34:46.826   715   715 W IPCThreadState: Sending oneway calls to frozen process.
07-05 09:34:46.826   715   715 W IPCThreadState: Sending oneway calls to frozen process.
07-05 09:34:46.828   715   715 W IPCThreadState: Sending oneway calls to frozen process.
07-05 09:34:46.829   715   715 W IPCThreadState: Sending oneway calls to frozen process.
07-05 09:34:46.829   715   715 W IPCThreadState: Sending oneway calls to frozen process.
07-05 09:34:46.830   715   715 W IPCThreadState: Sending oneway calls to frozen process.
07-05 09:34:46.806     0     0 I binder_alloc: 2551: pid 715 spamming oneway? 3154 buffers allocated for a total size of 424560
07-05 09:34:46.808     0     0 I binder_alloc: 2497: pid 715 spamming oneway? 3261 buffers allocated for a total size of 439032
07-05 09:34:46.836   715   715 W IPCThreadState: Sending oneway calls to frozen process.
07-05 09:34:46.836   715   715 W IPCThreadState: Sending oneway calls to frozen process.
07-05 09:34:46.837   715   715 W IPCThreadState: Sending oneway calls to frozen process.
07-05 09:34:46.837   715   715 W IPCThreadState: Sending oneway calls to frozen process.
07-05 09:34:46.837   715   715 W IPCThreadState: Sending oneway calls to frozen process.
07-05 09:34:46.838   715   715 W IPCThreadState: Sending oneway calls to frozen process.
07-05 09:34:46.841   715   715 W IPCThreadState: Sending oneway calls to frozen process.
07-05 09:34:46.841   715   715 W IPCThreadState: Sending oneway calls to frozen process.
07-05 09:34:46.842   715   715 W IPCThreadState: Sending oneway calls to frozen process.
07-05 09:34:46.816     0     0 I binder_alloc: 2551: pid 715 spamming oneway? 3155 buffers allocated for a total size of 424696
07-05 09:34:46.820     0     0 I binder_alloc: 2497: pid 715 spamming oneway? 3262 buffers allocated for a total size of 439168
07-05 09:34:46.843   715   715 W IPCThreadState: Sending oneway calls to frozen process.
07-05 09:34:46.844   715   715 W IPCThreadState: Sending oneway calls to frozen process.
07-05 09:34:46.844   715   715 W IPCThreadState: Sending oneway calls to frozen process.
07-05 09:34:46.844   715   715 W IPCThreadState: Sending oneway calls to frozen process.
07-05 09:34:46.845   715   715 W IPCThreadState: Sending oneway calls to frozen process.
07-05 09:34:46.846   715   715 W IPCThreadState: Sending oneway calls to frozen process.
07-05 09:34:46.848   715   715 W IPCThreadState: Sending oneway calls to frozen process.
07-05 09:34:46.849   715   715 W IPCThreadState: Sending oneway calls to frozen process.
07-05 09:34:46.849   715   715 W IPCThreadState: Sending oneway calls to frozen process.
07-05 09:34:46.850   715   715 W IPCThreadState: Sending oneway calls to frozen process.
07-05 09:34:46.851   715   715 W IPCThreadState: Sending oneway calls to frozen process.
07-05 09:34:46.851   715   715 W IPCThreadState: Sending oneway calls to frozen process.
07-05 09:34:46.851   715   715 W IPCThreadState: Sending oneway calls to frozen process.
07-05 09:34:46.851   715   715 W IPCThreadState: Sending oneway calls to frozen process.
07-05 09:34:46.824     0     0 I binder_alloc: 2551: pid 715 spamming oneway? 3156 buffers allocated for a total size of 424832
07-05 09:34:46.827     0     0 I binder_alloc: 2497: pid 715 spamming oneway? 3263 buffers allocated for a total size of 439304
07-05 09:34:46.852   715   715 W IPCThreadState: Sending oneway calls to frozen process.
07-05 09:34:46.854   715   715 W IPCThreadState: Sending oneway calls to frozen process.
07-05 09:34:46.855   715   715 W IPCThreadState: Sending oneway calls to frozen process.
07-05 09:34:46.855   715   715 W IPCThreadState: Sending oneway calls to frozen process.
07-05 09:34:46.831     0     0 I binder_alloc: 2551: pid 715 spamming oneway? 3157 buffers allocated for a total size of 424968
07-05 09:34:46.858   715   715 W IPCThreadState: Sending oneway calls to frozen process.
07-05 09:34:46.835     0     0 I binder_alloc: 2497: pid 715 spamming oneway? 3264 buffers allocated for a total size of 439440
07-05 09:34:47.838 19949 19949 W AccessibilityNodeInfoDumper: Fetch time: 5ms
07-05 09:34:47.841   715   804 V AccessibilityManagerService: onUserStateChangedLocked for userId: 0, forceUpdate: false
07-05 09:34:47.844   715   930 D BackgroundInstallControlService: Package event received: 0
07-05 09:34:47.845   715   804 W MagnificationConnectionManager: requestConnection duplicated request: connect=false, mConnectionState=DISCONNECTED
07-05 09:34:47.846   715   804 D AccessibilityManagerService: restoreCurrentUserForTestAutomationIfNeededLocked(): ignoring because device doesn't support visible background users
07-05 09:34:47.846   715   715 W IPCThreadState: Sending oneway calls to frozen process.
07-05 09:34:47.846   715   715 W IPCThreadState: Sending oneway calls to frozen process.
07-05 09:34:47.846   715   715 W IPCThreadState: Sending oneway calls to frozen process.
07-05 09:34:47.847   715   715 W IPCThreadState: Sending oneway calls to frozen process.
07-05 09:34:47.847   715   715 W IPCThreadState: Sending oneway calls to frozen process.
07-05 09:34:47.847   715   715 W IPCThreadState: Sending oneway calls to frozen process.
07-05 09:34:47.847   715   715 W IPCThreadState: Sending oneway calls to frozen process.
07-05 09:34:47.848   715   715 W IPCThreadState: Sending oneway calls to frozen process.
07-05 09:34:47.849   715   715 W IPCThreadState: Sending oneway calls to frozen process.
07-05 09:34:47.849 19949 19949 D AndroidRuntime: Shutting down VM
