--------- beginning of main
07-06 03:10:35.378 31311 31311 I AconfigPackage: com.android.server.dreams is mapped to system
07-06 03:10:35.378 31311 31311 I AconfigPackage: com.android.graphics.surfaceflinger.flags is mapped to system
07-06 03:10:35.378 31311 31311 I AconfigPackage: com.android.hardware.input is mapped to system
07-06 03:10:35.379 31311 31311 I AconfigPackage: android.sdk is mapped to system
07-06 03:10:35.380 31311 31311 I AconfigPackage: com.android.input.flags is mapped to system
07-06 03:10:35.380 31311 31311 I AconfigPackage: android.tracing is mapped to system
07-06 03:10:35.380 31311 31311 I AconfigPackage: com.android.server.biometrics is mapped to system
07-06 03:10:35.380 31311 31311 I AconfigPackage: android.view.contentcapture.flags is mapped to system
07-06 03:10:35.381 31311 31311 I AconfigPackage: android.app.job is mapped to system
07-06 03:10:35.381 31311 31311 I AconfigPackage: android.content.res is mapped to system
07-06 03:10:35.381 31311 31311 I AconfigPackage: android.net.platform.flags is mapped to system
07-06 03:10:35.381 31311 31311 I AconfigPackage: com.android.aconfig.flags is mapped to system
07-06 03:10:35.381 31311 31311 I AconfigPackage: com.android.graphics.flags is mapped to system
07-06 03:10:35.381 31311 31311 I AconfigPackage: android.server.app is mapped to system
07-06 03:10:35.382 31311 31311 I AconfigPackage: android.speech.flags is mapped to system
07-06 03:10:35.382 31311 31311 I AconfigPackage: com.android.server.stats is mapped to system
07-06 03:10:35.382 31311 31311 I AconfigPackage: android.hardware.biometrics is mapped to system
07-06 03:10:35.382 31311 31311 I AconfigPackage: android.car.feature is mapped to system
07-06 03:10:35.382 31311 31311 I AconfigPackage: android.adpf is mapped to system
07-06 03:10:35.382 31311 31311 I AconfigPackage: android.location.flags is mapped to system
07-06 03:10:35.382 31311 31311 I AconfigPackage: com.android.settingslib.flags is mapped to system
07-06 03:10:35.382 31311 31311 I AconfigPackage: com.android.managedprovisioning.flags is mapped to system
07-06 03:10:35.382 31311 31311 I AconfigPackage: android.app.assist.flags is mapped to system
07-06 03:10:35.384 31311 31311 I AconfigPackage: com.android.server.net is mapped to system
07-06 03:10:35.384 31311 31311 I AconfigPackage: com.android.settingslib.widget.flags is mapped to system
07-06 03:10:35.384 31311 31311 I AconfigPackage: com.android.internal.camera.flags is mapped to system
07-06 03:10:35.384 31311 31311 I AconfigPackage: com.android.hardware.libsensor.flags is mapped to system
07-06 03:10:35.384 31311 31311 I AconfigPackage: com.android.internal.jank is mapped to system
07-06 03:10:35.384 31311 31311 I AconfigPackage: com.android.providers.settings is mapped to system
07-06 03:10:35.384 31311 31311 I AconfigPackage: android.multiuser is mapped to system
07-06 03:10:35.385 31311 31311 I AconfigPackage: com.android.server.power.optimization is mapped to system
07-06 03:10:35.385 31311 31311 I AconfigPackage: com.android.calllogbackup is mapped to system
07-06 03:10:35.385 31311 31311 I AconfigPackage: com.android.media.flags is mapped to system
07-06 03:10:35.385 31311 31311 I AconfigPackage: com.android.server.flags is mapped to system
07-06 03:10:35.385 31311 31311 I AconfigPackage: com.android.graphics.libvulkan.flags is mapped to system
07-06 03:10:35.385 31311 31311 I AconfigPackage: android.app.appfunctions.flags is mapped to system
07-06 03:10:35.386 31311 31311 I AconfigPackage: android.app.smartspace.flags is mapped to system
07-06 03:10:35.386 31311 31311 I AconfigPackage: com.android.providers.contacts.flags is mapped to system
07-06 03:10:35.387 31311 31311 I AconfigPackage: com.android.shell.flags is mapped to system
07-06 03:10:35.387 31311 31311 I AconfigPackage: com.android.media.aaudio is mapped to system
07-06 03:10:35.387 31311 31311 I AconfigPackage: android.hardware.radio is mapped to system
07-06 03:10:35.387 31311 31311 I AconfigPackage: com.google.wear.services.infra.flags is mapped to system
07-06 03:10:35.388 31311 31311 I AconfigPackage: suspend_service.flags is mapped to system
07-06 03:10:35.388 31311 31311 I AconfigPackage: android.media.midi is mapped to system
07-06 03:10:35.388 31311 31311 I AconfigPackage: com.android.libcore.readonly is mapped to system
07-06 03:10:35.388 31311 31311 I AconfigPackage: com.android.settingslib.widget.selectorwithwidgetpreference.flags is mapped to system
07-06 03:10:35.388 31311 31311 I AconfigPackage: android.service.notification is mapped to system
07-06 03:10:35.388 31311 31311 I AconfigPackage: com.android.systemui.shared is mapped to system
07-06 03:10:35.388 31311 31311 I AconfigPackage: android.app.jank is mapped to system
07-06 03:10:35.389 31311 31311 I AconfigPackage: android.app.wearable is mapped to system
07-06 03:10:35.389 31311 31311 I AconfigPackage: com.android.media.audio is mapped to system
07-06 03:10:35.389 31311 31311 I AconfigPackage: android.service.chooser is mapped to system
07-06 03:10:35.389 31311 31311 I AconfigPackage: com.android.server.compat is mapped to system
07-06 03:10:35.389 31311 31311 I AconfigPackage: com.android.server.alarm is mapped to system
07-06 03:10:35.389 31311 31311 I AconfigPackage: com.android.apex.flags is mapped to system
07-06 03:10:35.390 31311 31311 I AconfigPackage: android.service.quickaccesswallet is mapped to system
07-06 03:10:35.390 31311 31311 I AconfigPackage: android.app.usage is mapped to system
07-06 03:10:35.390 31311 31311 I AconfigPackage: com.android.server.accessibility is mapped to system
07-06 03:10:35.390 31311 31311 I AconfigPackage: android.app.supervision.flags is mapped to system
07-06 03:10:35.390 31311 31311 I AconfigPackage: com.android.server.utils is mapped to system
07-06 03:10:35.391 31311 31311 I AconfigPackage: android.chre.flags is mapped to system
07-06 03:10:35.391 31311 31311 I AconfigPackage: android.content.flags is mapped to system
07-06 03:10:35.391 31311 31311 I AconfigPackage: android.media.codec is mapped to system
07-06 03:10:35.391 31311 31311 I AconfigPackage: com.android.internal.os is mapped to system
07-06 03:10:35.391 31311 31311 I AconfigPackage: com.android.nfc.nci.flags is mapped to system
07-06 03:10:35.391 31311 31311 I AconfigPackage: android.app is mapped to system
07-06 03:10:35.392 31311 31311 I AconfigPackage: android.security.keystore2 is mapped to system
07-06 03:10:35.392 31311 31311 I AconfigPackage: android.crashrecovery.flags is mapped to system
07-06 03:10:35.392 31311 31311 I AconfigPackage: com.android.tradeinmode.flags is mapped to system
07-06 03:10:35.392 31311 31311 I AconfigPackage: android.hardware.flags is mapped to system
07-06 03:10:35.392 31311 31311 I AconfigPackage: com.android.server.telecom.flags is mapped to system
07-06 03:10:35.392 31311 31311 I AconfigPackage: com.android.settingslib.media.flags is mapped to system
07-06 03:10:35.392 31311 31311 I AconfigPackage: com.android.server.policy is mapped to system
07-06 03:10:35.392 31311 31311 I AconfigPackage: android.media.audiopolicy is mapped to system
07-06 03:10:35.392 31311 31311 I AconfigPackage: com.android.egg.flags is mapped to system
07-06 03:10:35.392 31311 31311 I AconfigPackage: com.android.internal.compat.flags is mapped to system
07-06 03:10:35.392 31311 31311 I AconfigPackage: android.security is mapped to system
07-06 03:10:35.393 31311 31311 I AconfigPackage: android.service.autofill is mapped to system
07-06 03:10:35.393 31311 31311 I AconfigPackage: com.example.android.aconfig.demo.flags is mapped to system
07-06 03:10:35.395 31311 31311 I AconfigPackage: android.view.flags is mapped to system
07-06 03:10:35.395 31311 31311 I AconfigPackage: android.companion.virtual.flags is mapped to system
07-06 03:10:35.395 31311 31311 I AconfigPackage: com.android.aconfig_new_storage is mapped to system
07-06 03:10:35.395 31311 31311 I AconfigPackage: com.android.server.feature.flags is mapped to system
07-06 03:10:35.395 31311 31311 I AconfigPackage: com.android.systemui is mapped to system
07-06 03:10:35.395 31311 31311 I AconfigPackage: com.android.server.power.batterysaver is mapped to system
07-06 03:10:35.395 31311 31311 I AconfigPackage: android.widget.flags is mapped to system
07-06 03:10:35.395 31311 31311 I AconfigPackage: com.android.media.editing.flags is mapped to system
07-06 03:10:35.395 31311 31311 I AconfigPackage: com.android.media.codec.flags is mapped to system
07-06 03:10:35.395 31311 31311 I AconfigPackage: com.android.server.powerstats is mapped to system
07-06 03:10:35.396 31311 31311 I AconfigPackage: com.android.graphics.egl.flags is mapped to system
07-06 03:10:35.396 31311 31311 I AconfigPackage: com.android.media.audioserver is mapped to system
07-06 03:10:35.396 31311 31311 I AconfigPackage: com.android.server.deviceidle is mapped to system
07-06 03:10:35.396 31311 31311 I AconfigPackage: android.nfc is mapped to system
07-06 03:10:35.396 31311 31311 I AconfigPackage: android.permission.flags is mapped to system
07-06 03:10:35.396 31311 31311 I AconfigPackage: android.service.voice.flags is mapped to system
07-06 03:10:35.396 31311 31311 I AconfigPackage: android.content.pm is mapped to system
07-06 03:10:35.397 31311 31311 I AconfigPackage: com.android.server.power.hint is mapped to system
07-06 03:10:35.397 31311 31311 I AconfigPackage: android.os is mapped to system
07-06 03:10:35.397 31311 31311 I AconfigPackage: android.service.dreams is mapped to system
07-06 03:10:35.397 31311 31311 I AconfigPackage: com.android.graphics.libgui.flags is mapped to system
07-06 03:10:35.397 31311 31311 I AconfigPackage: android.hardware.usb.flags is mapped to system
07-06 03:10:35.397 31311 31311 I AconfigPackage: android.provider is mapped to system
07-06 03:10:35.397 31311 31311 I AconfigPackage: com.android.server.job is mapped to system
07-06 03:10:35.397 31311 31311 I AconfigPackage: com.android.internal.foldables.flags is mapped to system
07-06 03:10:35.397 31311 31311 I AconfigPackage: com.android.internal.telephony.flags is mapped to system
07-06 03:10:35.397 31311 31311 I AconfigPackage: android.webkit is mapped to system
07-06 03:10:35.398 31311 31311 I AconfigPackage: android.credentials.flags is mapped to system
07-06 03:10:35.398 31311 31311 I AconfigPackage: com.android.server.display.feature.flags is mapped to system
07-06 03:10:35.399 31311 31311 I AconfigPackage: com.android.server.notification is mapped to system
07-06 03:10:35.399 31311 31311 I AconfigPackage: android.appwidget.flags is mapped to system
07-06 03:10:35.399 31311 31311 I AconfigPackage: com.android.frameworks.sensorservice.flags is mapped to system
07-06 03:10:35.399 31311 31311 I AconfigPackage: com.android.printspooler.flags is mapped to system
07-06 03:10:35.399 31311 31311 I AconfigPackage: com.android.window.flags is mapped to system
07-06 03:10:35.400 31311 31311 I AconfigPackage: android.adaptiveauth is mapped to system
07-06 03:10:35.400 31311 31311 I AconfigPackage: android.net.wifi.flags is mapped to system
07-06 03:10:35.400 31311 31311 I AconfigPackage: android.media.tv.flags is mapped to system
07-06 03:10:35.400 31311 31311 I AconfigPackage: com.android.server.usb.flags is mapped to system
07-06 03:10:35.400 31311 31311 I AconfigPackage: android.os.vibrator is mapped to system
07-06 03:10:35.400 31311 31311 I AconfigPackage: android.hardware.devicestate.feature.flags is mapped to system
07-06 03:10:35.400 31311 31311 I AconfigPackage: com.android.server.usage is mapped to system
07-06 03:10:35.400 31311 31311 I AconfigPackage: android.server is mapped to system
07-06 03:10:35.400 31311 31311 I AconfigPackage: com.android.wm.shell is mapped to system
07-06 03:10:35.400 31311 31311 I AconfigPackage: android.view.inputmethod is mapped to system
07-06 03:10:35.400 31311 31311 I AconfigPackage: com.android.graphics.hwui.flags is mapped to system
07-06 03:10:35.401 31311 31311 I AconfigPackage: com.android.server.backup is mapped to system
07-06 03:10:35.401 31311 31311 I AconfigPackage: com.android.internal.pm.pkg.component.flags is mapped to system
07-06 03:10:35.401 31311 31311 I AconfigPackage: android.view.accessibility is mapped to system
07-06 03:10:35.401 31311 31311 I AconfigPackage: com.google.wear.sdk is mapped to system
07-06 03:10:35.401 31311 31311 I AconfigPackage: android.media.audio is mapped to system
07-06 03:10:35.401 31311 31311 I AconfigPackage: com.android.server.am is mapped to system
07-06 03:10:35.401 31311 31311 I AconfigPackage: com.android.media.playback.flags is mapped to system
07-06 03:10:35.401 31311 31311 I AconfigPackage: com.android.art.flags is mapped to com.android.art
07-06 03:10:35.402 31311 31311 I AconfigPackage: com.android.libcore is mapped to com.android.art
07-06 03:10:35.402 31311 31311 I AconfigPackage: com.android.media.extractor.flags is mapped to com.android.media
07-06 03:10:35.402 31311 31311 I AconfigPackage: com.android.media.mainline.flags is mapped to com.android.media
07-06 03:10:35.403 31311 31311 I AconfigPackage: com.android.wifi.flags is mapped to com.android.wifi
07-06 03:10:35.403 31311 31311 I AconfigPackage: com.android.org.conscrypt.flags is mapped to com.android.conscrypt
07-06 03:10:35.404 31311 31311 I AconfigPackage: com.android.healthfitness.flags is mapped to com.android.healthfitness
07-06 03:10:35.405 31311 31311 I AconfigPackage: com.google.android.input.twoshay.flags is mapped to vendor
07-06 03:10:35.405 31311 31311 I AconfigPackage: libgooglecamerahal.flags is mapped to vendor
07-06 03:10:35.405 31311 31311 I AconfigPackage: com.android.ipsec.flags is mapped to com.android.ipsec
07-06 03:10:35.405 31311 31311 I AconfigPackage: com.android.nfc.module.flags is mapped to com.android.nfcservices
07-06 03:10:35.405 31311 31311 I AconfigPackage: com.android.adservices.ondevicepersonalization.flags is mapped to com.android.ondevicepersonalization
07-06 03:10:35.406 31311 31311 I AconfigPackage: com.android.bluetooth.flags is mapped to com.android.bt
07-06 03:10:35.406 31311 31311 I AconfigPackage: com.android.devicelock.flags is mapped to com.android.devicelock
07-06 03:10:35.406 31311 31311 I AconfigPackage: android.os.profiling is mapped to com.android.profiling
07-06 03:10:35.407 31311 31311 I AconfigPackage: com.android.os.statsd.flags is mapped to com.android.os.statsd
07-06 03:10:35.408 31311 31311 I AconfigPackage: com.android.cellbroadcastreceiver.flags is mapped to com.android.cellbroadcast
07-06 03:10:35.408 31311 31311 I AconfigPackage: com.android.adservices.flags is mapped to com.android.adservices
07-06 03:10:35.408 31311 31311 I AconfigPackage: com.android.sdksandbox.flags is mapped to com.android.adservices
07-06 03:10:35.408 31311 31311 I AconfigPackage: com.android.uwb.flags is mapped to com.android.uwb
07-06 03:10:35.408 31311 31311 I AconfigPackage: com.android.ranging.flags is mapped to com.android.uwb
07-06 03:10:35.409 31311 31311 I AconfigPackage: android.graphics.pdf.flags is mapped to com.android.mediaprovider
07-06 03:10:35.409 31311 31311 I AconfigPackage: com.android.providers.media.flags is mapped to com.android.mediaprovider
07-06 03:10:35.409 31311 31311 I AconfigPackage: android.graphics.pdf.flags.readonly is mapped to com.android.mediaprovider
07-06 03:10:35.409 31311 31311 I AconfigPackage: com.android.net.ct.flags is mapped to com.android.tethering
07-06 03:10:35.409 31311 31311 I AconfigPackage: com.android.net.flags is mapped to com.android.tethering
07-06 03:10:35.409 31311 31311 I AconfigPackage: android.net.vcn is mapped to com.android.tethering
07-06 03:10:35.409 31311 31311 I AconfigPackage: com.android.nearby.flags is mapped to com.android.tethering
07-06 03:10:35.411 31311 31311 I AconfigPackage: android.net.http is mapped to com.android.tethering
07-06 03:10:35.411 31311 31311 I AconfigPackage: com.android.net.thread.flags is mapped to com.android.tethering
07-06 03:10:35.411 31311 31311 I AconfigPackage: com.android.system.virtualmachine.flags is mapped to com.android.virt
07-06 03:10:35.412 31311 31311 E FeatureFlagsImplExport: android.os.flagging.AconfigStorageReadException: ERROR_PACKAGE_NOT_FOUND: package android.xr cannot be found on the device
07-06 03:10:35.417 31311 31311 D UiAutomationConnection: Created on user UserHandle{0}
07-06 03:10:35.418 31311 31311 I UiAutomation: Initialized for user 0 on display 0
07-06 03:10:35.418 31311 31311 W UiAutomation: Created with deprecatead constructor, assumes DEFAULT_DISPLAY
--------- beginning of system
07-06 03:10:35.420   715   956 D AccessibilityManagerService: changeCurrentUserForTestAutomationIfNeededLocked(0): ignoring because device doesn't support visible background users
07-06 03:10:35.420   715   956 I UiAutomationManager: Registering UiTestAutomationService (id=com.android.server.accessibility/UiAutomation, flags=0x0) when called by user 0
07-06 03:10:35.421   715   956 V AccessibilityManagerService: onUserStateChangedLocked for userId: 0, forceUpdate: false
07-06 03:10:35.429   715   956 W MagnificationConnectionManager: requestConnection duplicated request: connect=false, mConnectionState=DISCONNECTED
07-06 03:10:35.435   715   715 W IPCThreadState: Sending oneway calls to frozen process.
07-06 03:10:35.435   715   715 W IPCThreadState: Sending oneway calls to frozen process.
07-06 03:10:35.438   715   715 W IPCThreadState: Sending oneway calls to frozen process.
07-06 03:10:35.439   715   715 W IPCThreadState: Sending oneway calls to frozen process.
07-06 03:10:35.439   715   715 W IPCThreadState: Sending oneway calls to frozen process.
07-06 03:10:35.439   715   715 W IPCThreadState: Sending oneway calls to frozen process.
07-06 03:10:35.439   715   715 W IPCThreadState: Sending oneway calls to frozen process.
07-06 03:10:35.440 31311 31323 V UiAutomation: Init UiAutomation@83a11ab[id=878, displayId=0, flags=0]
07-06 03:10:35.441   715   715 W IPCThreadState: Sending oneway calls to frozen process.
07-06 03:10:35.442   715   715 W IPCThreadState: Sending oneway calls to frozen process.
07-06 03:10:35.443   488   532 I netd    : tetherGetStats() -> {[]} <0.50ms>
07-06 03:10:35.444   715   715 W IPCThreadState: Sending oneway calls to frozen process.
07-06 03:10:35.444   715   715 W IPCThreadState: Sending oneway calls to frozen process.
07-06 03:10:35.444   715   715 W IPCThreadState: Sending oneway calls to frozen process.
07-06 03:10:35.444   715   715 W IPCThreadState: Sending oneway calls to frozen process.
07-06 03:10:35.444   715   715 W IPCThreadState: Sending oneway calls to frozen process.
07-06 03:10:35.445   715   715 W IPCThreadState: Sending oneway calls to frozen process.
07-06 03:10:35.445   715   715 W IPCThreadState: Sending oneway calls to frozen process.
07-06 03:10:35.447   715   715 W IPCThreadState: Sending oneway calls to frozen process.
07-06 03:10:35.447   715   715 W IPCThreadState: Sending oneway calls to frozen process.
07-06 03:10:35.448   715  1496 V AccessibilityManagerService: onUserStateChangedLocked for userId: 0, forceUpdate: false
07-06 03:10:35.450   715  1496 W MagnificationConnectionManager: requestConnection duplicated request: connect=false, mConnectionState=DISCONNECTED
07-06 03:10:35.455   715   715 W IPCThreadState: Sending oneway calls to frozen process.
07-06 03:10:35.455   715   715 W IPCThreadState: Sending oneway calls to frozen process.
07-06 03:10:35.456   715   715 W IPCThreadState: Sending oneway calls to frozen process.
07-06 03:10:35.456   715   715 W IPCThreadState: Sending oneway calls to frozen process.
07-06 03:10:35.456   715   715 W IPCThreadState: Sending oneway calls to frozen process.
07-06 03:10:35.456   715   715 W IPCThreadState: Sending oneway calls to frozen process.
07-06 03:10:35.456   715   715 W IPCThreadState: Sending oneway calls to frozen process.
07-06 03:10:35.456   715   715 W IPCThreadState: Sending oneway calls to frozen process.
07-06 03:10:35.456   715   715 W IPCThreadState: Sending oneway calls to frozen process.
07-06 03:10:35.458   715   715 W IPCThreadState: Sending oneway calls to frozen process.
07-06 03:10:35.459   715   715 W IPCThreadState: Sending oneway calls to frozen process.
07-06 03:10:35.459   715   715 W IPCThreadState: Sending oneway calls to frozen process.
07-06 03:10:35.459   715   715 W IPCThreadState: Sending oneway calls to frozen process.
07-06 03:10:35.459   715   715 W IPCThreadState: Sending oneway calls to frozen process.
07-06 03:10:35.459   715   715 W IPCThreadState: Sending oneway calls to frozen process.
07-06 03:10:35.459   715   715 W IPCThreadState: Sending oneway calls to frozen process.
07-06 03:10:35.459   715   715 W IPCThreadState: Sending oneway calls to frozen process.
07-06 03:10:35.459   715   715 W IPCThreadState: Sending oneway calls to frozen process.
07-06 03:10:35.460   715   715 W IPCThreadState: Sending oneway calls to frozen process.
07-06 03:10:35.460   715   715 W IPCThreadState: Sending oneway calls to frozen process.
07-06 03:10:35.460   715   715 W IPCThreadState: Sending oneway calls to frozen process.
07-06 03:10:35.460   715   715 W IPCThreadState: Sending oneway calls to frozen process.
07-06 03:10:35.461   715   715 W IPCThreadState: Sending oneway calls to frozen process.
07-06 03:10:35.461   715   715 W IPCThreadState: Sending oneway calls to frozen process.
07-06 03:10:35.461   715   715 W IPCThreadState: Sending oneway calls to frozen process.
07-06 03:10:35.461   715   715 W IPCThreadState: Sending oneway calls to frozen process.
07-06 03:10:35.462   715   715 W IPCThreadState: Sending oneway calls to frozen process.
07-06 03:10:36.476 31311 31311 W AccessibilityNodeInfoDumper: Fetch time: 10ms
07-06 03:10:36.479   715  1496 V AccessibilityManagerService: onUserStateChangedLocked for userId: 0, forceUpdate: false
07-06 03:10:36.482   715   930 D BackgroundInstallControlService: Package event received: 0
07-06 03:10:36.488   715  1496 W MagnificationConnectionManager: requestConnection duplicated request: connect=false, mConnectionState=DISCONNECTED
07-06 03:10:36.489   715  1496 D AccessibilityManagerService: restoreCurrentUserForTestAutomationIfNeededLocked(): ignoring because device doesn't support visible background users
07-06 03:10:36.489   715   715 W IPCThreadState: Sending oneway calls to frozen process.
07-06 03:10:36.490   715   715 W IPCThreadState: Sending oneway calls to frozen process.
07-06 03:10:36.490   715   715 W IPCThreadState: Sending oneway calls to frozen process.
07-06 03:10:36.490   715   715 W IPCThreadState: Sending oneway calls to frozen process.
07-06 03:10:36.490   715   715 W IPCThreadState: Sending oneway calls to frozen process.
07-06 03:10:36.491   715   715 W IPCThreadState: Sending oneway calls to frozen process.
07-06 03:10:36.492   715   715 W IPCThreadState: Sending oneway calls to frozen process.
07-06 03:10:36.492   715   715 W IPCThreadState: Sending oneway calls to frozen process.
07-06 03:10:36.492   715   715 W IPCThreadState: Sending oneway calls to frozen process.
07-06 03:10:36.493   715   715 W IPCThreadState: Sending oneway calls to frozen process.
07-06 03:10:36.494   715   715 W IPCThreadState: Sending oneway calls to frozen process.
07-06 03:10:36.494   715   715 W IPCThreadState: Sending oneway calls to frozen process.
07-06 03:10:36.494   715   715 W IPCThreadState: Sending oneway calls to frozen process.
07-06 03:10:36.494   715   715 W IPCThreadState: Sending oneway calls to frozen process.
07-06 03:10:36.495   715   715 W IPCThreadState: Sending oneway calls to frozen process.
07-06 03:10:36.496 31311 31324 W IPCThreadState: call to talkWithDriver in joinThreadPool returned error: -9 (Bad file descriptor), FD: -1
07-06 03:10:36.497 31311 31320 W IPCThreadState: call to talkWithDriver in joinThreadPool returned error: -9 (Bad file descriptor), FD: -1
07-06 03:10:36.497   715   715 W IPCThreadState: Sending oneway calls to frozen process.
07-06 03:10:36.497 31311 31321 W IPCThreadState: call to talkWithDriver in joinThreadPool returned error: -9 (Bad file descriptor), FD: -1
07-06 03:10:36.501 31311 31311 D AndroidRuntime: Shutting down VM
07-06 03:10:36.502   715   715 W IPCThreadState: Sending oneway calls to frozen process.
07-06 03:10:36.502   715   715 W IPCThreadState: Sending oneway calls to frozen process.
07-06 03:10:36.504   715   715 V AccessibilityManagerService: onUserStateChangedLocked for userId: 0, forceUpdate: false
07-06 03:10:36.506   488   532 I netd    : tetherGetStats() -> {[]} <0.48ms>
07-06 03:10:36.507   715   715 W MagnificationConnectionManager: requestConnection duplicated request: connect=false, mConnectionState=DISCONNECTED
07-06 03:10:36.508   715   715 W IPCThreadState: Sending oneway calls to frozen process.
07-06 03:10:36.508   715   715 W IPCThreadState: Sending oneway calls to frozen process.
07-06 03:10:36.508   715   715 W IPCThreadState: Sending oneway calls to frozen process.
07-06 03:10:36.509   715   715 W IPCThreadState: Sending oneway calls to frozen process.
07-06 03:10:36.509   715   715 W IPCThreadState: Sending oneway calls to frozen process.
07-06 03:10:36.509   715   715 W IPCThreadState: Sending oneway calls to frozen process.
07-06 03:10:36.509   715   715 W IPCThreadState: Sending oneway calls to frozen process.
07-06 03:10:36.510   715   715 W IPCThreadState: Sending oneway calls to frozen process.
07-06 03:10:36.511   715   715 W IPCThreadState: Sending oneway calls to frozen process.
07-06 03:10:36.515   715   715 W IPCThreadState: Sending oneway calls to frozen process.
07-06 03:10:36.520   715   715 W IPCThreadState: Sending oneway calls to frozen process.
07-06 03:10:36.522   715   715 W IPCThreadState: Sending oneway calls to frozen process.
07-06 03:10:36.523   715   715 W IPCThreadState: Sending oneway calls to frozen process.
07-06 03:10:36.524   715   715 W IPCThreadState: Sending oneway calls to frozen process.
07-06 03:10:36.525   715   715 W IPCThreadState: Sending oneway calls to frozen process.
07-06 03:10:36.525   715   715 W IPCThreadState: Sending oneway calls to frozen process.
07-06 03:10:36.527   715   715 W IPCThreadState: Sending oneway calls to frozen process.
07-06 03:10:36.527   715   715 W IPCThreadState: Sending oneway calls to frozen process.
07-06 03:10:36.528   715   715 W IPCThreadState: Sending oneway calls to frozen process.
07-06 03:10:36.528   715   715 W IPCThreadState: Sending oneway calls to frozen process.
07-06 03:10:36.528   715   715 W IPCThreadState: Sending oneway calls to frozen process.
07-06 03:10:36.529   715   715 W IPCThreadState: Sending oneway calls to frozen process.
07-06 03:10:36.529   715   715 W IPCThreadState: Sending oneway calls to frozen process.
07-06 03:10:36.535   715   715 W IPCThreadState: Sending oneway calls to frozen process.
07-06 03:10:36.536   715   715 W IPCThreadState: Sending oneway calls to frozen process.
07-06 03:10:36.536   715   715 W IPCThreadState: Sending oneway calls to frozen process.
07-06 03:10:36.536   715   715 W IPCThreadState: Sending oneway calls to frozen process.
07-06 03:10:37.329   715   874 D WifiClientModeImpl[27601:wlan0]: updateLinkLayerStatsRssiSpeedFrequencyCapabilities rssi=-50 TxLinkspeed=1 freq=2447 RxLinkSpeed=2
07-06 03:10:37.329   715   874 D WifiDataStall: tx tput in kbps: 11000
07-06 03:10:37.330   715   874 D WifiDataStall: rx tput in kbps: 11000
07-06 03:10:37.331   715   874 V WifiConfigManager: Updating scan detail cache freq=2447 BSSID=00:13:10:85:fe:01 RSSI=-50 for "AndroidWifi"NONE
07-06 03:10:37.332   715   874 D WifiThroughputPredictor:  utilization (LLS) 80 isBluetoothConnected: false final utilization: 80
07-06 03:10:37.332   715   874 D WifiThroughputPredictor:  BW: 0 RSSI: -50 Nss: 1 Mode: 1 symDur: 4000 snrDb 30 bitPerTone: 4500 rate: 54 throughput: 11
07-06 03:10:37.332   715   874 D WifiThroughputPredictor:  utilization (LLS) 80 isBluetoothConnected: false final utilization: 80
07-06 03:10:37.332   715   874 D WifiThroughputPredictor:  BW: 0 RSSI: -50 Nss: 1 Mode: 1 symDur: 4000 snrDb 30 bitPerTone: 4500 rate: 54 throughput: 11
07-06 03:10:37.333   715   874 D WifiThroughputPredictor:  utilization (LLS) 80 isBluetoothConnected: false final utilization: 80
07-06 03:10:37.333   715   874 D WifiThroughputPredictor:  BW: 0 RSSI: -50 Nss: 1 Mode: 1 symDur: 4000 snrDb 30 bitPerTone: 4500 rate: 54 throughput: 11
07-06 03:10:37.335   715   874 D WifiThroughputPredictor:  utilization (LLS) 80 isBluetoothConnected: false final utilization: 80
07-06 03:10:37.335   715   874 D WifiThroughputPredictor:  BW: 0 RSSI: -50 Nss: 1 Mode: 1 symDur: 4000 snrDb 30 bitPerTone: 4500 rate: 54 throughput: 11
07-06 03:10:37.336   715   874 D WifiScoreCard: BSSID update SIGNAL_POLL ID: 1559335064 SSID: "AndroidWifi", BSSID: 00:13:10:85:fe:01, MAC: 02:15:b2:00:00:00, IP: /10.0.2.16, Security type: 0, Supplicant state: COMPLETED, Wi-Fi standard: legacy, RSSI: -50, Link speed: 1Mbps, Tx Link speed: 1Mbps, Max Supported Tx Link speed: 11Mbps, Rx Link speed: 2Mbps, Max Supported Rx Link speed: 11Mbps, Frequency: 2447MHz, Net ID: 0, Metered hint: false, score: 60, isUsable: true, CarrierMerged: false, SubscriptionId: -1, IsPrimary: 1, Trusted: true, Restricted: false, Ephemeral: false, OEM paid: false, OEM private: false, OSU AP: false, FQDN: <none>, Provider friendly name: <none>, Requesting package name: <none>"AndroidWifi"openMLO Information: , Is TID-To-Link negotiation supported by the AP: false, AP MLD Address: <none>, AP MLO Link Id: <none>, AP MLO Affiliated links: <none>, Vendor Data: <none>
07-06 03:10:37.337   715   874 D WifiScoreCard: txRate: 2 txSpeed: 1
07-06 03:10:37.337   715   874 D WifiScoreCard: network update SIGNAL_POLL "AndroidWifi" ID: 1201260005 RSSI -50 txSpeed -1
07-06 03:10:37.338   715   874 D WifiClientModeImpl[27601:wlan0]:  ClientModeImpl$L2ConnectedState screen=on 1 0 "AndroidWifi" 00:13:10:85:fe:01 rssi=-50 f=2447 sc=60 link=1 tx=1.7, 0.0, 0.0 rx=1.6 bcn=0 [on:0 tx:0 rx:0 period:3013] from screen [on:0 period:896009498] score=60
07-06 03:10:37.549 31330 31330 W screencap: Thread Pool max thread count is 0. Cannot cache binder as linkToDeath cannot be implemented. serviceName: SurfaceFlingerAIDL
07-06 03:10:37.549 31330 31330 W BpBinder: Linking to death on android.gui.ISurfaceComposer but there are no threads (yet?) listening to incoming transactions. See ProcessState::startThreadPool and ProcessState::setThreadPoolMaxThreadCount. Generally you should setup the binder threadpool before other initialization steps.
07-06 03:10:37.550 31330 31330 W ProcessState: Extra binder thread started, but 0 threads requested. Do not use *startThreadPool when zero threads are requested.
07-06 03:10:37.569   567   587 E HwcComposer: getLuts failed Status(-8, EX_SERVICE_SPECIFIC): '8: '
07-06 03:10:37.569   567   587 E HWComposer: getLuts: getLuts failed for display 4619827259835644672: UNSUPPORTED (8)
--------- beginning of kernel
07-06 03:10:37.551     0     0 I servicemanager: Caller(pid=31330,uid=2000,sid=u:r:shell:s0) Found android.hardware.graphics.allocator.IAllocator/default in device VINTF manifest.
07-06 03:10:37.554     0     0 I servicemanager: Caller(pid=31330,uid=2000,sid=u:r:shell:s0) Found android.hardware.graphics.allocator.IAllocator/default in device VINTF manifest.
07-06 03:10:37.556     0     0 I servicemanager: Caller(pid=31330,uid=2000,sid=u:r:shell:s0) Found mapper/ranchu in device VINTF manifest.
